06-04 11:56:33.057   509   509 E wifi_forwarder: qemu_pipe_open_ns:62: Could not connect to the 'pipe:qemud:wififorward' service: Invalid argument
06-04 11:56:33.057   509   509 E wifi_forwarder: RemoteConnection failed to initialize: RemoteConnection failed to open pipe
06-04 11:56:34.059   179   179 I hwservicemanager: getTransport: Cannot find entry android.hardware.graphics.mapper@4.0::IMapper/default in either framework or device manifest.
06-04 11:56:34.059  7094  7094 I Gralloc4: mapper 4.x is not supported
06-04 11:56:34.212  7098  7100 I cmd     : oneway function results will be dropped but finished with status OK and parcel size 4
06-04 11:56:34.213  1466  2347 I MediaProvider: Begin Intent { act=android.intent.action.MEDIA_SCANNER_SCAN_FILE dat=file:///sdcard/screen_2023-06-04_115637.png flg=0x1400010 cmp=com.android.providers.media.module/com.android.providers.media.MediaService }
06-04 11:56:34.215  1466  2347 W ModernMediaScanner: Failed to visit /sdcard/screen_2023-06-04_115637.png: java.nio.file.AccessDeniedException: /sdcard/screen_2023-06-04_115637.png
06-04 11:56:34.216  1466  2347 I MediaProvider: Scanned internal due to REASON_DEMAND, found 0 items in 2ms, 0 inserts 0 updates 0 deletes
06-04 11:56:34.216  1466  2347 I MediaProvider: End Intent { act=android.intent.action.MEDIA_SCANNER_SCAN_FILE dat=file:///sdcard/screen_2023-06-04_115637.png flg=0x1400010 cmp=com.android.providers.media.module/com.android.providers.media.MediaService }
06-04 11:56:34.208  1466  1466 W com.android.providers.media.module: type=1400 audit(0.0:40041): avc: denied { read } for comm=4173796E635461736B202331 name="primary" dev="tmpfs" ino=18207 scontext=u:r:mediaprovider_app:s0:c118,c256,c512,c768 tcontext=u:object_r:mnt_pass_through_file:s0 tclass=lnk_file permissive=0 app=com.android.providers.media.module
06-04 11:56:34.242     0     0 W audit   : audit_lost=18349 audit_rate_limit=5 audit_backlog_limit=64
06-04 11:56:34.243     0     0 E audit   : rate limit exceeded
06-04 11:56:34.208  1466  1466 I chatty  : uid=10118(com.android.providers.media.module) identical 3 lines
06-04 11:56:34.208  1466  1466 W com.android.providers.media.module: type=1400 audit(0.0:40045): avc: denied { read } for comm=4173796E635461736B202331 name="primary" dev="tmpfs" ino=18207 scontext=u:r:mediaprovider_app:s0:c118,c256,c512,c768 tcontext=u:object_r:mnt_pass_through_file:s0 tclass=lnk_file permissive=0 app=com.android.providers.media.module
06-04 11:56:34.237  1466  1652 I MediaProvider: Deleted 1 items on external_primary due to com.android.shell
06-04 11:56:34.313  7109  7111 I cmd     : oneway function results will be dropped but finished with status OK and parcel size 4
06-04 11:56:34.420  7124  7126 I cmd     : oneway function results will be dropped but finished with status OK and parcel size 4
06-04 11:56:34.480  7139  7141 I cmd     : oneway function results will be dropped but finished with status OK and parcel size 4
06-04 11:56:34.558  7154  7156 I cmd     : oneway function results will be dropped but finished with status OK and parcel size 4
06-04 11:56:34.666  7166  7166 E libc    : Access denied finding property "persist.device_config.runtime_native_boot.profilebootclasspath"
06-04 11:56:34.666  7166  7166 E libc    : Access denied finding property "persist.device_config.runtime_native_boot.enable_apex_image"
06-04 11:56:34.666  7166  7166 I AndroidRuntime: Using default boot image
06-04 11:56:34.666  7166  7166 E libc    : Access denied finding property "persist.device_config.runtime_native_boot.disable_lock_profiling"
06-04 11:56:34.666  7166  7166 I AndroidRuntime: Leaving lock profiling enabled
06-04 11:56:34.666  7166  7166 E libc    : Access denied finding property "persist.device_config.runtime_native_boot.enable_generational_cc"
06-04 11:56:34.667  7166  7166 I app_process: Core platform API reporting enabled, enforcing=false
06-04 11:56:34.711  7166  7166 W app_process: Unexpected CPU variant for X86 using defaults: x86
06-04 11:56:34.712  7166  7166 I app_process: The ClassLoaderContext is a special shared library.
06-04 11:56:34.718  7166  7166 W app_process: JNI RegisterNativeMethods: attempt to register 0 native methods for android.media.AudioAttributes
06-04 11:56:34.933   530  1846 I system_server: oneway function results will be dropped but finished with status OK and parcel size 4
06-04 11:56:34.933   530  1657 I system_server: oneway function results will be dropped but finished with status OK and parcel size 4
06-04 11:56:34.934   530  1846 I ActivityTaskManager: START u0 {flg=0x10000000 cmp=com.simplemobiletools.calendar.pro/.activities.TaskActivity (has extras)} from uid 10126
06-04 11:56:34.935   393   393 I perfetto: ing_service_impl.cc:758 Configured tracing session 148, #sources:1, duration:5000 ms, #buffers:1, total buffer size:4096 KB, total sessions:1, uid:1071 session name: ""
06-04 11:56:34.935   392   392 I perfetto: probes_producer.cc:230  Ftrace setup (target_buf=148)
06-04 11:56:34.950   530  1657 W ActivityTaskManager: Tried to set launchTime (0) < mLastActivityLaunchTime (160182826)
06-04 11:56:34.950   530  1657 W InputReader: Device virtio_input_multi_touch_9 is associated with display ADISPLAY_ID_NONE.
06-04 11:56:34.950   530  1657 W InputReader: Device virtio_input_multi_touch_7 is associated with display ADISPLAY_ID_NONE.
06-04 11:56:34.950   530  1657 W InputReader: Device virtio_input_multi_touch_10 is associated with display ADISPLAY_ID_NONE.
06-04 11:56:34.950   530  1657 W InputReader: Device virtio_input_multi_touch_4 is associated with display ADISPLAY_ID_NONE.
06-04 11:56:34.950   530  1657 W InputReader: Device virtio_input_multi_touch_11 is associated with display ADISPLAY_ID_NONE.
06-04 11:56:34.950   530  1657 W InputReader: Device virtio_input_multi_touch_5 is associated with display ADISPLAY_ID_NONE.
06-04 11:56:34.950   530  1657 W InputReader: Device virtio_input_multi_touch_6 is associated with display ADISPLAY_ID_NONE.
06-04 11:56:34.950   530  1657 W InputReader: Device virtio_input_multi_touch_2 is associated with display ADISPLAY_ID_NONE.
06-04 11:56:34.950   530  1657 W InputReader: Device virtio_input_multi_touch_3 is associated with display ADISPLAY_ID_NONE.
06-04 11:56:34.950   530  1657 W InputReader: Device virtio_input_multi_touch_8 is associated with display ADISPLAY_ID_NONE.
06-04 11:56:34.950   530  1657 W InputReader: Device virtio_input_multi_touch_9 is associated with display ADISPLAY_ID_NONE.
06-04 11:56:34.950   530  1657 W InputReader: Device virtio_input_multi_touch_7 is associated with display ADISPLAY_ID_NONE.
06-04 11:56:34.950   530  1657 W InputReader: Device virtio_input_multi_touch_10 is associated with display ADISPLAY_ID_NONE.
06-04 11:56:34.951   530  1657 W InputReader: Device virtio_input_multi_touch_4 is associated with display ADISPLAY_ID_NONE.
06-04 11:56:34.951   530  1657 W InputReader: Device virtio_input_multi_touch_11 is associated with display ADISPLAY_ID_NONE.
06-04 11:56:34.951   530  1657 W InputReader: Device virtio_input_multi_touch_5 is associated with display ADISPLAY_ID_NONE.
06-04 11:56:34.951   530  1657 W InputReader: Device virtio_input_multi_touch_6 is associated with display ADISPLAY_ID_NONE.
06-04 11:56:34.951   530  1657 W InputReader: Device virtio_input_multi_touch_2 is associated with display ADISPLAY_ID_NONE.
06-04 11:56:34.951   530  1657 W InputReader: Device virtio_input_multi_touch_3 is associated with display ADISPLAY_ID_NONE.
06-04 11:56:34.951   530  1657 W InputReader: Device virtio_input_multi_touch_8 is associated with display ADISPLAY_ID_NONE.
06-04 11:56:34.951   392   392 I perfetto: ftrace_procfs.cc:176    enabled ftrace
06-04 11:56:34.979     0     0 W perfetto: enabled ftrace
06-04 11:56:34.997   530   575 I ActivityTaskManager: Displayed com.simplemobiletools.calendar.pro/.activities.TaskActivity: +63ms
06-04 11:56:34.999  6763  6763 I AssistStructure: Flattened final assist data: 4272 bytes, containing 1 windows, 26 views
06-04 11:56:35.002  1317  1317 W kqw     : Pending fill request while another request in the same session was triggered. [CONTEXT service_id=177 ]
06-04 11:56:35.066   530   853 I system_server: oneway function results will be dropped but finished with status OK and parcel size 4
06-04 11:56:36.484   179   179 I hwservicemanager: getTransport: Cannot find entry android.hardware.graphics.mapper@4.0::IMapper/default in either framework or device manifest.
06-04 11:56:36.484  7219  7219 I Gralloc4: mapper 4.x is not supported
06-04 11:56:36.646  7223  7225 I cmd     : oneway function results will be dropped but finished with status OK and parcel size 4
06-04 11:56:36.647  1466  2347 I MediaProvider: Begin Intent { act=android.intent.action.MEDIA_SCANNER_SCAN_FILE dat=file:///sdcard/screen_2023-06-04_115639.png flg=0x1400010 cmp=com.android.providers.media.module/com.android.providers.media.MediaService }
06-04 11:56:36.644  1466  1466 W com.android.providers.media.module: type=1400 audit(0.0:40051): avc: denied { read } for comm=4173796E635461736B202331 name="primary" dev="tmpfs" ino=18207 scontext=u:r:mediaprovider_app:s0:c118,c256,c512,c768 tcontext=u:object_r:mnt_pass_through_file:s0 tclass=lnk_file permissive=0 app=com.android.providers.media.module
06-04 11:56:36.676     0     0 W audit   : audit_lost=18354 audit_rate_limit=5 audit_backlog_limit=64
06-04 11:56:36.677     0     0 E audit   : rate limit exceeded
06-04 11:56:36.644  1466  1466 W com.android.providers.media.module: type=1400 audit(0.0:40052): avc: denied { read } for comm=4173796E635461736B202331 name="primary" dev="tmpfs" ino=18207 scontext=u:r:mediaprovider_app:s0:c118,c256,c512,c768 tcontext=u:object_r:mnt_pass_through_file:s0 tclass=lnk_file permissive=0 app=com.android.providers.media.module
06-04 11:56:36.651  1466  2347 W ModernMediaScanner: Failed to visit /sdcard/screen_2023-06-04_115639.png: java.nio.file.AccessDeniedException: /sdcard/screen_2023-06-04_115639.png
06-04 11:56:36.652  1466  2347 I MediaProvider: Scanned internal due to REASON_DEMAND, found 0 items in 4ms, 0 inserts 0 updates 0 deletes
06-04 11:56:36.644  1466  1466 W com.android.providers.media.module: type=1400 audit(0.0:40053): avc: denied { read } for comm=4173796E635461736B202331 name="primary" dev="tmpfs" ino=18207 scontext=u:r:mediaprovider_app:s0:c118,c256,c512,c768 tcontext=u:object_r:mnt_pass_through_file:s0 tclass=lnk_file permissive=0 app=com.android.providers.media.module
06-04 11:56:36.652  1466  2347 I MediaProvider: End Intent { act=android.intent.action.MEDIA_SCANNER_SCAN_FILE dat=file:///sdcard/screen_2023-06-04_115639.png flg=0x1400010 cmp=com.android.providers.media.module/com.android.providers.media.MediaService }
06-04 11:56:36.644  1466  1466 W com.android.providers.media.module: type=1400 audit(0.0:40054): avc: denied { read } for comm=4173796E635461736B202331 name="primary" dev="tmpfs" ino=18207 scontext=u:r:mediaprovider_app:s0:c118,c256,c512,c768 tcontext=u:object_r:mnt_pass_through_file:s0 tclass=lnk_file permissive=0 app=com.android.providers.media.module
06-04 11:56:36.673  1466  4324 I MediaProvider: Deleted 1 items on external_primary due to com.android.shell
06-04 11:56:36.710  7234  7236 I cmd     : oneway function results will be dropped but finished with status OK and parcel size 4
06-04 11:56:36.920   179   179 I hwservicemanager: getTransport: Cannot find entry android.hardware.graphics.mapper@4.0::IMapper/default in either framework or device manifest.
06-04 11:56:36.920  7256  7256 I Gralloc4: mapper 4.x is not supported
06-04 11:56:37.076  7261  7263 I cmd     : oneway function results will be dropped but finished with status OK and parcel size 4
06-04 11:56:37.077  1466  2347 I MediaProvider: Begin Intent { act=android.intent.action.MEDIA_SCANNER_SCAN_FILE dat=file:///sdcard/screen_2023-06-04_115640.png flg=0x1400010 cmp=com.android.providers.media.module/com.android.providers.media.MediaService }
06-04 11:56:37.078  1466  2347 W ModernMediaScanner: Failed to visit /sdcard/screen_2023-06-04_115640.png: java.nio.file.AccessDeniedException: /sdcard/screen_2023-06-04_115640.png
06-04 11:56:37.079  1466  2347 I MediaProvider: Scanned internal due to REASON_DEMAND, found 0 items in 1ms, 0 inserts 0 updates 0 deletes
06-04 11:56:37.079  1466  2347 I MediaProvider: End Intent { act=android.intent.action.MEDIA_SCANNER_SCAN_FILE dat=file:///sdcard/screen_2023-06-04_115640.png flg=0x1400010 cmp=com.android.providers.media.module/com.android.providers.media.MediaService }
06-04 11:56:37.101  1466  1653 I MediaProvider: Deleted 1 items on external_primary due to com.android.shell
06-04 11:56:37.128  7275  7277 I cmd     : oneway function results will be dropped but finished with status OK and parcel size 4
06-04 11:56:37.392   530   576 W BroadcastQueue: Background execution not allowed: receiving Intent { act=android.net.conn.NETWORK_CONDITIONS_MEASURED flg=0x10 (has extras) } to com.google.android.gms/.chimera.GmsIntentOperationService$PersistentTrustedReceiver
06-04 11:56:37.946   530  1439 E TaskPersister: File error accessing recents directory (directory doesn't exist?).
06-04 11:56:38.034   530  1657 I system_server: oneway function results will be dropped but finished with status OK and parcel size 4
06-04 11:56:39.940   392   392 I perfetto: probes_producer.cc:329  Producer stop (id=148)
06-04 11:56:39.941   392   392 I perfetto: ftrace_procfs.cc:183    disabled ftrace
06-04 11:56:39.941   393   393 I perfetto: ng_service_impl.cc:1948 Tracing session 148 ended, total sessions:0
06-04 11:56:39.969     0     0 W perfetto: disabled ftrace
06-04 11:56:42.955   530   582 W BatteryStatsImpl: Got active times for an isolated uid with no mapping: 99000
06-04 11:56:42.955   530   582 W BatteryStatsImpl: Got active times for an isolated uid with no mapping: 99001
06-04 11:56:42.955   530   582 W BatteryStatsImpl: Got active times for an isolated uid with no mapping: 99002
06-04 11:56:42.955   530   582 W BatteryStatsImpl: Got active times for an isolated uid with no mapping: 99003
06-04 11:56:42.955   530   582 W BatteryStatsImpl: Got active times for an isolated uid with no mapping: 99004
06-04 11:56:42.955   530   582 W BatteryStatsImpl: Got active times for an isolated uid with no mapping: 99005
06-04 11:56:42.956   530   582 W BatteryStatsImpl: Got cluster times for an isolated uid with no mapping: 99000
06-04 11:56:42.956   530   582 W BatteryStatsImpl: Got cluster times for an isolated uid with no mapping: 99001
06-04 11:56:42.956   530   582 W BatteryStatsImpl: Got cluster times for an isolated uid with no mapping: 99002
06-04 11:56:42.956   530   582 W BatteryStatsImpl: Got cluster times for an isolated uid with no mapping: 99003
06-04 11:56:42.956   530   582 W BatteryStatsImpl: Got cluster times for an isolated uid with no mapping: 99004
06-04 11:56:42.956   530   582 W BatteryStatsImpl: Got cluster times for an isolated uid with no mapping: 99005
06-04 11:56:42.957   223   226 E android.system.suspend@1.0-service: Error opening kernel wakelock stats for: wakeup34: Permission denied
06-04 11:56:42.952   223   223 W Binder:223_2: type=1400 audit(0.0:40063): avc: denied { read } for name="wakeup34" dev="sysfs" ino=19211 scontext=u:r:system_suspend:s0 tcontext=u:object_r:sysfs:s0 tclass=dir permissive=0
06-04 11:56:42.960   223   226 E android.system.suspend@1.0-service: Error opening kernel wakelock stats for: wakeup35: Permission denied
06-04 11:56:42.956   223   223 W Binder:223_2: type=1400 audit(0.0:40064): avc: denied { read } for name="wakeup35" dev="sysfs" ino=19274 scontext=u:r:system_suspend:s0 tcontext=u:object_r:sysfs:s0 tclass=dir permissive=0
06-04 11:56:45.278     0     0 E ICMPv6  : RA: ndisc_router_discovery failed to add default route
06-04 11:56:48.967   179   179 I hwservicemanager: getTransport: Cannot find entry android.hardware.graphics.mapper@4.0::IMapper/default in either framework or device manifest.
06-04 11:56:48.967  7323  7323 I Gralloc4: mapper 4.x is not supported
06-04 11:56:49.139  7327  7329 I cmd     : oneway function results will be dropped but finished with status OK and parcel size 4
06-04 11:56:49.140  1466  2347 I MediaProvider: Begin Intent { act=android.intent.action.MEDIA_SCANNER_SCAN_FILE dat=file:///sdcard/screen_2023-06-04_115652.png flg=0x1400010 cmp=com.android.providers.media.module/com.android.providers.media.MediaService }
06-04 11:56:49.141  1466  2347 W ModernMediaScanner: Failed to visit /sdcard/screen_2023-06-04_115652.png: java.nio.file.AccessDeniedException: /sdcard/screen_2023-06-04_115652.png
06-04 11:56:49.136  1466  1466 W com.android.providers.media.module: type=1400 audit(0.0:40065): avc: denied { read } for comm=4173796E635461736B202331 name="primary" dev="tmpfs" ino=18207 scontext=u:r:mediaprovider_app:s0:c118,c256,c512,c768 tcontext=u:object_r:mnt_pass_through_file:s0 tclass=lnk_file permissive=0 app=com.android.providers.media.module
06-04 11:56:49.142  1466  2347 I MediaProvider: Scanned internal due to REASON_DEMAND, found 0 items in 1ms, 0 inserts 0 updates 0 deletes
06-04 11:56:49.143  1466  2347 I MediaProvider: End Intent { act=android.intent.action.MEDIA_SCANNER_SCAN_FILE dat=file:///sdcard/screen_2023-06-04_115652.png flg=0x1400010 cmp=com.android.providers.media.module/com.android.providers.media.MediaService }
06-04 11:56:49.136  1466  1466 W com.android.providers.media.module: type=1400 audit(0.0:40066): avc: denied { read } for comm=4173796E635461736B202331 name="primary" dev="tmpfs" ino=18207 scontext=u:r:mediaprovider_app:s0:c118,c256,c512,c768 tcontext=u:object_r:mnt_pass_through_file:s0 tclass=lnk_file permissive=0 app=com.android.providers.media.module
06-04 11:56:49.165  1466 24747 I MediaProvider: Deleted 1 items on external_primary due to com.android.shell
06-04 11:56:49.198  7338  7340 I cmd     : oneway function results will be dropped but finished with status OK and parcel size 4
06-04 11:56:49.259  7353  7355 I cmd     : oneway function results will be dropped but finished with status OK and parcel size 4
06-04 11:56:49.346  7368  7370 I cmd     : oneway function results will be dropped but finished with status OK and parcel size 4
06-04 11:56:49.462  7383  7385 I cmd     : oneway function results will be dropped but finished with status OK and parcel size 4
06-04 11:56:49.558  7397  7397 E libc    : Access denied finding property "persist.device_config.runtime_native_boot.profilebootclasspath"
06-04 11:56:49.558  7397  7397 E libc    : Access denied finding property "persist.device_config.runtime_native_boot.enable_apex_image"
06-04 11:56:49.558  7397  7397 I AndroidRuntime: Using default boot image
06-04 11:56:49.552  7397  7397 W app_process: type=1400 audit(0.0:40071): avc: denied { read } for name="u:object_r:device_config_runtime_native_boot_prop:s0" dev="tmpfs" ino=8368 scontext=u:r:shell:s0 tcontext=u:object_r:device_config_runtime_native_boot_prop:s0 tclass=file permissive=0
06-04 11:56:49.561  7397  7397 E libc    : Access denied finding property "persist.device_config.runtime_native_boot.disable_lock_profiling"
06-04 11:56:49.561  7397  7397 I AndroidRuntime: Leaving lock profiling enabled
06-04 11:56:49.561  7397  7397 E libc    : Access denied finding property "persist.device_config.runtime_native_boot.enable_generational_cc"
06-04 11:56:49.562  7397  7397 I app_process: Core platform API reporting enabled, enforcing=false
06-04 11:56:49.586     0     0 W audit   : audit_lost=18361 audit_rate_limit=5 audit_backlog_limit=64
06-04 11:56:49.588     0     0 E audit   : rate limit exceeded
06-04 11:56:49.608  7397  7397 W app_process: Unexpected CPU variant for X86 using defaults: x86
06-04 11:56:49.609  7397  7397 I app_process: The ClassLoaderContext is a special shared library.
06-04 11:56:49.615  7397  7397 W app_process: JNI RegisterNativeMethods: attempt to register 0 native methods for android.media.AudioAttributes
06-04 11:56:50.300  7415  7417 I cmd     : oneway function results will be dropped but finished with status OK and parcel size 4
06-04 11:56:50.987  1885  7423 I GmscoreIpa: Starting mediastore instant index
06-04 11:56:51.457   179   179 I hwservicemanager: getTransport: Cannot find entry android.hardware.graphics.mapper@4.0::IMapper/default in either framework or device manifest.
06-04 11:56:51.457  7436  7436 I Gralloc4: mapper 4.x is not supported
06-04 11:56:51.619  7442  7444 I cmd     : oneway function results will be dropped but finished with status OK and parcel size 4
06-04 11:56:51.619  1466  2347 I MediaProvider: Begin Intent { act=android.intent.action.MEDIA_SCANNER_SCAN_FILE dat=file:///sdcard/screen_2023-06-04_115654.png flg=0x1400010 cmp=com.android.providers.media.module/com.android.providers.media.MediaService }
06-04 11:56:51.616  1466  1466 W com.android.providers.media.module: type=1400 audit(0.0:40075): avc: denied { read } for comm=4173796E635461736B202331 name="primary" dev="tmpfs" ino=18207 scontext=u:r:mediaprovider_app:s0:c118,c256,c512,c768 tcontext=u:object_r:mnt_pass_through_file:s0 tclass=lnk_file permissive=0 app=com.android.providers.media.module
06-04 11:56:51.622  1466  2347 W ModernMediaScanner: Failed to visit /sdcard/screen_2023-06-04_115654.png: java.nio.file.AccessDeniedException: /sdcard/screen_2023-06-04_115654.png
06-04 11:56:51.648     0     0 W audit   : audit_lost=18363 audit_rate_limit=5 audit_backlog_limit=64
06-04 11:56:51.649     0     0 E audit   : rate limit exceeded
06-04 11:56:51.616  1466  1466 W com.android.providers.media.module: type=1400 audit(0.0:40077): avc: denied { read } for comm=4173796E635461736B202331 name="primary" dev="tmpfs" ino=18207 scontext=u:r:mediaprovider_app:s0:c118,c256,c512,c768 tcontext=u:object_r:mnt_pass_through_file:s0 tclass=lnk_file permissive=0 app=com.android.providers.media.module
06-04 11:56:51.623  1466  2347 I MediaProvider: Scanned internal due to REASON_DEMAND, found 0 items in 3ms, 0 inserts 0 updates 0 deletes
06-04 11:56:51.624  1466  2347 I MediaProvider: End Intent { act=android.intent.action.MEDIA_SCANNER_SCAN_FILE dat=file:///sdcard/screen_2023-06-04_115654.png flg=0x1400010 cmp=com.android.providers.media.module/com.android.providers.media.MediaService }
06-04 11:56:51.616  1466  1466 W com.android.providers.media.module: type=1400 audit(0.0:40078): avc: denied { read } for comm=4173796E635461736B202331 name="primary" dev="tmpfs" ino=18207 scontext=u:r:mediaprovider_app:s0:c118,c256,c512,c768 tcontext=u:object_r:mnt_pass_through_file:s0 tclass=lnk_file permissive=0 app=com.android.providers.media.module
06-04 11:56:51.643  1466 24747 I MediaProvider: Deleted 1 items on external_primary due to com.android.shell
06-04 11:56:51.980   179   179 I hwservicemanager: getTransport: Cannot find entry android.hardware.graphics.mapper@4.0::IMapper/default in either framework or device manifest.
06-04 11:56:51.980  7475  7475 I Gralloc4: mapper 4.x is not supported
06-04 11:56:52.139  7479  7481 I cmd     : oneway function results will be dropped but finished with status OK and parcel size 4
06-04 11:56:52.139  1466  2347 I MediaProvider: Begin Intent { act=android.intent.action.MEDIA_SCANNER_SCAN_FILE dat=file:///sdcard/screen_2023-06-04_115655.png flg=0x1400010 cmp=com.android.providers.media.module/com.android.providers.media.MediaService }
06-04 11:56:52.141  1466  2347 W ModernMediaScanner: Failed to visit /sdcard/screen_2023-06-04_115655.png: java.nio.file.AccessDeniedException: /sdcard/screen_2023-06-04_115655.png
06-04 11:56:52.142  1466  2347 I MediaProvider: Scanned internal due to REASON_DEMAND, found 0 items in 1ms, 0 inserts 0 updates 0 deletes
06-04 11:56:52.143  1466  2347 I MediaProvider: End Intent { act=android.intent.action.MEDIA_SCANNER_SCAN_FILE dat=file:///sdcard/screen_2023-06-04_115655.png flg=0x1400010 cmp=com.android.providers.media.module/com.android.providers.media.MediaService }
06-04 11:56:52.170  1466  4324 I MediaProvider: Deleted 1 items on external_primary due to com.android.shell
06-04 11:56:52.237  7490  7492 I cmd     : oneway function results will be dropped but finished with status OK and parcel size 4
06-04 11:56:53.756     0     0 W healthd : battery l=100 v=5000 t=25.0 h=2 st=4 c=900000 fc=300000 cc=10 chg=
06-04 11:56:59.249   530   700 W BestClock: java.time.DateTimeException: Missing NTP fix
06-04 11:56:59.273   530   700 W BestClock: java.time.DateTimeException: Missing NTP fix
06-04 11:56:59.279   530   701 W BestClock: java.time.DateTimeException: Missing NTP fix
06-04 11:56:59.297   530   701 W BestClock: java.time.DateTimeException: Missing NTP fix
06-04 11:56:59.298   530   708 W BestClock: java.time.DateTimeException: Missing NTP fix
06-04 11:56:59.298   530   708 W BestClock: java.time.DateTimeException: Missing NTP fix
06-04 11:56:59.303   530   700 W BestClock: java.time.DateTimeException: Missing NTP fix
06-04 11:56:59.334   530   700 W BestClock: java.time.DateTimeException: Missing NTP fix
06-04 11:56:59.337   530   701 W BestClock: java.time.DateTimeException: Missing NTP fix
06-04 11:56:59.346   530   701 W BestClock: java.time.DateTimeException: Missing NTP fix
06-04 11:56:59.346   530   708 W BestClock: java.time.DateTimeException: Missing NTP fix
06-04 11:57:00.339   223   226 E android.system.suspend@1.0-service: Error opening kernel wakelock stats for: wakeup34: Permission denied
06-04 11:57:00.336   223   223 W Binder:223_2: type=1400 audit(0.0:40087): avc: denied { read } for name="wakeup34" dev="sysfs" ino=19211 scontext=u:r:system_suspend:s0 tcontext=u:object_r:sysfs:s0 tclass=dir permissive=0
06-04 11:57:00.351   223   226 E android.system.suspend@1.0-service: Error opening kernel wakelock stats for: wakeup35: Permission denied
06-04 11:57:00.348   223   223 W Binder:223_2: type=1400 audit(0.0:40088): avc: denied { read } for name="wakeup35" dev="sysfs" ino=19274 scontext=u:r:system_suspend:s0 tcontext=u:object_r:sysfs:s0 tclass=dir permissive=0
06-04 11:57:04.079   179   179 I hwservicemanager: getTransport: Cannot find entry android.hardware.graphics.mapper@4.0::IMapper/default in either framework or device manifest.
06-04 11:57:04.079  7538  7538 I Gralloc4: mapper 4.x is not supported
06-04 11:57:04.240  7542  7544 I cmd     : oneway function results will be dropped but finished with status OK and parcel size 4
06-04 11:57:04.240  1466  2347 I MediaProvider: Begin Intent { act=android.intent.action.MEDIA_SCANNER_SCAN_FILE dat=file:///sdcard/screen_2023-06-04_115707.png flg=0x1400010 cmp=com.android.providers.media.module/com.android.providers.media.MediaService }
06-04 11:57:04.242  1466  2347 W ModernMediaScanner: Failed to visit /sdcard/screen_2023-06-04_115707.png: java.nio.file.AccessDeniedException: /sdcard/screen_2023-06-04_115707.png
06-04 11:57:04.236  1466  1466 W com.android.providers.media.module: type=1400 audit(0.0:40089): avc: denied { read } for comm=4173796E635461736B202331 name="primary" dev="tmpfs" ino=18207 scontext=u:r:mediaprovider_app:s0:c118,c256,c512,c768 tcontext=u:object_r:mnt_pass_through_file:s0 tclass=lnk_file permissive=0 app=com.android.providers.media.module
06-04 11:57:04.243  1466  2347 I MediaProvider: Scanned internal due to REASON_DEMAND, found 0 items in 2ms, 0 inserts 0 updates 0 deletes
06-04 11:57:04.243  1466  2347 I MediaProvider: End Intent { act=android.intent.action.MEDIA_SCANNER_SCAN_FILE dat=file:///sdcard/screen_2023-06-04_115707.png flg=0x1400010 cmp=com.android.providers.media.module/com.android.providers.media.MediaService }
06-04 11:57:04.236  1466  1466 W com.android.providers.media.module: type=1400 audit(0.0:40090): avc: denied { read } for comm=4173796E635461736B202331 name="primary" dev="tmpfs" ino=18207 scontext=u:r:mediaprovider_app:s0:c118,c256,c512,c768 tcontext=u:object_r:mnt_pass_through_file:s0 tclass=lnk_file permissive=0 app=com.android.providers.media.module
06-04 11:57:04.265  1466  1652 I MediaProvider: Deleted 1 items on external_primary due to com.android.shell
06-04 11:57:04.320  7553  7555 I cmd     : oneway function results will be dropped but finished with status OK and parcel size 4
06-04 11:57:04.421  7568  7570 I cmd     : oneway function results will be dropped but finished with status OK and parcel size 4
06-04 11:57:04.482  7583  7585 I cmd     : oneway function results will be dropped but finished with status OK and parcel size 4
06-04 11:57:04.579  7598  7600 I cmd     : oneway function results will be dropped but finished with status OK and parcel size 4
06-04 11:57:04.760  7610  7610 E libc    : Access denied finding property "persist.device_config.runtime_native_boot.profilebootclasspath"
06-04 11:57:04.760  7610  7610 E libc    : Access denied finding property "persist.device_config.runtime_native_boot.enable_apex_image"
06-04 11:57:04.760  7610  7610 I AndroidRuntime: Using default boot image
06-04 11:57:04.756  7610  7610 W app_process: type=1400 audit(0.0:40095): avc: denied { read } for name="u:object_r:device_config_runtime_native_boot_prop:s0" dev="tmpfs" ino=8368 scontext=u:r:shell:s0 tcontext=u:object_r:device_config_runtime_native_boot_prop:s0 tclass=file permissive=0
06-04 11:57:04.761  7610  7610 E libc    : Access denied finding property "persist.device_config.runtime_native_boot.disable_lock_profiling"
06-04 11:57:04.761  7610  7610 I AndroidRuntime: Leaving lock profiling enabled
06-04 11:57:04.761  7610  7610 E libc    : Access denied finding property "persist.device_config.runtime_native_boot.enable_generational_cc"
06-04 11:57:04.756  7610  7610 W app_process: type=1400 audit(0.0:40096): avc: denied { read } for name="u:object_r:device_config_runtime_native_boot_prop:s0" dev="tmpfs" ino=8368 scontext=u:r:shell:s0 tcontext=u:object_r:device_config_runtime_native_boot_prop:s0 tclass=file permissive=0
06-04 11:57:04.762  7610  7610 I app_process: Core platform API reporting enabled, enforcing=false
06-04 11:57:04.788     0     0 W audit   : audit_lost=18370 audit_rate_limit=5 audit_backlog_limit=64
06-04 11:57:04.788     0     0 E audit   : rate limit exceeded
06-04 11:57:04.807  7610  7610 W app_process: Unexpected CPU variant for X86 using defaults: x86
06-04 11:57:04.808  7610  7610 I app_process: The ClassLoaderContext is a special shared library.
06-04 11:57:04.814  7610  7610 W app_process: JNI RegisterNativeMethods: attempt to register 0 native methods for android.media.AudioAttributes
06-04 11:57:05.041   530   747 I system_server: oneway function results will be dropped but finished with status OK and parcel size 4
06-04 11:57:05.042   530   747 I system_server: oneway function results will be dropped but finished with status OK and parcel size 4
06-04 11:57:05.176   530  1846 I system_server: oneway function results will be dropped but finished with status OK and parcel size 4
06-04 11:57:06.617   179   179 I hwservicemanager: getTransport: Cannot find entry android.hardware.graphics.mapper@4.0::IMapper/default in either framework or device manifest.
06-04 11:57:06.617  7658  7658 I Gralloc4: mapper 4.x is not supported
06-04 11:57:06.777  7662  7664 I cmd     : oneway function results will be dropped but finished with status OK and parcel size 4
06-04 11:57:06.778  1466  2347 I MediaProvider: Begin Intent { act=android.intent.action.MEDIA_SCANNER_SCAN_FILE dat=file:///sdcard/screen_2023-06-04_115709.png flg=0x1400010 cmp=com.android.providers.media.module/com.android.providers.media.MediaService }
06-04 11:57:06.772  1466  1466 W com.android.providers.media.module: type=1400 audit(0.0:40099): avc: denied { read } for comm=4173796E635461736B202331 name="primary" dev="tmpfs" ino=18207 scontext=u:r:mediaprovider_app:s0:c118,c256,c512,c768 tcontext=u:object_r:mnt_pass_through_file:s0 tclass=lnk_file permissive=0 app=com.android.providers.media.module
06-04 11:57:06.781  1466  2347 W ModernMediaScanner: Failed to visit /sdcard/screen_2023-06-04_115709.png: java.nio.file.AccessDeniedException: /sdcard/screen_2023-06-04_115709.png
06-04 11:57:06.807     0     0 W audit   : audit_lost=18372 audit_rate_limit=5 audit_backlog_limit=64
06-04 11:57:06.808     0     0 E audit   : rate limit exceeded
06-04 11:57:06.782  1466  2347 I MediaProvider: Scanned internal due to REASON_DEMAND, found 0 items in 4ms, 0 inserts 0 updates 0 deletes
06-04 11:57:06.783  1466  2347 I MediaProvider: End Intent { act=android.intent.action.MEDIA_SCANNER_SCAN_FILE dat=file:///sdcard/screen_2023-06-04_115709.png flg=0x1400010 cmp=com.android.providers.media.module/com.android.providers.media.MediaService }
06-04 11:57:06.772  1466  1466 W com.android.providers.media.module: type=1400 audit(0.0:40101): avc: denied { read } for comm=4173796E635461736B202331 name="primary" dev="tmpfs" ino=18207 scontext=u:r:mediaprovider_app:s0:c118,c256,c512,c768 tcontext=u:object_r:mnt_pass_through_file:s0 tclass=lnk_file permissive=0 app=com.android.providers.media.module
06-04 11:57:06.803  1466  1653 I MediaProvider: Deleted 1 items on external_primary due to com.android.shell
06-04 11:57:06.849  7673  7675 I cmd     : oneway function results will be dropped but finished with status OK and parcel size 4
06-04 11:57:07.033   179   179 I hwservicemanager: getTransport: Cannot find entry android.hardware.graphics.mapper@4.0::IMapper/default in either framework or device manifest.
06-04 11:57:07.033  7695  7695 I Gralloc4: mapper 4.x is not supported
06-04 11:57:07.189  7701  7703 I cmd     : oneway function results will be dropped but finished with status OK and parcel size 4
06-04 11:57:07.190  1466  2347 I MediaProvider: Begin Intent { act=android.intent.action.MEDIA_SCANNER_SCAN_FILE dat=file:///sdcard/screen_2023-06-04_115710.png flg=0x1400010 cmp=com.android.providers.media.module/com.android.providers.media.MediaService }
06-04 11:57:07.191  1466  2347 W ModernMediaScanner: Failed to visit /sdcard/screen_2023-06-04_115710.png: java.nio.file.AccessDeniedException: /sdcard/screen_2023-06-04_115710.png
06-04 11:57:07.191  1466  2347 I MediaProvider: Scanned internal due to REASON_DEMAND, found 0 items in 2ms, 0 inserts 0 updates 0 deletes
06-04 11:57:07.192  1466  2347 I MediaProvider: End Intent { act=android.intent.action.MEDIA_SCANNER_SCAN_FILE dat=file:///sdcard/screen_2023-06-04_115710.png flg=0x1400010 cmp=com.android.providers.media.module/com.android.providers.media.MediaService }
06-04 11:57:07.221  1466  1653 I MediaProvider: Deleted 1 items on external_primary due to com.android.shell
06-04 11:57:07.318  7713  7715 I cmd     : oneway function results will be dropped but finished with status OK and parcel size 4
06-04 11:57:08.144   530  2659 I system_server: oneway function results will be dropped but finished with status OK and parcel size 4
06-04 11:57:12.967   507   507 E netmgr  : qemu_pipe_open_ns:62: Could not connect to the 'pipe:qemud:network' service: Invalid argument
06-04 11:57:12.967   507   507 E netmgr  : Failed to open QEMU pipe 'qemud:network': Invalid argument
06-04 11:57:21.516  1885  7750 I GmscoreIpa: Starting mediastore instant index
06-04 11:57:31.793   530  2659 I system_server: oneway function results will be dropped but finished with status OK and parcel size 4
06-04 11:57:31.793   530  2659 I system_server: oneway function results will be dropped but finished with status OK and parcel size 4
06-04 11:57:31.927   530  1657 I system_server: oneway function results will be dropped but finished with status OK and parcel size 4
06-04 11:57:32.885   530  2659 I system_server: oneway function results will be dropped but finished with status OK and parcel size 4
06-04 11:57:33.011   530  1657 I system_server: oneway function results will be dropped but finished with status OK and parcel size 4
06-04 11:57:33.098   509   509 E wifi_forwarder: qemu_pipe_open_ns:62: Could not connect to the 'pipe:qemud:wififorward' service: Invalid argument
06-04 11:57:33.098   509   509 E wifi_forwarder: RemoteConnection failed to initialize: RemoteConnection failed to open pipe
06-04 11:57:35.977   530  1657 I system_server: oneway function results will be dropped but finished with status OK and parcel size 4
06-04 11:57:43.057   223   226 E android.system.suspend@1.0-service: Error opening kernel wakelock stats for: wakeup34: Permission denied
06-04 11:57:43.052   223   223 W Binder:223_2: type=1400 audit(0.0:40111): avc: denied { read } for name="wakeup34" dev="sysfs" ino=19211 scontext=u:r:system_suspend:s0 tcontext=u:object_r:sysfs:s0 tclass=dir permissive=0
06-04 11:57:43.066   223   226 E android.system.suspend@1.0-service: Error opening kernel wakelock stats for: wakeup35: Permission denied
06-04 11:57:43.060   223   223 W Binder:223_2: type=1400 audit(0.0:40112): avc: denied { read } for name="wakeup35" dev="sysfs" ino=19274 scontext=u:r:system_suspend:s0 tcontext=u:object_r:sysfs:s0 tclass=dir permissive=0
06-04 11:57:51.470   179   179 I hwservicemanager: getTransport: Cannot find entry android.hardware.graphics.mapper@4.0::IMapper/default in either framework or device manifest.
06-04 11:57:51.470  7836  7836 I Gralloc4: mapper 4.x is not supported
06-04 11:57:51.641  7840  7842 I cmd     : oneway function results will be dropped but finished with status OK and parcel size 4
06-04 11:57:51.642  1466  2347 I MediaProvider: Begin Intent { act=android.intent.action.MEDIA_SCANNER_SCAN_FILE dat=file:///sdcard/screen_2023-06-04_115754.png flg=0x1400010 cmp=com.android.providers.media.module/com.android.providers.media.MediaService }
06-04 11:57:51.644  1466  2347 W ModernMediaScanner: Failed to visit /sdcard/screen_2023-06-04_115754.png: java.nio.file.AccessDeniedException: /sdcard/screen_2023-06-04_115754.png
06-04 11:57:51.636  1466  1466 W com.android.providers.media.module: type=1400 audit(0.0:40113): avc: denied { read } for comm=4173796E635461736B202331 name="primary" dev="tmpfs" ino=18207 scontext=u:r:mediaprovider_app:s0:c118,c256,c512,c768 tcontext=u:object_r:mnt_pass_through_file:s0 tclass=lnk_file permissive=0 app=com.android.providers.media.module
06-04 11:57:51.645  1466  2347 I MediaProvider: Scanned internal due to REASON_DEMAND, found 0 items in 2ms, 0 inserts 0 updates 0 deletes
06-04 11:57:51.636  1466  1466 W com.android.providers.media.module: type=1400 audit(0.0:40114): avc: denied { read } for comm=4173796E635461736B202331 name="primary" dev="tmpfs" ino=18207 scontext=u:r:mediaprovider_app:s0:c118,c256,c512,c768 tcontext=u:object_r:mnt_pass_through_file:s0 tclass=lnk_file permissive=0 app=com.android.providers.media.module
06-04 11:57:51.645  1466  2347 I MediaProvider: End Intent { act=android.intent.action.MEDIA_SCANNER_SCAN_FILE dat=file:///sdcard/screen_2023-06-04_115754.png flg=0x1400010 cmp=com.android.providers.media.module/com.android.providers.media.MediaService }
06-04 11:57:51.640  1466  1466 W com.android.providers.media.module: type=1400 audit(0.0:40115): avc: denied { read } for comm=4173796E635461736B202331 name="primary" dev="tmpfs" ino=18207 scontext=u:r:mediaprovider_app:s0:c118,c256,c512,c768 tcontext=u:object_r:mnt_pass_through_file:s0 tclass=lnk_file permissive=0 app=com.android.providers.media.module
06-04 11:57:51.669  1466  1652 I MediaProvider: Deleted 1 items on external_primary due to com.android.shell
06-04 11:57:51.725  7853  7855 I cmd     : oneway function results will be dropped but finished with status OK and parcel size 4
06-04 11:57:51.793  7868  7870 I cmd     : oneway function results will be dropped but finished with status OK and parcel size 4
06-04 11:57:51.936  7883  7885 I cmd     : oneway function results will be dropped but finished with status OK and parcel size 4
06-04 11:57:52.002  7898  7900 I cmd     : oneway function results will be dropped but finished with status OK and parcel size 4
06-04 11:57:52.102  7910  7910 E libc    : Access denied finding property "persist.device_config.runtime_native_boot.profilebootclasspath"
06-04 11:57:52.102  7910  7910 E libc    : Access denied finding property "persist.device_config.runtime_native_boot.enable_apex_image"
06-04 11:57:52.102  7910  7910 I AndroidRuntime: Using default boot image
06-04 11:57:52.096  7910  7910 W app_process: type=1400 audit(0.0:40119): avc: denied { read } for name="u:object_r:device_config_runtime_native_boot_prop:s0" dev="tmpfs" ino=8368 scontext=u:r:shell:s0 tcontext=u:object_r:device_config_runtime_native_boot_prop:s0 tclass=file permissive=0
06-04 11:57:52.103  7910  7910 E libc    : Access denied finding property "persist.device_config.runtime_native_boot.disable_lock_profiling"
06-04 11:57:52.103  7910  7910 I AndroidRuntime: Leaving lock profiling enabled
06-04 11:57:52.103  7910  7910 E libc    : Access denied finding property "persist.device_config.runtime_native_boot.enable_generational_cc"
06-04 11:57:52.096  7910  7910 W app_process: type=1400 audit(0.0:40120): avc: denied { read } for name="u:object_r:device_config_runtime_native_boot_prop:s0" dev="tmpfs" ino=8368 scontext=u:r:shell:s0 tcontext=u:object_r:device_config_runtime_native_boot_prop:s0 tclass=file permissive=0
06-04 11:57:52.104  7910  7910 I app_process: Core platform API reporting enabled, enforcing=false
06-04 11:57:52.130     0     0 W audit   : audit_lost=18379 audit_rate_limit=5 audit_backlog_limit=64
06-04 11:57:52.131     0     0 E audit   : rate limit exceeded
06-04 11:57:52.152  7910  7910 W app_process: Unexpected CPU variant for X86 using defaults: x86
06-04 11:57:52.153  7910  7910 I app_process: The ClassLoaderContext is a special shared library.
06-04 11:57:52.159  7910  7910 W app_process: JNI RegisterNativeMethods: attempt to register 0 native methods for android.media.AudioAttributes
06-04 11:57:52.375   530   747 I system_server: oneway function results will be dropped but finished with status OK and parcel size 4
06-04 11:57:52.375   530   747 I system_server: oneway function results will be dropped but finished with status OK and parcel size 4
06-04 11:57:52.509   530  5322 I system_server: oneway function results will be dropped but finished with status OK and parcel size 4
06-04 11:57:53.942   179   179 I hwservicemanager: getTransport: Cannot find entry android.hardware.graphics.mapper@4.0::IMapper/default in either framework or device manifest.
06-04 11:57:53.942  7949  7949 I Gralloc4: mapper 4.x is not supported
06-04 11:57:54.103  1466  2347 I MediaProvider: Begin Intent { act=android.intent.action.MEDIA_SCANNER_SCAN_FILE dat=file:///sdcard/screen_2023-06-04_115757.png flg=0x1400010 cmp=com.android.providers.media.module/com.android.providers.media.MediaService }
06-04 11:57:54.100  1466  1466 W com.android.providers.media.module: type=1400 audit(0.0:40123): avc: denied { read } for comm=4173796E635461736B202331 name="primary" dev="tmpfs" ino=18207 scontext=u:r:mediaprovider_app:s0:c118,c256,c512,c768 tcontext=u:object_r:mnt_pass_through_file:s0 tclass=lnk_file permissive=0 app=com.android.providers.media.module
06-04 11:57:54.106  1466  2347 W ModernMediaScanner: Failed to visit /sdcard/screen_2023-06-04_115757.png: java.nio.file.AccessDeniedException: /sdcard/screen_2023-06-04_115757.png
06-04 11:57:54.132     0     0 W audit   : audit_lost=18381 audit_rate_limit=5 audit_backlog_limit=64
06-04 11:57:54.133     0     0 E audit   : rate limit exceeded
06-04 11:57:54.107  1466  2347 I MediaProvider: Scanned internal due to REASON_DEMAND, found 0 items in 3ms, 0 inserts 0 updates 0 deletes
06-04 11:57:54.100  1466  1466 W com.android.providers.media.module: type=1400 audit(0.0:40125): avc: denied { read } for comm=4173796E635461736B202331 name="primary" dev="tmpfs" ino=18207 scontext=u:r:mediaprovider_app:s0:c118,c256,c512,c768 tcontext=u:object_r:mnt_pass_through_file:s0 tclass=lnk_file permissive=0 app=com.android.providers.media.module
06-04 11:57:54.108  1466  2347 I MediaProvider: End Intent { act=android.intent.action.MEDIA_SCANNER_SCAN_FILE dat=file:///sdcard/screen_2023-06-04_115757.png flg=0x1400010 cmp=com.android.providers.media.module/com.android.providers.media.MediaService }
06-04 11:57:54.100  1466  1466 W com.android.providers.media.module: type=1400 audit(0.0:40126): avc: denied { read } for comm=4173796E635461736B202331 name="primary" dev="tmpfs" ino=18207 scontext=u:r:mediaprovider_app:s0:c118,c256,c512,c768 tcontext=u:object_r:mnt_pass_through_file:s0 tclass=lnk_file permissive=0 app=com.android.providers.media.module
06-04 11:57:54.128  1466  4324 I MediaProvider: Deleted 1 items on external_primary due to com.android.shell
06-04 11:57:54.233  7964  7966 I cmd     : oneway function results will be dropped but finished with status OK and parcel size 4
06-04 11:57:54.473   179   179 I hwservicemanager: getTransport: Cannot find entry android.hardware.graphics.mapper@4.0::IMapper/default in either framework or device manifest.
06-04 11:57:54.473  7986  7986 I Gralloc4: mapper 4.x is not supported
06-04 11:57:54.627  7990  7992 I cmd     : oneway function results will be dropped but finished with status OK and parcel size 4
06-04 11:57:54.627  1466  2347 I MediaProvider: Begin Intent { act=android.intent.action.MEDIA_SCANNER_SCAN_FILE dat=file:///sdcard/screen_2023-06-04_115757.png flg=0x1400010 cmp=com.android.providers.media.module/com.android.providers.media.MediaService }
06-04 11:57:54.628  1466  2347 W ModernMediaScanner: Failed to visit /sdcard/screen_2023-06-04_115757.png: java.nio.file.AccessDeniedException: /sdcard/screen_2023-06-04_115757.png
06-04 11:57:54.629  1466  2347 I MediaProvider: Scanned internal due to REASON_DEMAND, found 0 items in 1ms, 0 inserts 0 updates 0 deletes
06-04 11:57:54.630  1466  2347 I MediaProvider: End Intent { act=android.intent.action.MEDIA_SCANNER_SCAN_FILE dat=file:///sdcard/screen_2023-06-04_115757.png flg=0x1400010 cmp=com.android.providers.media.module/com.android.providers.media.MediaService }
06-04 11:57:54.654  1466  1653 I MediaProvider: Deleted 1 items on external_primary due to com.android.shell
06-04 11:57:54.740  8001  8003 I cmd     : oneway function results will be dropped but finished with status OK and parcel size 4
06-04 11:57:55.475   530  1846 I system_server: oneway function results will be dropped but finished with status OK and parcel size 4
06-04 11:57:58.196   223   226 E android.system.suspend@1.0-service: Error opening kernel wakelock stats for: wakeup34: Permission denied
06-04 11:57:58.192   223   223 W Binder:223_2: type=1400 audit(0.0:40135): avc: denied { read } for name="wakeup34" dev="sysfs" ino=19211 scontext=u:r:system_suspend:s0 tcontext=u:object_r:sysfs:s0 tclass=dir permissive=0
06-04 11:57:58.208   223   226 E android.system.suspend@1.0-service: Error opening kernel wakelock stats for: wakeup35: Permission denied
06-04 11:57:58.204   223   223 W Binder:223_2: type=1400 audit(0.0:40136): avc: denied { read } for name="wakeup35" dev="sysfs" ino=19274 scontext=u:r:system_suspend:s0 tcontext=u:object_r:sysfs:s0 tclass=dir permissive=0
06-04 11:58:00.001   179   179 I hwservicemanager: getTransport: Cannot find entry android.hardware.graphics.mapper@4.0::IMapper/default in either framework or device manifest.
06-04 11:58:00.001  8033  8033 I Gralloc4: mapper 4.x is not supported
06-04 11:58:00.163  8041  8043 I cmd     : oneway function results will be dropped but finished with status OK and parcel size 4
06-04 11:58:00.164  1466  2347 I MediaProvider: Begin Intent { act=android.intent.action.MEDIA_SCANNER_SCAN_FILE dat=file:///sdcard/screen_2023-06-04_115803.png flg=0x1400010 cmp=com.android.providers.media.module/com.android.providers.media.MediaService }
06-04 11:58:00.165  1466  2347 W ModernMediaScanner: Failed to visit /sdcard/screen_2023-06-04_115803.png: java.nio.file.AccessDeniedException: /sdcard/screen_2023-06-04_115803.png
06-04 11:58:00.160  1466  1466 W com.android.providers.media.module: type=1400 audit(0.0:40137): avc: denied { read } for comm=4173796E635461736B202331 name="primary" dev="tmpfs" ino=18207 scontext=u:r:mediaprovider_app:s0:c118,c256,c512,c768 tcontext=u:object_r:mnt_pass_through_file:s0 tclass=lnk_file permissive=0 app=com.android.providers.media.module
06-04 11:58:00.166  1466  2347 I MediaProvider: Scanned internal due to REASON_DEMAND, found 0 items in 1ms, 0 inserts 0 updates 0 deletes
06-04 11:58:00.166  1466  2347 I MediaProvider: End Intent { act=android.intent.action.MEDIA_SCANNER_SCAN_FILE dat=file:///sdcard/screen_2023-06-04_115803.png flg=0x1400010 cmp=com.android.providers.media.module/com.android.providers.media.MediaService }
06-04 11:58:00.160  1466  1466 W com.android.providers.media.module: type=1400 audit(0.0:40138): avc: denied { read } for comm=4173796E635461736B202331 name="primary" dev="tmpfs" ino=18207 scontext=u:r:mediaprovider_app:s0:c118,c256,c512,c768 tcontext=u:object_r:mnt_pass_through_file:s0 tclass=lnk_file permissive=0 app=com.android.providers.media.module
06-04 11:58:00.194  1466  1652 I MediaProvider: Deleted 1 items on external_primary due to com.android.shell
06-04 11:58:00.287  8052  8054 I cmd     : oneway function results will be dropped but finished with status OK and parcel size 4
06-04 11:58:00.440  8067  8069 I cmd     : oneway function results will be dropped but finished with status OK and parcel size 4
06-04 11:58:00.504  8082  8084 I cmd     : oneway function results will be dropped but finished with status OK and parcel size 4
06-04 11:58:00.618  8097  8099 I cmd     : oneway function results will be dropped but finished with status OK and parcel size 4
06-04 11:58:00.753  8109  8109 E libc    : Access denied finding property "persist.device_config.runtime_native_boot.profilebootclasspath"
06-04 11:58:00.753  8109  8109 E libc    : Access denied finding property "persist.device_config.runtime_native_boot.enable_apex_image"
06-04 11:58:00.753  8109  8109 I AndroidRuntime: Using default boot image
06-04 11:58:00.781     0     0 W audit   : audit_lost=18388 audit_rate_limit=5 audit_backlog_limit=64
