06-04 11:59:12.221  1466  2347 W ModernMediaScanner: Failed to visit /sdcard/screen_2023-06-04_115915.png: java.nio.file.AccessDeniedException: /sdcard/screen_2023-06-04_115915.png
06-04 11:59:12.222  1466  2347 I MediaProvider: Scanned internal due to REASON_DEMAND, found 0 items in 3ms, 0 inserts 0 updates 0 deletes
06-04 11:59:12.212  1466  1466 W com.android.providers.media.module: type=1400 audit(0.0:40249): avc: denied { read } for comm=4173796E635461736B202331 name="primary" dev="tmpfs" ino=18207 scontext=u:r:mediaprovider_app:s0:c118,c256,c512,c768 tcontext=u:object_r:mnt_pass_through_file:s0 tclass=lnk_file permissive=0 app=com.android.providers.media.module
06-04 11:59:12.247     0     0 W audit   : audit_lost=18445 audit_rate_limit=5 audit_backlog_limit=64
06-04 11:59:12.248     0     0 E audit   : rate limit exceeded
06-04 11:59:12.223  1466  2347 I MediaProvider: End Intent { act=android.intent.action.MEDIA_SCANNER_SCAN_FILE dat=file:///sdcard/screen_2023-06-04_115915.png flg=0x1400010 cmp=com.android.providers.media.module/com.android.providers.media.MediaService }
06-04 11:59:12.216  1466  1466 W com.android.providers.media.module: type=1400 audit(0.0:40250): avc: denied { read } for comm=4173796E635461736B202331 name="primary" dev="tmpfs" ino=18207 scontext=u:r:mediaprovider_app:s0:c118,c256,c512,c768 tcontext=u:object_r:mnt_pass_through_file:s0 tclass=lnk_file permissive=0 app=com.android.providers.media.module
06-04 11:59:12.243  1466 24747 I MediaProvider: Deleted 1 items on external_primary due to com.android.shell
06-04 11:59:12.306  9118  9120 I cmd     : oneway function results will be dropped but finished with status OK and parcel size 4
06-04 11:59:12.545  9148  9150 I cmd     : oneway function results will be dropped but finished with status OK and parcel size 4
06-04 11:59:12.621  9165  9167 I cmd     : oneway function results will be dropped but finished with status OK and parcel size 4
06-04 11:59:12.712  9177  9177 E libc    : Access denied finding property "persist.device_config.runtime_native_boot.profilebootclasspath"
06-04 11:59:12.712  9177  9177 E libc    : Access denied finding property "persist.device_config.runtime_native_boot.enable_apex_image"
06-04 11:59:12.712  9177  9177 I AndroidRuntime: Using default boot image
06-04 11:59:12.712  9177  9177 E libc    : Access denied finding property "persist.device_config.runtime_native_boot.disable_lock_profiling"
06-04 11:59:12.712  9177  9177 I AndroidRuntime: Leaving lock profiling enabled
06-04 11:59:12.712  9177  9177 E libc    : Access denied finding property "persist.device_config.runtime_native_boot.enable_generational_cc"
06-04 11:59:12.713  9177  9177 W app_process: Could not reserve sentinel fault page
06-04 11:59:12.713  9177  9177 I app_process: Core platform API reporting enabled, enforcing=false
06-04 11:59:12.756  9177  9177 W app_process: Unexpected CPU variant for X86 using defaults: x86
06-04 11:59:12.757  9177  9177 I app_process: The ClassLoaderContext is a special shared library.
06-04 11:59:12.763  9177  9177 W app_process: JNI RegisterNativeMethods: attempt to register 0 native methods for android.media.AudioAttributes
06-04 11:59:12.985   530 18202 I system_server: oneway function results will be dropped but finished with status OK and parcel size 4
06-04 11:59:12.985   530  9799 I system_server: oneway function results will be dropped but finished with status OK and parcel size 4
06-04 11:59:13.031   507   507 E netmgr  : qemu_pipe_open_ns:62: Could not connect to the 'pipe:qemud:network' service: Invalid argument
06-04 11:59:13.031   507   507 E netmgr  : Failed to open QEMU pipe 'qemud:network': Invalid argument
06-04 11:59:13.121   530  9799 I system_server: oneway function results will be dropped but finished with status OK and parcel size 4
06-04 11:59:14.560   179   179 I hwservicemanager: getTransport: Cannot find entry android.hardware.graphics.mapper@4.0::IMapper/default in either framework or device manifest.
06-04 11:59:14.560  9211  9211 I Gralloc4: mapper 4.x is not supported
06-04 11:59:14.711  9217  9219 I cmd     : oneway function results will be dropped but finished with status OK and parcel size 4
06-04 11:59:14.711  1466  2347 I MediaProvider: Begin Intent { act=android.intent.action.MEDIA_SCANNER_SCAN_FILE dat=file:///sdcard/screen_2023-06-04_115917.png flg=0x1400010 cmp=com.android.providers.media.module/com.android.providers.media.MediaService }
06-04 11:59:14.708  1466  1466 W com.android.providers.media.module: type=1400 audit(0.0:40257): avc: denied { read } for comm=4173796E635461736B202331 name="primary" dev="tmpfs" ino=18207 scontext=u:r:mediaprovider_app:s0:c118,c256,c512,c768 tcontext=u:object_r:mnt_pass_through_file:s0 tclass=lnk_file permissive=0 app=com.android.providers.media.module
06-04 11:59:14.714  1466  2347 W ModernMediaScanner: Failed to visit /sdcard/screen_2023-06-04_115917.png: java.nio.file.AccessDeniedException: /sdcard/screen_2023-06-04_115917.png
06-04 11:59:14.740     0     0 W audit   : audit_lost=18450 audit_rate_limit=5 audit_backlog_limit=64
06-04 11:59:14.741     0     0 E audit   : rate limit exceeded
06-04 11:59:14.715  1466  2347 I MediaProvider: Scanned internal due to REASON_DEMAND, found 0 items in 3ms, 0 inserts 0 updates 0 deletes
06-04 11:59:14.708  1466  1466 W com.android.providers.media.module: type=1400 audit(0.0:40259): avc: denied { read } for comm=4173796E635461736B202331 name="primary" dev="tmpfs" ino=18207 scontext=u:r:mediaprovider_app:s0:c118,c256,c512,c768 tcontext=u:object_r:mnt_pass_through_file:s0 tclass=lnk_file permissive=0 app=com.android.providers.media.module
06-04 11:59:14.716  1466  2347 I MediaProvider: End Intent { act=android.intent.action.MEDIA_SCANNER_SCAN_FILE dat=file:///sdcard/screen_2023-06-04_115917.png flg=0x1400010 cmp=com.android.providers.media.module/com.android.providers.media.MediaService }
06-04 11:59:14.708  1466  1466 W com.android.providers.media.module: type=1400 audit(0.0:40260): avc: denied { read } for comm=4173796E635461736B202331 name="primary" dev="tmpfs" ino=18207 scontext=u:r:mediaprovider_app:s0:c118,c256,c512,c768 tcontext=u:object_r:mnt_pass_through_file:s0 tclass=lnk_file permissive=0 app=com.android.providers.media.module
06-04 11:59:14.742  1466  1652 I MediaProvider: Deleted 1 items on external_primary due to com.android.shell
06-04 11:59:14.789  9228  9230 I cmd     : oneway function results will be dropped but finished with status OK and parcel size 4
06-04 11:59:15.033   179   179 I hwservicemanager: getTransport: Cannot find entry android.hardware.graphics.mapper@4.0::IMapper/default in either framework or device manifest.
06-04 11:59:15.033  9250  9250 I Gralloc4: mapper 4.x is not supported
06-04 11:59:15.190  9254  9256 I cmd     : oneway function results will be dropped but finished with status OK and parcel size 4
06-04 11:59:15.191  1466  2347 I MediaProvider: Begin Intent { act=android.intent.action.MEDIA_SCANNER_SCAN_FILE dat=file:///sdcard/screen_2023-06-04_115918.png flg=0x1400010 cmp=com.android.providers.media.module/com.android.providers.media.MediaService }
06-04 11:59:15.192  1466  2347 W ModernMediaScanner: Failed to visit /sdcard/screen_2023-06-04_115918.png: java.nio.file.AccessDeniedException: /sdcard/screen_2023-06-04_115918.png
06-04 11:59:15.193  1466  2347 I MediaProvider: Scanned internal due to REASON_DEMAND, found 0 items in 1ms, 0 inserts 0 updates 0 deletes
06-04 11:59:15.194  1466  2347 I MediaProvider: End Intent { act=android.intent.action.MEDIA_SCANNER_SCAN_FILE dat=file:///sdcard/screen_2023-06-04_115918.png flg=0x1400010 cmp=com.android.providers.media.module/com.android.providers.media.MediaService }
06-04 11:59:15.221  1466  4324 I MediaProvider: Deleted 1 items on external_primary due to com.android.shell
06-04 11:59:15.308  9265  9267 I cmd     : oneway function results will be dropped but finished with status OK and parcel size 4
06-04 11:59:16.087   530  4350 I system_server: oneway function results will be dropped but finished with status OK and parcel size 4
06-04 11:59:23.946  1885  9292 I GmscoreIpa: Starting mediastore instant index
06-04 11:59:33.219   509   509 E wifi_forwarder: qemu_pipe_open_ns:62: Could not connect to the 'pipe:qemud:wififorward' service: Invalid argument
06-04 11:59:33.219   509   509 E wifi_forwarder: RemoteConnection failed to initialize: RemoteConnection failed to open pipe
06-04 11:59:42.108   179   179 I hwservicemanager: getTransport: Cannot find entry android.hardware.graphics.mapper@4.0::IMapper/default in either framework or device manifest.
06-04 11:59:42.109  9341  9341 I Gralloc4: mapper 4.x is not supported
06-04 11:59:42.270  9347  9349 I cmd     : oneway function results will be dropped but finished with status OK and parcel size 4
06-04 11:59:42.270  1466  2347 I MediaProvider: Begin Intent { act=android.intent.action.MEDIA_SCANNER_SCAN_FILE dat=file:///sdcard/screen_2023-06-04_115945.png flg=0x1400010 cmp=com.android.providers.media.module/com.android.providers.media.MediaService }
06-04 11:59:42.264  1466  1466 W com.android.providers.media.module: type=1400 audit(0.0:40269): avc: denied { read } for comm=4173796E635461736B202331 name="primary" dev="tmpfs" ino=18207 scontext=u:r:mediaprovider_app:s0:c118,c256,c512,c768 tcontext=u:object_r:mnt_pass_through_file:s0 tclass=lnk_file permissive=0 app=com.android.providers.media.module
06-04 11:59:42.273  1466  2347 W ModernMediaScanner: Failed to visit /sdcard/screen_2023-06-04_115945.png: java.nio.file.AccessDeniedException: /sdcard/screen_2023-06-04_115945.png
06-04 11:59:42.274  1466  2347 I MediaProvider: Scanned internal due to REASON_DEMAND, found 0 items in 3ms, 0 inserts 0 updates 0 deletes
06-04 11:59:42.264  1466  1466 W com.android.providers.media.module: type=1400 audit(0.0:40271): avc: denied { read } for comm=4173796E635461736B202331 name="primary" dev="tmpfs" ino=18207 scontext=u:r:mediaprovider_app:s0:c118,c256,c512,c768 tcontext=u:object_r:mnt_pass_through_file:s0 tclass=lnk_file permissive=0 app=com.android.providers.media.module
06-04 11:59:42.299     0     0 W audit   : audit_lost=18457 audit_rate_limit=5 audit_backlog_limit=64
06-04 11:59:42.300     0     0 E audit   : rate limit exceeded
06-04 11:59:42.275  1466  2347 I MediaProvider: End Intent { act=android.intent.action.MEDIA_SCANNER_SCAN_FILE dat=file:///sdcard/screen_2023-06-04_115945.png flg=0x1400010 cmp=com.android.providers.media.module/com.android.providers.media.MediaService }
06-04 11:59:42.268  1466  1466 W com.android.providers.media.module: type=1400 audit(0.0:40272): avc: denied { read } for comm=4173796E635461736B202331 name="primary" dev="tmpfs" ino=18207 scontext=u:r:mediaprovider_app:s0:c118,c256,c512,c768 tcontext=u:object_r:mnt_pass_through_file:s0 tclass=lnk_file permissive=0 app=com.android.providers.media.module
06-04 11:59:42.298  1466  1652 I MediaProvider: Deleted 1 items on external_primary due to com.android.shell
06-04 11:59:42.374  9358  9360 I cmd     : oneway function results will be dropped but finished with status OK and parcel size 4
06-04 11:59:42.464  9373  9375 I cmd     : oneway function results will be dropped but finished with status OK and parcel size 4
06-04 11:59:42.541  9388  9390 I cmd     : oneway function results will be dropped but finished with status OK and parcel size 4
06-04 11:59:42.632  9403  9405 I cmd     : oneway function results will be dropped but finished with status OK and parcel size 4
06-04 11:59:42.737  9417  9417 E libc    : Access denied finding property "persist.device_config.runtime_native_boot.profilebootclasspath"
06-04 11:59:42.737  9417  9417 E libc    : Access denied finding property "persist.device_config.runtime_native_boot.enable_apex_image"
06-04 11:59:42.737  9417  9417 I AndroidRuntime: Using default boot image
06-04 11:59:42.737  9417  9417 E libc    : Access denied finding property "persist.device_config.runtime_native_boot.disable_lock_profiling"
06-04 11:59:42.737  9417  9417 I AndroidRuntime: Leaving lock profiling enabled
06-04 11:59:42.737  9417  9417 E libc    : Access denied finding property "persist.device_config.runtime_native_boot.enable_generational_cc"
06-04 11:59:42.739  9417  9417 I app_process: Core platform API reporting enabled, enforcing=false
06-04 11:59:42.787  9417  9417 W app_process: Unexpected CPU variant for X86 using defaults: x86
06-04 11:59:42.788  9417  9417 I app_process: The ClassLoaderContext is a special shared library.
06-04 11:59:42.794  9417  9417 W app_process: JNI RegisterNativeMethods: attempt to register 0 native methods for android.media.AudioAttributes
06-04 11:59:43.000   530   697 I system_server: oneway function results will be dropped but finished with status OK and parcel size 4
06-04 11:59:43.001   530   697 I system_server: oneway function results will be dropped but finished with status OK and parcel size 4
06-04 11:59:43.136   530  4350 I system_server: oneway function results will be dropped but finished with status OK and parcel size 4
06-04 11:59:44.568   179   179 I hwservicemanager: getTransport: Cannot find entry android.hardware.graphics.mapper@4.0::IMapper/default in either framework or device manifest.
06-04 11:59:44.569  9457  9457 I Gralloc4: mapper 4.x is not supported
06-04 11:59:44.728  9461  9463 I cmd     : oneway function results will be dropped but finished with status OK and parcel size 4
06-04 11:59:44.729  1466  2347 I MediaProvider: Begin Intent { act=android.intent.action.MEDIA_SCANNER_SCAN_FILE dat=file:///sdcard/screen_2023-06-04_115947.png flg=0x1400010 cmp=com.android.providers.media.module/com.android.providers.media.MediaService }
06-04 11:59:44.724  1466  1466 W com.android.providers.media.module: type=1400 audit(0.0:40279): avc: denied { read } for comm=4173796E635461736B202331 name="primary" dev="tmpfs" ino=18207 scontext=u:r:mediaprovider_app:s0:c118,c256,c512,c768 tcontext=u:object_r:mnt_pass_through_file:s0 tclass=lnk_file permissive=0 app=com.android.providers.media.module
06-04 11:59:44.734  1466  2347 W ModernMediaScanner: Failed to visit /sdcard/screen_2023-06-04_115947.png: java.nio.file.AccessDeniedException: /sdcard/screen_2023-06-04_115947.png
06-04 11:59:44.724  1466  1466 W com.android.providers.media.module: type=1400 audit(0.0:40281): avc: denied { read } for comm=4173796E635461736B202331 name="primary" dev="tmpfs" ino=18207 scontext=u:r:mediaprovider_app:s0:c118,c256,c512,c768 tcontext=u:object_r:mnt_pass_through_file:s0 tclass=lnk_file permissive=0 app=com.android.providers.media.module
06-04 11:59:44.735  1466  2347 I MediaProvider: Scanned internal due to REASON_DEMAND, found 0 items in 5ms, 0 inserts 0 updates 0 deletes
06-04 11:59:44.736  1466  2347 I MediaProvider: End Intent { act=android.intent.action.MEDIA_SCANNER_SCAN_FILE dat=file:///sdcard/screen_2023-06-04_115947.png flg=0x1400010 cmp=com.android.providers.media.module/com.android.providers.media.MediaService }
06-04 11:59:44.724  1466  1466 W com.android.providers.media.module: type=1400 audit(0.0:40282): avc: denied { read } for comm=4173796E635461736B202331 name="primary" dev="tmpfs" ino=18207 scontext=u:r:mediaprovider_app:s0:c118,c256,c512,c768 tcontext=u:object_r:mnt_pass_through_file:s0 tclass=lnk_file permissive=0 app=com.android.providers.media.module
06-04 11:59:44.819  1466  1653 I MediaProvider: Deleted 1 items on external_primary due to com.android.shell
06-04 11:59:44.885  9474  9476 I cmd     : oneway function results will be dropped but finished with status OK and parcel size 4
06-04 11:59:45.084   179   179 I hwservicemanager: getTransport: Cannot find entry android.hardware.graphics.mapper@4.0::IMapper/default in either framework or device manifest.
06-04 11:59:45.084  9496  9496 I Gralloc4: mapper 4.x is not supported
06-04 11:59:45.239  9500  9502 I cmd     : oneway function results will be dropped but finished with status OK and parcel size 4
06-04 11:59:45.240  1466  2347 I MediaProvider: Begin Intent { act=android.intent.action.MEDIA_SCANNER_SCAN_FILE dat=file:///sdcard/screen_2023-06-04_115948.png flg=0x1400010 cmp=com.android.providers.media.module/com.android.providers.media.MediaService }
06-04 11:59:45.241  1466  2347 W ModernMediaScanner: Failed to visit /sdcard/screen_2023-06-04_115948.png: java.nio.file.AccessDeniedException: /sdcard/screen_2023-06-04_115948.png
06-04 11:59:45.242  1466  2347 I MediaProvider: Scanned internal due to REASON_DEMAND, found 0 items in 1ms, 0 inserts 0 updates 0 deletes
06-04 11:59:45.243  1466  2347 I MediaProvider: End Intent { act=android.intent.action.MEDIA_SCANNER_SCAN_FILE dat=file:///sdcard/screen_2023-06-04_115948.png flg=0x1400010 cmp=com.android.providers.media.module/com.android.providers.media.MediaService }
06-04 11:59:45.267  1466 24747 I MediaProvider: Deleted 1 items on external_primary due to com.android.shell
06-04 11:59:45.344  9511  9513 I cmd     : oneway function results will be dropped but finished with status OK and parcel size 4
06-04 11:59:46.101   530  3687 I system_server: oneway function results will be dropped but finished with status OK and parcel size 4
06-04 12:00:02.444   179   179 I hwservicemanager: getTransport: Cannot find entry android.hardware.graphics.mapper@4.0::IMapper/default in either framework or device manifest.
06-04 12:00:02.444  9569  9569 I Gralloc4: mapper 4.x is not supported
06-04 12:00:02.619  1466  2347 I MediaProvider: Begin Intent { act=android.intent.action.MEDIA_SCANNER_SCAN_FILE dat=file:///sdcard/screen_2023-06-04_120005.png flg=0x1400010 cmp=com.android.providers.media.module/com.android.providers.media.MediaService }
06-04 12:00:02.616  1466  1466 W com.android.providers.media.module: type=1400 audit(0.0:40291): avc: denied { read } for comm=4173796E635461736B202331 name="primary" dev="tmpfs" ino=18207 scontext=u:r:mediaprovider_app:s0:c118,c256,c512,c768 tcontext=u:object_r:mnt_pass_through_file:s0 tclass=lnk_file permissive=0 app=com.android.providers.media.module
06-04 12:00:02.622  1466  2347 W ModernMediaScanner: Failed to visit /sdcard/screen_2023-06-04_120005.png: java.nio.file.AccessDeniedException: /sdcard/screen_2023-06-04_120005.png
06-04 12:00:02.648     0     0 W audit   : audit_lost=18469 audit_rate_limit=5 audit_backlog_limit=64
06-04 12:00:02.649     0     0 E audit   : rate limit exceeded
06-04 12:00:02.623  1466  2347 I MediaProvider: Scanned internal due to REASON_DEMAND, found 0 items in 3ms, 0 inserts 0 updates 0 deletes
06-04 12:00:02.616  1466  1466 W com.android.providers.media.module: type=1400 audit(0.0:40293): avc: denied { read } for comm=4173796E635461736B202331 name="primary" dev="tmpfs" ino=18207 scontext=u:r:mediaprovider_app:s0:c118,c256,c512,c768 tcontext=u:object_r:mnt_pass_through_file:s0 tclass=lnk_file permissive=0 app=com.android.providers.media.module
06-04 12:00:02.624  1466  2347 I MediaProvider: End Intent { act=android.intent.action.MEDIA_SCANNER_SCAN_FILE dat=file:///sdcard/screen_2023-06-04_120005.png flg=0x1400010 cmp=com.android.providers.media.module/com.android.providers.media.MediaService }
06-04 12:00:02.616  1466  1466 W com.android.providers.media.module: type=1400 audit(0.0:40294): avc: denied { read } for comm=4173796E635461736B202331 name="primary" dev="tmpfs" ino=18207 scontext=u:r:mediaprovider_app:s0:c118,c256,c512,c768 tcontext=u:object_r:mnt_pass_through_file:s0 tclass=lnk_file permissive=0 app=com.android.providers.media.module
06-04 12:00:02.657  1466 24747 I MediaProvider: Deleted 1 items on external_primary due to com.android.shell
06-04 12:00:02.836  9599  9601 I cmd     : oneway function results will be dropped but finished with status OK and parcel size 4
06-04 12:00:02.978  9614  9616 I cmd     : oneway function results will be dropped but finished with status OK and parcel size 4
06-04 12:00:03.049  9629  9631 I cmd     : oneway function results will be dropped but finished with status OK and parcel size 4
06-04 12:00:03.167  9641  9641 E libc    : Access denied finding property "persist.device_config.runtime_native_boot.profilebootclasspath"
06-04 12:00:03.167  9641  9641 E libc    : Access denied finding property "persist.device_config.runtime_native_boot.enable_apex_image"
06-04 12:00:03.167  9641  9641 I AndroidRuntime: Using default boot image
06-04 12:00:03.167  9641  9641 E libc    : Access denied finding property "persist.device_config.runtime_native_boot.disable_lock_profiling"
06-04 12:00:03.167  9641  9641 I AndroidRuntime: Leaving lock profiling enabled
06-04 12:00:03.167  9641  9641 E libc    : Access denied finding property "persist.device_config.runtime_native_boot.enable_generational_cc"
06-04 12:00:03.169  9641  9641 I app_process: Core platform API reporting enabled, enforcing=false
06-04 12:00:03.217  9641  9641 W app_process: Unexpected CPU variant for X86 using defaults: x86
06-04 12:00:03.217  9641  9641 I app_process: The ClassLoaderContext is a special shared library.
06-04 12:00:03.224  9641  9641 W app_process: JNI RegisterNativeMethods: attempt to register 0 native methods for android.media.AudioAttributes
06-04 12:00:03.438   530   697 I system_server: oneway function results will be dropped but finished with status OK and parcel size 4
06-04 12:00:03.438   530   697 I system_server: oneway function results will be dropped but finished with status OK and parcel size 4
06-04 12:00:03.455   530  9799 W InputReader: Device virtio_input_multi_touch_9 is associated with display ADISPLAY_ID_NONE.
06-04 12:00:03.455   530  9799 W InputReader: Device virtio_input_multi_touch_7 is associated with display ADISPLAY_ID_NONE.
06-04 12:00:03.455   530  9799 W InputReader: Device virtio_input_multi_touch_10 is associated with display ADISPLAY_ID_NONE.
06-04 12:00:03.455   530  9799 W InputReader: Device virtio_input_multi_touch_4 is associated with display ADISPLAY_ID_NONE.
06-04 12:00:03.455   530  9799 W InputReader: Device virtio_input_multi_touch_11 is associated with display ADISPLAY_ID_NONE.
06-04 12:00:03.455   530  9799 W InputReader: Device virtio_input_multi_touch_5 is associated with display ADISPLAY_ID_NONE.
06-04 12:00:03.455   530  9799 W InputReader: Device virtio_input_multi_touch_6 is associated with display ADISPLAY_ID_NONE.
06-04 12:00:03.455   530  9799 W InputReader: Device virtio_input_multi_touch_2 is associated with display ADISPLAY_ID_NONE.
06-04 12:00:03.455   530  9799 W InputReader: Device virtio_input_multi_touch_3 is associated with display ADISPLAY_ID_NONE.
06-04 12:00:03.455   530  9799 W InputReader: Device virtio_input_multi_touch_8 is associated with display ADISPLAY_ID_NONE.
06-04 12:00:03.455   530  9799 W InputReader: Device virtio_input_multi_touch_9 is associated with display ADISPLAY_ID_NONE.
06-04 12:00:03.455   530  9799 W InputReader: Device virtio_input_multi_touch_7 is associated with display ADISPLAY_ID_NONE.
06-04 12:00:03.455   530  9799 W InputReader: Device virtio_input_multi_touch_10 is associated with display ADISPLAY_ID_NONE.
06-04 12:00:03.455   530  9799 W InputReader: Device virtio_input_multi_touch_4 is associated with display ADISPLAY_ID_NONE.
06-04 12:00:03.455   530  9799 W InputReader: Device virtio_input_multi_touch_11 is associated with display ADISPLAY_ID_NONE.
06-04 12:00:03.455   530  9799 W InputReader: Device virtio_input_multi_touch_5 is associated with display ADISPLAY_ID_NONE.
06-04 12:00:03.455   530  9799 W InputReader: Device virtio_input_multi_touch_6 is associated with display ADISPLAY_ID_NONE.
06-04 12:00:03.455   530  9799 W InputReader: Device virtio_input_multi_touch_2 is associated with display ADISPLAY_ID_NONE.
06-04 12:00:03.455   530  9799 W InputReader: Device virtio_input_multi_touch_3 is associated with display ADISPLAY_ID_NONE.
06-04 12:00:03.455   530  9799 W InputReader: Device virtio_input_multi_touch_8 is associated with display ADISPLAY_ID_NONE.
06-04 12:00:03.470   530  3684 W OpenGLRenderer: Failed to choose config with EGL_SWAP_BEHAVIOR_PRESERVED, retrying without...
06-04 12:00:03.494   983   999 W droid.launcher: Reducing the number of considered missed Gc histogram windows from 185 to 100
06-04 12:00:03.571   530  3687 I system_server: oneway function results will be dropped but finished with status OK and parcel size 4
06-04 12:00:03.656   530   530 I chatty  : uid=1000(system) Binder:530_3 identical 1 line
06-04 12:00:03.657   530   530 W NotificationHistory: Attempted to add notif for locked/gone/disabled user 0
06-04 12:00:03.662   777   777 W NotifBindPipeline: Row is not set so pipeline will not run. notif = 0|com.simplemobiletools.calendar.pro|1|null|10126
06-04 12:00:03.674   777   777 W TouchableRegionManager: onHeadsUpPinnedModeChanged
06-04 12:00:03.686   777   777 W View    : requestLayout() improperly called by android.widget.TextView{f004e9a V.ED..... ......ID 123,39-568,96 #7f0a0465 app:id/text} during layout: running second layout pass
06-04 12:00:03.709   777  1136 W OpenGLRenderer: Incorrectly called buildLayer on View: LinearLayout, destroying layer...
06-04 12:00:03.720   777   777 W View    : couldn't find view with id 2131362140
06-04 12:00:03.809   777   777 W View    : couldn't find view with id 2131362140
06-04 12:00:03.910   777   777 W View    : couldn't find view with id 2131362140
06-04 12:00:04.314   777   777 W View    : couldn't find view with id 2131362140
06-04 12:00:05.042   179   179 I hwservicemanager: getTransport: Cannot find entry android.hardware.graphics.mapper@4.0::IMapper/default in either framework or device manifest.
06-04 12:00:05.042  9714  9714 I Gralloc4: mapper 4.x is not supported
06-04 12:00:05.205  9718  9720 I cmd     : oneway function results will be dropped but finished with status OK and parcel size 4
06-04 12:00:05.206  1466  2347 I MediaProvider: Begin Intent { act=android.intent.action.MEDIA_SCANNER_SCAN_FILE dat=file:///sdcard/screen_2023-06-04_120008.png flg=0x1400010 cmp=com.android.providers.media.module/com.android.providers.media.MediaService }
06-04 12:00:05.200  1466  1466 W com.android.providers.media.module: type=1400 audit(0.0:40301): avc: denied { read } for comm=4173796E635461736B202331 name="primary" dev="tmpfs" ino=18207 scontext=u:r:mediaprovider_app:s0:c118,c256,c512,c768 tcontext=u:object_r:mnt_pass_through_file:s0 tclass=lnk_file permissive=0 app=com.android.providers.media.module
06-04 12:00:05.200  1466  1466 W com.android.providers.media.module: type=1400 audit(0.0:40302): avc: denied { read } for comm=4173796E635461736B202331 name="primary" dev="tmpfs" ino=18207 scontext=u:r:mediaprovider_app:s0:c118,c256,c512,c768 tcontext=u:object_r:mnt_pass_through_file:s0 tclass=lnk_file permissive=0 app=com.android.providers.media.module
06-04 12:00:05.210  1466  2347 W ModernMediaScanner: Failed to visit /sdcard/screen_2023-06-04_120008.png: java.nio.file.AccessDeniedException: /sdcard/screen_2023-06-04_120008.png
06-04 12:00:05.210  1466  2347 I MediaProvider: Scanned internal due to REASON_DEMAND, found 0 items in 4ms, 0 inserts 0 updates 0 deletes
06-04 12:00:05.204  1466  1466 W com.android.providers.media.module: type=1400 audit(0.0:40303): avc: denied { read } for comm=4173796E635461736B202331 name="primary" dev="tmpfs" ino=18207 scontext=u:r:mediaprovider_app:s0:c118,c256,c512,c768 tcontext=u:object_r:mnt_pass_through_file:s0 tclass=lnk_file permissive=0 app=com.android.providers.media.module
06-04 12:00:05.211  1466  2347 I MediaProvider: End Intent { act=android.intent.action.MEDIA_SCANNER_SCAN_FILE dat=file:///sdcard/screen_2023-06-04_120008.png flg=0x1400010 cmp=com.android.providers.media.module/com.android.providers.media.MediaService }
06-04 12:00:05.204  1466  1466 W com.android.providers.media.module: type=1400 audit(0.0:40304): avc: denied { read } for comm=4173796E635461736B202331 name="primary" dev="tmpfs" ino=18207 scontext=u:r:mediaprovider_app:s0:c118,c256,c512,c768 tcontext=u:object_r:mnt_pass_through_file:s0 tclass=lnk_file permissive=0 app=com.android.providers.media.module
06-04 12:00:05.235     0     0 W audit   : audit_lost=18474 audit_rate_limit=5 audit_backlog_limit=64
06-04 12:00:05.236     0     0 E audit   : rate limit exceeded
06-04 12:00:05.204  1466  1466 W com.android.providers.media.module: type=1400 audit(0.0:40305): avc: denied { read } for comm=4173796E635461736B202331 name="primary" dev="tmpfs" ino=18207 scontext=u:r:mediaprovider_app:s0:c118,c256,c512,c768 tcontext=u:object_r:mnt_pass_through_file:s0 tclass=lnk_file permissive=0 app=com.android.providers.media.module
06-04 12:00:05.233  1466  4324 I MediaProvider: Deleted 1 items on external_primary due to com.android.shell
06-04 12:00:05.300  9729  9731 I cmd     : oneway function results will be dropped but finished with status OK and parcel size 4
06-04 12:00:05.451   530 18202 W NotificationService: Toast already killed. pkg=com.simplemobiletools.calendar.pro token=android.os.BinderProxy@af6ac55
06-04 12:00:05.546   179   179 I hwservicemanager: getTransport: Cannot find entry android.hardware.graphics.mapper@4.0::IMapper/default in either framework or device manifest.
06-04 12:00:05.546  9753  9753 I Gralloc4: mapper 4.x is not supported
06-04 12:00:05.704  9757  9759 I cmd     : oneway function results will be dropped but finished with status OK and parcel size 4
06-04 12:00:05.704  1466  2347 I MediaProvider: Begin Intent { act=android.intent.action.MEDIA_SCANNER_SCAN_FILE dat=file:///sdcard/screen_2023-06-04_120008.png flg=0x1400010 cmp=com.android.providers.media.module/com.android.providers.media.MediaService }
06-04 12:00:05.705  1466  2347 W ModernMediaScanner: Failed to visit /sdcard/screen_2023-06-04_120008.png: java.nio.file.AccessDeniedException: /sdcard/screen_2023-06-04_120008.png
06-04 12:00:05.706  1466  2347 I MediaProvider: Scanned internal due to REASON_DEMAND, found 0 items in 1ms, 0 inserts 0 updates 0 deletes
06-04 12:00:05.707  1466  2347 I MediaProvider: End Intent { act=android.intent.action.MEDIA_SCANNER_SCAN_FILE dat=file:///sdcard/screen_2023-06-04_120008.png flg=0x1400010 cmp=com.android.providers.media.module/com.android.providers.media.MediaService }
06-04 12:00:05.745  1466  1653 I MediaProvider: Deleted 1 items on external_primary due to com.android.shell
06-04 12:00:05.852  9768  9770 I cmd     : oneway function results will be dropped but finished with status OK and parcel size 4
06-04 12:00:06.536   530 18202 I system_server: oneway function results will be dropped but finished with status OK and parcel size 4
06-04 12:00:06.957   530   570 W WindowManager: Unable to start animation, surface is null or no children.
06-04 12:00:06.978   530  1439 E TaskPersister: File error accessing recents directory (directory doesn't exist?).
06-04 12:00:09.056   530 18202 I chatty  : uid=1000(system) Binder:530_1E identical 1 line
06-04 12:00:09.057   530 18202 I system_server: oneway function results will be dropped but finished with status OK and parcel size 4
06-04 12:00:09.057   777   777 W TouchableRegionManager: onHeadsUpPinnedModeChanged
06-04 12:00:09.063   530 18202 I ActivityTaskManager: START u0 {cmp=com.simplemobiletools.calendar.pro/.activities.TaskActivity (has extras)} from uid 10126
06-04 12:00:09.063   530 18202 W ActivityTaskManager: startActivity called from non-Activity context; forcing Intent.FLAG_ACTIVITY_NEW_TASK for: Intent { cmp=com.simplemobiletools.calendar.pro/.activities.TaskActivity (has extras) }
06-04 12:00:09.066   393   393 I perfetto: ing_service_impl.cc:758 Configured tracing session 149, #sources:1, duration:5000 ms, #buffers:1, total buffer size:4096 KB, total sessions:1, uid:1071 session name: ""
06-04 12:00:09.066   392   392 I perfetto: probes_producer.cc:230  Ftrace setup (target_buf=149)
06-04 12:00:09.071   530  9799 W ActivityTaskManager: Tried to set launchTime (0) < mLastActivityLaunchTime (160192742)
06-04 12:00:09.071   530  9799 W InputReader: Device virtio_input_multi_touch_9 is associated with display ADISPLAY_ID_NONE.
06-04 12:00:09.071   530  9799 W InputReader: Device virtio_input_multi_touch_7 is associated with display ADISPLAY_ID_NONE.
06-04 12:00:09.071   530  9799 W InputReader: Device virtio_input_multi_touch_10 is associated with display ADISPLAY_ID_NONE.
06-04 12:00:09.071   530  9799 W InputReader: Device virtio_input_multi_touch_4 is associated with display ADISPLAY_ID_NONE.
06-04 12:00:09.071   530  9799 W InputReader: Device virtio_input_multi_touch_11 is associated with display ADISPLAY_ID_NONE.
06-04 12:00:09.071   530  9799 W InputReader: Device virtio_input_multi_touch_5 is associated with display ADISPLAY_ID_NONE.
06-04 12:00:09.071   530  9799 W InputReader: Device virtio_input_multi_touch_6 is associated with display ADISPLAY_ID_NONE.
06-04 12:00:09.071   530  9799 W InputReader: Device virtio_input_multi_touch_2 is associated with display ADISPLAY_ID_NONE.
06-04 12:00:09.071   530  9799 W InputReader: Device virtio_input_multi_touch_3 is associated with display ADISPLAY_ID_NONE.
06-04 12:00:09.071   530  9799 W InputReader: Device virtio_input_multi_touch_8 is associated with display ADISPLAY_ID_NONE.
06-04 12:00:09.071   530  9799 W InputReader: Device virtio_input_multi_touch_9 is associated with display ADISPLAY_ID_NONE.
06-04 12:00:09.071   530  9799 W InputReader: Device virtio_input_multi_touch_7 is associated with display ADISPLAY_ID_NONE.
06-04 12:00:09.071   530  9799 W InputReader: Device virtio_input_multi_touch_10 is associated with display ADISPLAY_ID_NONE.
06-04 12:00:09.071   530  9799 W InputReader: Device virtio_input_multi_touch_4 is associated with display ADISPLAY_ID_NONE.
06-04 12:00:09.071   530  9799 W InputReader: Device virtio_input_multi_touch_11 is associated with display ADISPLAY_ID_NONE.
06-04 12:00:09.071   530  9799 W InputReader: Device virtio_input_multi_touch_5 is associated with display ADISPLAY_ID_NONE.
06-04 12:00:09.071   530  9799 W InputReader: Device virtio_input_multi_touch_6 is associated with display ADISPLAY_ID_NONE.
06-04 12:00:09.071   530  9799 W InputReader: Device virtio_input_multi_touch_2 is associated with display ADISPLAY_ID_NONE.
06-04 12:00:09.071   530  9799 W InputReader: Device virtio_input_multi_touch_3 is associated with display ADISPLAY_ID_NONE.
06-04 12:00:09.071   530  9799 W InputReader: Device virtio_input_multi_touch_8 is associated with display ADISPLAY_ID_NONE.
06-04 12:00:09.081   777   777 W View    : requestLayout() improperly called by com.android.internal.widget.NotificationExpandButton{2a81618 VFED..C.. ......ID 1279,47-1356,128 #1020295 android:id/expand_button} during layout: running second layout pass
06-04 12:00:09.081   777   777 W View    : requestLayout() improperly called by com.android.internal.widget.NotificationExpandButton{b7ae9d0 VFED..C.. ......ID 1279,47-1356,128 #1020295 android:id/expand_button} during layout: running second layout pass
06-04 12:00:09.091   392   392 I perfetto: ftrace_procfs.cc:176    enabled ftrace
06-04 12:00:09.119     0     0 W perfetto: enabled ftrace
06-04 12:00:09.109   530   575 I ActivityTaskManager: Displayed com.simplemobiletools.calendar.pro/.activities.TaskActivity: +46ms
06-04 12:00:09.190   530  3687 I system_server: oneway function results will be dropped but finished with status OK and parcel size 4
06-04 12:00:10.548   530  3687 I system_server: oneway function results will be dropped but finished with status OK and parcel size 4
06-04 12:00:10.566   530  4350 W InputReader: Device virtio_input_multi_touch_9 is associated with display ADISPLAY_ID_NONE.
06-04 12:00:10.566   530  4350 W InputReader: Device virtio_input_multi_touch_7 is associated with display ADISPLAY_ID_NONE.
06-04 12:00:10.566   530  4350 W InputReader: Device virtio_input_multi_touch_10 is associated with display ADISPLAY_ID_NONE.
06-04 12:00:10.566   530  4350 W InputReader: Device virtio_input_multi_touch_4 is associated with display ADISPLAY_ID_NONE.
06-04 12:00:10.566   530  4350 W InputReader: Device virtio_input_multi_touch_11 is associated with display ADISPLAY_ID_NONE.
06-04 12:00:10.566   530  4350 W InputReader: Device virtio_input_multi_touch_5 is associated with display ADISPLAY_ID_NONE.
06-04 12:00:10.566   530  4350 W InputReader: Device virtio_input_multi_touch_6 is associated with display ADISPLAY_ID_NONE.
06-04 12:00:10.566   530  4350 W InputReader: Device virtio_input_multi_touch_2 is associated with display ADISPLAY_ID_NONE.
06-04 12:00:10.566   530  4350 W InputReader: Device virtio_input_multi_touch_3 is associated with display ADISPLAY_ID_NONE.
06-04 12:00:10.566   530  4350 W InputReader: Device virtio_input_multi_touch_8 is associated with display ADISPLAY_ID_NONE.
06-04 12:00:10.566   530  4350 W InputReader: Device virtio_input_multi_touch_9 is associated with display ADISPLAY_ID_NONE.
06-04 12:00:10.566   530  4350 W InputReader: Device virtio_input_multi_touch_7 is associated with display ADISPLAY_ID_NONE.
06-04 12:00:10.566   530  4350 W InputReader: Device virtio_input_multi_touch_10 is associated with display ADISPLAY_ID_NONE.
06-04 12:00:10.566   530  4350 W InputReader: Device virtio_input_multi_touch_4 is associated with display ADISPLAY_ID_NONE.
06-04 12:00:10.566   530  4350 W InputReader: Device virtio_input_multi_touch_11 is associated with display ADISPLAY_ID_NONE.
06-04 12:00:10.566   530  4350 W InputReader: Device virtio_input_multi_touch_5 is associated with display ADISPLAY_ID_NONE.
06-04 12:00:10.566   530  4350 W InputReader: Device virtio_input_multi_touch_6 is associated with display ADISPLAY_ID_NONE.
06-04 12:00:10.566   530  4350 W InputReader: Device virtio_input_multi_touch_2 is associated with display ADISPLAY_ID_NONE.
06-04 12:00:10.566   530  4350 W InputReader: Device virtio_input_multi_touch_3 is associated with display ADISPLAY_ID_NONE.
06-04 12:00:10.566   530  4350 W InputReader: Device virtio_input_multi_touch_8 is associated with display ADISPLAY_ID_NONE.
06-04 12:00:10.672   530   697 I system_server: oneway function results will be dropped but finished with status OK and parcel size 4
06-04 12:00:12.171  1885  9844 I GmscoreIpa: Starting mediastore instant index
06-04 12:00:12.182   530   697 I system_server: oneway function results will be dropped but finished with status OK and parcel size 4
06-04 12:00:12.616   530  1439 E TaskPersister: File error accessing recents directory (directory doesn't exist?).
06-04 12:00:12.311   530   697 I system_server: oneway function results will be dropped but finished with status OK and parcel size 4
06-04 12:00:13.052   507   507 E netmgr  : qemu_pipe_open_ns:62: Could not connect to the 'pipe:qemud:network' service: Invalid argument
06-04 12:00:13.052   507   507 E netmgr  : Failed to open QEMU pipe 'qemud:network': Invalid argument
06-04 12:00:14.068   392   392 I perfetto: probes_producer.cc:329  Producer stop (id=149)
06-04 12:00:14.068   392   392 I perfetto: ftrace_procfs.cc:183    disabled ftrace
06-04 12:00:14.069   393   393 I perfetto: ng_service_impl.cc:1948 Tracing session 149 ended, total sessions:0
06-04 12:00:14.096     0     0 W perfetto: disabled ftrace
06-04 12:00:14.192   530  4350 I system_server: oneway function results will be dropped but finished with status OK and parcel size 4
06-04 12:00:14.325   530  3687 I system_server: oneway function results will be dropped but finished with status OK and parcel size 4
06-04 12:00:16.447   530   530 W WindowManager: removeWindowToken: Attempted to remove non-existing token: android.os.Binder@151bdcb
06-04 12:00:17.292   530   697 I system_server: oneway function results will be dropped but finished with status OK and parcel size 4
