06-04 17:10:30.837 21417 21417 E libc    : Access denied finding property "persist.device_config.runtime_native_boot.profilebootclasspath"
06-04 17:10:30.837 21417 21417 E libc    : Access denied finding property "persist.device_config.runtime_native_boot.enable_apex_image"
06-04 17:10:30.837 21417 21417 I AndroidRuntime: Using default boot image
06-04 17:10:30.837 21417 21417 E libc    : Access denied finding property "persist.device_config.runtime_native_boot.disable_lock_profiling"
06-04 17:10:30.837 21417 21417 I AndroidRuntime: Leaving lock profiling enabled
06-04 17:10:30.837 21417 21417 E libc    : Access denied finding property "persist.device_config.runtime_native_boot.enable_generational_cc"
06-04 17:10:30.838 21417 21417 I app_process: Core platform API reporting enabled, enforcing=false
06-04 17:10:30.884 21417 21417 W app_process: Unexpected CPU variant for X86 using defaults: x86
06-04 17:10:30.884 21417 21417 I app_process: The ClassLoaderContext is a special shared library.
06-04 17:10:30.891 21417 21417 W app_process: JNI RegisterNativeMethods: attempt to register 0 native methods for android.media.AudioAttributes
06-04 17:10:31.108   530   747 I system_server: oneway function results will be dropped but finished with status OK and parcel size 4
06-04 17:10:31.118   530   747 I ActivityTaskManager: START u0 {act=android.print.PRINT_DIALOG dat=printjob:f1837423-17d9-43c6-82c4-0dc9fb4970a5 cmp=com.android.printspooler/.ui.PrintActivity (has extras)} from uid 1000
06-04 17:10:31.109   530   747 I system_server: oneway function results will be dropped but finished with status OK and parcel size 4
06-04 17:10:31.138   530  2659 W ActivityTaskManager: Tried to set launchTime (0) < mLastActivityLaunchTime (178909088)
06-04 17:10:31.139   530  2659 W InputReader: Device virtio_input_multi_touch_9 is associated with display ADISPLAY_ID_NONE.
06-04 17:10:31.139   530  2659 W InputReader: Device virtio_input_multi_touch_7 is associated with display ADISPLAY_ID_NONE.
06-04 17:10:31.139   530  2659 W InputReader: Device virtio_input_multi_touch_10 is associated with display ADISPLAY_ID_NONE.
06-04 17:10:31.139   530  2659 W InputReader: Device virtio_input_multi_touch_4 is associated with display ADISPLAY_ID_NONE.
06-04 17:10:31.139   530  2659 W InputReader: Device virtio_input_multi_touch_11 is associated with display ADISPLAY_ID_NONE.
06-04 17:10:31.139   530  2659 W InputReader: Device virtio_input_multi_touch_5 is associated with display ADISPLAY_ID_NONE.
06-04 17:10:31.139   530  2659 W InputReader: Device virtio_input_multi_touch_6 is associated with display ADISPLAY_ID_NONE.
06-04 17:10:31.139   530  2659 W InputReader: Device virtio_input_multi_touch_2 is associated with display ADISPLAY_ID_NONE.
06-04 17:10:31.139   530  2659 W InputReader: Device virtio_input_multi_touch_3 is associated with display ADISPLAY_ID_NONE.
06-04 17:10:31.139   530  2659 W InputReader: Device virtio_input_multi_touch_8 is associated with display ADISPLAY_ID_NONE.
06-04 17:10:31.139   530  2659 W InputReader: Device virtio_input_multi_touch_9 is associated with display ADISPLAY_ID_NONE.
06-04 17:10:31.139   530  2659 W InputReader: Device virtio_input_multi_touch_7 is associated with display ADISPLAY_ID_NONE.
06-04 17:10:31.139   530  2659 W InputReader: Device virtio_input_multi_touch_10 is associated with display ADISPLAY_ID_NONE.
06-04 17:10:31.139   530  2659 W InputReader: Device virtio_input_multi_touch_4 is associated with display ADISPLAY_ID_NONE.
06-04 17:10:31.139   530  2659 W InputReader: Device virtio_input_multi_touch_11 is associated with display ADISPLAY_ID_NONE.
06-04 17:10:31.139   530  2659 W InputReader: Device virtio_input_multi_touch_5 is associated with display ADISPLAY_ID_NONE.
06-04 17:10:31.139   530  2659 W InputReader: Device virtio_input_multi_touch_6 is associated with display ADISPLAY_ID_NONE.
06-04 17:10:31.139   530  2659 W InputReader: Device virtio_input_multi_touch_2 is associated with display ADISPLAY_ID_NONE.
06-04 17:10:31.139   530  2659 W InputReader: Device virtio_input_multi_touch_3 is associated with display ADISPLAY_ID_NONE.
06-04 17:10:31.139   530  2659 W InputReader: Device virtio_input_multi_touch_8 is associated with display ADISPLAY_ID_NONE.
06-04 17:10:31.156   530   575 I ActivityTaskManager: Displayed com.android.printspooler/.ui.PrintActivity: +37ms
06-04 17:10:31.161  1317  2183 W GCoreFlp: No location to return for getLastLocation()
06-04 17:10:31.169   530  1846 I WifiService: acquireMulticastLock uid=10057
06-04 17:10:31.170   530   697 I WifiService: acquireMulticastLock uid=10057
06-04 17:10:31.170   530   577 I ActivityManager: Start proc 21441:com.android.bips:com.android.bips.render.PdfRenderService/u0i18 for service {com.android.bips/com.android.bips.render.PdfRenderService}
06-04 17:10:31.174 21441 21441 W dfRenderServic: Unexpected CPU variant for X86 using defaults: x86
06-04 17:10:31.174   530  1846 I WifiService: acquireMulticastLock uid=10080
06-04 17:10:31.177   385   401 I adbd    : jdwp connection from 21441
06-04 17:10:31.186 21441 21441 I dfRenderServic: The ClassLoaderContext is a special shared library.
06-04 17:10:31.216 12795 12795 I MutexFileProvider: Acquired file: /data/user/0/com.android.printspooler/files/print_job_f1837423-17d9-43c6-82c4-0dc9fb4970a5.pdf by thread: Thread[main,5,main]
06-04 17:10:31.216 12795 12795 I MutexFileProvider: Released file: /data/user/0/com.android.printspooler/files/print_job_f1837423-17d9-43c6-82c4-0dc9fb4970a5.pdf from thread: Thread[main,5,main]
06-04 17:10:31.227   223   226 E android.system.suspend@1.0-service: Error opening kernel wakelock stats for: wakeup34: Permission denied
06-04 17:10:31.224   223   223 W Binder:223_2: type=1400 audit(0.0:44266): avc: denied { read } for name="wakeup34" dev="sysfs" ino=19211 scontext=u:r:system_suspend:s0 tcontext=u:object_r:sysfs:s0 tclass=dir permissive=0
06-04 17:10:31.230   223   226 E android.system.suspend@1.0-service: Error opening kernel wakelock stats for: wakeup35: Permission denied
06-04 17:10:31.224   223   223 W Binder:223_2: type=1400 audit(0.0:44267): avc: denied { read } for name="wakeup35" dev="sysfs" ino=19274 scontext=u:r:system_suspend:s0 tcontext=u:object_r:sysfs:s0 tclass=dir permissive=0
06-04 17:10:31.239 12795 19894 I MutexFileProvider: Acquired file: /data/user/0/com.android.printspooler/files/print_job_f1837423-17d9-43c6-82c4-0dc9fb4970a5.pdf by thread: Thread[AsyncTask #9,5,main]
06-04 17:10:31.243   530   697 I system_server: oneway function results will be dropped but finished with status OK and parcel size 4
06-04 17:10:31.324 12795 19894 I MutexFileProvider: Released file: /data/user/0/com.android.printspooler/files/print_job_f1837423-17d9-43c6-82c4-0dc9fb4970a5.pdf from thread: Thread[AsyncTask #9,5,main]
06-04 17:10:31.325 12795 12795 I MutexFileProvider: Acquired file: /data/user/0/com.android.printspooler/files/print_job_f1837423-17d9-43c6-82c4-0dc9fb4970a5.pdf by thread: Thread[main,5,main]
06-04 17:10:31.325 12795 12795 I MutexFileProvider: Released file: /data/user/0/com.android.printspooler/files/print_job_f1837423-17d9-43c6-82c4-0dc9fb4970a5.pdf from thread: Thread[main,5,main]
06-04 17:10:31.325 12795 12795 I MutexFileProvider: Acquired file: /data/user/0/com.android.printspooler/files/print_job_f1837423-17d9-43c6-82c4-0dc9fb4970a5.pdf by thread: Thread[main,5,main]
06-04 17:10:31.329   530   577 I ActivityManager: Start proc 21473:com.android.printspooler:renderer:com.android.printspooler.renderer.PdfManipulationService/u0i19 for service {com.android.printspooler/com.android.printspooler.renderer.PdfManipulationService}
06-04 17:10:31.332 21473 21473 W pulationServic: Unexpected CPU variant for X86 using defaults: x86
06-04 17:10:31.333   385   401 I adbd    : jdwp connection from 21473
06-04 17:10:31.338 21473 21473 I pulationServic: The ClassLoaderContext is a special shared library.
06-04 17:10:32.681   179   179 I hwservicemanager: getTransport: Cannot find entry android.hardware.graphics.mapper@4.0::IMapper/default in either framework or device manifest.
06-04 17:10:32.681 21512 21512 I Gralloc4: mapper 4.x is not supported
06-04 17:10:32.845 21516 21518 I cmd     : oneway function results will be dropped but finished with status OK and parcel size 4
06-04 17:10:32.840  1466  1466 W com.android.providers.media.module: type=1400 audit(0.0:44268): avc: denied { read } for comm=4173796E635461736B202331 name="primary" dev="tmpfs" ino=18207 scontext=u:r:mediaprovider_app:s0:c118,c256,c512,c768 tcontext=u:object_r:mnt_pass_through_file:s0 tclass=lnk_file permissive=0 app=com.android.providers.media.module
06-04 17:10:32.844  1466  1466 I chatty  : uid=10118(com.android.providers.media.module) identical 1 line
06-04 17:10:32.844  1466  1466 W com.android.providers.media.module: type=1400 audit(0.0:44270): avc: denied { read } for comm=4173796E635461736B202331 name="primary" dev="tmpfs" ino=18207 scontext=u:r:mediaprovider_app:s0:c118,c256,c512,c768 tcontext=u:object_r:mnt_pass_through_file:s0 tclass=lnk_file permissive=0 app=com.android.providers.media.module
06-04 17:10:32.846  1466  2347 I MediaProvider: Begin Intent { act=android.intent.action.MEDIA_SCANNER_SCAN_FILE dat=file:///sdcard/screen_2023-06-04_171036.png flg=0x1400010 cmp=com.android.providers.media.module/com.android.providers.media.MediaService }
06-04 17:10:32.847  1466  2347 W ModernMediaScanner: Failed to visit /sdcard/screen_2023-06-04_171036.png: java.nio.file.AccessDeniedException: /sdcard/screen_2023-06-04_171036.png
06-04 17:10:32.848  1466  2347 I MediaProvider: Scanned internal due to REASON_DEMAND, found 0 items in 1ms, 0 inserts 0 updates 0 deletes
06-04 17:10:32.849  1466  2347 I MediaProvider: End Intent { act=android.intent.action.MEDIA_SCANNER_SCAN_FILE dat=file:///sdcard/screen_2023-06-04_171036.png flg=0x1400010 cmp=com.android.providers.media.module/com.android.providers.media.MediaService }
06-04 17:10:32.844  1466  1466 W com.android.providers.media.module: type=1400 audit(0.0:44271): avc: denied { read } for comm=4173796E635461736B202331 name="primary" dev="tmpfs" ino=18207 scontext=u:r:mediaprovider_app:s0:c118,c256,c512,c768 tcontext=u:object_r:mnt_pass_through_file:s0 tclass=lnk_file permissive=0 app=com.android.providers.media.module
06-04 17:10:32.873  1466  4324 I MediaProvider: Deleted 1 items on external_primary due to com.android.shell
06-04 17:10:32.921 21529 21531 I cmd     : oneway function results will be dropped but finished with status OK and parcel size 4
06-04 17:10:33.133   179   179 I hwservicemanager: getTransport: Cannot find entry android.hardware.graphics.mapper@4.0::IMapper/default in either framework or device manifest.
06-04 17:10:33.133 21552 21552 I Gralloc4: mapper 4.x is not supported
06-04 17:10:33.287 21556 21558 I cmd     : oneway function results will be dropped but finished with status OK and parcel size 4
06-04 17:10:33.288  1466  2347 I MediaProvider: Begin Intent { act=android.intent.action.MEDIA_SCANNER_SCAN_FILE dat=file:///sdcard/screen_2023-06-04_171036.png flg=0x1400010 cmp=com.android.providers.media.module/com.android.providers.media.MediaService }
06-04 17:10:33.284  1466  1466 W com.android.providers.media.module: type=1400 audit(0.0:44274): avc: denied { read } for comm=4173796E635461736B202331 name="primary" dev="tmpfs" ino=18207 scontext=u:r:mediaprovider_app:s0:c118,c256,c512,c768 tcontext=u:object_r:mnt_pass_through_file:s0 tclass=lnk_file permissive=0 app=com.android.providers.media.module
06-04 17:10:33.317     0     0 W audit   : audit_lost=20059 audit_rate_limit=5 audit_backlog_limit=64
06-04 17:10:33.318     0     0 E audit   : rate limit exceeded
06-04 17:10:33.284  1466  1466 W com.android.providers.media.module: type=1400 audit(0.0:44275): avc: denied { read } for comm=4173796E635461736B202331 name="primary" dev="tmpfs" ino=18207 scontext=u:r:mediaprovider_app:s0:c118,c256,c512,c768 tcontext=u:object_r:mnt_pass_through_file:s0 tclass=lnk_file permissive=0 app=com.android.providers.media.module
06-04 17:10:33.292  1466  2347 W ModernMediaScanner: Failed to visit /sdcard/screen_2023-06-04_171036.png: java.nio.file.AccessDeniedException: /sdcard/screen_2023-06-04_171036.png
06-04 17:10:33.293  1466  2347 I MediaProvider: Scanned internal due to REASON_DEMAND, found 0 items in 2ms, 0 inserts 0 updates 0 deletes
06-04 17:10:33.293  1466  2347 I MediaProvider: End Intent { act=android.intent.action.MEDIA_SCANNER_SCAN_FILE dat=file:///sdcard/screen_2023-06-04_171036.png flg=0x1400010 cmp=com.android.providers.media.module/com.android.providers.media.MediaService }
06-04 17:10:33.316  1466  1653 I MediaProvider: Deleted 1 items on external_primary due to com.android.shell
06-04 17:10:33.392 21567 21569 I cmd     : oneway function results will be dropped but finished with status OK and parcel size 4
06-04 17:10:34.083 28555 28555 I ProvidersCache: Updating roots due to change on user 0at content://com.android.providers.media.documents/root
06-04 17:10:34.172   530  1439 E TaskPersister: File error accessing recents directory (directory doesn't exist?).
06-04 17:10:34.210   530  1846 I system_server: oneway function results will be dropped but finished with status OK and parcel size 4
06-04 17:10:34.280 28555 28555 I ProvidersCache: Updating roots due to change on user 0at content://com.android.providers.media.documents/root
06-04 17:10:36.500   179   179 I hwservicemanager: getTransport: Cannot find entry android.hardware.graphics.mapper@4.0::IMapper/default in either framework or device manifest.
06-04 17:10:36.500 21595 21595 I Gralloc4: mapper 4.x is not supported
06-04 17:10:36.667 21599 21601 I cmd     : oneway function results will be dropped but finished with status OK and parcel size 4
06-04 17:10:36.668  1466  2347 I MediaProvider: Begin Intent { act=android.intent.action.MEDIA_SCANNER_SCAN_FILE dat=file:///sdcard/screen_2023-06-04_171040.png flg=0x1400010 cmp=com.android.providers.media.module/com.android.providers.media.MediaService }
06-04 17:10:36.664  1466  1466 W com.android.providers.media.module: type=1400 audit(0.0:44280): avc: denied { read } for comm=4173796E635461736B202331 name="primary" dev="tmpfs" ino=18207 scontext=u:r:mediaprovider_app:s0:c118,c256,c512,c768 tcontext=u:object_r:mnt_pass_through_file:s0 tclass=lnk_file permissive=0 app=com.android.providers.media.module
06-04 17:10:36.697     0     0 W audit   : audit_lost=20063 audit_rate_limit=5 audit_backlog_limit=64
06-04 17:10:36.698     0     0 E audit   : rate limit exceeded
06-04 17:10:36.664  1466  1466 W com.android.providers.media.module: type=1400 audit(0.0:44281): avc: denied { read } for comm=4173796E635461736B202331 name="primary" dev="tmpfs" ino=18207 scontext=u:r:mediaprovider_app:s0:c118,c256,c512,c768 tcontext=u:object_r:mnt_pass_through_file:s0 tclass=lnk_file permissive=0 app=com.android.providers.media.module
06-04 17:10:36.672  1466  2347 W ModernMediaScanner: Failed to visit /sdcard/screen_2023-06-04_171040.png: java.nio.file.AccessDeniedException: /sdcard/screen_2023-06-04_171040.png
06-04 17:10:36.673  1466  2347 I MediaProvider: Scanned internal due to REASON_DEMAND, found 0 items in 4ms, 0 inserts 0 updates 0 deletes
06-04 17:10:36.664  1466  1466 W com.android.providers.media.module: type=1400 audit(0.0:44282): avc: denied { read } for comm=4173796E635461736B202331 name="primary" dev="tmpfs" ino=18207 scontext=u:r:mediaprovider_app:s0:c118,c256,c512,c768 tcontext=u:object_r:mnt_pass_through_file:s0 tclass=lnk_file permissive=0 app=com.android.providers.media.module
06-04 17:10:36.673  1466  2347 I MediaProvider: End Intent { act=android.intent.action.MEDIA_SCANNER_SCAN_FILE dat=file:///sdcard/screen_2023-06-04_171040.png flg=0x1400010 cmp=com.android.providers.media.module/com.android.providers.media.MediaService }
06-04 17:10:36.664  1466  1466 W com.android.providers.media.module: type=1400 audit(0.0:44283): avc: denied { read } for comm=4173796E635461736B202331 name="primary" dev="tmpfs" ino=18207 scontext=u:r:mediaprovider_app:s0:c118,c256,c512,c768 tcontext=u:object_r:mnt_pass_through_file:s0 tclass=lnk_file permissive=0 app=com.android.providers.media.module
06-04 17:10:36.695  1466 24747 I MediaProvider: Deleted 1 items on external_primary due to com.android.shell
06-04 17:10:36.733 28555 28555 I ProvidersCache: Updating roots due to change on user 0at content://com.android.providers.media.documents/root
06-04 17:10:36.812 21610 21612 I cmd     : oneway function results will be dropped but finished with status OK and parcel size 4
06-04 17:10:36.922 28555 28555 I ProvidersCache: Updating roots due to change on user 0at content://com.android.providers.media.documents/root
06-04 17:10:36.969 21625 21627 I cmd     : oneway function results will be dropped but finished with status OK and parcel size 4
06-04 17:10:37.060 21642 21644 I cmd     : oneway function results will be dropped but finished with status OK and parcel size 4
06-04 17:10:37.171 21657 21659 I cmd     : oneway function results will be dropped but finished with status OK and parcel size 4
06-04 17:10:37.334 21669 21669 E libc    : Access denied finding property "persist.device_config.runtime_native_boot.profilebootclasspath"
06-04 17:10:37.334 21669 21669 E libc    : Access denied finding property "persist.device_config.runtime_native_boot.enable_apex_image"
06-04 17:10:37.334 21669 21669 I AndroidRuntime: Using default boot image
06-04 17:10:37.334 21669 21669 E libc    : Access denied finding property "persist.device_config.runtime_native_boot.disable_lock_profiling"
06-04 17:10:37.334 21669 21669 I AndroidRuntime: Leaving lock profiling enabled
06-04 17:10:37.334 21669 21669 E libc    : Access denied finding property "persist.device_config.runtime_native_boot.enable_generational_cc"
06-04 17:10:37.335 21669 21669 I app_process: Core platform API reporting enabled, enforcing=false
06-04 17:10:37.378 21669 21669 W app_process: Unexpected CPU variant for X86 using defaults: x86
06-04 17:10:37.379 21669 21669 I app_process: The ClassLoaderContext is a special shared library.
06-04 17:10:37.385 21669 21669 W app_process: JNI RegisterNativeMethods: attempt to register 0 native methods for android.media.AudioAttributes
06-04 17:10:37.437 28555 28555 I ProvidersCache: Updating roots due to change on user 0at content://com.android.providers.media.documents/root
06-04 17:10:37.609   530   747 I system_server: oneway function results will be dropped but finished with status OK and parcel size 4
06-04 17:10:37.610   530   747 I system_server: oneway function results will be dropped but finished with status OK and parcel size 4
06-04 17:10:37.619 12795 12795 I MutexFileProvider: Released file: /data/user/0/com.android.printspooler/files/print_job_f1837423-17d9-43c6-82c4-0dc9fb4970a5.pdf from thread: Thread[main,5,main]
06-04 17:10:37.619   530   747 I ActivityTaskManager: START u0 {act=android.intent.action.CREATE_DOCUMENT typ=application/pdf cmp=com.android.documentsui/.picker.PickActivity (has extras)} from uid 10075
06-04 17:10:37.631   530  1846 W ActivityTaskManager: Tried to set launchTime (0) < mLastActivityLaunchTime (178919825)
06-04 17:10:37.631   530  1846 W InputReader: Device virtio_input_multi_touch_9 is associated with display ADISPLAY_ID_NONE.
06-04 17:10:37.631   530  1846 W InputReader: Device virtio_input_multi_touch_7 is associated with display ADISPLAY_ID_NONE.
06-04 17:10:37.631   530  1846 W InputReader: Device virtio_input_multi_touch_10 is associated with display ADISPLAY_ID_NONE.
06-04 17:10:37.631   530  1846 W InputReader: Device virtio_input_multi_touch_4 is associated with display ADISPLAY_ID_NONE.
06-04 17:10:37.631   530  1846 W InputReader: Device virtio_input_multi_touch_11 is associated with display ADISPLAY_ID_NONE.
06-04 17:10:37.631   530  1846 W InputReader: Device virtio_input_multi_touch_5 is associated with display ADISPLAY_ID_NONE.
06-04 17:10:37.631   530  1846 W InputReader: Device virtio_input_multi_touch_6 is associated with display ADISPLAY_ID_NONE.
06-04 17:10:37.631   530  1846 W InputReader: Device virtio_input_multi_touch_2 is associated with display ADISPLAY_ID_NONE.
06-04 17:10:37.631   530  1846 W InputReader: Device virtio_input_multi_touch_3 is associated with display ADISPLAY_ID_NONE.
06-04 17:10:37.631   530  1846 W InputReader: Device virtio_input_multi_touch_8 is associated with display ADISPLAY_ID_NONE.
06-04 17:10:37.631   530  1846 W InputReader: Device virtio_input_multi_touch_9 is associated with display ADISPLAY_ID_NONE.
06-04 17:10:37.631   530  1846 W InputReader: Device virtio_input_multi_touch_7 is associated with display ADISPLAY_ID_NONE.
06-04 17:10:37.631   530  1846 W InputReader: Device virtio_input_multi_touch_10 is associated with display ADISPLAY_ID_NONE.
06-04 17:10:37.631   530  1846 W InputReader: Device virtio_input_multi_touch_4 is associated with display ADISPLAY_ID_NONE.
06-04 17:10:37.631   530  1846 W InputReader: Device virtio_input_multi_touch_11 is associated with display ADISPLAY_ID_NONE.
06-04 17:10:37.631   530  1846 W InputReader: Device virtio_input_multi_touch_5 is associated with display ADISPLAY_ID_NONE.
06-04 17:10:37.631   530  1846 W InputReader: Device virtio_input_multi_touch_6 is associated with display ADISPLAY_ID_NONE.
06-04 17:10:37.631   530  1846 W InputReader: Device virtio_input_multi_touch_2 is associated with display ADISPLAY_ID_NONE.
06-04 17:10:37.631   530  1846 W InputReader: Device virtio_input_multi_touch_3 is associated with display ADISPLAY_ID_NONE.
06-04 17:10:37.631   530  1846 W InputReader: Device virtio_input_multi_touch_8 is associated with display ADISPLAY_ID_NONE.
06-04 17:10:37.656 28555 28555 E oid.documentsu: No package ID ff found for ID 0xffffffff.
06-04 17:10:37.662 28555 28555 W SelectionTracker: Setting gestureTooltypes is likely to result in unexpected behavior.
06-04 17:10:37.662 28555 28555 E oid.documentsu: No package ID ff found for ID 0xffffffff.
06-04 17:10:37.689 28555 28555 E oid.documentsu: No package ID ff found for ID 0xffffffff.
06-04 17:10:37.690 28555 28555 I Model   : Updating model with new result set.
06-04 17:10:37.715 28555 28555 E oid.documentsu: No package ID ff found for ID 0xffffffff.
06-04 17:10:37.717   530   575 I ActivityTaskManager: Displayed com.android.documentsui/.picker.PickActivity: +96ms
06-04 17:10:37.718 28555 28555 E oid.documentsu: No package ID ff found for ID 0xffffffff.
06-04 17:10:37.743   530  1846 I system_server: oneway function results will be dropped but finished with status OK and parcel size 4
06-04 17:10:38.156   530   859 I WifiService: releaseMulticastLock uid=10057
06-04 17:10:38.156   530   859 I WifiService: releaseMulticastLock uid=10057
06-04 17:10:38.157   301   370 W netd    : dnssd_clientstub DNSServiceProcessResult called with NULL DNSServiceRef
06-04 17:10:38.157   301   370 W netd    : dnssd_clientstub DNSServiceProcessResult called with NULL DNSServiceRef
06-04 17:10:38.158   530   697 I WifiService: releaseMulticastLock uid=10080
06-04 17:10:38.159   301   370 W netd    : dnssd_clientstub DNSServiceProcessResult called with NULL DNSServiceRef
06-04 17:10:38.159   301   370 I chatty  : uid=0(root) MDnsSdMonitor identical 2 lines
06-04 17:10:38.160   301   370 W netd    : dnssd_clientstub DNSServiceProcessResult called with NULL DNSServiceRef
06-04 17:10:39.188 28555 28555 I ProvidersCache: Updating roots due to change on user 0at content://com.android.providers.media.documents/root
06-04 17:10:39.191   179   179 I hwservicemanager: getTransport: Cannot find entry android.hardware.graphics.mapper@4.0::IMapper/default in either framework or device manifest.
06-04 17:10:39.191 21715 21715 I Gralloc4: mapper 4.x is not supported
06-04 17:10:39.210 28555 28555 E oid.documentsu: No package ID ff found for ID 0xffffffff.
06-04 17:10:39.350 21722 21724 I cmd     : oneway function results will be dropped but finished with status OK and parcel size 4
06-04 17:10:39.352  1466  2347 I MediaProvider: Begin Intent { act=android.intent.action.MEDIA_SCANNER_SCAN_FILE dat=file:///sdcard/screen_2023-06-04_171042.png flg=0x1400010 cmp=com.android.providers.media.module/com.android.providers.media.MediaService }
06-04 17:10:39.348  1466  1466 W com.android.providers.media.module: type=1400 audit(0.0:44290): avc: denied { read } for comm=4173796E635461736B202331 name="primary" dev="tmpfs" ino=18207 scontext=u:r:mediaprovider_app:s0:c118,c256,c512,c768 tcontext=u:object_r:mnt_pass_through_file:s0 tclass=lnk_file permissive=0 app=com.android.providers.media.module
06-04 17:10:39.381     0     0 W audit   : audit_lost=20068 audit_rate_limit=5 audit_backlog_limit=64
06-04 17:10:39.382     0     0 E audit   : rate limit exceeded
06-04 17:10:39.348  1466  1466 I chatty  : uid=10118(com.android.providers.media.module) identical 1 line
06-04 17:10:39.348  1466  1466 W com.android.providers.media.module: type=1400 audit(0.0:44292): avc: denied { read } for comm=4173796E635461736B202331 name="primary" dev="tmpfs" ino=18207 scontext=u:r:mediaprovider_app:s0:c118,c256,c512,c768 tcontext=u:object_r:mnt_pass_through_file:s0 tclass=lnk_file permissive=0 app=com.android.providers.media.module
06-04 17:10:39.355  1466  2347 W ModernMediaScanner: Failed to visit /sdcard/screen_2023-06-04_171042.png: java.nio.file.AccessDeniedException: /sdcard/screen_2023-06-04_171042.png
06-04 17:10:39.356  1466  2347 I MediaProvider: Scanned internal due to REASON_DEMAND, found 0 items in 3ms, 0 inserts 0 updates 0 deletes
06-04 17:10:39.356  1466  2347 I MediaProvider: End Intent { act=android.intent.action.MEDIA_SCANNER_SCAN_FILE dat=file:///sdcard/screen_2023-06-04_171042.png flg=0x1400010 cmp=com.android.providers.media.module/com.android.providers.media.MediaService }
06-04 17:10:39.348  1466  1466 W com.android.providers.media.module: type=1400 audit(0.0:44293): avc: denied { read } for comm=4173796E635461736B202331 name="primary" dev="tmpfs" ino=18207 scontext=u:r:mediaprovider_app:s0:c118,c256,c512,c768 tcontext=u:object_r:mnt_pass_through_file:s0 tclass=lnk_file permissive=0 app=com.android.providers.media.module
06-04 17:10:39.381  1466  1653 I MediaProvider: Deleted 1 items on external_primary due to com.android.shell
06-04 17:10:39.383 28555 28555 I ProvidersCache: Updating roots due to change on user 0at content://com.android.providers.media.documents/root
06-04 17:10:39.388 28555 28555 E oid.documentsu: No package ID ff found for ID 0xffffffff.
06-04 17:10:39.438 21734 21736 I cmd     : oneway function results will be dropped but finished with status OK and parcel size 4
06-04 17:10:39.657 28555 28555 I ProvidersCache: Updating roots due to change on user 0at content://com.android.providers.media.documents/root
06-04 17:10:39.659   179   179 I hwservicemanager: getTransport: Cannot find entry android.hardware.graphics.mapper@4.0::IMapper/default in either framework or device manifest.
06-04 17:10:39.659 21757 21757 I Gralloc4: mapper 4.x is not supported
06-04 17:10:39.662 28555 28555 E oid.documentsu: No package ID ff found for ID 0xffffffff.
06-04 17:10:39.822 21763 21765 I cmd     : oneway function results will be dropped but finished with status OK and parcel size 4
06-04 17:10:39.823  1466  2347 I MediaProvider: Begin Intent { act=android.intent.action.MEDIA_SCANNER_SCAN_FILE dat=file:///sdcard/screen_2023-06-04_171043.png flg=0x1400010 cmp=com.android.providers.media.module/com.android.providers.media.MediaService }
06-04 17:10:39.823  1466  2347 W ModernMediaScanner: Failed to visit /sdcard/screen_2023-06-04_171043.png: java.nio.file.AccessDeniedException: /sdcard/screen_2023-06-04_171043.png
06-04 17:10:39.824  1466  2347 I MediaProvider: Scanned internal due to REASON_DEMAND, found 0 items in 1ms, 0 inserts 0 updates 0 deletes
06-04 17:10:39.825  1466  2347 I MediaProvider: End Intent { act=android.intent.action.MEDIA_SCANNER_SCAN_FILE dat=file:///sdcard/screen_2023-06-04_171043.png flg=0x1400010 cmp=com.android.providers.media.module/com.android.providers.media.MediaService }
06-04 17:10:39.850  1466  1652 I MediaProvider: Deleted 1 items on external_primary due to com.android.shell
06-04 17:10:39.852 28555 28555 I ProvidersCache: Updating roots due to change on user 0at content://com.android.providers.media.documents/root
06-04 17:10:39.859 28555 28555 E oid.documentsu: No package ID ff found for ID 0xffffffff.
06-04 17:10:39.901 21775 21777 I cmd     : oneway function results will be dropped but finished with status OK and parcel size 4
06-04 17:10:40.063 28555 28555 I ProvidersCache: Updating roots due to change on user 0at content://com.android.providers.media.documents/root
06-04 17:10:40.081 28555 28555 E oid.documentsu: No package ID ff found for ID 0xffffffff.
06-04 17:10:40.230 28555 28555 I ProvidersCache: Updating roots due to change on user 0at content://com.android.providers.media.documents/root
06-04 17:10:40.245 28555 28555 E oid.documentsu: No package ID ff found for ID 0xffffffff.
06-04 17:10:40.673   530  1439 E TaskPersister: File error accessing recents directory (directory doesn't exist?).
06-04 17:10:40.710   530   697 I system_server: oneway function results will be dropped but finished with status OK and parcel size 4
06-04 17:10:42.916 28555 28555 I ProvidersCache: Updating roots due to change on user 0at content://com.android.providers.media.documents/root
06-04 17:10:42.949 28555 28555 E oid.documentsu: No package ID ff found for ID 0xffffffff.
06-04 17:10:43.336 28555 28555 I ProvidersCache: Updating roots due to change on user 0at content://com.android.providers.media.documents/root
06-04 17:10:43.359 28555 28555 E oid.documentsu: No package ID ff found for ID 0xffffffff.
06-04 17:10:44.364  1885 21808 I GmscoreIpa: Starting mediastore instant index
06-04 17:10:45.046   509   509 E wifi_forwarder: qemu_pipe_open_ns:62: Could not connect to the 'pipe:qemud:wififorward' service: Invalid argument
06-04 17:10:45.047   509   509 E wifi_forwarder: RemoteConnection failed to initialize: RemoteConnection failed to open pipe
06-04 17:10:46.536 28555 28555 I ProvidersCache: Updating roots due to change on user 0at content://com.android.providers.media.documents/root
06-04 17:10:46.565 28555 28555 E oid.documentsu: No package ID ff found for ID 0xffffffff.
06-04 17:10:46.730 28555 28555 I ProvidersCache: Updating roots due to change on user 0at content://com.android.providers.media.documents/root
06-04 17:10:46.734 28555 28555 E oid.documentsu: No package ID ff found for ID 0xffffffff.
06-04 17:10:49.265 28555 28555 I Model   : Updating model with new result set.
06-04 17:10:50.419   223   226 E android.system.suspend@1.0-service: Error opening kernel wakelock stats for: wakeup34: Permission denied
06-04 17:10:50.412   223   223 W Binder:223_2: type=1400 audit(0.0:44302): avc: denied { read } for name="wakeup34" dev="sysfs" ino=19211 scontext=u:r:system_suspend:s0 tcontext=u:object_r:sysfs:s0 tclass=dir permissive=0
06-04 17:10:50.426   223   226 E android.system.suspend@1.0-service: Error opening kernel wakelock stats for: wakeup35: Permission denied
06-04 17:10:50.420   223   223 W Binder:223_2: type=1400 audit(0.0:44303): avc: denied { read } for name="wakeup35" dev="sysfs" ino=19274 scontext=u:r:system_suspend:s0 tcontext=u:object_r:sysfs:s0 tclass=dir permissive=0
06-04 17:10:52.282   179   179 I hwservicemanager: getTransport: Cannot find entry android.hardware.graphics.mapper@4.0::IMapper/default in either framework or device manifest.
06-04 17:10:52.282 21843 21843 I Gralloc4: mapper 4.x is not supported
06-04 17:10:52.298 28555 28555 I ProvidersCache: Updating roots due to change on user 0at content://com.android.providers.media.documents/root
06-04 17:10:52.328 28555 28555 E oid.documentsu: No package ID ff found for ID 0xffffffff.
06-04 17:10:52.450 21850 21852 I cmd     : oneway function results will be dropped but finished with status OK and parcel size 4
06-04 17:10:52.450  1466  2347 I MediaProvider: Begin Intent { act=android.intent.action.MEDIA_SCANNER_SCAN_FILE dat=file:///sdcard/screen_2023-06-04_171056.png flg=0x1400010 cmp=com.android.providers.media.module/com.android.providers.media.MediaService }
06-04 17:10:52.451  1466  2347 W ModernMediaScanner: Failed to visit /sdcard/screen_2023-06-04_171056.png: java.nio.file.AccessDeniedException: /sdcard/screen_2023-06-04_171056.png
06-04 17:10:52.452  1466  2347 I MediaProvider: Scanned internal due to REASON_DEMAND, found 0 items in 1ms, 0 inserts 0 updates 0 deletes
06-04 17:10:52.444  1466  1466 W com.android.providers.media.module: type=1400 audit(0.0:44304): avc: denied { read } for comm=4173796E635461736B202331 name="primary" dev="tmpfs" ino=18207 scontext=u:r:mediaprovider_app:s0:c118,c256,c512,c768 tcontext=u:object_r:mnt_pass_through_file:s0 tclass=lnk_file permissive=0 app=com.android.providers.media.module
06-04 17:10:52.452  1466  2347 I MediaProvider: End Intent { act=android.intent.action.MEDIA_SCANNER_SCAN_FILE dat=file:///sdcard/screen_2023-06-04_171056.png flg=0x1400010 cmp=com.android.providers.media.module/com.android.providers.media.MediaService }
06-04 17:10:52.444  1466  1466 W com.android.providers.media.module: type=1400 audit(0.0:44305): avc: denied { read } for comm=4173796E635461736B202331 name="primary" dev="tmpfs" ino=18207 scontext=u:r:mediaprovider_app:s0:c118,c256,c512,c768 tcontext=u:object_r:mnt_pass_through_file:s0 tclass=lnk_file permissive=0 app=com.android.providers.media.module
06-04 17:10:52.448  1466  1466 I chatty  : uid=10118(com.android.providers.media.module) identical 3 lines
06-04 17:10:52.448  1466  1466 W com.android.providers.media.module: type=1400 audit(0.0:44309): avc: denied { read } for comm=4173796E635461736B202331 name="primary" dev="tmpfs" ino=18207 scontext=u:r:mediaprovider_app:s0:c118,c256,c512,c768 tcontext=u:object_r:mnt_pass_through_file:s0 tclass=lnk_file permissive=0 app=com.android.providers.media.module
06-04 17:10:52.484  1466  1653 I MediaProvider: Deleted 1 items on external_primary due to com.android.shell
06-04 17:10:52.486 28555 28555 I ProvidersCache: Updating roots due to change on user 0at content://com.android.providers.media.documents/root
06-04 17:10:52.491 28555 28555 E oid.documentsu: No package ID ff found for ID 0xffffffff.
06-04 17:10:52.547 21862 21864 I cmd     : oneway function results will be dropped but finished with status OK and parcel size 4
06-04 17:10:52.643 21879 21881 I cmd     : oneway function results will be dropped but finished with status OK and parcel size 4
06-04 17:10:52.740 21895 21897 I cmd     : oneway function results will be dropped but finished with status OK and parcel size 4
06-04 17:10:52.949 21923 21923 E libc    : Access denied finding property "persist.device_config.runtime_native_boot.profilebootclasspath"
06-04 17:10:52.950 21923 21923 E libc    : Access denied finding property "persist.device_config.runtime_native_boot.enable_apex_image"
06-04 17:10:52.950 21923 21923 I AndroidRuntime: Using default boot image
06-04 17:10:52.944 21923 21923 W app_process: type=1400 audit(0.0:44310): avc: denied { read } for name="u:object_r:device_config_runtime_native_boot_prop:s0" dev="tmpfs" ino=8368 scontext=u:r:shell:s0 tcontext=u:object_r:device_config_runtime_native_boot_prop:s0 tclass=file permissive=0
06-04 17:10:52.951 21923 21923 E libc    : Access denied finding property "persist.device_config.runtime_native_boot.disable_lock_profiling"
06-04 17:10:52.951 21923 21923 I AndroidRuntime: Leaving lock profiling enabled
06-04 17:10:52.951 21923 21923 E libc    : Access denied finding property "persist.device_config.runtime_native_boot.enable_generational_cc"
06-04 17:10:52.944 21923 21923 W app_process: type=1400 audit(0.0:44311): avc: denied { read } for name="u:object_r:device_config_runtime_native_boot_prop:s0" dev="tmpfs" ino=8368 scontext=u:r:shell:s0 tcontext=u:object_r:device_config_runtime_native_boot_prop:s0 tclass=file permissive=0
06-04 17:10:52.952 21923 21923 I app_process: Core platform API reporting enabled, enforcing=false
06-04 17:10:52.978     0     0 W audit   : audit_lost=20075 audit_rate_limit=5 audit_backlog_limit=64
06-04 17:10:52.979     0     0 E audit   : rate limit exceeded
06-04 17:10:52.998 21923 21923 W app_process: Unexpected CPU variant for X86 using defaults: x86
06-04 17:10:52.998 21923 21923 I app_process: The ClassLoaderContext is a special shared library.
06-04 17:10:53.004 21923 21923 W app_process: JNI RegisterNativeMethods: attempt to register 0 native methods for android.media.AudioAttributes
06-04 17:10:53.225   530 17034 I system_server: oneway function results will be dropped but finished with status OK and parcel size 4
06-04 17:10:53.225   530 17034 I system_server: oneway function results will be dropped but finished with status OK and parcel size 4
06-04 17:10:53.254   530 12803 W InputReader: Device virtio_input_multi_touch_9 is associated with display ADISPLAY_ID_NONE.
06-04 17:10:53.254   530 12803 W InputReader: Device virtio_input_multi_touch_7 is associated with display ADISPLAY_ID_NONE.
06-04 17:10:53.254   530 12803 W InputReader: Device virtio_input_multi_touch_10 is associated with display ADISPLAY_ID_NONE.
06-04 17:10:53.254   530 12803 W InputReader: Device virtio_input_multi_touch_4 is associated with display ADISPLAY_ID_NONE.
06-04 17:10:53.254   530 12803 W InputReader: Device virtio_input_multi_touch_11 is associated with display ADISPLAY_ID_NONE.
06-04 17:10:53.254   530 12803 W InputReader: Device virtio_input_multi_touch_5 is associated with display ADISPLAY_ID_NONE.
06-04 17:10:53.254   530 12803 W InputReader: Device virtio_input_multi_touch_6 is associated with display ADISPLAY_ID_NONE.
06-04 17:10:53.254   530 12803 W InputReader: Device virtio_input_multi_touch_2 is associated with display ADISPLAY_ID_NONE.
06-04 17:10:53.254   530 12803 W InputReader: Device virtio_input_multi_touch_3 is associated with display ADISPLAY_ID_NONE.
06-04 17:10:53.254   530 12803 W InputReader: Device virtio_input_multi_touch_8 is associated with display ADISPLAY_ID_NONE.
06-04 17:10:53.254   530 12803 W InputReader: Device virtio_input_multi_touch_9 is associated with display ADISPLAY_ID_NONE.
06-04 17:10:53.254   530 12803 W InputReader: Device virtio_input_multi_touch_7 is associated with display ADISPLAY_ID_NONE.
06-04 17:10:53.254   530 12803 W InputReader: Device virtio_input_multi_touch_10 is associated with display ADISPLAY_ID_NONE.
06-04 17:10:53.254   530 12803 W InputReader: Device virtio_input_multi_touch_4 is associated with display ADISPLAY_ID_NONE.
06-04 17:10:53.254   530 12803 W InputReader: Device virtio_input_multi_touch_11 is associated with display ADISPLAY_ID_NONE.
06-04 17:10:53.254   530 12803 W InputReader: Device virtio_input_multi_touch_5 is associated with display ADISPLAY_ID_NONE.
06-04 17:10:53.254   530 12803 W InputReader: Device virtio_input_multi_touch_6 is associated with display ADISPLAY_ID_NONE.
06-04 17:10:53.254   530 12803 W InputReader: Device virtio_input_multi_touch_2 is associated with display ADISPLAY_ID_NONE.
06-04 17:10:53.254   530 12803 W InputReader: Device virtio_input_multi_touch_3 is associated with display ADISPLAY_ID_NONE.
06-04 17:10:53.254   530 12803 W InputReader: Device virtio_input_multi_touch_8 is associated with display ADISPLAY_ID_NONE.
06-04 17:10:53.255   530  3684 W OpenGLRenderer: Failed to choose config with EGL_SWAP_BEHAVIOR_PRESERVED, retrying without...
06-04 17:10:53.261   530   747 I WifiService: acquireMulticastLock uid=10057
06-04 17:10:53.261   530 12803 I WifiService: acquireMulticastLock uid=10057
06-04 17:10:53.275   530 12803 I WifiService: acquireMulticastLock uid=10080
06-04 17:10:53.283 12795 19894 I MutexFileProvider: Acquired file: /data/user/0/com.android.printspooler/files/print_job_f1837423-17d9-43c6-82c4-0dc9fb4970a5.pdf by thread: Thread[AsyncTask #9,5,main]
06-04 17:10:53.295 12795 19894 I MutexFileProvider: Released file: /data/user/0/com.android.printspooler/files/print_job_f1837423-17d9-43c6-82c4-0dc9fb4970a5.pdf from thread: Thread[AsyncTask #9,5,main]
06-04 17:10:53.295 12795 19894 I MutexFileProvider: Acquired file: /data/user/0/com.android.printspooler/files/print_job_f1837423-17d9-43c6-82c4-0dc9fb4970a5.pdf by thread: Thread[AsyncTask #9,5,main]
06-04 17:10:53.295 12795 19894 I MutexFileProvider: Released file: /data/user/0/com.android.printspooler/files/print_job_f1837423-17d9-43c6-82c4-0dc9fb4970a5.pdf from thread: Thread[AsyncTask #9,5,main]
06-04 17:10:53.296 12795 12795 I MutexFileProvider: Acquired file: /data/user/0/com.android.printspooler/files/print_job_f1837423-17d9-43c6-82c4-0dc9fb4970a5.pdf by thread: Thread[main,5,main]
06-04 17:10:53.299  1317  2183 W GCoreFlp: No location to return for getLastLocation()
06-04 17:10:53.310 12795 12795 I MutexFileProvider: Released file: /data/user/0/com.android.printspooler/files/print_job_f1837423-17d9-43c6-82c4-0dc9fb4970a5.pdf from thread: Thread[main,5,main]
06-04 17:10:53.313  1317  2183 W GCoreFlp: No location to return for getLastLocation()
06-04 17:10:53.313 12795 12795 E RecyclerView: No adapter attached; skipping layout
06-04 17:10:53.316   530   747 I ActivityManager: Killing 21473:com.android.printspooler:renderer:com.android.printspooler.renderer.PdfManipulationService/u0a75i19 (adj 0): isolated not needed
06-04 17:10:53.320   530 17034 W InputReader: Device virtio_input_multi_touch_9 is associated with display ADISPLAY_ID_NONE.
06-04 17:10:53.320   530 17034 W InputReader: Device virtio_input_multi_touch_7 is associated with display ADISPLAY_ID_NONE.
06-04 17:10:53.320   530 17034 W InputReader: Device virtio_input_multi_touch_10 is associated with display ADISPLAY_ID_NONE.
06-04 17:10:53.320   530 17034 W InputReader: Device virtio_input_multi_touch_4 is associated with display ADISPLAY_ID_NONE.
06-04 17:10:53.320   530 17034 W InputReader: Device virtio_input_multi_touch_11 is associated with display ADISPLAY_ID_NONE.
06-04 17:10:53.320   530 17034 W InputReader: Device virtio_input_multi_touch_5 is associated with display ADISPLAY_ID_NONE.
06-04 17:10:53.320   530 17034 W InputReader: Device virtio_input_multi_touch_6 is associated with display ADISPLAY_ID_NONE.
06-04 17:10:53.320   530 17034 W InputReader: Device virtio_input_multi_touch_2 is associated with display ADISPLAY_ID_NONE.
06-04 17:10:53.320   530 17034 W InputReader: Device virtio_input_multi_touch_3 is associated with display ADISPLAY_ID_NONE.
06-04 17:10:53.320   530 17034 W InputReader: Device virtio_input_multi_touch_8 is associated with display ADISPLAY_ID_NONE.
06-04 17:10:53.321   530 17034 W InputReader: Device virtio_input_multi_touch_9 is associated with display ADISPLAY_ID_NONE.
06-04 17:10:53.321   530 17034 W InputReader: Device virtio_input_multi_touch_7 is associated with display ADISPLAY_ID_NONE.
06-04 17:10:53.321   530 17034 W InputReader: Device virtio_input_multi_touch_10 is associated with display ADISPLAY_ID_NONE.
06-04 17:10:53.321   530 17034 W InputReader: Device virtio_input_multi_touch_4 is associated with display ADISPLAY_ID_NONE.
06-04 17:10:53.321   530 17034 W InputReader: Device virtio_input_multi_touch_11 is associated with display ADISPLAY_ID_NONE.
06-04 17:10:53.321   530 17034 W InputReader: Device virtio_input_multi_touch_5 is associated with display ADISPLAY_ID_NONE.
06-04 17:10:53.321   530 17034 W InputReader: Device virtio_input_multi_touch_6 is associated with display ADISPLAY_ID_NONE.
06-04 17:10:53.321   530 17034 W InputReader: Device virtio_input_multi_touch_2 is associated with display ADISPLAY_ID_NONE.
06-04 17:10:53.321   530 17034 W InputReader: Device virtio_input_multi_touch_3 is associated with display ADISPLAY_ID_NONE.
06-04 17:10:53.321   530 17034 W InputReader: Device virtio_input_multi_touch_8 is associated with display ADISPLAY_ID_NONE.
06-04 17:10:53.322   223   226 E android.system.suspend@1.0-service: Error opening kernel wakelock stats for: wakeup34: Permission denied
06-04 17:10:53.326   223   226 E android.system.suspend@1.0-service: Error opening kernel wakelock stats for: wakeup35: Permission denied
06-04 17:10:53.336   302   302 I Zygote  : Process 21473 exited due to signal 9 (Killed)
06-04 17:10:53.344   530   582 W BatteryStatsImpl: Got active times for an isolated uid with no mapping: 99000
06-04 17:10:53.344   530   582 W BatteryStatsImpl: Got active times for an isolated uid with no mapping: 99001
06-04 17:10:53.344   530   582 W BatteryStatsImpl: Got active times for an isolated uid with no mapping: 99002
06-04 17:10:53.344   530   582 W BatteryStatsImpl: Got active times for an isolated uid with no mapping: 99003
06-04 17:10:53.344   530   582 W BatteryStatsImpl: Got active times for an isolated uid with no mapping: 99004
06-04 17:10:53.344   530   582 W BatteryStatsImpl: Got active times for an isolated uid with no mapping: 99005
06-04 17:10:53.344   530   582 W BatteryStatsImpl: Got active times for an isolated uid with no mapping: 99006
06-04 17:10:53.344   530   582 W BatteryStatsImpl: Got active times for an isolated uid with no mapping: 99007
06-04 17:10:53.344   530   582 W BatteryStatsImpl: Got active times for an isolated uid with no mapping: 99008
06-04 17:10:53.344   530   582 W BatteryStatsImpl: Got active times for an isolated uid with no mapping: 99009
06-04 17:10:53.344   530   582 W BatteryStatsImpl: Got active times for an isolated uid with no mapping: 99010
06-04 17:10:53.344   530   582 W BatteryStatsImpl: Got active times for an isolated uid with no mapping: 99011
06-04 17:10:53.344   530   582 W BatteryStatsImpl: Got active times for an isolated uid with no mapping: 99012
06-04 17:10:53.344   530   582 W BatteryStatsImpl: Got active times for an isolated uid with no mapping: 99013
06-04 17:10:53.344   530   582 W BatteryStatsImpl: Got active times for an isolated uid with no mapping: 99014
06-04 17:10:53.344   530   582 W BatteryStatsImpl: Got active times for an isolated uid with no mapping: 99015
06-04 17:10:53.344   530   582 W BatteryStatsImpl: Got active times for an isolated uid with no mapping: 99016
06-04 17:10:53.344   530   582 W BatteryStatsImpl: Got cluster times for an isolated uid with no mapping: 99000
06-04 17:10:53.344   530   582 W BatteryStatsImpl: Got cluster times for an isolated uid with no mapping: 99001
06-04 17:10:53.344   530   582 W BatteryStatsImpl: Got cluster times for an isolated uid with no mapping: 99002
06-04 17:10:53.344   530   582 W BatteryStatsImpl: Got cluster times for an isolated uid with no mapping: 99003
06-04 17:10:53.344   530   582 W BatteryStatsImpl: Got cluster times for an isolated uid with no mapping: 99004
06-04 17:10:53.344   530   582 W BatteryStatsImpl: Got cluster times for an isolated uid with no mapping: 99005
06-04 17:10:53.344   530   582 W BatteryStatsImpl: Got cluster times for an isolated uid with no mapping: 99006
06-04 17:10:53.344   530   582 W BatteryStatsImpl: Got cluster times for an isolated uid with no mapping: 99007
06-04 17:10:53.344   530   582 W BatteryStatsImpl: Got cluster times for an isolated uid with no mapping: 99008
06-04 17:10:53.344   530   582 W BatteryStatsImpl: Got cluster times for an isolated uid with no mapping: 99009
06-04 17:10:53.344   530   582 W BatteryStatsImpl: Got cluster times for an isolated uid with no mapping: 99010
06-04 17:10:53.344   530   582 W BatteryStatsImpl: Got cluster times for an isolated uid with no mapping: 99011
06-04 17:10:53.344   530   582 W BatteryStatsImpl: Got cluster times for an isolated uid with no mapping: 99012
06-04 17:10:53.344   530   582 W BatteryStatsImpl: Got cluster times for an isolated uid with no mapping: 99013
06-04 17:10:53.344   530   582 W BatteryStatsImpl: Got cluster times for an isolated uid with no mapping: 99014
06-04 17:10:53.344   530   582 W BatteryStatsImpl: Got cluster times for an isolated uid with no mapping: 99015
06-04 17:10:53.344   530   582 W BatteryStatsImpl: Got cluster times for an isolated uid with no mapping: 99016
06-04 17:10:53.347   223   226 E android.system.suspend@1.0-service: Error opening kernel wakelock stats for: wakeup34: Permission denied
06-04 17:10:53.351   223   226 E android.system.suspend@1.0-service: Error opening kernel wakelock stats for: wakeup35: Permission denied
06-04 17:10:53.357   777   794 I ndroid.systemu: NativeAlloc concurrent copying GC freed 7816(481KB) AllocSpace objects, 0(0B) LOS objects, 49% free, 7661KB/14MB, paused 46us total 100.363ms
06-04 17:10:53.359   530   578 I libprocessgroup: Successfully killed process cgroup uid 99019 pid 21473 in 41ms
06-04 17:10:53.359   530 17034 I system_server: oneway function results will be dropped but finished with status OK and parcel size 4
06-04 17:10:53.366  1466  1499 W MediaProvider: Ignoring mutation of  _data from com.android.providers.downloads
06-04 17:10:53.369  1466  1499 W MediaProvider: Ignoring mutation of volume_name from com.android.providers.downloads
06-04 17:10:53.369  1466  1499 W MediaProvider: Ignoring mutation of date_expires from com.android.providers.downloads
06-04 17:10:53.369  1466  1499 W MediaProvider: Ignoring mutation of _size from com.android.providers.downloads
06-04 17:10:53.374 28555 28555 I Model   : Updating model with new result set.
06-04 17:10:53.379  1466  2347 I MediaProvider: Begin Intent { act=android.intent.action.MEDIA_SCANNER_SCAN_FILE dat=file:///storage/emulated/0/Download/Simple Calendar (4).pdf flg=0x1000010 cmp=com.android.providers.media.module/com.android.providers.media.MediaService }
06-04 17:10:53.381  1466  2347 I MediaProvider: End Intent { act=android.intent.action.MEDIA_SCANNER_SCAN_FILE dat=file:///storage/emulated/0/Download/Simple Calendar (4).pdf flg=0x1000010 cmp=com.android.providers.media.module/com.android.providers.media.MediaService }
