06-04 17:10:53.385   530   541 W JavaBinder: BinderProxy is being destroyed but the application did not call unlinkToDeath to unlink all of its death recipients beforehand.  Releasing leaked death recipient: com.android.server.AlarmManagerService$2
06-04 17:10:53.385   530   541 I BpBinder: onLastStrongRef automatically unlinking death recipients: <uncached descriptor>
06-04 17:10:53.385   530   541 W JavaBinder: BinderProxy is being destroyed but the application did not call unlinkToDeath to unlink all of its death recipients beforehand.  Releasing leaked death recipient: com.android.server.AlarmManagerService$2
06-04 17:10:53.385   530   541 I BpBinder: onLastStrongRef automatically unlinking death recipients: <uncached descriptor>
06-04 17:10:53.723   530   859 I WifiService: releaseMulticastLock uid=10057
06-04 17:10:53.724   301   370 W netd    : dnssd_clientstub DNSServiceProcessResult called with NULL DNSServiceRef
06-04 17:10:53.724   530   853 I WifiService: releaseMulticastLock uid=10057
06-04 17:10:53.724   301   370 W netd    : dnssd_clientstub DNSServiceProcessResult called with NULL DNSServiceRef
06-04 17:10:53.728   530 17034 I WifiService: releaseMulticastLock uid=10080
06-04 17:10:53.729   301   370 W netd    : dnssd_clientstub DNSServiceProcessResult called with NULL DNSServiceRef
06-04 17:10:53.748   530   859 I ActivityManager: Killing 21441:com.android.bips:com.android.bips.render.PdfRenderService/u0a57i18 (adj 0): isolated not needed
06-04 17:10:53.782     0     0 I binder  : undelivered transaction 9367172, process died.
06-04 17:10:53.729   301   370 I chatty  : uid=0(root) MDnsSdMonitor identical 2 lines
06-04 17:10:53.730   301   370 W netd    : dnssd_clientstub DNSServiceProcessResult called with NULL DNSServiceRef
06-04 17:10:53.755   302   302 I Zygote  : Process 21441 exited due to signal 9 (Killed)
06-04 17:10:53.756   223   226 E android.system.suspend@1.0-service: Error opening kernel wakelock stats for: wakeup34: Permission denied
06-04 17:10:53.752   223   223 W Binder:223_2: type=1400 audit(0.0:44318): avc: denied { read } for name="wakeup34" dev="sysfs" ino=19211 scontext=u:r:system_suspend:s0 tcontext=u:object_r:sysfs:s0 tclass=dir permissive=0
06-04 17:10:53.759   223   226 E android.system.suspend@1.0-service: Error opening kernel wakelock stats for: wakeup35: Permission denied
06-04 17:10:53.756   223   223 W Binder:223_2: type=1400 audit(0.0:44319): avc: denied { read } for name="wakeup35" dev="sysfs" ino=19274 scontext=u:r:system_suspend:s0 tcontext=u:object_r:sysfs:s0 tclass=dir permissive=0
06-04 17:10:53.794   530   578 I libprocessgroup: Successfully killed process cgroup uid 99018 pid 21441 in 45ms
06-04 17:10:54.888   179   179 I hwservicemanager: getTransport: Cannot find entry android.hardware.graphics.mapper@4.0::IMapper/default in either framework or device manifest.
06-04 17:10:54.888 21984 21984 I Gralloc4: mapper 4.x is not supported
06-04 17:10:55.048 21988 21990 I cmd     : oneway function results will be dropped but finished with status OK and parcel size 4
06-04 17:10:55.049  1466  2347 I MediaProvider: Begin Intent { act=android.intent.action.MEDIA_SCANNER_SCAN_FILE dat=file:///sdcard/screen_2023-06-04_171058.png flg=0x1400010 cmp=com.android.providers.media.module/com.android.providers.media.MediaService }
06-04 17:10:55.050  1466  2347 W ModernMediaScanner: Failed to visit /sdcard/screen_2023-06-04_171058.png: java.nio.file.AccessDeniedException: /sdcard/screen_2023-06-04_171058.png
06-04 17:10:55.044  1466  1466 W com.android.providers.media.module: type=1400 audit(0.0:44320): avc: denied { read } for comm=4173796E635461736B202331 name="primary" dev="tmpfs" ino=18207 scontext=u:r:mediaprovider_app:s0:c118,c256,c512,c768 tcontext=u:object_r:mnt_pass_through_file:s0 tclass=lnk_file permissive=0 app=com.android.providers.media.module
06-04 17:10:55.051  1466  2347 I MediaProvider: Scanned internal due to REASON_DEMAND, found 0 items in 2ms, 0 inserts 0 updates 0 deletes
06-04 17:10:55.052  1466  2347 I MediaProvider: End Intent { act=android.intent.action.MEDIA_SCANNER_SCAN_FILE dat=file:///sdcard/screen_2023-06-04_171058.png flg=0x1400010 cmp=com.android.providers.media.module/com.android.providers.media.MediaService }
06-04 17:10:55.044  1466  1466 W com.android.providers.media.module: type=1400 audit(0.0:44321): avc: denied { read } for comm=4173796E635461736B202331 name="primary" dev="tmpfs" ino=18207 scontext=u:r:mediaprovider_app:s0:c118,c256,c512,c768 tcontext=u:object_r:mnt_pass_through_file:s0 tclass=lnk_file permissive=0 app=com.android.providers.media.module
06-04 17:10:55.091  1466  1653 I MediaProvider: Deleted 1 items on external_primary due to com.android.shell
06-04 17:10:55.437   179   179 I hwservicemanager: getTransport: Cannot find entry android.hardware.graphics.mapper@4.0::IMapper/default in either framework or device manifest.
06-04 17:10:55.437 22021 22021 I Gralloc4: mapper 4.x is not supported
06-04 17:10:55.595 22025 22027 I cmd     : oneway function results will be dropped but finished with status OK and parcel size 4
06-04 17:10:55.596  1466  2347 I MediaProvider: Begin Intent { act=android.intent.action.MEDIA_SCANNER_SCAN_FILE dat=file:///sdcard/screen_2023-06-04_171059.png flg=0x1400010 cmp=com.android.providers.media.module/com.android.providers.media.MediaService }
06-04 17:10:55.592  1466  1466 W com.android.providers.media.module: type=1400 audit(0.0:44326): avc: denied { read } for comm=4173796E635461736B202331 name="primary" dev="tmpfs" ino=18207 scontext=u:r:mediaprovider_app:s0:c118,c256,c512,c768 tcontext=u:object_r:mnt_pass_through_file:s0 tclass=lnk_file permissive=0 app=com.android.providers.media.module
06-04 17:10:55.625     0     0 W audit   : audit_lost=20081 audit_rate_limit=5 audit_backlog_limit=64
06-04 17:10:55.626     0     0 E audit   : rate limit exceeded
06-04 17:10:55.592  1466  1466 W com.android.providers.media.module: type=1400 audit(0.0:44327): avc: denied { read } for comm=4173796E635461736B202331 name="primary" dev="tmpfs" ino=18207 scontext=u:r:mediaprovider_app:s0:c118,c256,c512,c768 tcontext=u:object_r:mnt_pass_through_file:s0 tclass=lnk_file permissive=0 app=com.android.providers.media.module
06-04 17:10:55.600  1466  2347 W ModernMediaScanner: Failed to visit /sdcard/screen_2023-06-04_171059.png: java.nio.file.AccessDeniedException: /sdcard/screen_2023-06-04_171059.png
06-04 17:10:55.601  1466  2347 I MediaProvider: Scanned internal due to REASON_DEMAND, found 0 items in 1ms, 0 inserts 0 updates 0 deletes
06-04 17:10:55.602  1466  2347 I MediaProvider: End Intent { act=android.intent.action.MEDIA_SCANNER_SCAN_FILE dat=file:///sdcard/screen_2023-06-04_171059.png flg=0x1400010 cmp=com.android.providers.media.module/com.android.providers.media.MediaService }
06-04 17:10:55.621  1466 24747 I MediaProvider: Deleted 1 items on external_primary due to com.android.shell
06-04 17:10:55.712 22036 22038 I cmd     : oneway function results will be dropped but finished with status OK and parcel size 4
06-04 17:10:56.327   530   859 I system_server: oneway function results will be dropped but finished with status OK and parcel size 4
06-04 17:10:57.319   530  1439 E TaskPersister: File error accessing recents directory (directory doesn't exist?).
