--------- beginning of main
06-04 17:10:07.625   385   385 W adbd    : timeout expired while flushing socket, closing
06-04 17:10:08.860   530   697 I system_server: oneway function results will be dropped but finished with status OK and parcel size 4
--------- beginning of system
06-04 17:10:09.363   530  1439 E TaskPersister: File error accessing recents directory (directory doesn't exist?).
06-04 17:10:09.762 20678 20680 I cmd     : oneway function results will be dropped but finished with status OK and parcel size 4
06-04 17:10:09.840 20688 20690 I cmd     : oneway function results will be dropped but finished with status OK and parcel size 4
06-04 17:10:09.941 20699 20701 I cmd     : oneway function results will be dropped but finished with status OK and parcel size 4
--------- beginning of kernel
06-04 17:10:10.026 20709 20714 I cmd     : oneway function results will be dropped but finished with status OK and parcel size 4
06-04 17:10:10.047 20715 20718 I cmd     : oneway function results will be dropped but finished with status OK and parcel size 4
06-04 17:10:10.056   530  2659 W ActivityTaskManager: Current config: {1.0 310mcc260mnc [en_US] ldltr sw411dp w411dp h804dp 560dpi nrml long port finger qwerty/v/v dpad/v winConfig={ mBounds=Rect(0, 0 - 1440, 3120) mAppBounds=Rect(0, 136 - 1440, 2952) mWindowingMode=fullscreen mDisplayWindowingMode=fullscreen mActivityType=undefined mAlwaysOnTop=undefined mRotation=ROTATION_0} s.25} unchanged for IME proc io.github.ylimit.droidbotapp
06-04 17:10:10.118 20732 20734 I cmd     : oneway function results will be dropped but finished with status OK and parcel size 4
06-04 17:10:10.225 20742 20742 E libc    : Access denied finding property "persist.device_config.runtime_native_boot.profilebootclasspath"
06-04 17:10:10.225 20742 20742 E libc    : Access denied finding property "persist.device_config.runtime_native_boot.enable_apex_image"
06-04 17:10:10.225 20742 20742 I AndroidRuntime: Using default boot image
06-04 17:10:10.225 20742 20742 E libc    : Access denied finding property "persist.device_config.runtime_native_boot.disable_lock_profiling"
06-04 17:10:10.225 20742 20742 I AndroidRuntime: Leaving lock profiling enabled
06-04 17:10:10.225 20742 20742 E libc    : Access denied finding property "persist.device_config.runtime_native_boot.enable_generational_cc"
06-04 17:10:10.220 20742 20742 W app_process: type=1400 audit(0.0:44186): avc: denied { read } for name="u:object_r:device_config_runtime_native_boot_prop:s0" dev="tmpfs" ino=8368 scontext=u:r:shell:s0 tcontext=u:object_r:device_config_runtime_native_boot_prop:s0 tclass=file permissive=0
06-04 17:10:10.227 20742 20742 W app_process: Could not reserve sentinel fault page
06-04 17:10:10.227 20742 20742 I app_process: Core platform API reporting enabled, enforcing=false
06-04 17:10:10.220 20742 20742 W app_process: type=1400 audit(0.0:44187): avc: denied { read } for name="u:object_r:device_config_runtime_native_boot_prop:s0" dev="tmpfs" ino=8368 scontext=u:r:shell:s0 tcontext=u:object_r:device_config_runtime_native_boot_prop:s0 tclass=file permissive=0
06-04 17:10:10.278 20742 20742 W app_process: Unexpected CPU variant for X86 using defaults: x86
06-04 17:10:10.279 20742 20742 I app_process: The ClassLoaderContext is a special shared library.
06-04 17:10:10.285 20742 20742 W app_process: JNI RegisterNativeMethods: attempt to register 0 native methods for android.media.AudioAttributes
06-04 17:10:10.056   530  2659 I chatty  : uid=1000(system) Binder:530_10 identical 1 line
06-04 17:10:10.056   530  2659 W ActivityTaskManager: Current config: {1.0 310mcc260mnc [en_US] ldltr sw411dp w411dp h804dp 560dpi nrml long port finger qwerty/v/v dpad/v winConfig={ mBounds=Rect(0, 0 - 1440, 3120) mAppBounds=Rect(0, 136 - 1440, 2952) mWindowingMode=fullscreen mDisplayWindowingMode=fullscreen mActivityType=undefined mAlwaysOnTop=undefined mRotation=ROTATION_0} s.25} unchanged for IME proc io.github.ylimit.droidbotapp
06-04 17:10:10.299  4149 20757 W System.err: java.net.SocketException: Broken pipe
06-04 17:10:10.299  4149 20757 W System.err: 	at java.net.SocketOutputStream.socketWrite0(Native Method)
06-04 17:10:10.299  4149 20757 W System.err: 	at java.net.SocketOutputStream.socketWrite(SocketOutputStream.java:117)
06-04 17:10:10.299  4149 20757 W System.err: 	at java.net.SocketOutputStream.write(SocketOutputStream.java:149)
06-04 17:10:10.299  4149 20757 W System.err: 	at io.github.privacystreams.utils.PSDebugSocketServer$SocketSendThread.run(PSDebugSocketServer.java:119)
06-04 17:10:10.760 20763 20763 E libc    : Access denied finding property "persist.device_config.runtime_native_boot.profilebootclasspath"
06-04 17:10:10.756 20763 20763 W app_process: type=1400 audit(0.0:44190): avc: denied { read } for name="u:object_r:device_config_runtime_native_boot_prop:s0" dev="tmpfs" ino=8368 scontext=u:r:shell:s0 tcontext=u:object_r:device_config_runtime_native_boot_prop:s0 tclass=file permissive=0
06-04 17:10:10.762 20763 20763 E libc    : Access denied finding property "persist.device_config.runtime_native_boot.enable_apex_image"
06-04 17:10:10.762 20763 20763 I AndroidRuntime: Using default boot image
06-04 17:10:10.762 20763 20763 E libc    : Access denied finding property "persist.device_config.runtime_native_boot.disable_lock_profiling"
06-04 17:10:10.762 20763 20763 I AndroidRuntime: Leaving lock profiling enabled
06-04 17:10:10.762 20763 20763 E libc    : Access denied finding property "persist.device_config.runtime_native_boot.enable_generational_cc"
06-04 17:10:10.788     0     0 W audit   : audit_lost=20019 audit_rate_limit=5 audit_backlog_limit=64
06-04 17:10:10.789     0     0 E audit   : rate limit exceeded
06-04 17:10:10.763 20763 20763 I app_process: Core platform API reporting enabled, enforcing=false
06-04 17:10:10.798 20763 20763 W app_process: Unexpected CPU variant for X86 using defaults: x86
06-04 17:10:10.799 20763 20763 I app_process: The ClassLoaderContext is a special shared library.
06-04 17:10:10.804 20763 20763 W app_process: JNI RegisterNativeMethods: attempt to register 0 native methods for android.media.AudioAttributes
06-04 17:10:10.814   392   392 I perfetto: probes_producer.cc:329  Producer stop (id=244)
06-04 17:10:10.814   392   392 I perfetto: ftrace_procfs.cc:183    disabled ftrace
06-04 17:10:10.842     0     0 W perfetto: disabled ftrace
06-04 17:10:10.815   393   393 I perfetto: ng_service_impl.cc:1948 Tracing session 244 ended, total sessions:0
06-04 17:10:11.250 20786 20788 I cmd     : oneway function results will be dropped but finished with status OK and parcel size 4
06-04 17:10:11.275   178   178 I servicemanager: Since 'apexservice' could not be found, trying to start it as a lazy AIDL service
06-04 17:10:11.305     0     0 I init    : starting service 'apexd'...
06-04 17:10:11.308     0     0 I init    : Control message: Processed ctl.interface_start for 'aidl/apexservice' from pid: 178 (/system/bin/servicemanager)
06-04 17:10:11.322     0     0 I apexd   : Scanning /system/apex for preinstalled data
06-04 17:10:11.325     0     0 I apexd   : Scanning /system_ext/apex for preinstalled data
06-04 17:10:11.325     0     0 I apexd   : ... does not exist. Skipping
06-04 17:10:11.325     0     0 I apexd   : Scanning /product/apex for preinstalled data
06-04 17:10:11.325     0     0 I apexd   : ... does not exist. Skipping
06-04 17:10:11.326     0     0 I apexd   : Scanning /vendor/apex for preinstalled data
06-04 17:10:11.326     0     0 I apexd   : ... does not exist. Skipping
06-04 17:10:11.326     0     0 I apexd   : Populating APEX database from mounts...
06-04 17:10:11.327     0     0 I apexd   : Found "/apex/com.android.mediaprovider@300000000" backed by file /system/apex/com.android.mediaprovider.apex
06-04 17:10:11.327     0     0 I apexd   : Found "/apex/com.android.tethering@300000000" backed by file /system/apex/com.android.tethering.apex
06-04 17:10:11.328     0     0 I apexd   : Found "/apex/com.android.wifi@300000000" backed by file /system/apex/com.android.wifi.apex
06-04 17:10:11.328     0     0 I apexd   : Found "/apex/com.android.cellbroadcast@300000000" backed by file /system/apex/com.android.cellbroadcast.apex
06-04 17:10:11.329     0     0 I apexd   : Found "/apex/com.android.neuralnetworks@300000000" backed by file /system/apex/com.android.neuralnetworks.apex
06-04 17:10:11.329     0     0 I apexd   : Found "/apex/com.android.resolv@300000000" backed by file /system/apex/com.android.resolv.apex
06-04 17:10:11.330     0     0 I apexd   : Found "/apex/com.android.media.swcodec@300000000" backed by file /system/apex/com.android.media.swcodec.apex
06-04 17:10:11.330     0     0 I apexd   : Found "/apex/com.android.conscrypt@300000000" backed by file /system/apex/com.android.conscrypt.apex
06-04 17:10:11.331     0     0 I apexd   : Found "/apex/com.android.adbd@300000000" backed by file /system/apex/com.android.adbd.apex
06-04 17:10:11.331     0     0 I apexd   : Found "/apex/com.android.art@1" backed by file /system/apex/com.android.art.debug.apex
06-04 17:10:11.331     0     0 I apexd   : Found "/apex/com.android.permission@300000000" backed by file /system/apex/com.android.permission.apex
06-04 17:10:11.332     0     0 I apexd   : Found "/apex/com.android.runtime@1" backed by file /system/apex/com.android.runtime.apex
06-04 17:10:11.332     0     0 I apexd   : Found "/apex/com.android.sdkext@300000000" backed by file /system/apex/com.android.sdkext.apex
06-04 17:10:11.333     0     0 I apexd   : Found "/apex/com.android.tzdata@300000000" backed by file /system/apex/com.android.tzdata.apex
06-04 17:10:11.333     0     0 I apexd   : Found "/apex/com.android.media@300000000" backed by file /system/apex/com.android.media.apex
06-04 17:10:11.334     0     0 I apexd   : Found "/apex/com.android.extservices@300000000" backed by file /system/apex/com.android.extservices.apex
06-04 17:10:11.334     0     0 I apexd   : Found "/apex/com.android.vndk.v30@1" backed by file /system/apex/com.android.vndk.current.apex
06-04 17:10:11.334     0     0 I apexd   : Found "/apex/com.android.os.statsd@300000000" backed by file /system/apex/com.android.os.statsd.apex
06-04 17:10:11.335     0     0 I apexd   : Found "/apex/com.android.apex.cts.shim@1" backed by file /system/apex/com.android.apex.cts.shim.apex
06-04 17:10:11.309   178   178 I BpBinder: onLastStrongRef automatically unlinking death recipients: <uncached descriptor>
06-04 17:10:11.309   178   178 I servicemanager: Tried to unregister apexservice, but there is about to be a client.
06-04 17:10:11.335     0     0 I apexd   : Found "/apex/com.android.i18n@1" backed by file /system/apex/com.android.i18n.apex
06-04 17:10:11.336     0     0 I apexd   : Found "/apex/com.android.ipsec@300000000" backed by file /system/apex/com.android.ipsec.apex
06-04 17:10:11.336     0     0 I apexd   : 21 packages restored.
06-04 17:10:11.336     0     0 I AidlLazyServiceRegistrar: Registering service apexservice
06-04 17:10:11.337     0     0 I AidlLazyServiceRegistrar: Trying to shut down the service. No clients in use for any service in process.
06-04 17:10:11.337     0     0 I AidlLazyServiceRegistrar: Failed to unregister service apexservice
06-04 17:10:11.443   179   179 I hwservicemanager: getTransport: Cannot find entry android.hardware.graphics.mapper@4.0::IMapper/default in either framework or device manifest.
06-04 17:10:11.443 20808 20808 I Gralloc4: mapper 4.x is not supported
06-04 17:10:11.535   178   178 I servicemanager: Notifying apexservice they have clients: 1
06-04 17:10:11.563     0     0 I AidlLazyServiceRegistrar: Process has 1 (of 1 available) client(s) in use after notification android.apex.IApexService has clients: 1
06-04 17:10:12.535 20815 20817 I cmd     : oneway function results will be dropped but finished with status OK and parcel size 4
06-04 17:10:12.536  1466  2347 I MediaProvider: Begin Intent { act=android.intent.action.MEDIA_SCANNER_SCAN_FILE dat=file:///sdcard/screen_2023-06-04_171015.png flg=0x1400010 cmp=com.android.providers.media.module/com.android.providers.media.MediaService }
06-04 17:10:12.532  1466  1466 W com.android.providers.media.module: type=1400 audit(0.0:44194): avc: denied { read } for comm=4173796E635461736B202331 name="primary" dev="tmpfs" ino=18207 scontext=u:r:mediaprovider_app:s0:c118,c256,c512,c768 tcontext=u:object_r:mnt_pass_through_file:s0 tclass=lnk_file permissive=0 app=com.android.providers.media.module
06-04 17:10:12.565     0     0 W audit   : audit_lost=20022 audit_rate_limit=5 audit_backlog_limit=64
06-04 17:10:12.566     0     0 E audit   : rate limit exceeded
06-04 17:10:12.532  1466  1466 W com.android.providers.media.module: type=1400 audit(0.0:44195): avc: denied { read } for comm=4173796E635461736B202331 name="primary" dev="tmpfs" ino=18207 scontext=u:r:mediaprovider_app:s0:c118,c256,c512,c768 tcontext=u:object_r:mnt_pass_through_file:s0 tclass=lnk_file permissive=0 app=com.android.providers.media.module
06-04 17:10:12.540  1466  2347 W ModernMediaScanner: Failed to visit /sdcard/screen_2023-06-04_171015.png: java.nio.file.AccessDeniedException: /sdcard/screen_2023-06-04_171015.png
06-04 17:10:12.541  1466  2347 I MediaProvider: Scanned internal due to REASON_DEMAND, found 0 items in 5ms, 0 inserts 0 updates 0 deletes
06-04 17:10:12.532  1466  1466 W com.android.providers.media.module: type=1400 audit(0.0:44196): avc: denied { read } for comm=4173796E635461736B202331 name="primary" dev="tmpfs" ino=18207 scontext=u:r:mediaprovider_app:s0:c118,c256,c512,c768 tcontext=u:object_r:mnt_pass_through_file:s0 tclass=lnk_file permissive=0 app=com.android.providers.media.module
06-04 17:10:12.541  1466  2347 I MediaProvider: End Intent { act=android.intent.action.MEDIA_SCANNER_SCAN_FILE dat=file:///sdcard/screen_2023-06-04_171015.png flg=0x1400010 cmp=com.android.providers.media.module/com.android.providers.media.MediaService }
06-04 17:10:12.532  1466  1466 W com.android.providers.media.module: type=1400 audit(0.0:44197): avc: denied { read } for comm=4173796E635461736B202331 name="primary" dev="tmpfs" ino=18207 scontext=u:r:mediaprovider_app:s0:c118,c256,c512,c768 tcontext=u:object_r:mnt_pass_through_file:s0 tclass=lnk_file permissive=0 app=com.android.providers.media.module
06-04 17:10:12.562  1466 24747 I MediaProvider: Deleted 1 items on external_primary due to com.android.shell
06-04 17:10:12.612 20826 20828 I cmd     : oneway function results will be dropped but finished with status OK and parcel size 4
06-04 17:10:12.662   530  2659 I ActivityManager: Force stopping com.simplemobiletools.calendar.pro appid=10127 user=0: from pid 20838
06-04 17:10:12.663 20838 20840 I cmd     : oneway function results will be dropped but finished with status OK and parcel size 4
06-04 17:10:12.709 20841 20841 E libc    : Access denied finding property "persist.device_config.runtime_native_boot.profilebootclasspath"
06-04 17:10:12.709 20841 20841 E libc    : Access denied finding property "persist.device_config.runtime_native_boot.enable_apex_image"
06-04 17:10:12.709 20841 20841 I AndroidRuntime: Using default boot image
06-04 17:10:12.709 20841 20841 E libc    : Access denied finding property "persist.device_config.runtime_native_boot.disable_lock_profiling"
06-04 17:10:12.709 20841 20841 I AndroidRuntime: Leaving lock profiling enabled
06-04 17:10:12.709 20841 20841 E libc    : Access denied finding property "persist.device_config.runtime_native_boot.enable_generational_cc"
06-04 17:10:12.711 20841 20841 I app_process: Core platform API reporting enabled, enforcing=false
06-04 17:10:12.754 20841 20841 W app_process: Unexpected CPU variant for X86 using defaults: x86
06-04 17:10:12.754 20841 20841 I app_process: The ClassLoaderContext is a special shared library.
06-04 17:10:12.760 20841 20841 W app_process: JNI RegisterNativeMethods: attempt to register 0 native methods for android.media.AudioAttributes
06-04 17:10:12.766   530   568 I ActivityTaskManager: START u0 {act=android.intent.action.MAIN cat=[android.intent.category.HOME] flg=0x10000100 cmp=com.android.launcher3/.uioverrides.QuickstepLauncher (has extras)} from uid 0
06-04 17:10:12.767   393   393 I perfetto: ing_service_impl.cc:758 Configured tracing session 245, #sources:1, duration:5000 ms, #buffers:1, total buffer size:4096 KB, total sessions:1, uid:1071 session name: ""
06-04 17:10:12.767   392   392 I perfetto: probes_producer.cc:230  Ftrace setup (target_buf=245)
06-04 17:10:12.797   392   392 I perfetto: ftrace_procfs.cc:176    enabled ftrace
06-04 17:10:12.824     0     0 W perfetto: enabled ftrace
06-04 17:10:14.236  1885 20873 I GmscoreIpa: Starting mediastore instant index
06-04 17:10:14.304   179   179 I hwservicemanager: getTransport: Cannot find entry android.hardware.graphics.mapper@4.0::IMapper/default in either framework or device manifest.
06-04 17:10:14.304 20879 20879 I Gralloc4: mapper 4.x is not supported
06-04 17:10:14.674 20883 20885 I cmd     : oneway function results will be dropped but finished with status OK and parcel size 4
06-04 17:10:14.675  1466  2347 I MediaProvider: Begin Intent { act=android.intent.action.MEDIA_SCANNER_SCAN_FILE dat=file:///sdcard/screen_2023-06-04_171018.png flg=0x1400010 cmp=com.android.providers.media.module/com.android.providers.media.MediaService }
06-04 17:10:14.672  1466  1466 W com.android.providers.media.module: type=1400 audit(0.0:44204): avc: denied { read } for comm=4173796E635461736B202331 name="primary" dev="tmpfs" ino=18207 scontext=u:r:mediaprovider_app:s0:c118,c256,c512,c768 tcontext=u:object_r:mnt_pass_through_file:s0 tclass=lnk_file permissive=0 app=com.android.providers.media.module
06-04 17:10:14.678  1466  2347 W ModernMediaScanner: Failed to visit /sdcard/screen_2023-06-04_171018.png: java.nio.file.AccessDeniedException: /sdcard/screen_2023-06-04_171018.png
06-04 17:10:14.704     0     0 W audit   : audit_lost=20027 audit_rate_limit=5 audit_backlog_limit=64
06-04 17:10:14.705     0     0 E audit   : rate limit exceeded
06-04 17:10:14.679  1466  2347 I MediaProvider: Scanned internal due to REASON_DEMAND, found 0 items in 3ms, 0 inserts 0 updates 0 deletes
06-04 17:10:14.672  1466  1466 W com.android.providers.media.module: type=1400 audit(0.0:44206): avc: denied { read } for comm=4173796E635461736B202331 name="primary" dev="tmpfs" ino=18207 scontext=u:r:mediaprovider_app:s0:c118,c256,c512,c768 tcontext=u:object_r:mnt_pass_through_file:s0 tclass=lnk_file permissive=0 app=com.android.providers.media.module
06-04 17:10:14.680  1466  2347 I MediaProvider: End Intent { act=android.intent.action.MEDIA_SCANNER_SCAN_FILE dat=file:///sdcard/screen_2023-06-04_171018.png flg=0x1400010 cmp=com.android.providers.media.module/com.android.providers.media.MediaService }
06-04 17:10:14.672  1466  1466 W com.android.providers.media.module: type=1400 audit(0.0:44207): avc: denied { read } for comm=4173796E635461736B202331 name="primary" dev="tmpfs" ino=18207 scontext=u:r:mediaprovider_app:s0:c118,c256,c512,c768 tcontext=u:object_r:mnt_pass_through_file:s0 tclass=lnk_file permissive=0 app=com.android.providers.media.module
06-04 17:10:14.704  1466  4324 I MediaProvider: Deleted 1 items on external_primary due to com.android.shell
06-04 17:10:14.781 20894 20896 I cmd     : oneway function results will be dropped but finished with status OK and parcel size 4
06-04 17:10:15.049   179   179 I hwservicemanager: getTransport: Cannot find entry android.hardware.graphics.mapper@4.0::IMapper/default in either framework or device manifest.
06-04 17:10:15.049 20916 20916 I Gralloc4: mapper 4.x is not supported
06-04 17:10:15.419 20922 20924 I cmd     : oneway function results will be dropped but finished with status OK and parcel size 4
06-04 17:10:15.420  1466  2347 I MediaProvider: Begin Intent { act=android.intent.action.MEDIA_SCANNER_SCAN_FILE dat=file:///sdcard/screen_2023-06-04_171018.png flg=0x1400010 cmp=com.android.providers.media.module/com.android.providers.media.MediaService }
06-04 17:10:15.421  1466  2347 W ModernMediaScanner: Failed to visit /sdcard/screen_2023-06-04_171018.png: java.nio.file.AccessDeniedException: /sdcard/screen_2023-06-04_171018.png
06-04 17:10:15.422  1466  2347 I MediaProvider: Scanned internal due to REASON_DEMAND, found 0 items in 1ms, 0 inserts 0 updates 0 deletes
06-04 17:10:15.423  1466  2347 I MediaProvider: End Intent { act=android.intent.action.MEDIA_SCANNER_SCAN_FILE dat=file:///sdcard/screen_2023-06-04_171018.png flg=0x1400010 cmp=com.android.providers.media.module/com.android.providers.media.MediaService }
06-04 17:10:15.462  1466  1653 I MediaProvider: Deleted 1 items on external_primary due to com.android.shell
06-04 17:10:15.887   179   179 I hwservicemanager: getTransport: Cannot find entry android.hardware.graphics.mapper@4.0::IMapper/default in either framework or device manifest.
06-04 17:10:15.888 20955 20955 I Gralloc4: mapper 4.x is not supported
06-04 17:10:16.262 20961 20963 I cmd     : oneway function results will be dropped but finished with status OK and parcel size 4
06-04 17:10:16.263  1466  2347 I MediaProvider: Begin Intent { act=android.intent.action.MEDIA_SCANNER_SCAN_FILE dat=file:///sdcard/screen_2023-06-04_171019.png flg=0x1400010 cmp=com.android.providers.media.module/com.android.providers.media.MediaService }
06-04 17:10:16.260  1466  1466 W com.android.providers.media.module: type=1400 audit(0.0:44216): avc: denied { read } for comm=4173796E635461736B202331 name="primary" dev="tmpfs" ino=18207 scontext=u:r:mediaprovider_app:s0:c118,c256,c512,c768 tcontext=u:object_r:mnt_pass_through_file:s0 tclass=lnk_file permissive=0 app=com.android.providers.media.module
06-04 17:10:16.292     0     0 W audit   : audit_lost=20034 audit_rate_limit=5 audit_backlog_limit=64
06-04 17:10:16.293     0     0 E audit   : rate limit exceeded
06-04 17:10:16.260  1466  1466 W com.android.providers.media.module: type=1400 audit(0.0:44217): avc: denied { read } for comm=4173796E635461736B202331 name="primary" dev="tmpfs" ino=18207 scontext=u:r:mediaprovider_app:s0:c118,c256,c512,c768 tcontext=u:object_r:mnt_pass_through_file:s0 tclass=lnk_file permissive=0 app=com.android.providers.media.module
06-04 17:10:16.267  1466  2347 W ModernMediaScanner: Failed to visit /sdcard/screen_2023-06-04_171019.png: java.nio.file.AccessDeniedException: /sdcard/screen_2023-06-04_171019.png
06-04 17:10:16.268  1466  2347 I MediaProvider: Scanned internal due to REASON_DEMAND, found 0 items in 4ms, 0 inserts 0 updates 0 deletes
06-04 17:10:16.260  1466  1466 W com.android.providers.media.module: type=1400 audit(0.0:44218): avc: denied { read } for comm=4173796E635461736B202331 name="primary" dev="tmpfs" ino=18207 scontext=u:r:mediaprovider_app:s0:c118,c256,c512,c768 tcontext=u:object_r:mnt_pass_through_file:s0 tclass=lnk_file permissive=0 app=com.android.providers.media.module
06-04 17:10:16.268  1466  2347 I MediaProvider: End Intent { act=android.intent.action.MEDIA_SCANNER_SCAN_FILE dat=file:///sdcard/screen_2023-06-04_171019.png flg=0x1400010 cmp=com.android.providers.media.module/com.android.providers.media.MediaService }
06-04 17:10:16.260  1466  1466 W com.android.providers.media.module: type=1400 audit(0.0:44219): avc: denied { read } for comm=4173796E635461736B202331 name="primary" dev="tmpfs" ino=18207 scontext=u:r:mediaprovider_app:s0:c118,c256,c512,c768 tcontext=u:object_r:mnt_pass_through_file:s0 tclass=lnk_file permissive=0 app=com.android.providers.media.module
06-04 17:10:16.293  1466  4324 I MediaProvider: Deleted 1 items on external_primary due to com.android.shell
06-04 17:10:16.380 20972 20974 I cmd     : oneway function results will be dropped but finished with status OK and parcel size 4
06-04 17:10:16.450   530  2659 I ActivityTaskManager: START u0 {act=android.intent.action.MAIN cat=[android.intent.category.LAUNCHER] flg=0x10000000 cmp=com.simplemobiletools.calendar.pro/.activities.SplashActivity.Orange} from uid 2000
06-04 17:10:16.454   393   393 I perfetto: ing_service_impl.cc:758 Configured tracing session 246, #sources:1, duration:5000 ms, #buffers:1, total buffer size:4096 KB, total sessions:2, uid:1071 session name: ""
06-04 17:10:16.455   392   392 I perfetto: probes_producer.cc:230  Ftrace setup (target_buf=246)
06-04 17:10:16.498   530   577 I ActivityManager: Start proc 20993:com.simplemobiletools.calendar.pro/u0a127 for pre-top-activity {com.simplemobiletools.calendar.pro/com.simplemobiletools.calendar.pro.activities.SplashActivity.Orange}
06-04 17:10:16.501 20993 20993 W ls.calendar.pr: Unexpected CPU variant for X86 using defaults: x86
06-04 17:10:16.504   385   401 I adbd    : jdwp connection from 20993
06-04 17:10:16.508   530  1846 W InputReader: Device virtio_input_multi_touch_9 is associated with display ADISPLAY_ID_NONE.
06-04 17:10:16.508   530  1846 W InputReader: Device virtio_input_multi_touch_7 is associated with display ADISPLAY_ID_NONE.
06-04 17:10:16.508   530  1846 W InputReader: Device virtio_input_multi_touch_10 is associated with display ADISPLAY_ID_NONE.
06-04 17:10:16.508   530  1846 W InputReader: Device virtio_input_multi_touch_4 is associated with display ADISPLAY_ID_NONE.
06-04 17:10:16.508   530  1846 W InputReader: Device virtio_input_multi_touch_11 is associated with display ADISPLAY_ID_NONE.
06-04 17:10:16.508   530  1846 W InputReader: Device virtio_input_multi_touch_5 is associated with display ADISPLAY_ID_NONE.
06-04 17:10:16.508   530  1846 W InputReader: Device virtio_input_multi_touch_6 is associated with display ADISPLAY_ID_NONE.
06-04 17:10:16.508   530  1846 W InputReader: Device virtio_input_multi_touch_2 is associated with display ADISPLAY_ID_NONE.
06-04 17:10:16.508   530  1846 W InputReader: Device virtio_input_multi_touch_3 is associated with display ADISPLAY_ID_NONE.
06-04 17:10:16.508   530  1846 W InputReader: Device virtio_input_multi_touch_8 is associated with display ADISPLAY_ID_NONE.
06-04 17:10:16.508   530  1846 W InputReader: Device virtio_input_multi_touch_9 is associated with display ADISPLAY_ID_NONE.
06-04 17:10:16.508   530  1846 W InputReader: Device virtio_input_multi_touch_7 is associated with display ADISPLAY_ID_NONE.
06-04 17:10:16.508   530  1846 W InputReader: Device virtio_input_multi_touch_10 is associated with display ADISPLAY_ID_NONE.
06-04 17:10:16.508   530  1846 W InputReader: Device virtio_input_multi_touch_4 is associated with display ADISPLAY_ID_NONE.
06-04 17:10:16.508   530  1846 W InputReader: Device virtio_input_multi_touch_11 is associated with display ADISPLAY_ID_NONE.
06-04 17:10:16.508   530  1846 W InputReader: Device virtio_input_multi_touch_5 is associated with display ADISPLAY_ID_NONE.
06-04 17:10:16.508   530  1846 W InputReader: Device virtio_input_multi_touch_6 is associated with display ADISPLAY_ID_NONE.
06-04 17:10:16.508   530  1846 W InputReader: Device virtio_input_multi_touch_2 is associated with display ADISPLAY_ID_NONE.
06-04 17:10:16.508   530  1846 W InputReader: Device virtio_input_multi_touch_3 is associated with display ADISPLAY_ID_NONE.
06-04 17:10:16.508   530  1846 W InputReader: Device virtio_input_multi_touch_8 is associated with display ADISPLAY_ID_NONE.
06-04 17:10:16.518 20993 20993 I MultiDex: VM with version 2.1.0 has multidex support
06-04 17:10:16.518 20993 20993 I MultiDex: Installing application
06-04 17:10:16.518 20993 20993 I MultiDex: VM has multidex support, MultiDex support library is disabled.
06-04 17:10:16.529   530   697 I ActivityTaskManager: START u0 {cmp=com.simplemobiletools.calendar.pro/.activities.MainActivity} from uid 10127
06-04 17:10:16.534   530 16231 W ActivityTaskManager: Tried to set launchTime (0) < mLastActivityLaunchTime (179014300)
06-04 17:10:16.534   530 16231 W InputReader: Device virtio_input_multi_touch_9 is associated with display ADISPLAY_ID_NONE.
06-04 17:10:16.534   530 16231 W InputReader: Device virtio_input_multi_touch_7 is associated with display ADISPLAY_ID_NONE.
06-04 17:10:16.534   530 16231 W InputReader: Device virtio_input_multi_touch_10 is associated with display ADISPLAY_ID_NONE.
06-04 17:10:16.534   530 16231 W InputReader: Device virtio_input_multi_touch_4 is associated with display ADISPLAY_ID_NONE.
06-04 17:10:16.534   530 16231 W InputReader: Device virtio_input_multi_touch_11 is associated with display ADISPLAY_ID_NONE.
06-04 17:10:16.534   530 16231 W InputReader: Device virtio_input_multi_touch_5 is associated with display ADISPLAY_ID_NONE.
06-04 17:10:16.534   530 16231 W InputReader: Device virtio_input_multi_touch_6 is associated with display ADISPLAY_ID_NONE.
06-04 17:10:16.534   530 16231 W InputReader: Device virtio_input_multi_touch_2 is associated with display ADISPLAY_ID_NONE.
06-04 17:10:16.534   530 16231 W InputReader: Device virtio_input_multi_touch_3 is associated with display ADISPLAY_ID_NONE.
06-04 17:10:16.534   530 16231 W InputReader: Device virtio_input_multi_touch_8 is associated with display ADISPLAY_ID_NONE.
06-04 17:10:16.534   530 16231 W InputReader: Device virtio_input_multi_touch_9 is associated with display ADISPLAY_ID_NONE.
06-04 17:10:16.534   530 16231 W InputReader: Device virtio_input_multi_touch_7 is associated with display ADISPLAY_ID_NONE.
06-04 17:10:16.534   530 16231 W InputReader: Device virtio_input_multi_touch_10 is associated with display ADISPLAY_ID_NONE.
06-04 17:10:16.534   530 16231 W InputReader: Device virtio_input_multi_touch_4 is associated with display ADISPLAY_ID_NONE.
06-04 17:10:16.534   530 16231 W InputReader: Device virtio_input_multi_touch_11 is associated with display ADISPLAY_ID_NONE.
06-04 17:10:16.534   530 16231 W InputReader: Device virtio_input_multi_touch_5 is associated with display ADISPLAY_ID_NONE.
06-04 17:10:16.534   530 16231 W InputReader: Device virtio_input_multi_touch_6 is associated with display ADISPLAY_ID_NONE.
06-04 17:10:16.534   530 16231 W InputReader: Device virtio_input_multi_touch_2 is associated with display ADISPLAY_ID_NONE.
06-04 17:10:16.534   530 16231 W InputReader: Device virtio_input_multi_touch_3 is associated with display ADISPLAY_ID_NONE.
06-04 17:10:16.534   530 16231 W InputReader: Device virtio_input_multi_touch_8 is associated with display ADISPLAY_ID_NONE.
06-04 17:10:16.535   178   178 I servicemanager: Notifying apexservice they have clients: 0
06-04 17:10:16.536   178   178 I BpBinder: onLastStrongRef automatically unlinking death recipients: <uncached descriptor>
06-04 17:10:16.563     0     0 I AidlLazyServiceRegistrar: Process has 0 (of 1 available) client(s) in use after notification android.apex.IApexService has clients: 0
06-04 17:10:16.564     0     0 I AidlLazyServiceRegistrar: Trying to shut down the service. No clients in use for any service in process.
06-04 17:10:16.564     0     0 I AidlLazyServiceRegistrar: Unregistered all clients and exiting
06-04 17:10:16.566     0     0 I init    : Service 'apexd' (pid 20793) exited with status 0 oneshot service took 5.258000 seconds in background
06-04 17:10:16.566     0     0 I init    : Sending signal 9 to service 'apexd' (pid 20793) process group...
06-04 17:10:16.566     0     0 I libprocessgroup: Successfully killed process cgroup uid 0 pid 20793 in 0ms
06-04 17:10:16.671   179   179 I hwservicemanager: getTransport: Cannot find entry android.hardware.configstore@1.0::ISurfaceFlingerConfigs/default in either framework or device manifest.
06-04 17:10:16.672 20993 21018 W OpenGLRenderer: Failed to choose config with EGL_SWAP_BEHAVIOR_PRESERVED, retrying without...
06-04 17:10:16.686   179   179 I hwservicemanager: getTransport: Cannot find entry android.hardware.graphics.mapper@4.0::IMapper/default in either framework or device manifest.
06-04 17:10:16.686 20993 21018 I Gralloc4: mapper 4.x is not supported
06-04 17:10:16.734   530   575 I ActivityTaskManager: Displayed com.simplemobiletools.calendar.pro/.activities.MainActivity: +282ms
06-04 17:10:17.640   179   179 I hwservicemanager: getTransport: Cannot find entry android.hardware.graphics.mapper@4.0::IMapper/default in either framework or device manifest.
06-04 17:10:17.640 21054 21054 I Gralloc4: mapper 4.x is not supported
06-04 17:10:17.767   392   392 I perfetto: probes_producer.cc:329  Producer stop (id=245)
06-04 17:10:17.768   393   393 I perfetto: ng_service_impl.cc:1948 Tracing session 245 ended, total sessions:1
06-04 17:10:17.801 21058 21060 I cmd     : oneway function results will be dropped but finished with status OK and parcel size 4
06-04 17:10:17.801  1466  2347 I MediaProvider: Begin Intent { act=android.intent.action.MEDIA_SCANNER_SCAN_FILE dat=file:///sdcard/screen_2023-06-04_171021.png flg=0x1400010 cmp=com.android.providers.media.module/com.android.providers.media.MediaService }
06-04 17:10:17.796  1466  1466 W com.android.providers.media.module: type=1400 audit(0.0:44222): avc: denied { read } for comm=4173796E635461736B202331 name="primary" dev="tmpfs" ino=18207 scontext=u:r:mediaprovider_app:s0:c118,c256,c512,c768 tcontext=u:object_r:mnt_pass_through_file:s0 tclass=lnk_file permissive=0 app=com.android.providers.media.module
06-04 17:10:17.803  1466  2347 W ModernMediaScanner: Failed to visit /sdcard/screen_2023-06-04_171021.png: java.nio.file.AccessDeniedException: /sdcard/screen_2023-06-04_171021.png
06-04 17:10:17.804  1466  2347 I MediaProvider: Scanned internal due to REASON_DEMAND, found 0 items in 2ms, 0 inserts 0 updates 0 deletes
06-04 17:10:17.796  1466  1466 W com.android.providers.media.module: type=1400 audit(0.0:44223): avc: denied { read } for comm=4173796E635461736B202331 name="primary" dev="tmpfs" ino=18207 scontext=u:r:mediaprovider_app:s0:c118,c256,c512,c768 tcontext=u:object_r:mnt_pass_through_file:s0 tclass=lnk_file permissive=0 app=com.android.providers.media.module
06-04 17:10:17.805  1466  2347 I MediaProvider: End Intent { act=android.intent.action.MEDIA_SCANNER_SCAN_FILE dat=file:///sdcard/screen_2023-06-04_171021.png flg=0x1400010 cmp=com.android.providers.media.module/com.android.providers.media.MediaService }
06-04 17:10:17.831     0     0 W audit   : audit_lost=20035 audit_rate_limit=5 audit_backlog_limit=64
06-04 17:10:17.831     0     0 E audit   : rate limit exceeded
06-04 17:10:17.796  1466  1466 W com.android.providers.media.module: type=1400 audit(0.0:44224): avc: denied { read } for comm=4173796E635461736B202331 name="primary" dev="tmpfs" ino=18207 scontext=u:r:mediaprovider_app:s0:c118,c256,c512,c768 tcontext=u:object_r:mnt_pass_through_file:s0 tclass=lnk_file permissive=0 app=com.android.providers.media.module
06-04 17:10:17.829  1466  1653 I MediaProvider: Deleted 1 items on external_primary due to com.android.shell
06-04 17:10:17.907 21069 21071 I cmd     : oneway function results will be dropped but finished with status OK and parcel size 4
06-04 17:10:18.137   179   179 I hwservicemanager: getTransport: Cannot find entry android.hardware.graphics.mapper@4.0::IMapper/default in either framework or device manifest.
06-04 17:10:18.138 21091 21091 I Gralloc4: mapper 4.x is not supported
06-04 17:10:18.296 21095 21097 I cmd     : oneway function results will be dropped but finished with status OK and parcel size 4
06-04 17:10:18.296  1466  2347 I MediaProvider: Begin Intent { act=android.intent.action.MEDIA_SCANNER_SCAN_FILE dat=file:///sdcard/screen_2023-06-04_171021.png flg=0x1400010 cmp=com.android.providers.media.module/com.android.providers.media.MediaService }
06-04 17:10:18.297  1466  2347 W ModernMediaScanner: Failed to visit /sdcard/screen_2023-06-04_171021.png: java.nio.file.AccessDeniedException: /sdcard/screen_2023-06-04_171021.png
06-04 17:10:18.298  1466  2347 I MediaProvider: Scanned internal due to REASON_DEMAND, found 0 items in 1ms, 0 inserts 0 updates 0 deletes
06-04 17:10:18.299  1466  2347 I MediaProvider: End Intent { act=android.intent.action.MEDIA_SCANNER_SCAN_FILE dat=file:///sdcard/screen_2023-06-04_171021.png flg=0x1400010 cmp=com.android.providers.media.module/com.android.providers.media.MediaService }
06-04 17:10:18.325  1466  4324 I MediaProvider: Deleted 1 items on external_primary due to com.android.shell
06-04 17:10:18.385 21108 21110 I cmd     : oneway function results will be dropped but finished with status OK and parcel size 4
06-04 17:10:20.040   530  1439 E TaskPersister: File error accessing recents directory (directory doesn't exist?).
06-04 17:10:21.296   507   507 E netmgr  : qemu_pipe_open_ns:62: Could not connect to the 'pipe:qemud:network' service: Invalid argument
06-04 17:10:21.296   507   507 E netmgr  : Failed to open QEMU pipe 'qemud:network': Invalid argument
06-04 17:10:21.459   392   392 I perfetto: probes_producer.cc:329  Producer stop (id=246)
06-04 17:10:21.459   392   392 I perfetto: ftrace_procfs.cc:183    disabled ftrace
06-04 17:10:21.460   393   393 I perfetto: ng_service_impl.cc:1948 Tracing session 246 ended, total sessions:0
06-04 17:10:21.487     0     0 W perfetto: disabled ftrace
06-04 17:10:21.460   428 20988 I iorapd  : Perfetto TraceBuffer saved to file: /data/misc/iorapd/com.simplemobiletools.calendar.pro/235/com.simplemobiletools.calendar.pro.activities.SplashActivity.Orange/raw_traces/1685869821460381040.perfetto_trace.pb
06-04 17:10:21.480 28555 28555 I ProvidersCache: Updating roots due to change on user 0at content://com.android.providers.media.documents/root
06-04 17:10:22.591 28555 28555 I ProvidersCache: Updating roots due to change on user 0at content://com.android.providers.media.documents/root
06-04 17:10:24.049   179   179 I hwservicemanager: getTransport: Cannot find entry android.hardware.graphics.mapper@4.0::IMapper/default in either framework or device manifest.
06-04 17:10:24.049 21142 21142 I Gralloc4: mapper 4.x is not supported
06-04 17:10:24.221  1466  2347 I MediaProvider: Begin Intent { act=android.intent.action.MEDIA_SCANNER_SCAN_FILE dat=file:///sdcard/screen_2023-06-04_171027.png flg=0x1400010 cmp=com.android.providers.media.module/com.android.providers.media.MediaService }
06-04 17:10:24.216  1466  1466 W com.android.providers.media.module: type=1400 audit(0.0:44234): avc: denied { read } for comm=4173796E635461736B202331 name="primary" dev="tmpfs" ino=18207 scontext=u:r:mediaprovider_app:s0:c118,c256,c512,c768 tcontext=u:object_r:mnt_pass_through_file:s0 tclass=lnk_file permissive=0 app=com.android.providers.media.module
06-04 17:10:24.224  1466  2347 W ModernMediaScanner: Failed to visit /sdcard/screen_2023-06-04_171027.png: java.nio.file.AccessDeniedException: /sdcard/screen_2023-06-04_171027.png
06-04 17:10:24.224  1466  2347 I MediaProvider: Scanned internal due to REASON_DEMAND, found 0 items in 3ms, 0 inserts 0 updates 0 deletes
06-04 17:10:24.216  1466  1466 W com.android.providers.media.module: type=1400 audit(0.0:44235): avc: denied { read } for comm=4173796E635461736B202331 name="primary" dev="tmpfs" ino=18207 scontext=u:r:mediaprovider_app:s0:c118,c256,c512,c768 tcontext=u:object_r:mnt_pass_through_file:s0 tclass=lnk_file permissive=0 app=com.android.providers.media.module
06-04 17:10:24.225  1466  2347 I MediaProvider: End Intent { act=android.intent.action.MEDIA_SCANNER_SCAN_FILE dat=file:///sdcard/screen_2023-06-04_171027.png flg=0x1400010 cmp=com.android.providers.media.module/com.android.providers.media.MediaService }
06-04 17:10:24.216  1466  1466 W com.android.providers.media.module: type=1400 audit(0.0:44236): avc: denied { read } for comm=4173796E635461736B202331 name="primary" dev="tmpfs" ino=18207 scontext=u:r:mediaprovider_app:s0:c118,c256,c512,c768 tcontext=u:object_r:mnt_pass_through_file:s0 tclass=lnk_file permissive=0 app=com.android.providers.media.module
06-04 17:10:24.250     0     0 W audit   : audit_lost=20042 audit_rate_limit=5 audit_backlog_limit=64
06-04 17:10:24.251     0     0 E audit   : rate limit exceeded
06-04 17:10:24.216  1466  1466 I chatty  : uid=10118(com.android.providers.media.module) identical 1 line
06-04 17:10:24.216  1466  1466 W com.android.providers.media.module: type=1400 audit(0.0:44238): avc: denied { read } for comm=4173796E635461736B202331 name="primary" dev="tmpfs" ino=18207 scontext=u:r:mediaprovider_app:s0:c118,c256,c512,c768 tcontext=u:object_r:mnt_pass_through_file:s0 tclass=lnk_file permissive=0 app=com.android.providers.media.module
06-04 17:10:24.254  1466  1652 I MediaProvider: Deleted 1 items on external_primary due to com.android.shell
06-04 17:10:24.338 21157 21159 I cmd     : oneway function results will be dropped but finished with status OK and parcel size 4
06-04 17:10:24.603 21189 21191 I cmd     : oneway function results will be dropped but finished with status OK and parcel size 4
06-04 17:10:24.717 21204 21206 I cmd     : oneway function results will be dropped but finished with status OK and parcel size 4
06-04 17:10:24.747 28555 28555 I ProvidersCache: Updating roots due to change on user 0at content://com.android.providers.media.documents/root
06-04 17:10:24.862 21216 21216 E libc    : Access denied finding property "persist.device_config.runtime_native_boot.profilebootclasspath"
06-04 17:10:24.862 21216 21216 E libc    : Access denied finding property "persist.device_config.runtime_native_boot.enable_apex_image"
06-04 17:10:24.862 21216 21216 I AndroidRuntime: Using default boot image
06-04 17:10:24.862 21216 21216 E libc    : Access denied finding property "persist.device_config.runtime_native_boot.disable_lock_profiling"
06-04 17:10:24.862 21216 21216 I AndroidRuntime: Leaving lock profiling enabled
06-04 17:10:24.862 21216 21216 E libc    : Access denied finding property "persist.device_config.runtime_native_boot.enable_generational_cc"
06-04 17:10:24.863 21216 21216 I app_process: Core platform API reporting enabled, enforcing=false
06-04 17:10:24.908 21216 21216 W app_process: Unexpected CPU variant for X86 using defaults: x86
06-04 17:10:24.909 21216 21216 I app_process: The ClassLoaderContext is a special shared library.
06-04 17:10:24.915 21216 21216 W app_process: JNI RegisterNativeMethods: attempt to register 0 native methods for android.media.AudioAttributes
06-04 17:10:25.143   530  1846 I system_server: oneway function results will be dropped but finished with status OK and parcel size 4
06-04 17:10:25.143   530  1846 I system_server: oneway function results will be dropped but finished with status OK and parcel size 4
06-04 17:10:25.279   530   697 I system_server: oneway function results will be dropped but finished with status OK and parcel size 4
06-04 17:10:25.488 28555 28555 I ProvidersCache: Updating roots due to change on user 0at content://com.android.providers.media.documents/root
06-04 17:10:26.307 28555 28555 I ProvidersCache: Updating roots due to change on user 0at content://com.android.providers.media.documents/root
06-04 17:10:26.702   179   179 I hwservicemanager: getTransport: Cannot find entry android.hardware.graphics.mapper@4.0::IMapper/default in either framework or device manifest.
06-04 17:10:26.702 21260 21260 I Gralloc4: mapper 4.x is not supported
06-04 17:10:26.867  1466  2347 I MediaProvider: Begin Intent { act=android.intent.action.MEDIA_SCANNER_SCAN_FILE dat=file:///sdcard/screen_2023-06-04_171030.png flg=0x1400010 cmp=com.android.providers.media.module/com.android.providers.media.MediaService }
06-04 17:10:26.864  1466  1466 W com.android.providers.media.module: type=1400 audit(0.0:44244): avc: denied { read } for comm=4173796E635461736B202331 name="primary" dev="tmpfs" ino=18207 scontext=u:r:mediaprovider_app:s0:c118,c256,c512,c768 tcontext=u:object_r:mnt_pass_through_file:s0 tclass=lnk_file permissive=0 app=com.android.providers.media.module
06-04 17:10:26.871  1466  2347 I MediaProvider: Scanned internal due to REASON_DEMAND, found 0 items in 4ms, 0 inserts 0 updates 0 deletes
06-04 17:10:26.872  1466  2347 I MediaProvider: End Intent { act=android.intent.action.MEDIA_SCANNER_SCAN_FILE dat=file:///sdcard/screen_2023-06-04_171030.png flg=0x1400010 cmp=com.android.providers.media.module/com.android.providers.media.MediaService }
06-04 17:10:26.864  1466  1466 W com.android.providers.media.module: type=1400 audit(0.0:44247): avc: denied { read } for comm=4173796E635461736B202331 name="primary" dev="tmpfs" ino=18207 scontext=u:r:mediaprovider_app:s0:c118,c256,c512,c768 tcontext=u:object_r:mnt_pass_through_file:s0 tclass=lnk_file permissive=0 app=com.android.providers.media.module
06-04 17:10:26.897  1466  1653 I MediaProvider: Deleted 1 items on external_primary due to com.android.shell
06-04 17:10:26.966 21275 21277 I cmd     : oneway function results will be dropped but finished with status OK and parcel size 4
06-04 17:10:27.205   179   179 I hwservicemanager: getTransport: Cannot find entry android.hardware.graphics.mapper@4.0::IMapper/default in either framework or device manifest.
06-04 17:10:27.205 21297 21297 I Gralloc4: mapper 4.x is not supported
06-04 17:10:27.364 21301 21303 I cmd     : oneway function results will be dropped but finished with status OK and parcel size 4
06-04 17:10:27.365  1466  2347 I MediaProvider: Begin Intent { act=android.intent.action.MEDIA_SCANNER_SCAN_FILE dat=file:///sdcard/screen_2023-06-04_171030.png flg=0x1400010 cmp=com.android.providers.media.module/com.android.providers.media.MediaService }
06-04 17:10:27.366  1466  2347 W ModernMediaScanner: Failed to visit /sdcard/screen_2023-06-04_171030.png: java.nio.file.AccessDeniedException: /sdcard/screen_2023-06-04_171030.png
06-04 17:10:27.367  1466  2347 I MediaProvider: Scanned internal due to REASON_DEMAND, found 0 items in 2ms, 0 inserts 0 updates 0 deletes
06-04 17:10:27.367  1466  2347 I MediaProvider: End Intent { act=android.intent.action.MEDIA_SCANNER_SCAN_FILE dat=file:///sdcard/screen_2023-06-04_171030.png flg=0x1400010 cmp=com.android.providers.media.module/com.android.providers.media.MediaService }
06-04 17:10:27.394  1466 24747 I MediaProvider: Deleted 1 items on external_primary due to com.android.shell
06-04 17:10:27.449 21312 21314 I cmd     : oneway function results will be dropped but finished with status OK and parcel size 4
06-04 17:10:27.833 28555 28555 I ProvidersCache: Updating roots due to change on user 0at content://com.android.providers.media.documents/root
06-04 17:10:28.245   530  1846 I system_server: oneway function results will be dropped but finished with status OK and parcel size 4
06-04 17:10:28.368 28555 28555 I ProvidersCache: Updating roots due to change on user 0at content://com.android.providers.media.documents/root
06-04 17:10:29.112   530   576 W BroadcastQueue: Background execution not allowed: receiving Intent { act=android.net.conn.NETWORK_CONDITIONS_MEASURED flg=0x10 (has extras) } to com.google.android.gms/.chimera.GmsIntentOperationService$PersistentTrustedReceiver
06-04 17:10:30.037   179   179 I hwservicemanager: getTransport: Cannot find entry android.hardware.graphics.mapper@4.0::IMapper/default in either framework or device manifest.
06-04 17:10:30.037 21343 21343 I Gralloc4: mapper 4.x is not supported
06-04 17:10:30.189 21347 21349 I cmd     : oneway function results will be dropped but finished with status OK and parcel size 4
06-04 17:10:30.190  1466  2347 I MediaProvider: Begin Intent { act=android.intent.action.MEDIA_SCANNER_SCAN_FILE dat=file:///sdcard/screen_2023-06-04_171033.png flg=0x1400010 cmp=com.android.providers.media.module/com.android.providers.media.MediaService }
06-04 17:10:30.184  1466  1466 W com.android.providers.media.module: type=1400 audit(0.0:44256): avc: denied { read } for comm=4173796E635461736B202331 name="primary" dev="tmpfs" ino=18207 scontext=u:r:mediaprovider_app:s0:c118,c256,c512,c768 tcontext=u:object_r:mnt_pass_through_file:s0 tclass=lnk_file permissive=0 app=com.android.providers.media.module
06-04 17:10:30.193  1466  2347 W ModernMediaScanner: Failed to visit /sdcard/screen_2023-06-04_171033.png: java.nio.file.AccessDeniedException: /sdcard/screen_2023-06-04_171033.png
06-04 17:10:30.184  1466  1466 W com.android.providers.media.module: type=1400 audit(0.0:44258): avc: denied { read } for comm=4173796E635461736B202331 name="primary" dev="tmpfs" ino=18207 scontext=u:r:mediaprovider_app:s0:c118,c256,c512,c768 tcontext=u:object_r:mnt_pass_through_file:s0 tclass=lnk_file permissive=0 app=com.android.providers.media.module
06-04 17:10:30.219     0     0 W audit   : audit_lost=20054 audit_rate_limit=5 audit_backlog_limit=64
06-04 17:10:30.220     0     0 E audit   : rate limit exceeded
06-04 17:10:30.194  1466  2347 I MediaProvider: Scanned internal due to REASON_DEMAND, found 0 items in 3ms, 0 inserts 0 updates 0 deletes
06-04 17:10:30.195  1466  2347 I MediaProvider: End Intent { act=android.intent.action.MEDIA_SCANNER_SCAN_FILE dat=file:///sdcard/screen_2023-06-04_171033.png flg=0x1400010 cmp=com.android.providers.media.module/com.android.providers.media.MediaService }
06-04 17:10:30.184  1466  1466 W com.android.providers.media.module: type=1400 audit(0.0:44259): avc: denied { read } for comm=4173796E635461736B202331 name="primary" dev="tmpfs" ino=18207 scontext=u:r:mediaprovider_app:s0:c118,c256,c512,c768 tcontext=u:object_r:mnt_pass_through_file:s0 tclass=lnk_file permissive=0 app=com.android.providers.media.module
06-04 17:10:30.188  1466  1466 W com.android.providers.media.module: type=1400 audit(0.0:44260): avc: denied { read } for comm=4173796E635461736B202331 name="primary" dev="tmpfs" ino=18207 scontext=u:r:mediaprovider_app:s0:c118,c256,c512,c768 tcontext=u:object_r:mnt_pass_through_file:s0 tclass=lnk_file permissive=0 app=com.android.providers.media.module
06-04 17:10:30.216  1466  1652 I MediaProvider: Deleted 1 items on external_primary due to com.android.shell
06-04 17:10:30.314 21358 21360 I cmd     : oneway function results will be dropped but finished with status OK and parcel size 4
06-04 17:10:30.447 21373 21375 I cmd     : oneway function results will be dropped but finished with status OK and parcel size 4
06-04 17:10:30.560 21388 21390 I cmd     : oneway function results will be dropped but finished with status OK and parcel size 4
