06-03 21:49:09.364  1466  1466 W com.android.providers.media.module: type=1400 audit(0.0:36904): avc: denied { read } for comm=4173796E635461736B202331 name="primary" dev="tmpfs" ino=18207 scontext=u:r:mediaprovider_app:s0:c118,c256,c512,c768 tcontext=u:object_r:mnt_pass_through_file:s0 tclass=lnk_file permissive=0 app=com.android.providers.media.module
06-03 21:49:09.373  1466  2347 I MediaProvider: End Intent { act=android.intent.action.MEDIA_SCANNER_SCAN_FILE dat=file:///sdcard/screen_2023-06-03_214911.png flg=0x1400010 cmp=com.android.providers.media.module/com.android.providers.media.MediaService }
06-03 21:49:09.368  1466  1466 W com.android.providers.media.module: type=1400 audit(0.0:36905): avc: denied { read } for comm=4173796E635461736B202331 name="primary" dev="tmpfs" ino=18207 scontext=u:r:mediaprovider_app:s0:c118,c256,c512,c768 tcontext=u:object_r:mnt_pass_through_file:s0 tclass=lnk_file permissive=0 app=com.android.providers.media.module
06-03 21:49:09.396  1466  1653 I MediaProvider: Deleted 1 items on external_primary due to com.android.shell
06-03 21:49:09.470 15133 15135 I cmd     : oneway function results will be dropped but finished with status OK and parcel size 4
06-03 21:49:09.640 15148 15150 I cmd     : oneway function results will be dropped but finished with status OK and parcel size 4
06-03 21:49:09.741 15163 15165 I cmd     : oneway function results will be dropped but finished with status OK and parcel size 4
06-03 21:49:09.842 15180 15182 I cmd     : oneway function results will be dropped but finished with status OK and parcel size 4
06-03 21:49:09.929 15192 15192 E libc    : Access denied finding property "persist.device_config.runtime_native_boot.profilebootclasspath"
06-03 21:49:09.929 15192 15192 E libc    : Access denied finding property "persist.device_config.runtime_native_boot.enable_apex_image"
06-03 21:49:09.929 15192 15192 I AndroidRuntime: Using default boot image
06-03 21:49:09.929 15192 15192 E libc    : Access denied finding property "persist.device_config.runtime_native_boot.disable_lock_profiling"
06-03 21:49:09.929 15192 15192 I AndroidRuntime: Leaving lock profiling enabled
06-03 21:49:09.930 15192 15192 E libc    : Access denied finding property "persist.device_config.runtime_native_boot.enable_generational_cc"
06-03 21:49:09.957     0     0 W audit   : audit_lost=17802 audit_rate_limit=5 audit_backlog_limit=64
06-03 21:49:09.957     0     0 E audit   : rate limit exceeded
06-03 21:49:09.931 15192 15192 W app_process: Could not reserve sentinel fault page
06-03 21:49:09.931 15192 15192 I app_process: Core platform API reporting enabled, enforcing=false
06-03 21:49:09.977 15192 15192 W app_process: Unexpected CPU variant for X86 using defaults: x86
06-03 21:49:09.977 15192 15192 I app_process: The ClassLoaderContext is a special shared library.
06-03 21:49:09.984 15192 15192 W app_process: JNI RegisterNativeMethods: attempt to register 0 native methods for android.media.AudioAttributes
06-03 21:49:10.222 14726 14726 I AssistStructure: Flattened final assist data: 4972 bytes, containing 2 windows, 39 views
06-03 21:49:10.227  1317  1317 W kqw     : Pending fill request while another request in the same session was triggered. [CONTEXT service_id=177 ]
06-03 21:49:12.047   179   179 I hwservicemanager: getTransport: Cannot find entry android.hardware.graphics.mapper@4.0::IMapper/default in either framework or device manifest.
06-03 21:49:12.047 15282 15282 I Gralloc4: mapper 4.x is not supported
06-03 21:49:12.203 15286 15288 I cmd     : oneway function results will be dropped but finished with status OK and parcel size 4
06-03 21:49:12.204  1466  2347 I MediaProvider: Begin Intent { act=android.intent.action.MEDIA_SCANNER_SCAN_FILE dat=file:///sdcard/screen_2023-06-03_214914.png flg=0x1400010 cmp=com.android.providers.media.module/com.android.providers.media.MediaService }
06-03 21:49:12.200  1466  1466 W com.android.providers.media.module: type=1400 audit(0.0:36913): avc: denied { read } for comm=4173796E635461736B202331 name="primary" dev="tmpfs" ino=18207 scontext=u:r:mediaprovider_app:s0:c118,c256,c512,c768 tcontext=u:object_r:mnt_pass_through_file:s0 tclass=lnk_file permissive=0 app=com.android.providers.media.module
06-03 21:49:12.234     0     0 W audit   : audit_lost=17806 audit_rate_limit=5 audit_backlog_limit=64
06-03 21:49:12.211  1466  2347 I MediaProvider: End Intent { act=android.intent.action.MEDIA_SCANNER_SCAN_FILE dat=file:///sdcard/screen_2023-06-03_214914.png flg=0x1400010 cmp=com.android.providers.media.module/com.android.providers.media.MediaService }
06-03 21:49:12.235     0     0 E audit   : rate limit exceeded
06-03 21:49:12.200  1466  1466 W com.android.providers.media.module: type=1400 audit(0.0:36916): avc: denied { read } for comm=4173796E635461736B202331 name="primary" dev="tmpfs" ino=18207 scontext=u:r:mediaprovider_app:s0:c118,c256,c512,c768 tcontext=u:object_r:mnt_pass_through_file:s0 tclass=lnk_file permissive=0 app=com.android.providers.media.module
06-03 21:49:12.235  1466 24747 I MediaProvider: Deleted 1 items on external_primary due to com.android.shell
06-03 21:49:12.268 15297 15299 I cmd     : oneway function results will be dropped but finished with status OK and parcel size 4
06-03 21:49:12.453   179   179 I hwservicemanager: getTransport: Cannot find entry android.hardware.graphics.mapper@4.0::IMapper/default in either framework or device manifest.
06-03 21:49:12.453 15319 15319 I Gralloc4: mapper 4.x is not supported
06-03 21:49:12.607  1466  2347 I MediaProvider: Begin Intent { act=android.intent.action.MEDIA_SCANNER_SCAN_FILE dat=file:///sdcard/screen_2023-06-03_214914.png flg=0x1400010 cmp=com.android.providers.media.module/com.android.providers.media.MediaService }
06-03 21:49:12.608  1466  2347 W ModernMediaScanner: Failed to visit /sdcard/screen_2023-06-03_214914.png: java.nio.file.AccessDeniedException: /sdcard/screen_2023-06-03_214914.png
06-03 21:49:12.609  1466  2347 I MediaProvider: Scanned internal due to REASON_DEMAND, found 0 items in 1ms, 0 inserts 0 updates 0 deletes
06-03 21:49:12.610  1466  2347 I MediaProvider: End Intent { act=android.intent.action.MEDIA_SCANNER_SCAN_FILE dat=file:///sdcard/screen_2023-06-03_214914.png flg=0x1400010 cmp=com.android.providers.media.module/com.android.providers.media.MediaService }
06-03 21:49:12.633  1466  1652 I MediaProvider: Deleted 1 items on external_primary due to com.android.shell
06-03 21:49:12.659 15334 15336 I cmd     : oneway function results will be dropped but finished with status OK and parcel size 4
06-03 21:49:22.609   223   226 E android.system.suspend@1.0-service: Error opening kernel wakelock stats for: wakeup34: Permission denied
06-03 21:49:22.604   223   223 W Binder:223_2: type=1400 audit(0.0:36925): avc: denied { read } for name="wakeup34" dev="sysfs" ino=19211 scontext=u:r:system_suspend:s0 tcontext=u:object_r:sysfs:s0 tclass=dir permissive=0
06-03 21:49:22.616   223   226 E android.system.suspend@1.0-service: Error opening kernel wakelock stats for: wakeup35: Permission denied
06-03 21:49:22.612   223   223 W Binder:223_2: type=1400 audit(0.0:36926): avc: denied { read } for name="wakeup35" dev="sysfs" ino=19274 scontext=u:r:system_suspend:s0 tcontext=u:object_r:sysfs:s0 tclass=dir permissive=0
06-03 21:49:30.818   223   226 E android.system.suspend@1.0-service: Error opening kernel wakelock stats for: wakeup34: Permission denied
06-03 21:49:30.812   223   223 W Binder:223_2: type=1400 audit(0.0:36927): avc: denied { read } for name="wakeup34" dev="sysfs" ino=19211 scontext=u:r:system_suspend:s0 tcontext=u:object_r:sysfs:s0 tclass=dir permissive=0
06-03 21:49:30.820   223   226 E android.system.suspend@1.0-service: Error opening kernel wakelock stats for: wakeup35: Permission denied
06-03 21:49:30.816   223   223 W Binder:223_2: type=1400 audit(0.0:36928): avc: denied { read } for name="wakeup35" dev="sysfs" ino=19274 scontext=u:r:system_suspend:s0 tcontext=u:object_r:sysfs:s0 tclass=dir permissive=0
06-03 21:49:37.268   179   179 I hwservicemanager: getTransport: Cannot find entry android.hardware.graphics.mapper@4.0::IMapper/default in either framework or device manifest.
06-03 21:49:37.268 15404 15404 I Gralloc4: mapper 4.x is not supported
06-03 21:49:37.432  1466  2347 I MediaProvider: Begin Intent { act=android.intent.action.MEDIA_SCANNER_SCAN_FILE dat=file:///sdcard/screen_2023-06-03_214939.png flg=0x1400010 cmp=com.android.providers.media.module/com.android.providers.media.MediaService }
06-03 21:49:37.433  1466  2347 W ModernMediaScanner: Failed to visit /sdcard/screen_2023-06-03_214939.png: java.nio.file.AccessDeniedException: /sdcard/screen_2023-06-03_214939.png
06-03 21:49:37.434  1466  2347 I MediaProvider: Scanned internal due to REASON_DEMAND, found 0 items in 1ms, 0 inserts 0 updates 0 deletes
06-03 21:49:37.428  1466  1466 W com.android.providers.media.module: type=1400 audit(0.0:36929): avc: denied { read } for comm=4173796E635461736B202331 name="primary" dev="tmpfs" ino=18207 scontext=u:r:mediaprovider_app:s0:c118,c256,c512,c768 tcontext=u:object_r:mnt_pass_through_file:s0 tclass=lnk_file permissive=0 app=com.android.providers.media.module
06-03 21:49:37.435  1466  2347 I MediaProvider: End Intent { act=android.intent.action.MEDIA_SCANNER_SCAN_FILE dat=file:///sdcard/screen_2023-06-03_214939.png flg=0x1400010 cmp=com.android.providers.media.module/com.android.providers.media.MediaService }
06-03 21:49:37.428  1466  1466 W com.android.providers.media.module: type=1400 audit(0.0:36930): avc: denied { read } for comm=4173796E635461736B202331 name="primary" dev="tmpfs" ino=18207 scontext=u:r:mediaprovider_app:s0:c118,c256,c512,c768 tcontext=u:object_r:mnt_pass_through_file:s0 tclass=lnk_file permissive=0 app=com.android.providers.media.module
06-03 21:49:37.457  1466  4324 I MediaProvider: Deleted 1 items on external_primary due to com.android.shell
06-03 21:49:37.529 15419 15421 I cmd     : oneway function results will be dropped but finished with status OK and parcel size 4
06-03 21:49:37.808 15464 15466 I cmd     : oneway function results will be dropped but finished with status OK and parcel size 4
06-03 21:49:37.889 15478 15478 E libc    : Access denied finding property "persist.device_config.runtime_native_boot.profilebootclasspath"
06-03 21:49:37.889 15478 15478 E libc    : Access denied finding property "persist.device_config.runtime_native_boot.enable_apex_image"
06-03 21:49:37.889 15478 15478 I AndroidRuntime: Using default boot image
06-03 21:49:37.889 15478 15478 E libc    : Access denied finding property "persist.device_config.runtime_native_boot.disable_lock_profiling"
06-03 21:49:37.889 15478 15478 I AndroidRuntime: Leaving lock profiling enabled
06-03 21:49:37.890 15478 15478 E libc    : Access denied finding property "persist.device_config.runtime_native_boot.enable_generational_cc"
06-03 21:49:37.917     0     0 W audit   : audit_lost=17813 audit_rate_limit=5 audit_backlog_limit=64
06-03 21:49:37.917     0     0 E audit   : rate limit exceeded
06-03 21:49:37.891 15478 15478 I app_process: Core platform API reporting enabled, enforcing=false
06-03 21:49:37.940 15478 15478 W app_process: Unexpected CPU variant for X86 using defaults: x86
06-03 21:49:37.940 15478 15478 I app_process: The ClassLoaderContext is a special shared library.
06-03 21:49:37.946 15478 15478 W app_process: JNI RegisterNativeMethods: attempt to register 0 native methods for android.media.AudioAttributes
06-03 21:49:38.619 15495 15497 I cmd     : oneway function results will be dropped but finished with status OK and parcel size 4
06-03 21:49:38.620   530   569 I DropBoxManagerService: add tag=system_server_strictmode isTagEnabled=true flags=0x2
06-03 21:49:39.255  1885 15501 I GmscoreIpa: Starting mediastore instant index
06-03 21:49:39.851   179   179 I hwservicemanager: getTransport: Cannot find entry android.hardware.graphics.mapper@4.0::IMapper/default in either framework or device manifest.
06-03 21:49:39.851 15514 15514 I Gralloc4: mapper 4.x is not supported
06-03 21:49:40.005  1466  2347 I MediaProvider: Begin Intent { act=android.intent.action.MEDIA_SCANNER_SCAN_FILE dat=file:///sdcard/screen_2023-06-03_214942.png flg=0x1400010 cmp=com.android.providers.media.module/com.android.providers.media.MediaService }
06-03 21:49:40.000  1466  1466 W com.android.providers.media.module: type=1400 audit(0.0:36939): avc: denied { read } for comm=4173796E635461736B202331 name="primary" dev="tmpfs" ino=18207 scontext=u:r:mediaprovider_app:s0:c118,c256,c512,c768 tcontext=u:object_r:mnt_pass_through_file:s0 tclass=lnk_file permissive=0 app=com.android.providers.media.module
06-03 21:49:40.000  1466  1466 W com.android.providers.media.module: type=1400 audit(0.0:36940): avc: denied { read } for comm=4173796E635461736B202331 name="primary" dev="tmpfs" ino=18207 scontext=u:r:mediaprovider_app:s0:c118,c256,c512,c768 tcontext=u:object_r:mnt_pass_through_file:s0 tclass=lnk_file permissive=0 app=com.android.providers.media.module
06-03 21:49:40.008  1466  2347 W ModernMediaScanner: Failed to visit /sdcard/screen_2023-06-03_214942.png: java.nio.file.AccessDeniedException: /sdcard/screen_2023-06-03_214942.png
06-03 21:49:40.009  1466  2347 I MediaProvider: Scanned internal due to REASON_DEMAND, found 0 items in 3ms, 0 inserts 0 updates 0 deletes
06-03 21:49:40.000  1466  1466 W com.android.providers.media.module: type=1400 audit(0.0:36941): avc: denied { read } for comm=4173796E635461736B202331 name="primary" dev="tmpfs" ino=18207 scontext=u:r:mediaprovider_app:s0:c118,c256,c512,c768 tcontext=u:object_r:mnt_pass_through_file:s0 tclass=lnk_file permissive=0 app=com.android.providers.media.module
06-03 21:49:40.010  1466  2347 I MediaProvider: End Intent { act=android.intent.action.MEDIA_SCANNER_SCAN_FILE dat=file:///sdcard/screen_2023-06-03_214942.png flg=0x1400010 cmp=com.android.providers.media.module/com.android.providers.media.MediaService }
06-03 21:49:40.034     0     0 W audit   : audit_lost=17817 audit_rate_limit=5 audit_backlog_limit=64
06-03 21:49:40.035     0     0 E audit   : rate limit exceeded
06-03 21:49:40.000  1466  1466 W com.android.providers.media.module: type=1400 audit(0.0:36942): avc: denied { read } for comm=4173796E635461736B202331 name="primary" dev="tmpfs" ino=18207 scontext=u:r:mediaprovider_app:s0:c118,c256,c512,c768 tcontext=u:object_r:mnt_pass_through_file:s0 tclass=lnk_file permissive=0 app=com.android.providers.media.module
06-03 21:49:40.031  1466 24747 I MediaProvider: Deleted 1 items on external_primary due to com.android.shell
06-03 21:49:40.105 15531 15533 I cmd     : oneway function results will be dropped but finished with status OK and parcel size 4
06-03 21:49:40.326   179   179 I hwservicemanager: getTransport: Cannot find entry android.hardware.graphics.mapper@4.0::IMapper/default in either framework or device manifest.
06-03 21:49:40.326 15553 15553 I Gralloc4: mapper 4.x is not supported
06-03 21:49:40.477 15557 15559 I cmd     : oneway function results will be dropped but finished with status OK and parcel size 4
06-03 21:49:40.477  1466  2347 I MediaProvider: Begin Intent { act=android.intent.action.MEDIA_SCANNER_SCAN_FILE dat=file:///sdcard/screen_2023-06-03_214942.png flg=0x1400010 cmp=com.android.providers.media.module/com.android.providers.media.MediaService }
06-03 21:49:40.478  1466  2347 W ModernMediaScanner: Failed to visit /sdcard/screen_2023-06-03_214942.png: java.nio.file.AccessDeniedException: /sdcard/screen_2023-06-03_214942.png
06-03 21:49:40.479  1466  2347 I MediaProvider: Scanned internal due to REASON_DEMAND, found 0 items in 1ms, 0 inserts 0 updates 0 deletes
06-03 21:49:40.480  1466  2347 I MediaProvider: End Intent { act=android.intent.action.MEDIA_SCANNER_SCAN_FILE dat=file:///sdcard/screen_2023-06-03_214942.png flg=0x1400010 cmp=com.android.providers.media.module/com.android.providers.media.MediaService }
06-03 21:49:40.505  1466  1652 I MediaProvider: Deleted 1 items on external_primary due to com.android.shell
06-03 21:49:40.552 15568 15570 I cmd     : oneway function results will be dropped but finished with status OK and parcel size 4
06-03 21:49:40.626   530   576 W BroadcastQueue: Background execution not allowed: receiving Intent { act=android.intent.action.DROPBOX_ENTRY_ADDED flg=0x10 (has extras) } to com.google.android.gms/.stats.service.DropBoxEntryAddedReceiver
06-03 21:49:40.626   530   576 W BroadcastQueue: Background execution not allowed: receiving Intent { act=android.intent.action.DROPBOX_ENTRY_ADDED flg=0x10 (has extras) } to com.google.android.gms/.chimera.GmsIntentOperationService$PersistentTrustedReceiver
06-03 21:49:47.813 14726 14726 I AssistStructure: Flattened final assist data: 4972 bytes, containing 2 windows, 39 views
06-03 21:49:47.821  1317  1317 W kqw     : Pending fill request while another request in the same session was triggered. [CONTEXT service_id=177 ]
06-03 21:49:47.841  4149  4149 E AccessibilityInteractionClient: 1 Disconnected nodes.
06-03 21:49:47.841  1317  2174 I .gms.persisten: oneway function results will be dropped but finished with status UNKNOWN_TRANSACTION and parcel size 80
06-03 21:49:47.972 14726 14726 I AssistStructure: Flattened final assist data: 4972 bytes, containing 2 windows, 39 views
06-03 21:49:47.976  1317  1317 W kqw     : Pending fill request while another request in the same session was triggered. [CONTEXT service_id=177 ]
06-03 21:49:48.001   530   581 E Process : Error getting pid for '0'
06-03 21:49:48.007  4149  4149 E AccessibilityInteractionClient: 1 Disconnected nodes.
06-03 21:49:48.538 14726 14726 I AssistStructure: Flattened final assist data: 4972 bytes, containing 2 windows, 39 views
06-03 21:49:48.543  1317  1317 W kqw     : Pending fill request while another request in the same session was triggered. [CONTEXT service_id=177 ]
06-03 21:49:48.545  4149  4149 E AccessibilityInteractionClient: 1 Disconnected nodes.
06-03 21:49:48.738 14726 14726 I AssistStructure: Flattened final assist data: 4972 bytes, containing 2 windows, 39 views
06-03 21:49:48.742  1317  1317 W kqw     : Pending fill request while another request in the same session was triggered. [CONTEXT service_id=177 ]
06-03 21:49:48.749  4149  4149 E AccessibilityInteractionClient: 1 Disconnected nodes.
06-03 21:49:49.102   507   507 E netmgr  : qemu_pipe_open_ns:62: Could not connect to the 'pipe:qemud:network' service: Invalid argument
06-03 21:49:49.103   507   507 E netmgr  : Failed to open QEMU pipe 'qemud:network': Invalid argument
06-03 21:49:50.525 14726 14726 I AssistStructure: Flattened final assist data: 4972 bytes, containing 2 windows, 39 views
06-03 21:49:50.534  1317  1317 W kqw     : Pending fill request while another request in the same session was triggered. [CONTEXT service_id=177 ]
06-03 21:49:50.567  4149  4149 E AccessibilityInteractionClient: 1 Disconnected nodes.
06-03 21:49:52.435  4149  4149 E AccessibilityInteractionClient: 1 Disconnected nodes.
06-03 21:49:56.035   530 10664 I system_server: oneway function results will be dropped but finished with status OK and parcel size 4
06-03 21:49:56.035   530 10664 I system_server: oneway function results will be dropped but finished with status OK and parcel size 4
06-03 21:49:56.053 14726 14726 W RecyclerView: No adapter attached; skipping layout
06-03 21:49:56.053 14726 14726 I chatty  : uid=10126(com.simplemobiletools.calendar.pro) identical 3 lines
06-03 21:49:56.053 14726 14726 W RecyclerView: No adapter attached; skipping layout
06-03 21:49:56.170   530 10014 I system_server: oneway function results will be dropped but finished with status OK and parcel size 4
06-03 21:49:59.136   530 10014 I system_server: oneway function results will be dropped but finished with status OK and parcel size 4
06-03 21:50:00.162   179   179 I hwservicemanager: getTransport: Cannot find entry android.hardware.graphics.mapper@4.0::IMapper/default in either framework or device manifest.
06-03 21:50:00.162 15691 15691 I Gralloc4: mapper 4.x is not supported
06-03 21:50:00.327 15696 15698 I cmd     : oneway function results will be dropped but finished with status OK and parcel size 4
06-03 21:50:00.328  1466  2347 I MediaProvider: Begin Intent { act=android.intent.action.MEDIA_SCANNER_SCAN_FILE dat=file:///sdcard/screen_2023-06-03_215002.png flg=0x1400010 cmp=com.android.providers.media.module/com.android.providers.media.MediaService }
06-03 21:50:00.324  1466  1466 W com.android.providers.media.module: type=1400 audit(0.0:36951): avc: denied { read } for comm=4173796E635461736B202331 name="primary" dev="tmpfs" ino=18207 scontext=u:r:mediaprovider_app:s0:c118,c256,c512,c768 tcontext=u:object_r:mnt_pass_through_file:s0 tclass=lnk_file permissive=0 app=com.android.providers.media.module
06-03 21:50:00.330  1466  2347 W ModernMediaScanner: Failed to visit /sdcard/screen_2023-06-03_215002.png: java.nio.file.AccessDeniedException: /sdcard/screen_2023-06-03_215002.png
06-03 21:50:00.357     0     0 W audit   : audit_lost=17824 audit_rate_limit=5 audit_backlog_limit=64
06-03 21:50:00.358     0     0 E audit   : rate limit exceeded
06-03 21:50:00.331  1466  2347 I MediaProvider: Scanned internal due to REASON_DEMAND, found 0 items in 2ms, 0 inserts 0 updates 0 deletes
06-03 21:50:00.324  1466  1466 W com.android.providers.media.module: type=1400 audit(0.0:36952): avc: denied { read } for comm=4173796E635461736B202331 name="primary" dev="tmpfs" ino=18207 scontext=u:r:mediaprovider_app:s0:c118,c256,c512,c768 tcontext=u:object_r:mnt_pass_through_file:s0 tclass=lnk_file permissive=0 app=com.android.providers.media.module
06-03 21:50:00.358  1466  4324 I MediaProvider: Deleted 1 items on external_primary due to com.android.shell
06-03 21:50:00.400 15707 15709 I cmd     : oneway function results will be dropped but finished with status OK and parcel size 4
06-03 21:50:00.478 15722 15724 I cmd     : oneway function results will be dropped but finished with status OK and parcel size 4
06-03 21:50:00.579 15737 15739 I cmd     : oneway function results will be dropped but finished with status OK and parcel size 4
06-03 21:50:00.695 15753 15755 I cmd     : oneway function results will be dropped but finished with status OK and parcel size 4
06-03 21:50:00.776 15767 15767 E libc    : Access denied finding property "persist.device_config.runtime_native_boot.profilebootclasspath"
06-03 21:50:00.776 15767 15767 E libc    : Access denied finding property "persist.device_config.runtime_native_boot.enable_apex_image"
06-03 21:50:00.776 15767 15767 I AndroidRuntime: Using default boot image
06-03 21:50:00.776 15767 15767 E libc    : Access denied finding property "persist.device_config.runtime_native_boot.disable_lock_profiling"
06-03 21:50:00.776 15767 15767 I AndroidRuntime: Leaving lock profiling enabled
06-03 21:50:00.776 15767 15767 E libc    : Access denied finding property "persist.device_config.runtime_native_boot.enable_generational_cc"
06-03 21:50:00.777 15767 15767 I app_process: Core platform API reporting enabled, enforcing=false
06-03 21:50:00.827 15767 15767 W app_process: Unexpected CPU variant for X86 using defaults: x86
06-03 21:50:00.827 15767 15767 I app_process: The ClassLoaderContext is a special shared library.
06-03 21:50:00.834 15767 15767 W app_process: JNI RegisterNativeMethods: attempt to register 0 native methods for android.media.AudioAttributes
06-03 21:50:01.703   509   509 E wifi_forwarder: qemu_pipe_open_ns:62: Could not connect to the 'pipe:qemud:wififorward' service: Invalid argument
06-03 21:50:01.704   509   509 E wifi_forwarder: RemoteConnection failed to initialize: RemoteConnection failed to open pipe
06-03 21:50:02.292   223   226 E android.system.suspend@1.0-service: Error opening kernel wakelock stats for: wakeup34: Permission denied
06-03 21:50:02.288   223   223 W Binder:223_2: type=1400 audit(0.0:36961): avc: denied { read } for name="wakeup34" dev="sysfs" ino=19211 scontext=u:r:system_suspend:s0 tcontext=u:object_r:sysfs:s0 tclass=dir permissive=0
06-03 21:50:02.300   223   226 E android.system.suspend@1.0-service: Error opening kernel wakelock stats for: wakeup35: Permission denied
06-03 21:50:02.296   223   223 W Binder:223_2: type=1400 audit(0.0:36962): avc: denied { read } for name="wakeup35" dev="sysfs" ino=19274 scontext=u:r:system_suspend:s0 tcontext=u:object_r:sysfs:s0 tclass=dir permissive=0
06-03 21:50:02.305   223   226 E android.system.suspend@1.0-service: Error opening kernel wakelock stats for: wakeup34: Permission denied
06-03 21:50:02.300   223   223 W Binder:223_2: type=1400 audit(0.0:36963): avc: denied { read } for name="wakeup34" dev="sysfs" ino=19211 scontext=u:r:system_suspend:s0 tcontext=u:object_r:sysfs:s0 tclass=dir permissive=0
06-03 21:50:02.307   223   226 E android.system.suspend@1.0-service: Error opening kernel wakelock stats for: wakeup35: Permission denied
06-03 21:50:02.304   223   223 W Binder:223_2: type=1400 audit(0.0:36964): avc: denied { read } for name="wakeup35" dev="sysfs" ino=19274 scontext=u:r:system_suspend:s0 tcontext=u:object_r:sysfs:s0 tclass=dir permissive=0
06-03 21:50:02.959   179   179 I hwservicemanager: getTransport: Cannot find entry android.hardware.graphics.mapper@4.0::IMapper/default in either framework or device manifest.
06-03 21:50:02.959 15798 15798 I Gralloc4: mapper 4.x is not supported
06-03 21:50:03.115 15802 15804 I cmd     : oneway function results will be dropped but finished with status OK and parcel size 4
06-03 21:50:03.116  1466  2347 I MediaProvider: Begin Intent { act=android.intent.action.MEDIA_SCANNER_SCAN_FILE dat=file:///sdcard/screen_2023-06-03_215005.png flg=0x1400010 cmp=com.android.providers.media.module/com.android.providers.media.MediaService }
06-03 21:50:03.117  1466  2347 W ModernMediaScanner: Failed to visit /sdcard/screen_2023-06-03_215005.png: java.nio.file.AccessDeniedException: /sdcard/screen_2023-06-03_215005.png
06-03 21:50:03.112  1466  1466 W com.android.providers.media.module: type=1400 audit(0.0:36965): avc: denied { read } for comm=4173796E635461736B202331 name="primary" dev="tmpfs" ino=18207 scontext=u:r:mediaprovider_app:s0:c118,c256,c512,c768 tcontext=u:object_r:mnt_pass_through_file:s0 tclass=lnk_file permissive=0 app=com.android.providers.media.module
06-03 21:50:03.118  1466  2347 I MediaProvider: Scanned internal due to REASON_DEMAND, found 0 items in 1ms, 0 inserts 0 updates 0 deletes
06-03 21:50:03.118  1466  2347 I MediaProvider: End Intent { act=android.intent.action.MEDIA_SCANNER_SCAN_FILE dat=file:///sdcard/screen_2023-06-03_215005.png flg=0x1400010 cmp=com.android.providers.media.module/com.android.providers.media.MediaService }
06-03 21:50:03.144     0     0 W audit   : audit_lost=17829 audit_rate_limit=5 audit_backlog_limit=64
06-03 21:50:03.144     0     0 E audit   : rate limit exceeded
06-03 21:50:03.142  1466  1653 I MediaProvider: Deleted 1 items on external_primary due to com.android.shell
06-03 21:50:03.178 15813 15815 I cmd     : oneway function results will be dropped but finished with status OK and parcel size 4
06-03 21:50:03.399   179   179 I hwservicemanager: getTransport: Cannot find entry android.hardware.graphics.mapper@4.0::IMapper/default in either framework or device manifest.
06-03 21:50:03.399 15835 15835 I Gralloc4: mapper 4.x is not supported
06-03 21:50:03.547  1466  2347 I MediaProvider: Begin Intent { act=android.intent.action.MEDIA_SCANNER_SCAN_FILE dat=file:///sdcard/screen_2023-06-03_215005.png flg=0x1400010 cmp=com.android.providers.media.module/com.android.providers.media.MediaService }
06-03 21:50:03.548  1466  2347 W ModernMediaScanner: Failed to visit /sdcard/screen_2023-06-03_215005.png: java.nio.file.AccessDeniedException: /sdcard/screen_2023-06-03_215005.png
06-03 21:50:03.544  1466  1466 W com.android.providers.media.module: type=1400 audit(0.0:36971): avc: denied { read } for comm=4173796E635461736B202331 name="primary" dev="tmpfs" ino=18207 scontext=u:r:mediaprovider_app:s0:c118,c256,c512,c768 tcontext=u:object_r:mnt_pass_through_file:s0 tclass=lnk_file permissive=0 app=com.android.providers.media.module
06-03 21:50:03.549  1466  2347 I MediaProvider: Scanned internal due to REASON_DEMAND, found 0 items in 1ms, 0 inserts 0 updates 0 deletes
06-03 21:50:03.550  1466  2347 I MediaProvider: End Intent { act=android.intent.action.MEDIA_SCANNER_SCAN_FILE dat=file:///sdcard/screen_2023-06-03_215005.png flg=0x1400010 cmp=com.android.providers.media.module/com.android.providers.media.MediaService }
06-03 21:50:03.544  1466  1466 W com.android.providers.media.module: type=1400 audit(0.0:36972): avc: denied { read } for comm=4173796E635461736B202331 name="primary" dev="tmpfs" ino=18207 scontext=u:r:mediaprovider_app:s0:c118,c256,c512,c768 tcontext=u:object_r:mnt_pass_through_file:s0 tclass=lnk_file permissive=0 app=com.android.providers.media.module
06-03 21:50:03.573  1466 24747 I MediaProvider: Deleted 1 items on external_primary due to com.android.shell
06-03 21:50:03.617 15850 15852 I cmd     : oneway function results will be dropped but finished with status OK and parcel size 4
06-03 21:50:09.877  1885 15873 I GmscoreIpa: Starting mediastore instant index
06-03 21:50:18.418  1033  1052 W rkstack.proces: Reducing the number of considered missed Gc histogram windows from 105 to 100
06-03 21:50:21.466   179   179 I hwservicemanager: getTransport: Cannot find entry android.hardware.graphics.mapper@4.0::IMapper/default in either framework or device manifest.
06-03 21:50:21.466 15922 15922 I Gralloc4: mapper 4.x is not supported
06-03 21:50:21.632 15928 15930 I cmd     : oneway function results will be dropped but finished with status OK and parcel size 4
06-03 21:50:21.633  1466  2347 I MediaProvider: Begin Intent { act=android.intent.action.MEDIA_SCANNER_SCAN_FILE dat=file:///sdcard/screen_2023-06-03_215023.png flg=0x1400010 cmp=com.android.providers.media.module/com.android.providers.media.MediaService }
06-03 21:50:21.628  1466  1466 W com.android.providers.media.module: type=1400 audit(0.0:36977): avc: denied { read } for comm=4173796E635461736B202331 name="primary" dev="tmpfs" ino=18207 scontext=u:r:mediaprovider_app:s0:c118,c256,c512,c768 tcontext=u:object_r:mnt_pass_through_file:s0 tclass=lnk_file permissive=0 app=com.android.providers.media.module
06-03 21:50:21.662     0     0 W audit   : audit_lost=17835 audit_rate_limit=5 audit_backlog_limit=64
06-03 21:50:21.662     0     0 E audit   : rate limit exceeded
06-03 21:50:21.628  1466  1466 W com.android.providers.media.module: type=1400 audit(0.0:36978): avc: denied { read } for comm=4173796E635461736B202331 name="primary" dev="tmpfs" ino=18207 scontext=u:r:mediaprovider_app:s0:c118,c256,c512,c768 tcontext=u:object_r:mnt_pass_through_file:s0 tclass=lnk_file permissive=0 app=com.android.providers.media.module
06-03 21:50:21.636  1466  2347 W ModernMediaScanner: Failed to visit /sdcard/screen_2023-06-03_215023.png: java.nio.file.AccessDeniedException: /sdcard/screen_2023-06-03_215023.png
06-03 21:50:21.637  1466  2347 I MediaProvider: Scanned internal due to REASON_DEMAND, found 0 items in 4ms, 0 inserts 0 updates 0 deletes
06-03 21:50:21.628  1466  1466 W com.android.providers.media.module: type=1400 audit(0.0:36979): avc: denied { read } for comm=4173796E635461736B202331 name="primary" dev="tmpfs" ino=18207 scontext=u:r:mediaprovider_app:s0:c118,c256,c512,c768 tcontext=u:object_r:mnt_pass_through_file:s0 tclass=lnk_file permissive=0 app=com.android.providers.media.module
06-03 21:50:21.637  1466  2347 I MediaProvider: End Intent { act=android.intent.action.MEDIA_SCANNER_SCAN_FILE dat=file:///sdcard/screen_2023-06-03_215023.png flg=0x1400010 cmp=com.android.providers.media.module/com.android.providers.media.MediaService }
06-03 21:50:21.628  1466  1466 W com.android.providers.media.module: type=1400 audit(0.0:36980): avc: denied { read } for comm=4173796E635461736B202331 name="primary" dev="tmpfs" ino=18207 scontext=u:r:mediaprovider_app:s0:c118,c256,c512,c768 tcontext=u:object_r:mnt_pass_through_file:s0 tclass=lnk_file permissive=0 app=com.android.providers.media.module
06-03 21:50:21.657  1466 24747 I MediaProvider: Deleted 1 items on external_primary due to com.android.shell
06-03 21:50:21.857 15954 15956 I cmd     : oneway function results will be dropped but finished with status OK and parcel size 4
06-03 21:50:21.966 15969 15971 I cmd     : oneway function results will be dropped but finished with status OK and parcel size 4
06-03 21:50:22.263 15996 15996 E libc    : Access denied finding property "persist.device_config.runtime_native_boot.profilebootclasspath"
06-03 21:50:22.263 15996 15996 E libc    : Access denied finding property "persist.device_config.runtime_native_boot.enable_apex_image"
06-03 21:50:22.263 15996 15996 I AndroidRuntime: Using default boot image
06-03 21:50:22.263 15996 15996 E libc    : Access denied finding property "persist.device_config.runtime_native_boot.disable_lock_profiling"
06-03 21:50:22.263 15996 15996 I AndroidRuntime: Leaving lock profiling enabled
06-03 21:50:22.263 15996 15996 E libc    : Access denied finding property "persist.device_config.runtime_native_boot.enable_generational_cc"
06-03 21:50:22.265 15996 15996 I app_process: Core platform API reporting enabled, enforcing=false
06-03 21:50:22.312 15996 15996 W app_process: Unexpected CPU variant for X86 using defaults: x86
06-03 21:50:22.312 15996 15996 I app_process: The ClassLoaderContext is a special shared library.
06-03 21:50:22.319 15996 15996 W app_process: JNI RegisterNativeMethods: attempt to register 0 native methods for android.media.AudioAttributes
06-03 21:50:22.546   530  1654 I system_server: oneway function results will be dropped but finished with status OK and parcel size 4
06-03 21:50:22.546   530  1654 I system_server: oneway function results will be dropped but finished with status OK and parcel size 4
06-03 21:50:22.613  4149  4149 E AccessibilityInteractionClient: 1 Disconnected nodes.
06-03 21:50:22.680   530 10664 I system_server: oneway function results will be dropped but finished with status OK and parcel size 4
06-03 21:50:24.153   179   179 I hwservicemanager: getTransport: Cannot find entry android.hardware.graphics.mapper@4.0::IMapper/default in either framework or device manifest.
06-03 21:50:24.153 16038 16038 I Gralloc4: mapper 4.x is not supported
06-03 21:50:24.318 16042 16044 I cmd     : oneway function results will be dropped but finished with status OK and parcel size 4
06-03 21:50:24.319  1466  2347 I MediaProvider: Begin Intent { act=android.intent.action.MEDIA_SCANNER_SCAN_FILE dat=file:///sdcard/screen_2023-06-03_215026.png flg=0x1400010 cmp=com.android.providers.media.module/com.android.providers.media.MediaService }
06-03 21:50:24.316  1466  1466 W com.android.providers.media.module: type=1400 audit(0.0:36987): avc: denied { read } for comm=4173796E635461736B202331 name="primary" dev="tmpfs" ino=18207 scontext=u:r:mediaprovider_app:s0:c118,c256,c512,c768 tcontext=u:object_r:mnt_pass_through_file:s0 tclass=lnk_file permissive=0 app=com.android.providers.media.module
06-03 21:50:24.321  1466  2347 W ModernMediaScanner: Failed to visit /sdcard/screen_2023-06-03_215026.png: java.nio.file.AccessDeniedException: /sdcard/screen_2023-06-03_215026.png
06-03 21:50:24.322  1466  2347 I MediaProvider: Scanned internal due to REASON_DEMAND, found 0 items in 2ms, 0 inserts 0 updates 0 deletes
06-03 21:50:24.316  1466  1466 W com.android.providers.media.module: type=1400 audit(0.0:36988): avc: denied { read } for comm=4173796E635461736B202331 name="primary" dev="tmpfs" ino=18207 scontext=u:r:mediaprovider_app:s0:c118,c256,c512,c768 tcontext=u:object_r:mnt_pass_through_file:s0 tclass=lnk_file permissive=0 app=com.android.providers.media.module
06-03 21:50:24.348     0     0 W audit   : audit_lost=17840 audit_rate_limit=5 audit_backlog_limit=64
06-03 21:50:24.349     0     0 E audit   : rate limit exceeded
06-03 21:50:24.323  1466  2347 I MediaProvider: End Intent { act=android.intent.action.MEDIA_SCANNER_SCAN_FILE dat=file:///sdcard/screen_2023-06-03_215026.png flg=0x1400010 cmp=com.android.providers.media.module/com.android.providers.media.MediaService }
06-03 21:50:24.316  1466  1466 W com.android.providers.media.module: type=1400 audit(0.0:36989): avc: denied { read } for comm=4173796E635461736B202331 name="primary" dev="tmpfs" ino=18207 scontext=u:r:mediaprovider_app:s0:c118,c256,c512,c768 tcontext=u:object_r:mnt_pass_through_file:s0 tclass=lnk_file permissive=0 app=com.android.providers.media.module
06-03 21:50:24.352  1466  1653 I MediaProvider: Deleted 1 items on external_primary due to com.android.shell
06-03 21:50:24.713   179   179 I hwservicemanager: getTransport: Cannot find entry android.hardware.graphics.mapper@4.0::IMapper/default in either framework or device manifest.
06-03 21:50:24.713 16078 16078 I Gralloc4: mapper 4.x is not supported
06-03 21:50:24.872 16082 16084 I cmd     : oneway function results will be dropped but finished with status OK and parcel size 4
06-03 21:50:24.873  1466  2347 I MediaProvider: Begin Intent { act=android.intent.action.MEDIA_SCANNER_SCAN_FILE dat=file:///sdcard/screen_2023-06-03_215027.png flg=0x1400010 cmp=com.android.providers.media.module/com.android.providers.media.MediaService }
06-03 21:50:24.874  1466  2347 W ModernMediaScanner: Failed to visit /sdcard/screen_2023-06-03_215027.png: java.nio.file.AccessDeniedException: /sdcard/screen_2023-06-03_215027.png
06-03 21:50:24.875  1466  2347 I MediaProvider: Scanned internal due to REASON_DEMAND, found 0 items in 1ms, 0 inserts 0 updates 0 deletes
06-03 21:50:24.876  1466  2347 I MediaProvider: End Intent { act=android.intent.action.MEDIA_SCANNER_SCAN_FILE dat=file:///sdcard/screen_2023-06-03_215027.png flg=0x1400010 cmp=com.android.providers.media.module/com.android.providers.media.MediaService }
06-03 21:50:24.901  1466  1653 I MediaProvider: Deleted 1 items on external_primary due to com.android.shell
06-03 21:50:24.998 16093 16095 I cmd     : oneway function results will be dropped but finished with status OK and parcel size 4
06-03 21:50:25.645   530  1654 I system_server: oneway function results will be dropped but finished with status OK and parcel size 4
06-03 21:50:34.851   179   179 I hwservicemanager: getTransport: Cannot find entry android.hardware.graphics.mapper@4.0::IMapper/default in either framework or device manifest.
06-03 21:50:34.852 16133 16133 I Gralloc4: mapper 4.x is not supported
06-03 21:50:35.015 16138 16140 I cmd     : oneway function results will be dropped but finished with status OK and parcel size 4
06-03 21:50:35.016  1466  2347 I MediaProvider: Begin Intent { act=android.intent.action.MEDIA_SCANNER_SCAN_FILE dat=file:///sdcard/screen_2023-06-03_215037.png flg=0x1400010 cmp=com.android.providers.media.module/com.android.providers.media.MediaService }
06-03 21:50:35.012  1466  1466 W com.android.providers.media.module: type=1400 audit(0.0:36999): avc: denied { read } for comm=4173796E635461736B202331 name="primary" dev="tmpfs" ino=18207 scontext=u:r:mediaprovider_app:s0:c118,c256,c512,c768 tcontext=u:object_r:mnt_pass_through_file:s0 tclass=lnk_file permissive=0 app=com.android.providers.media.module
06-03 21:50:35.045     0     0 W audit   : audit_lost=17847 audit_rate_limit=5 audit_backlog_limit=64
06-03 21:50:35.046     0     0 E audit   : rate limit exceeded
06-03 21:50:35.012  1466  1466 W com.android.providers.media.module: type=1400 audit(0.0:37000): avc: denied { read } for comm=4173796E635461736B202331 name="primary" dev="tmpfs" ino=18207 scontext=u:r:mediaprovider_app:s0:c118,c256,c512,c768 tcontext=u:object_r:mnt_pass_through_file:s0 tclass=lnk_file permissive=0 app=com.android.providers.media.module
06-03 21:50:35.019  1466  2347 W ModernMediaScanner: Failed to visit /sdcard/screen_2023-06-03_215037.png: java.nio.file.AccessDeniedException: /sdcard/screen_2023-06-03_215037.png
06-03 21:50:35.020  1466  2347 I MediaProvider: Scanned internal due to REASON_DEMAND, found 0 items in 3ms, 0 inserts 0 updates 0 deletes
06-03 21:50:35.012  1466  1466 W com.android.providers.media.module: type=1400 audit(0.0:37001): avc: denied { read } for comm=4173796E635461736B202331 name="primary" dev="tmpfs" ino=18207 scontext=u:r:mediaprovider_app:s0:c118,c256,c512,c768 tcontext=u:object_r:mnt_pass_through_file:s0 tclass=lnk_file permissive=0 app=com.android.providers.media.module
06-03 21:50:35.021  1466  2347 I MediaProvider: End Intent { act=android.intent.action.MEDIA_SCANNER_SCAN_FILE dat=file:///sdcard/screen_2023-06-03_215037.png flg=0x1400010 cmp=com.android.providers.media.module/com.android.providers.media.MediaService }
06-03 21:50:35.012  1466  1466 W com.android.providers.media.module: type=1400 audit(0.0:37002): avc: denied { read } for comm=4173796E635461736B202331 name="primary" dev="tmpfs" ino=18207 scontext=u:r:mediaprovider_app:s0:c118,c256,c512,c768 tcontext=u:object_r:mnt_pass_through_file:s0 tclass=lnk_file permissive=0 app=com.android.providers.media.module
06-03 21:50:35.041  1466  4324 I MediaProvider: Deleted 1 items on external_primary due to com.android.shell
06-03 21:50:35.078 16151 16153 I cmd     : oneway function results will be dropped but finished with status OK and parcel size 4
06-03 21:50:35.156 16166 16168 I cmd     : oneway function results will be dropped but finished with status OK and parcel size 4
06-03 21:50:35.320 16196 16198 I cmd     : oneway function results will be dropped but finished with status OK and parcel size 4
06-03 21:50:35.452 16208 16208 E libc    : Access denied finding property "persist.device_config.runtime_native_boot.profilebootclasspath"
06-03 21:50:35.452 16208 16208 E libc    : Access denied finding property "persist.device_config.runtime_native_boot.enable_apex_image"
06-03 21:50:35.452 16208 16208 I AndroidRuntime: Using default boot image
06-03 21:50:35.452 16208 16208 E libc    : Access denied finding property "persist.device_config.runtime_native_boot.disable_lock_profiling"
06-03 21:50:35.452 16208 16208 I AndroidRuntime: Leaving lock profiling enabled
06-03 21:50:35.452 16208 16208 E libc    : Access denied finding property "persist.device_config.runtime_native_boot.enable_generational_cc"
06-03 21:50:35.453 16208 16208 W app_process: Could not reserve sentinel fault page
06-03 21:50:35.453 16208 16208 I app_process: Core platform API reporting enabled, enforcing=false
06-03 21:50:35.498 16208 16208 W app_process: Unexpected CPU variant for X86 using defaults: x86
06-03 21:50:35.498 16208 16208 I app_process: The ClassLoaderContext is a special shared library.
06-03 21:50:35.504 16208 16208 W app_process: JNI RegisterNativeMethods: attempt to register 0 native methods for android.media.AudioAttributes
06-03 21:50:36.180 16227 16229 I cmd     : oneway function results will be dropped but finished with status OK and parcel size 4
06-03 21:50:36.326   530   576 W BroadcastQueue: Background execution not allowed: receiving Intent { act=android.net.conn.NETWORK_CONDITIONS_MEASURED flg=0x10 (has extras) } to com.google.android.gms/.chimera.GmsIntentOperationService$PersistentTrustedReceiver
06-03 21:50:37.384   179   179 I hwservicemanager: getTransport: Cannot find entry android.hardware.graphics.mapper@4.0::IMapper/default in either framework or device manifest.
06-03 21:50:37.384 16248 16248 I Gralloc4: mapper 4.x is not supported
06-03 21:50:37.539 16252 16254 I cmd     : oneway function results will be dropped but finished with status OK and parcel size 4
06-03 21:50:37.540  1466  2347 I MediaProvider: Begin Intent { act=android.intent.action.MEDIA_SCANNER_SCAN_FILE dat=file:///sdcard/screen_2023-06-03_215039.png flg=0x1400010 cmp=com.android.providers.media.module/com.android.providers.media.MediaService }
06-03 21:50:37.536  1466  1466 W com.android.providers.media.module: type=1400 audit(0.0:37009): avc: denied { read } for comm=4173796E635461736B202331 name="primary" dev="tmpfs" ino=18207 scontext=u:r:mediaprovider_app:s0:c118,c256,c512,c768 tcontext=u:object_r:mnt_pass_through_file:s0 tclass=lnk_file permissive=0 app=com.android.providers.media.module
06-03 21:50:37.569     0     0 W audit   : audit_lost=17852 audit_rate_limit=5 audit_backlog_limit=64
06-03 21:50:37.570     0     0 E audit   : rate limit exceeded
06-03 21:50:37.536  1466  1466 W com.android.providers.media.module: type=1400 audit(0.0:37010): avc: denied { read } for comm=4173796E635461736B202331 name="primary" dev="tmpfs" ino=18207 scontext=u:r:mediaprovider_app:s0:c118,c256,c512,c768 tcontext=u:object_r:mnt_pass_through_file:s0 tclass=lnk_file permissive=0 app=com.android.providers.media.module
06-03 21:50:37.543  1466  2347 W ModernMediaScanner: Failed to visit /sdcard/screen_2023-06-03_215039.png: java.nio.file.AccessDeniedException: /sdcard/screen_2023-06-03_215039.png
06-03 21:50:37.544  1466  2347 I MediaProvider: Scanned internal due to REASON_DEMAND, found 0 items in 3ms, 0 inserts 0 updates 0 deletes
06-03 21:50:37.536  1466  1466 W com.android.providers.media.module: type=1400 audit(0.0:37011): avc: denied { read } for comm=4173796E635461736B202331 name="primary" dev="tmpfs" ino=18207 scontext=u:r:mediaprovider_app:s0:c118,c256,c512,c768 tcontext=u:object_r:mnt_pass_through_file:s0 tclass=lnk_file permissive=0 app=com.android.providers.media.module
06-03 21:50:37.545  1466  2347 I MediaProvider: End Intent { act=android.intent.action.MEDIA_SCANNER_SCAN_FILE dat=file:///sdcard/screen_2023-06-03_215039.png flg=0x1400010 cmp=com.android.providers.media.module/com.android.providers.media.MediaService }
06-03 21:50:37.536  1466  1466 W com.android.providers.media.module: type=1400 audit(0.0:37012): avc: denied { read } for comm=4173796E635461736B202331 name="primary" dev="tmpfs" ino=18207 scontext=u:r:mediaprovider_app:s0:c118,c256,c512,c768 tcontext=u:object_r:mnt_pass_through_file:s0 tclass=lnk_file permissive=0 app=com.android.providers.media.module
06-03 21:50:37.568  1466  1652 I MediaProvider: Deleted 1 items on external_primary due to com.android.shell
06-03 21:50:37.624 16263 16265 I cmd     : oneway function results will be dropped but finished with status OK and parcel size 4
06-03 21:50:37.873   179   179 I hwservicemanager: getTransport: Cannot find entry android.hardware.graphics.mapper@4.0::IMapper/default in either framework or device manifest.
06-03 21:50:37.873 16285 16285 I Gralloc4: mapper 4.x is not supported
06-03 21:50:38.029 16289 16291 I cmd     : oneway function results will be dropped but finished with status OK and parcel size 4
06-03 21:50:38.029  1466  2347 I MediaProvider: Begin Intent { act=android.intent.action.MEDIA_SCANNER_SCAN_FILE dat=file:///sdcard/screen_2023-06-03_215040.png flg=0x1400010 cmp=com.android.providers.media.module/com.android.providers.media.MediaService }
06-03 21:50:38.030  1466  2347 W ModernMediaScanner: Failed to visit /sdcard/screen_2023-06-03_215040.png: java.nio.file.AccessDeniedException: /sdcard/screen_2023-06-03_215040.png
06-03 21:50:38.031  1466  2347 I MediaProvider: Scanned internal due to REASON_DEMAND, found 0 items in 2ms, 0 inserts 0 updates 0 deletes
06-03 21:50:38.032  1466  2347 I MediaProvider: End Intent { act=android.intent.action.MEDIA_SCANNER_SCAN_FILE dat=file:///sdcard/screen_2023-06-03_215040.png flg=0x1400010 cmp=com.android.providers.media.module/com.android.providers.media.MediaService }
06-03 21:50:38.055  1466  1653 I MediaProvider: Deleted 1 items on external_primary due to com.android.shell
06-03 21:50:38.147 16300 16303 I cmd     : oneway function results will be dropped but finished with status OK and parcel size 4
06-03 21:50:49.125   507   507 E netmgr  : qemu_pipe_open_ns:62: Could not connect to the 'pipe:qemud:network' service: Invalid argument
06-03 21:50:49.125   507   507 E netmgr  : Failed to open QEMU pipe 'qemud:network': Invalid argument
06-03 21:50:51.509  1885 16337 I GmscoreIpa: Starting mediastore instant index
06-03 21:50:52.769   179   179 I hwservicemanager: getTransport: Cannot find entry android.hardware.graphics.mapper@4.0::IMapper/default in either framework or device manifest.
06-03 21:50:52.769 16354 16354 I Gralloc4: mapper 4.x is not supported
06-03 21:50:52.935 16358 16360 I cmd     : oneway function results will be dropped but finished with status OK and parcel size 4
06-03 21:50:52.936  1466  2347 I MediaProvider: Begin Intent { act=android.intent.action.MEDIA_SCANNER_SCAN_FILE dat=file:///sdcard/screen_2023-06-03_215055.png flg=0x1400010 cmp=com.android.providers.media.module/com.android.providers.media.MediaService }
06-03 21:50:52.932  1466  1466 W com.android.providers.media.module: type=1400 audit(0.0:37021): avc: denied { read } for comm=4173796E635461736B202331 name="primary" dev="tmpfs" ino=18207 scontext=u:r:mediaprovider_app:s0:c118,c256,c512,c768 tcontext=u:object_r:mnt_pass_through_file:s0 tclass=lnk_file permissive=0 app=com.android.providers.media.module
06-03 21:50:52.965     0     0 W audit   : audit_lost=17859 audit_rate_limit=5 audit_backlog_limit=64
06-03 21:50:52.966     0     0 E audit   : rate limit exceeded
06-03 21:50:52.932  1466  1466 W com.android.providers.media.module: type=1400 audit(0.0:37022): avc: denied { read } for comm=4173796E635461736B202331 name="primary" dev="tmpfs" ino=18207 scontext=u:r:mediaprovider_app:s0:c118,c256,c512,c768 tcontext=u:object_r:mnt_pass_through_file:s0 tclass=lnk_file permissive=0 app=com.android.providers.media.module
06-03 21:50:52.939  1466  2347 W ModernMediaScanner: Failed to visit /sdcard/screen_2023-06-03_215055.png: java.nio.file.AccessDeniedException: /sdcard/screen_2023-06-03_215055.png
