--------- beginning of main
06-04 11:56:17.348   223   226 E android.system.suspend@1.0-service: Error opening kernel wakelock stats for: wakeup34: Permission denied
06-04 11:56:17.344   223   223 W Binder:223_2: type=1400 audit(0.0:39969): avc: denied { read } for name="wakeup34" dev="sysfs" ino=19211 scontext=u:r:system_suspend:s0 tcontext=u:object_r:sysfs:s0 tclass=dir permissive=0
06-04 11:56:17.352   223   226 E android.system.suspend@1.0-service: Error opening kernel wakelock stats for: wakeup35: Permission denied
06-04 11:56:17.348   223   223 W Binder:223_2: type=1400 audit(0.0:39970): avc: denied { read } for name="wakeup35" dev="sysfs" ino=19274 scontext=u:r:system_suspend:s0 tcontext=u:object_r:sysfs:s0 tclass=dir permissive=0
06-04 11:56:19.386  6435  6437 I cmd     : oneway function results will be dropped but finished with status OK and parcel size 4
06-04 11:56:19.467  6456  6458 I cmd     : oneway function results will be dropped but finished with status OK and parcel size 4
--------- beginning of kernel
06-04 11:56:19.507  6466  6471 I cmd     : oneway function results will be dropped but finished with status OK and parcel size 4
06-04 11:56:19.524  6472  6475 I cmd     : oneway function results will be dropped but finished with status OK and parcel size 4
--------- beginning of system
06-04 11:55:38.663   530  4350 I chatty  : uid=1000(system) Binder:530_15 expire 1 line
06-04 11:55:38.663   530  4350 W ActivityTaskManager: Current config: {1.0 310mcc260mnc [en_US] ldltr sw411dp w411dp h804dp 560dpi nrml long port finger qwerty/v/v dpad/v winConfig={ mBounds=Rect(0, 0 - 1440, 3120) mAppBounds=Rect(0, 136 - 1440, 2952) mWindowingMode=fullscreen mDisplayWindowingMode=fullscreen mActivityType=undefined mAlwaysOnTop=undefined mRotation=ROTATION_0} s.25} unchanged for IME proc com.android.inputmethod.latin
06-04 11:56:19.553   530  4350 W ActivityTaskManager: Current config: {1.0 310mcc260mnc [en_US] ldltr sw411dp w411dp h804dp 560dpi nrml long port finger qwerty/v/v dpad/v winConfig={ mBounds=Rect(0, 0 - 1440, 3120) mAppBounds=Rect(0, 136 - 1440, 2952) mWindowingMode=fullscreen mDisplayWindowingMode=fullscreen mActivityType=undefined mAlwaysOnTop=undefined mRotation=ROTATION_0} s.25} unchanged for IME proc io.github.ylimit.droidbotapp
06-04 11:56:19.597   343   343 E SurfaceFlinger: [InputMethod#0] rejecting buffer: bufWidth=1440, bufHeight=304, front.active_legacy.{w=1440, h=168}
06-04 11:56:19.621  6498  6502 I cmd     : oneway function results will be dropped but finished with status OK and parcel size 4
06-04 11:56:19.704  6512  6512 E libc    : Access denied finding property "persist.device_config.runtime_native_boot.profilebootclasspath"
06-04 11:56:19.704  6512  6512 E libc    : Access denied finding property "persist.device_config.runtime_native_boot.enable_apex_image"
06-04 11:56:19.704  6512  6512 I AndroidRuntime: Using default boot image
06-04 11:56:19.704  6512  6512 E libc    : Access denied finding property "persist.device_config.runtime_native_boot.disable_lock_profiling"
06-04 11:56:19.704  6512  6512 I AndroidRuntime: Leaving lock profiling enabled
06-04 11:56:19.705  6512  6512 E libc    : Access denied finding property "persist.device_config.runtime_native_boot.enable_generational_cc"
06-04 11:56:19.700  6512  6512 W app_process: type=1400 audit(0.0:39971): avc: denied { read } for name="u:object_r:device_config_runtime_native_boot_prop:s0" dev="tmpfs" ino=8368 scontext=u:r:shell:s0 tcontext=u:object_r:device_config_runtime_native_boot_prop:s0 tclass=file permissive=0
06-04 11:56:19.706  6512  6512 W app_process: Could not reserve sentinel fault page
06-04 11:56:19.706  6512  6512 I app_process: Core platform API reporting enabled, enforcing=false
06-04 11:56:19.700  6512  6512 W app_process: type=1400 audit(0.0:39972): avc: denied { read } for name="u:object_r:device_config_runtime_native_boot_prop:s0" dev="tmpfs" ino=8368 scontext=u:r:shell:s0 tcontext=u:object_r:device_config_runtime_native_boot_prop:s0 tclass=file permissive=0
06-04 11:56:19.752  6512  6512 W app_process: Unexpected CPU variant for X86 using defaults: x86
06-04 11:56:19.752  6512  6512 I app_process: The ClassLoaderContext is a special shared library.
06-04 11:56:19.758  6512  6512 W app_process: JNI RegisterNativeMethods: attempt to register 0 native methods for android.media.AudioAttributes
06-04 11:56:19.767   530   564 I system_server: oneway function results will be dropped but finished with status OK and parcel size 4
06-04 11:56:19.767   530   564 I chatty  : uid=1000(system) Binder:530_1 identical 1 line
06-04 11:56:19.903   530   564 I system_server: oneway function results will be dropped but finished with status OK and parcel size 4
06-04 11:56:20.238  6534  6534 E libc    : Access denied finding property "persist.device_config.runtime_native_boot.profilebootclasspath"
06-04 11:56:20.238  6534  6534 E libc    : Access denied finding property "persist.device_config.runtime_native_boot.enable_apex_image"
06-04 11:56:20.238  6534  6534 I AndroidRuntime: Using default boot image
06-04 11:56:20.238  6534  6534 E libc    : Access denied finding property "persist.device_config.runtime_native_boot.disable_lock_profiling"
06-04 11:56:20.238  6534  6534 I AndroidRuntime: Leaving lock profiling enabled
06-04 11:56:20.238  6534  6534 E libc    : Access denied finding property "persist.device_config.runtime_native_boot.enable_generational_cc"
06-04 11:56:20.232  6534  6534 W app_process: type=1400 audit(0.0:39975): avc: denied { read } for name="u:object_r:device_config_runtime_native_boot_prop:s0" dev="tmpfs" ino=8368 scontext=u:r:shell:s0 tcontext=u:object_r:device_config_runtime_native_boot_prop:s0 tclass=file permissive=0
06-04 11:56:20.239  6534  6534 I app_process: Core platform API reporting enabled, enforcing=false
06-04 11:56:20.232  6534  6534 W app_process: type=1400 audit(0.0:39976): avc: denied { read } for name="u:object_r:device_config_runtime_native_boot_prop:s0" dev="tmpfs" ino=8368 scontext=u:r:shell:s0 tcontext=u:object_r:device_config_runtime_native_boot_prop:s0 tclass=file permissive=0
06-04 11:56:20.271  6534  6534 W app_process: Unexpected CPU variant for X86 using defaults: x86
06-04 11:56:20.271  6534  6534 I app_process: The ClassLoaderContext is a special shared library.
06-04 11:56:20.276  6534  6534 W app_process: JNI RegisterNativeMethods: attempt to register 0 native methods for android.media.AudioAttributes
06-04 11:56:19.554   530  4350 I chatty  : uid=1000(system) Binder:530_15 identical 1 line
06-04 11:56:19.554   530  4350 W ActivityTaskManager: Current config: {1.0 310mcc260mnc [en_US] ldltr sw411dp w411dp h804dp 560dpi nrml long port finger qwerty/v/v dpad/v winConfig={ mBounds=Rect(0, 0 - 1440, 3120) mAppBounds=Rect(0, 136 - 1440, 2952) mWindowingMode=fullscreen mDisplayWindowingMode=fullscreen mActivityType=undefined mAlwaysOnTop=undefined mRotation=ROTATION_0} s.25} unchanged for IME proc io.github.ylimit.droidbotapp
06-04 11:56:20.785  6556  6558 I cmd     : oneway function results will be dropped but finished with status OK and parcel size 4
06-04 11:56:20.833   178   178 I servicemanager: Since 'apexservice' could not be found, trying to start it as a lazy AIDL service
06-04 11:56:20.863     0     0 I init    : starting service 'apexd'...
06-04 11:56:20.866     0     0 I init    : Control message: Processed ctl.interface_start for 'aidl/apexservice' from pid: 178 (/system/bin/servicemanager)
06-04 11:56:20.875     0     0 I apexd   : Scanning /system/apex for preinstalled data
06-04 11:56:20.877     0     0 I apexd   : Scanning /system_ext/apex for preinstalled data
06-04 11:56:20.877     0     0 I apexd   : ... does not exist. Skipping
06-04 11:56:20.878     0     0 I apexd   : Scanning /product/apex for preinstalled data
06-04 11:56:20.878     0     0 I apexd   : ... does not exist. Skipping
06-04 11:56:20.878     0     0 I apexd   : Scanning /vendor/apex for preinstalled data
06-04 11:56:20.878     0     0 I apexd   : ... does not exist. Skipping
06-04 11:56:20.878     0     0 I apexd   : Populating APEX database from mounts...
06-04 11:56:20.879     0     0 I apexd   : Found "/apex/com.android.mediaprovider@300000000" backed by file /system/apex/com.android.mediaprovider.apex
06-04 11:56:20.879     0     0 I apexd   : Found "/apex/com.android.tethering@300000000" backed by file /system/apex/com.android.tethering.apex
06-04 11:56:20.880     0     0 I apexd   : Found "/apex/com.android.wifi@300000000" backed by file /system/apex/com.android.wifi.apex
06-04 11:56:20.880     0     0 I apexd   : Found "/apex/com.android.cellbroadcast@300000000" backed by file /system/apex/com.android.cellbroadcast.apex
06-04 11:56:20.881     0     0 I apexd   : Found "/apex/com.android.neuralnetworks@300000000" backed by file /system/apex/com.android.neuralnetworks.apex
06-04 11:56:20.881     0     0 I apexd   : Found "/apex/com.android.resolv@300000000" backed by file /system/apex/com.android.resolv.apex
06-04 11:56:20.882     0     0 I apexd   : Found "/apex/com.android.media.swcodec@300000000" backed by file /system/apex/com.android.media.swcodec.apex
06-04 11:56:20.882     0     0 I apexd   : Found "/apex/com.android.conscrypt@300000000" backed by file /system/apex/com.android.conscrypt.apex
06-04 11:56:20.883     0     0 I apexd   : Found "/apex/com.android.adbd@300000000" backed by file /system/apex/com.android.adbd.apex
06-04 11:56:20.883     0     0 I apexd   : Found "/apex/com.android.art@1" backed by file /system/apex/com.android.art.debug.apex
06-04 11:56:20.884     0     0 I apexd   : Found "/apex/com.android.permission@300000000" backed by file /system/apex/com.android.permission.apex
06-04 11:56:20.884     0     0 I apexd   : Found "/apex/com.android.runtime@1" backed by file /system/apex/com.android.runtime.apex
06-04 11:56:20.884     0     0 I apexd   : Found "/apex/com.android.sdkext@300000000" backed by file /system/apex/com.android.sdkext.apex
06-04 11:56:20.885     0     0 I apexd   : Found "/apex/com.android.tzdata@300000000" backed by file /system/apex/com.android.tzdata.apex
06-04 11:56:20.885     0     0 I apexd   : Found "/apex/com.android.media@300000000" backed by file /system/apex/com.android.media.apex
06-04 11:56:20.886     0     0 I apexd   : Found "/apex/com.android.extservices@300000000" backed by file /system/apex/com.android.extservices.apex
06-04 11:56:20.886     0     0 I apexd   : Found "/apex/com.android.vndk.v30@1" backed by file /system/apex/com.android.vndk.current.apex
06-04 11:56:20.887     0     0 I apexd   : Found "/apex/com.android.os.statsd@300000000" backed by file /system/apex/com.android.os.statsd.apex
06-04 11:56:20.861   178   178 I BpBinder: onLastStrongRef automatically unlinking death recipients: <uncached descriptor>
06-04 11:56:20.861   178   178 I servicemanager: Tried to unregister apexservice, but there is about to be a client.
06-04 11:56:20.887     0     0 I apexd   : Found "/apex/com.android.apex.cts.shim@1" backed by file /system/apex/com.android.apex.cts.shim.apex
06-04 11:56:20.888     0     0 I apexd   : Found "/apex/com.android.i18n@1" backed by file /system/apex/com.android.i18n.apex
06-04 11:56:20.888     0     0 I apexd   : Found "/apex/com.android.ipsec@300000000" backed by file /system/apex/com.android.ipsec.apex
06-04 11:56:20.888     0     0 I apexd   : 21 packages restored.
06-04 11:56:20.889     0     0 I AidlLazyServiceRegistrar: Registering service apexservice
06-04 11:56:20.889     0     0 I AidlLazyServiceRegistrar: Trying to shut down the service. No clients in use for any service in process.
06-04 11:56:20.890     0     0 I AidlLazyServiceRegistrar: Failed to unregister service apexservice
06-04 11:56:20.967   179   179 I hwservicemanager: getTransport: Cannot find entry android.hardware.graphics.mapper@4.0::IMapper/default in either framework or device manifest.
06-04 11:56:20.967  6579  6579 I Gralloc4: mapper 4.x is not supported
06-04 11:56:21.134  1466  2347 I MediaProvider: Begin Intent { act=android.intent.action.MEDIA_SCANNER_SCAN_FILE dat=file:///sdcard/screen_2023-06-04_115624.png flg=0x1400010 cmp=com.android.providers.media.module/com.android.providers.media.MediaService }
06-04 11:56:21.128  1466  1466 W com.android.providers.media.module: type=1400 audit(0.0:39979): avc: denied { read } for comm=4173796E635461736B202331 name="primary" dev="tmpfs" ino=18207 scontext=u:r:mediaprovider_app:s0:c118,c256,c512,c768 tcontext=u:object_r:mnt_pass_through_file:s0 tclass=lnk_file permissive=0 app=com.android.providers.media.module
06-04 11:56:21.137  1466  2347 W ModernMediaScanner: Failed to visit /sdcard/screen_2023-06-04_115624.png: java.nio.file.AccessDeniedException: /sdcard/screen_2023-06-04_115624.png
06-04 11:56:21.138  1466  2347 I MediaProvider: Scanned internal due to REASON_DEMAND, found 0 items in 3ms, 0 inserts 0 updates 0 deletes
06-04 11:56:21.132  1466  1466 W com.android.providers.media.module: type=1400 audit(0.0:39981): avc: denied { read } for comm=4173796E635461736B202331 name="primary" dev="tmpfs" ino=18207 scontext=u:r:mediaprovider_app:s0:c118,c256,c512,c768 tcontext=u:object_r:mnt_pass_through_file:s0 tclass=lnk_file permissive=0 app=com.android.providers.media.module
06-04 11:56:21.163     0     0 W audit   : audit_lost=18317 audit_rate_limit=5 audit_backlog_limit=64
06-04 11:56:21.164     0     0 E audit   : rate limit exceeded
06-04 11:56:21.139  1466  2347 I MediaProvider: End Intent { act=android.intent.action.MEDIA_SCANNER_SCAN_FILE dat=file:///sdcard/screen_2023-06-04_115624.png flg=0x1400010 cmp=com.android.providers.media.module/com.android.providers.media.MediaService }
06-04 11:56:21.132  1466  1466 W com.android.providers.media.module: type=1400 audit(0.0:39982): avc: denied { read } for comm=4173796E635461736B202331 name="primary" dev="tmpfs" ino=18207 scontext=u:r:mediaprovider_app:s0:c118,c256,c512,c768 tcontext=u:object_r:mnt_pass_through_file:s0 tclass=lnk_file permissive=0 app=com.android.providers.media.module
06-04 11:56:21.159  1466  1652 I MediaProvider: Deleted 1 items on external_primary due to com.android.shell
06-04 11:56:21.276  6594  6596 I cmd     : oneway function results will be dropped but finished with status OK and parcel size 4
06-04 11:56:21.376   530   564 I ActivityManager: Force stopping com.simplemobiletools.calendar.pro appid=10126 user=0: from pid 6606
06-04 11:56:21.376   530   564 I ActivityManager: Killing 5323:com.simplemobiletools.calendar.pro/u0a126 (adj 0): stop com.simplemobiletools.calendar.pro due to from pid 6606
06-04 11:56:21.378   530   564 W ActivityTaskManager: Force removing ActivityRecord{7df71a3 u0 com.simplemobiletools.calendar.pro/.activities.TaskActivity t54 f}}: app died, no saved state
06-04 11:56:21.386   530   564 W ActivityTaskManager: Force removing ActivityRecord{692a4c2 u0 com.simplemobiletools.calendar.pro/.activities.MainActivity t54 f}}: app died, no saved state
06-04 11:56:21.387   530   564 W InputReader: Device virtio_input_multi_touch_9 is associated with display ADISPLAY_ID_NONE.
06-04 11:56:21.387   530   564 W InputReader: Device virtio_input_multi_touch_7 is associated with display ADISPLAY_ID_NONE.
06-04 11:56:21.387   530   564 W InputReader: Device virtio_input_multi_touch_10 is associated with display ADISPLAY_ID_NONE.
06-04 11:56:21.387   530   564 W InputReader: Device virtio_input_multi_touch_4 is associated with display ADISPLAY_ID_NONE.
06-04 11:56:21.387   530   564 W InputReader: Device virtio_input_multi_touch_11 is associated with display ADISPLAY_ID_NONE.
06-04 11:56:21.387   530   564 W InputReader: Device virtio_input_multi_touch_5 is associated with display ADISPLAY_ID_NONE.
06-04 11:56:21.387   530   564 W InputReader: Device virtio_input_multi_touch_6 is associated with display ADISPLAY_ID_NONE.
06-04 11:56:21.387   530   564 W InputReader: Device virtio_input_multi_touch_2 is associated with display ADISPLAY_ID_NONE.
06-04 11:56:21.387   530   564 W InputReader: Device virtio_input_multi_touch_3 is associated with display ADISPLAY_ID_NONE.
06-04 11:56:21.387   530   564 W InputReader: Device virtio_input_multi_touch_8 is associated with display ADISPLAY_ID_NONE.
06-04 11:56:21.387   530   564 W InputReader: Device virtio_input_multi_touch_9 is associated with display ADISPLAY_ID_NONE.
06-04 11:56:21.387   530   564 W InputReader: Device virtio_input_multi_touch_7 is associated with display ADISPLAY_ID_NONE.
06-04 11:56:21.387   530   564 W InputReader: Device virtio_input_multi_touch_10 is associated with display ADISPLAY_ID_NONE.
06-04 11:56:21.387   530   564 W InputReader: Device virtio_input_multi_touch_4 is associated with display ADISPLAY_ID_NONE.
06-04 11:56:21.387   530   564 W InputReader: Device virtio_input_multi_touch_11 is associated with display ADISPLAY_ID_NONE.
06-04 11:56:21.387   530   564 W InputReader: Device virtio_input_multi_touch_5 is associated with display ADISPLAY_ID_NONE.
06-04 11:56:21.387   530   564 W InputReader: Device virtio_input_multi_touch_6 is associated with display ADISPLAY_ID_NONE.
06-04 11:56:21.387   530   564 W InputReader: Device virtio_input_multi_touch_2 is associated with display ADISPLAY_ID_NONE.
06-04 11:56:21.387   530   564 W InputReader: Device virtio_input_multi_touch_3 is associated with display ADISPLAY_ID_NONE.
06-04 11:56:21.387   530   564 W InputReader: Device virtio_input_multi_touch_8 is associated with display ADISPLAY_ID_NONE.
06-04 11:56:21.389  6606  6608 I cmd     : oneway function results will be dropped but finished with status OK and parcel size 4
06-04 11:56:21.397   530  1657 W WindowManager: Cannot find window which accessibility connection is added to
06-04 11:56:21.397   302   302 I Zygote  : Process 5323 exited due to signal 9 (Killed)
06-04 11:56:21.397   530  2659 W WindowManager: Cannot find window which accessibility connection is added to
06-04 11:56:21.398   530   570 W ActivityManager: setHasOverlayUi called on unknown pid: 5323
06-04 11:56:21.424     0     0 I binder  : undelivered transaction 7502327, process died.
06-04 11:56:21.427   530   578 I libprocessgroup: Successfully killed process cgroup uid 10126 pid 5323 in 45ms
06-04 11:56:21.462     0     0 I binder  : 4149:4149 transaction failed 29189/-22, size 96-0 line 3125
06-04 11:56:21.456  6609  6609 E libc    : Access denied finding property "persist.device_config.runtime_native_boot.profilebootclasspath"
06-04 11:56:21.456  6609  6609 E libc    : Access denied finding property "persist.device_config.runtime_native_boot.enable_apex_image"
06-04 11:56:21.456  6609  6609 I AndroidRuntime: Using default boot image
06-04 11:56:21.456  6609  6609 E libc    : Access denied finding property "persist.device_config.runtime_native_boot.disable_lock_profiling"
06-04 11:56:21.456  6609  6609 I AndroidRuntime: Leaving lock profiling enabled
06-04 11:56:21.457  6609  6609 E libc    : Access denied finding property "persist.device_config.runtime_native_boot.enable_generational_cc"
06-04 11:56:21.458  6609  6609 W app_process: Could not reserve sentinel fault page
06-04 11:56:21.458  6609  6609 I app_process: Core platform API reporting enabled, enforcing=false
06-04 11:56:21.502  6609  6609 W app_process: Unexpected CPU variant for X86 using defaults: x86
06-04 11:56:21.502  6609  6609 I app_process: The ClassLoaderContext is a special shared library.
06-04 11:56:21.508  6609  6609 W app_process: JNI RegisterNativeMethods: attempt to register 0 native methods for android.media.AudioAttributes
06-04 11:56:21.513   530   568 I ActivityTaskManager: START u0 {act=android.intent.action.MAIN cat=[android.intent.category.HOME] flg=0x10000100 cmp=com.android.launcher3/.uioverrides.QuickstepLauncher (has extras)} from uid 0
06-04 11:56:21.517   393   393 I perfetto: ing_service_impl.cc:758 Configured tracing session 146, #sources:1, duration:5000 ms, #buffers:1, total buffer size:4096 KB, total sessions:1, uid:1071 session name: ""
06-04 11:56:21.517   392   392 I perfetto: probes_producer.cc:230  Ftrace setup (target_buf=146)
06-04 11:56:21.535   178   178 I servicemanager: Notifying apexservice they have clients: 1
06-04 11:56:21.563     0     0 I AidlLazyServiceRegistrar: Process has 1 (of 1 available) client(s) in use after notification android.apex.IApexService has clients: 1
06-04 11:56:21.547   392   392 I perfetto: ftrace_procfs.cc:176    enabled ftrace
06-04 11:56:21.575     0     0 W perfetto: enabled ftrace
06-04 11:56:22.869   530  2659 I system_server: oneway function results will be dropped but finished with status OK and parcel size 4
06-04 11:56:23.042   179   179 I hwservicemanager: getTransport: Cannot find entry android.hardware.graphics.mapper@4.0::IMapper/default in either framework or device manifest.
06-04 11:56:23.042  6650  6650 I Gralloc4: mapper 4.x is not supported
06-04 11:56:23.493  1466  2347 I MediaProvider: Begin Intent { act=android.intent.action.MEDIA_SCANNER_SCAN_FILE dat=file:///sdcard/screen_2023-06-04_115626.png flg=0x1400010 cmp=com.android.providers.media.module/com.android.providers.media.MediaService }
06-04 11:56:23.488  1466  1466 W com.android.providers.media.module: type=1400 audit(0.0:39989): avc: denied { read } for comm=4173796E635461736B202331 name="primary" dev="tmpfs" ino=18207 scontext=u:r:mediaprovider_app:s0:c118,c256,c512,c768 tcontext=u:object_r:mnt_pass_through_file:s0 tclass=lnk_file permissive=0 app=com.android.providers.media.module
06-04 11:56:23.525     0     0 W audit   : audit_lost=18322 audit_rate_limit=5 audit_backlog_limit=64
06-04 11:56:23.526     0     0 E audit   : rate limit exceeded
06-04 11:56:23.492  1466  1466 I chatty  : uid=10118(com.android.providers.media.module) identical 2 lines
06-04 11:56:23.492  1466  1466 W com.android.providers.media.module: type=1400 audit(0.0:39992): avc: denied { read } for comm=4173796E635461736B202331 name="primary" dev="tmpfs" ino=18207 scontext=u:r:mediaprovider_app:s0:c118,c256,c512,c768 tcontext=u:object_r:mnt_pass_through_file:s0 tclass=lnk_file permissive=0 app=com.android.providers.media.module
06-04 11:56:23.499  1466  2347 W ModernMediaScanner: Failed to visit /sdcard/screen_2023-06-04_115626.png: java.nio.file.AccessDeniedException: /sdcard/screen_2023-06-04_115626.png
06-04 11:56:23.500  1466  2347 I MediaProvider: Scanned internal due to REASON_DEMAND, found 0 items in 4ms, 0 inserts 0 updates 0 deletes
06-04 11:56:23.492  1466  1466 W com.android.providers.media.module: type=1400 audit(0.0:39993): avc: denied { read } for comm=4173796E635461736B202331 name="primary" dev="tmpfs" ino=18207 scontext=u:r:mediaprovider_app:s0:c118,c256,c512,c768 tcontext=u:object_r:mnt_pass_through_file:s0 tclass=lnk_file permissive=0 app=com.android.providers.media.module
06-04 11:56:23.501  1466  2347 I MediaProvider: End Intent { act=android.intent.action.MEDIA_SCANNER_SCAN_FILE dat=file:///sdcard/screen_2023-06-04_115626.png flg=0x1400010 cmp=com.android.providers.media.module/com.android.providers.media.MediaService }
06-04 11:56:23.529  1466  1653 I MediaProvider: Deleted 1 items on external_primary due to com.android.shell
06-04 11:56:23.728   179   179 I hwservicemanager: getTransport: Cannot find entry android.hardware.graphics.mapper@4.0::IMapper/default in either framework or device manifest.
06-04 11:56:23.728  6689  6689 I Gralloc4: mapper 4.x is not supported
06-04 11:56:24.107  6693  6695 I cmd     : oneway function results will be dropped but finished with status OK and parcel size 4
06-04 11:56:24.107  1466  2347 I MediaProvider: Begin Intent { act=android.intent.action.MEDIA_SCANNER_SCAN_FILE dat=file:///sdcard/screen_2023-06-04_115627.png flg=0x1400010 cmp=com.android.providers.media.module/com.android.providers.media.MediaService }
06-04 11:56:24.108  1466  2347 W ModernMediaScanner: Failed to visit /sdcard/screen_2023-06-04_115627.png: java.nio.file.AccessDeniedException: /sdcard/screen_2023-06-04_115627.png
06-04 11:56:24.109  1466  2347 I MediaProvider: Scanned internal due to REASON_DEMAND, found 0 items in 2ms, 0 inserts 0 updates 0 deletes
06-04 11:56:24.109  1466  2347 I MediaProvider: End Intent { act=android.intent.action.MEDIA_SCANNER_SCAN_FILE dat=file:///sdcard/screen_2023-06-04_115627.png flg=0x1400010 cmp=com.android.providers.media.module/com.android.providers.media.MediaService }
06-04 11:56:24.137  1466 24747 I MediaProvider: Deleted 1 items on external_primary due to com.android.shell
06-04 11:56:24.175  6704  6706 I cmd     : oneway function results will be dropped but finished with status OK and parcel size 4
06-04 11:56:24.415   179   179 I hwservicemanager: getTransport: Cannot find entry android.hardware.graphics.mapper@4.0::IMapper/default in either framework or device manifest.
06-04 11:56:24.415  6726  6726 I Gralloc4: mapper 4.x is not supported
06-04 11:56:24.790  6732  6734 I cmd     : oneway function results will be dropped but finished with status OK and parcel size 4
06-04 11:56:24.791  1466  2347 I MediaProvider: Begin Intent { act=android.intent.action.MEDIA_SCANNER_SCAN_FILE dat=file:///sdcard/screen_2023-06-04_115627.png flg=0x1400010 cmp=com.android.providers.media.module/com.android.providers.media.MediaService }
06-04 11:56:24.788  1466  1466 W com.android.providers.media.module: type=1400 audit(0.0:40001): avc: denied { read } for comm=4173796E635461736B202331 name="primary" dev="tmpfs" ino=18207 scontext=u:r:mediaprovider_app:s0:c118,c256,c512,c768 tcontext=u:object_r:mnt_pass_through_file:s0 tclass=lnk_file permissive=0 app=com.android.providers.media.module
06-04 11:56:24.793  1466  2347 W ModernMediaScanner: Failed to visit /sdcard/screen_2023-06-04_115627.png: java.nio.file.AccessDeniedException: /sdcard/screen_2023-06-04_115627.png
06-04 11:56:24.794  1466  2347 I MediaProvider: Scanned internal due to REASON_DEMAND, found 0 items in 2ms, 0 inserts 0 updates 0 deletes
06-04 11:56:24.788  1466  1466 W com.android.providers.media.module: type=1400 audit(0.0:40002): avc: denied { read } for comm=4173796E635461736B202331 name="primary" dev="tmpfs" ino=18207 scontext=u:r:mediaprovider_app:s0:c118,c256,c512,c768 tcontext=u:object_r:mnt_pass_through_file:s0 tclass=lnk_file permissive=0 app=com.android.providers.media.module
06-04 11:56:24.820     0     0 W audit   : audit_lost=18329 audit_rate_limit=5 audit_backlog_limit=64
06-04 11:56:24.821     0     0 E audit   : rate limit exceeded
06-04 11:56:24.795  1466  2347 I MediaProvider: End Intent { act=android.intent.action.MEDIA_SCANNER_SCAN_FILE dat=file:///sdcard/screen_2023-06-04_115627.png flg=0x1400010 cmp=com.android.providers.media.module/com.android.providers.media.MediaService }
06-04 11:56:24.788  1466  1466 W com.android.providers.media.module: type=1400 audit(0.0:40003): avc: denied { read } for comm=4173796E635461736B202331 name="primary" dev="tmpfs" ino=18207 scontext=u:r:mediaprovider_app:s0:c118,c256,c512,c768 tcontext=u:object_r:mnt_pass_through_file:s0 tclass=lnk_file permissive=0 app=com.android.providers.media.module
06-04 11:56:24.821  1466  4324 I MediaProvider: Deleted 1 items on external_primary due to com.android.shell
06-04 11:56:24.911  6743  6745 I cmd     : oneway function results will be dropped but finished with status OK and parcel size 4
06-04 11:56:24.962   530   697 I ActivityTaskManager: START u0 {act=android.intent.action.MAIN cat=[android.intent.category.LAUNCHER] flg=0x10000000 cmp=com.simplemobiletools.calendar.pro/.activities.SplashActivity.Orange} from uid 2000
06-04 11:56:24.964   393   393 I perfetto: ing_service_impl.cc:758 Configured tracing session 147, #sources:1, duration:5000 ms, #buffers:1, total buffer size:4096 KB, total sessions:2, uid:1071 session name: ""
06-04 11:56:24.964   392   392 I perfetto: probes_producer.cc:230  Ftrace setup (target_buf=147)
06-04 11:56:24.966  6755  6757 I cmd     : oneway function results will be dropped but finished with status OK and parcel size 4
06-04 11:56:24.998   530   577 I ActivityManager: Start proc 6763:com.simplemobiletools.calendar.pro/u0a126 for pre-top-activity {com.simplemobiletools.calendar.pro/com.simplemobiletools.calendar.pro.activities.SplashActivity.Orange}
06-04 11:56:25.002  6763  6763 W ls.calendar.pr: Unexpected CPU variant for X86 using defaults: x86
06-04 11:56:25.004   385   401 I adbd    : jdwp connection from 6763
06-04 11:56:25.007   530  1657 W InputReader: Device virtio_input_multi_touch_9 is associated with display ADISPLAY_ID_NONE.
06-04 11:56:25.007   530  1657 W InputReader: Device virtio_input_multi_touch_7 is associated with display ADISPLAY_ID_NONE.
06-04 11:56:25.007   530  1657 W InputReader: Device virtio_input_multi_touch_10 is associated with display ADISPLAY_ID_NONE.
06-04 11:56:25.007   530  1657 W InputReader: Device virtio_input_multi_touch_4 is associated with display ADISPLAY_ID_NONE.
06-04 11:56:25.007   530  1657 W InputReader: Device virtio_input_multi_touch_11 is associated with display ADISPLAY_ID_NONE.
06-04 11:56:25.007   530  1657 W InputReader: Device virtio_input_multi_touch_5 is associated with display ADISPLAY_ID_NONE.
06-04 11:56:25.007   530  1657 W InputReader: Device virtio_input_multi_touch_6 is associated with display ADISPLAY_ID_NONE.
06-04 11:56:25.007   530  1657 W InputReader: Device virtio_input_multi_touch_2 is associated with display ADISPLAY_ID_NONE.
06-04 11:56:25.007   530  1657 W InputReader: Device virtio_input_multi_touch_3 is associated with display ADISPLAY_ID_NONE.
06-04 11:56:25.007   530  1657 W InputReader: Device virtio_input_multi_touch_8 is associated with display ADISPLAY_ID_NONE.
06-04 11:56:25.007   530  1657 W InputReader: Device virtio_input_multi_touch_9 is associated with display ADISPLAY_ID_NONE.
06-04 11:56:25.007   530  1657 W InputReader: Device virtio_input_multi_touch_7 is associated with display ADISPLAY_ID_NONE.
06-04 11:56:25.007   530  1657 W InputReader: Device virtio_input_multi_touch_10 is associated with display ADISPLAY_ID_NONE.
06-04 11:56:25.007   530  1657 W InputReader: Device virtio_input_multi_touch_4 is associated with display ADISPLAY_ID_NONE.
06-04 11:56:25.007   530  1657 W InputReader: Device virtio_input_multi_touch_11 is associated with display ADISPLAY_ID_NONE.
06-04 11:56:25.007   530  1657 W InputReader: Device virtio_input_multi_touch_5 is associated with display ADISPLAY_ID_NONE.
06-04 11:56:25.007   530  1657 W InputReader: Device virtio_input_multi_touch_6 is associated with display ADISPLAY_ID_NONE.
06-04 11:56:25.007   530  1657 W InputReader: Device virtio_input_multi_touch_2 is associated with display ADISPLAY_ID_NONE.
06-04 11:56:25.007   530  1657 W InputReader: Device virtio_input_multi_touch_3 is associated with display ADISPLAY_ID_NONE.
06-04 11:56:25.007   530  1657 W InputReader: Device virtio_input_multi_touch_8 is associated with display ADISPLAY_ID_NONE.
06-04 11:56:25.018  6763  6763 I MultiDex: VM with version 2.1.0 has multidex support
06-04 11:56:25.018  6763  6763 I MultiDex: Installing application
06-04 11:56:25.018  6763  6763 I MultiDex: VM has multidex support, MultiDex support library is disabled.
06-04 11:56:25.030   530  1657 I ActivityTaskManager: START u0 {cmp=com.simplemobiletools.calendar.pro/.activities.MainActivity} from uid 10126
06-04 11:56:25.034   530  1657 W ActivityTaskManager: Tried to set launchTime (0) < mLastActivityLaunchTime (160182799)
06-04 11:56:25.034   530  1657 W InputReader: Device virtio_input_multi_touch_9 is associated with display ADISPLAY_ID_NONE.
06-04 11:56:25.035   530  1657 W InputReader: Device virtio_input_multi_touch_7 is associated with display ADISPLAY_ID_NONE.
06-04 11:56:25.035   530  1657 W InputReader: Device virtio_input_multi_touch_10 is associated with display ADISPLAY_ID_NONE.
06-04 11:56:25.035   530  1657 W InputReader: Device virtio_input_multi_touch_4 is associated with display ADISPLAY_ID_NONE.
06-04 11:56:25.035   530  1657 W InputReader: Device virtio_input_multi_touch_11 is associated with display ADISPLAY_ID_NONE.
06-04 11:56:25.035   530  1657 W InputReader: Device virtio_input_multi_touch_5 is associated with display ADISPLAY_ID_NONE.
06-04 11:56:25.035   530  1657 W InputReader: Device virtio_input_multi_touch_6 is associated with display ADISPLAY_ID_NONE.
06-04 11:56:25.035   530  1657 W InputReader: Device virtio_input_multi_touch_2 is associated with display ADISPLAY_ID_NONE.
06-04 11:56:25.035   530  1657 W InputReader: Device virtio_input_multi_touch_3 is associated with display ADISPLAY_ID_NONE.
06-04 11:56:25.035   530  1657 W InputReader: Device virtio_input_multi_touch_8 is associated with display ADISPLAY_ID_NONE.
06-04 11:56:25.035   530  1657 W InputReader: Device virtio_input_multi_touch_9 is associated with display ADISPLAY_ID_NONE.
06-04 11:56:25.035   530  1657 W InputReader: Device virtio_input_multi_touch_7 is associated with display ADISPLAY_ID_NONE.
06-04 11:56:25.035   530  1657 W InputReader: Device virtio_input_multi_touch_10 is associated with display ADISPLAY_ID_NONE.
06-04 11:56:25.035   530  1657 W InputReader: Device virtio_input_multi_touch_4 is associated with display ADISPLAY_ID_NONE.
06-04 11:56:25.035   530  1657 W InputReader: Device virtio_input_multi_touch_11 is associated with display ADISPLAY_ID_NONE.
06-04 11:56:25.035   530  1657 W InputReader: Device virtio_input_multi_touch_5 is associated with display ADISPLAY_ID_NONE.
06-04 11:56:25.035   530  1657 W InputReader: Device virtio_input_multi_touch_6 is associated with display ADISPLAY_ID_NONE.
06-04 11:56:25.035   530  1657 W InputReader: Device virtio_input_multi_touch_2 is associated with display ADISPLAY_ID_NONE.
06-04 11:56:25.035   530  1657 W InputReader: Device virtio_input_multi_touch_3 is associated with display ADISPLAY_ID_NONE.
06-04 11:56:25.035   530  1657 W InputReader: Device virtio_input_multi_touch_8 is associated with display ADISPLAY_ID_NONE.
06-04 11:56:25.152   179   179 I hwservicemanager: getTransport: Cannot find entry android.hardware.configstore@1.0::ISurfaceFlingerConfigs/default in either framework or device manifest.
06-04 11:56:25.153  6763  6789 W OpenGLRenderer: Failed to choose config with EGL_SWAP_BEHAVIOR_PRESERVED, retrying without...
06-04 11:56:25.166   179   179 I hwservicemanager: getTransport: Cannot find entry android.hardware.graphics.mapper@4.0::IMapper/default in either framework or device manifest.
06-04 11:56:25.166  6763  6789 I Gralloc4: mapper 4.x is not supported
06-04 11:56:25.211   530   575 I ActivityTaskManager: Displayed com.simplemobiletools.calendar.pro/.activities.MainActivity: +246ms
06-04 11:56:26.045   530  1439 E TaskPersister: File error accessing recents directory (directory doesn't exist?).
06-04 11:56:26.173   179   179 I hwservicemanager: getTransport: Cannot find entry android.hardware.graphics.mapper@4.0::IMapper/default in either framework or device manifest.
06-04 11:56:26.174  6822  6822 I Gralloc4: mapper 4.x is not supported
06-04 11:56:26.330  6826  6828 I cmd     : oneway function results will be dropped but finished with status OK and parcel size 4
06-04 11:56:26.331  1466  2347 I MediaProvider: Begin Intent { act=android.intent.action.MEDIA_SCANNER_SCAN_FILE dat=file:///sdcard/screen_2023-06-04_115629.png flg=0x1400010 cmp=com.android.providers.media.module/com.android.providers.media.MediaService }
06-04 11:56:26.328  1466  1466 W com.android.providers.media.module: type=1400 audit(0.0:40007): avc: denied { read } for comm=4173796E635461736B202331 name="primary" dev="tmpfs" ino=18207 scontext=u:r:mediaprovider_app:s0:c118,c256,c512,c768 tcontext=u:object_r:mnt_pass_through_file:s0 tclass=lnk_file permissive=0 app=com.android.providers.media.module
06-04 11:56:26.328  1466  1466 W com.android.providers.media.module: type=1400 audit(0.0:40008): avc: denied { read } for comm=4173796E635461736B202331 name="primary" dev="tmpfs" ino=18207 scontext=u:r:mediaprovider_app:s0:c118,c256,c512,c768 tcontext=u:object_r:mnt_pass_through_file:s0 tclass=lnk_file permissive=0 app=com.android.providers.media.module
06-04 11:56:26.334  1466  2347 W ModernMediaScanner: Failed to visit /sdcard/screen_2023-06-04_115629.png: java.nio.file.AccessDeniedException: /sdcard/screen_2023-06-04_115629.png
06-04 11:56:26.360     0     0 W audit   : audit_lost=18330 audit_rate_limit=5 audit_backlog_limit=64
06-04 11:56:26.361     0     0 E audit   : rate limit exceeded
06-04 11:56:26.335  1466  2347 I MediaProvider: Scanned internal due to REASON_DEMAND, found 0 items in 3ms, 0 inserts 0 updates 0 deletes
06-04 11:56:26.328  1466  1466 W com.android.providers.media.module: type=1400 audit(0.0:40009): avc: denied { read } for comm=4173796E635461736B202331 name="primary" dev="tmpfs" ino=18207 scontext=u:r:mediaprovider_app:s0:c118,c256,c512,c768 tcontext=u:object_r:mnt_pass_through_file:s0 tclass=lnk_file permissive=0 app=com.android.providers.media.module
06-04 11:56:26.336  1466  2347 I MediaProvider: End Intent { act=android.intent.action.MEDIA_SCANNER_SCAN_FILE dat=file:///sdcard/screen_2023-06-04_115629.png flg=0x1400010 cmp=com.android.providers.media.module/com.android.providers.media.MediaService }
06-04 11:56:26.328  1466  1466 W com.android.providers.media.module: type=1400 audit(0.0:40010): avc: denied { read } for comm=4173796E635461736B202331 name="primary" dev="tmpfs" ino=18207 scontext=u:r:mediaprovider_app:s0:c118,c256,c512,c768 tcontext=u:object_r:mnt_pass_through_file:s0 tclass=lnk_file permissive=0 app=com.android.providers.media.module
06-04 11:56:26.358  1466  1653 I MediaProvider: Deleted 1 items on external_primary due to com.android.shell
06-04 11:56:26.409  6837  6839 I cmd     : oneway function results will be dropped but finished with status OK and parcel size 4
06-04 11:56:26.518   392   392 I perfetto: probes_producer.cc:329  Producer stop (id=146)
06-04 11:56:26.519   393   393 I perfetto: ng_service_impl.cc:1948 Tracing session 146 ended, total sessions:1
06-04 11:56:26.535   178   178 I servicemanager: Notifying apexservice they have clients: 0
06-04 11:56:26.563     0     0 I AidlLazyServiceRegistrar: Process has 0 (of 1 available) client(s) in use after notification android.apex.IApexService has clients: 0
06-04 11:56:26.565     0     0 I AidlLazyServiceRegistrar: Trying to shut down the service. No clients in use for any service in process.
06-04 11:56:26.539   178   178 I BpBinder: onLastStrongRef automatically unlinking death recipients: <uncached descriptor>
06-04 11:56:26.567     0     0 I AidlLazyServiceRegistrar: Unregistered all clients and exiting
06-04 11:56:26.573     0     0 I init    : Service 'apexd' (pid 6563) exited with status 0 oneshot service took 5.708000 seconds in background
06-04 11:56:26.575     0     0 I init    : Sending signal 9 to service 'apexd' (pid 6563) process group...
06-04 11:56:26.576     0     0 I libprocessgroup: Successfully killed process cgroup uid 0 pid 6563 in 0ms
06-04 11:56:26.613   179   179 I hwservicemanager: getTransport: Cannot find entry android.hardware.graphics.mapper@4.0::IMapper/default in either framework or device manifest.
06-04 11:56:26.613  6859  6859 I Gralloc4: mapper 4.x is not supported
06-04 11:56:26.765  6866  6868 I cmd     : oneway function results will be dropped but finished with status OK and parcel size 4
06-04 11:56:26.765  1466  2347 I MediaProvider: Begin Intent { act=android.intent.action.MEDIA_SCANNER_SCAN_FILE dat=file:///sdcard/screen_2023-06-04_115629.png flg=0x1400010 cmp=com.android.providers.media.module/com.android.providers.media.MediaService }
06-04 11:56:26.766  1466  2347 W ModernMediaScanner: Failed to visit /sdcard/screen_2023-06-04_115629.png: java.nio.file.AccessDeniedException: /sdcard/screen_2023-06-04_115629.png
06-04 11:56:26.767  1466  2347 I MediaProvider: Scanned internal due to REASON_DEMAND, found 0 items in 1ms, 0 inserts 0 updates 0 deletes
06-04 11:56:26.768  1466  2347 I MediaProvider: End Intent { act=android.intent.action.MEDIA_SCANNER_SCAN_FILE dat=file:///sdcard/screen_2023-06-04_115629.png flg=0x1400010 cmp=com.android.providers.media.module/com.android.providers.media.MediaService }
06-04 11:56:26.790  1466 24747 I MediaProvider: Deleted 1 items on external_primary due to com.android.shell
06-04 11:56:26.835  6877  6879 I cmd     : oneway function results will be dropped but finished with status OK and parcel size 4
06-04 11:56:29.109   179   179 I hwservicemanager: getTransport: Cannot find entry android.hardware.graphics.mapper@4.0::IMapper/default in either framework or device manifest.
06-04 11:56:29.109  6905  6905 I Gralloc4: mapper 4.x is not supported
06-04 11:56:29.266  6909  6911 I cmd     : oneway function results will be dropped but finished with status OK and parcel size 4
06-04 11:56:29.267  1466  2347 I MediaProvider: Begin Intent { act=android.intent.action.MEDIA_SCANNER_SCAN_FILE dat=file:///sdcard/screen_2023-06-04_115632.png flg=0x1400010 cmp=com.android.providers.media.module/com.android.providers.media.MediaService }
06-04 11:56:29.264  1466  1466 W com.android.providers.media.module: type=1400 audit(0.0:40019): avc: denied { read } for comm=4173796E635461736B202331 name="primary" dev="tmpfs" ino=18207 scontext=u:r:mediaprovider_app:s0:c118,c256,c512,c768 tcontext=u:object_r:mnt_pass_through_file:s0 tclass=lnk_file permissive=0 app=com.android.providers.media.module
06-04 11:56:29.296     0     0 W audit   : audit_lost=18337 audit_rate_limit=5 audit_backlog_limit=64
06-04 11:56:29.297     0     0 E audit   : rate limit exceeded
06-04 11:56:29.264  1466  1466 W com.android.providers.media.module: type=1400 audit(0.0:40020): avc: denied { read } for comm=4173796E635461736B202331 name="primary" dev="tmpfs" ino=18207 scontext=u:r:mediaprovider_app:s0:c118,c256,c512,c768 tcontext=u:object_r:mnt_pass_through_file:s0 tclass=lnk_file permissive=0 app=com.android.providers.media.module
06-04 11:56:29.271  1466  2347 W ModernMediaScanner: Failed to visit /sdcard/screen_2023-06-04_115632.png: java.nio.file.AccessDeniedException: /sdcard/screen_2023-06-04_115632.png
06-04 11:56:29.272  1466  2347 I MediaProvider: Scanned internal due to REASON_DEMAND, found 0 items in 4ms, 0 inserts 0 updates 0 deletes
06-04 11:56:29.264  1466  1466 W com.android.providers.media.module: type=1400 audit(0.0:40021): avc: denied { read } for comm=4173796E635461736B202331 name="primary" dev="tmpfs" ino=18207 scontext=u:r:mediaprovider_app:s0:c118,c256,c512,c768 tcontext=u:object_r:mnt_pass_through_file:s0 tclass=lnk_file permissive=0 app=com.android.providers.media.module
06-04 11:56:29.272  1466  2347 I MediaProvider: End Intent { act=android.intent.action.MEDIA_SCANNER_SCAN_FILE dat=file:///sdcard/screen_2023-06-04_115632.png flg=0x1400010 cmp=com.android.providers.media.module/com.android.providers.media.MediaService }
06-04 11:56:29.264  1466  1466 W com.android.providers.media.module: type=1400 audit(0.0:40022): avc: denied { read } for comm=4173796E635461736B202331 name="primary" dev="tmpfs" ino=18207 scontext=u:r:mediaprovider_app:s0:c118,c256,c512,c768 tcontext=u:object_r:mnt_pass_through_file:s0 tclass=lnk_file permissive=0 app=com.android.providers.media.module
06-04 11:56:29.291  1466  1652 I MediaProvider: Deleted 1 items on external_primary due to com.android.shell
06-04 11:56:29.466  6935  6937 I cmd     : oneway function results will be dropped but finished with status OK and parcel size 4
06-04 11:56:29.561  6965  6967 I cmd     : oneway function results will be dropped but finished with status OK and parcel size 4
06-04 11:56:29.679  6977  6977 E libc    : Access denied finding property "persist.device_config.runtime_native_boot.profilebootclasspath"
06-04 11:56:29.679  6977  6977 E libc    : Access denied finding property "persist.device_config.runtime_native_boot.enable_apex_image"
06-04 11:56:29.679  6977  6977 I AndroidRuntime: Using default boot image
06-04 11:56:29.679  6977  6977 E libc    : Access denied finding property "persist.device_config.runtime_native_boot.disable_lock_profiling"
06-04 11:56:29.679  6977  6977 I AndroidRuntime: Leaving lock profiling enabled
06-04 11:56:29.679  6977  6977 E libc    : Access denied finding property "persist.device_config.runtime_native_boot.enable_generational_cc"
06-04 11:56:29.680  6977  6977 I app_process: Core platform API reporting enabled, enforcing=false
06-04 11:56:29.726  6977  6977 W app_process: Unexpected CPU variant for X86 using defaults: x86
06-04 11:56:29.727  6977  6977 I app_process: The ClassLoaderContext is a special shared library.
06-04 11:56:29.733  6977  6977 W app_process: JNI RegisterNativeMethods: attempt to register 0 native methods for android.media.AudioAttributes
06-04 11:56:29.953   530  1657 I system_server: oneway function results will be dropped but finished with status OK and parcel size 4
06-04 11:56:29.953   530  1657 I system_server: oneway function results will be dropped but finished with status OK and parcel size 4
06-04 11:56:29.967   392   392 I perfetto: probes_producer.cc:329  Producer stop (id=147)
06-04 11:56:29.967   392   392 I perfetto: ftrace_procfs.cc:183    disabled ftrace
06-04 11:56:29.968   393   393 I perfetto: ng_service_impl.cc:1948 Tracing session 147 ended, total sessions:0
06-04 11:56:29.968   428  6759 I iorapd  : Perfetto TraceBuffer saved to file: /data/misc/iorapd/com.simplemobiletools.calendar.pro/235/com.simplemobiletools.calendar.pro.activities.SplashActivity.Orange/raw_traces/1685850989968453040.perfetto_trace.pb
06-04 11:56:29.995     0     0 W perfetto: disabled ftrace
06-04 11:56:30.088   530   853 I system_server: oneway function results will be dropped but finished with status OK and parcel size 4
06-04 11:56:31.499   179   179 I hwservicemanager: getTransport: Cannot find entry android.hardware.graphics.mapper@4.0::IMapper/default in either framework or device manifest.
06-04 11:56:31.499  7014  7014 I Gralloc4: mapper 4.x is not supported
06-04 11:56:31.657  7018  7020 I cmd     : oneway function results will be dropped but finished with status OK and parcel size 4
06-04 11:56:31.658  1466  2347 I MediaProvider: Begin Intent { act=android.intent.action.MEDIA_SCANNER_SCAN_FILE dat=file:///sdcard/screen_2023-06-04_115634.png flg=0x1400010 cmp=com.android.providers.media.module/com.android.providers.media.MediaService }
06-04 11:56:31.652  1466  1466 W com.android.providers.media.module: type=1400 audit(0.0:40029): avc: denied { read } for comm=4173796E635461736B202331 name="primary" dev="tmpfs" ino=18207 scontext=u:r:mediaprovider_app:s0:c118,c256,c512,c768 tcontext=u:object_r:mnt_pass_through_file:s0 tclass=lnk_file permissive=0 app=com.android.providers.media.module
06-04 11:56:31.660  1466  2347 W ModernMediaScanner: Failed to visit /sdcard/screen_2023-06-04_115634.png: java.nio.file.AccessDeniedException: /sdcard/screen_2023-06-04_115634.png
06-04 11:56:31.661  1466  2347 I MediaProvider: Scanned internal due to REASON_DEMAND, found 0 items in 2ms, 0 inserts 0 updates 0 deletes
06-04 11:56:31.652  1466  1466 W com.android.providers.media.module: type=1400 audit(0.0:40030): avc: denied { read } for comm=4173796E635461736B202331 name="primary" dev="tmpfs" ino=18207 scontext=u:r:mediaprovider_app:s0:c118,c256,c512,c768 tcontext=u:object_r:mnt_pass_through_file:s0 tclass=lnk_file permissive=0 app=com.android.providers.media.module
06-04 11:56:31.662  1466  2347 I MediaProvider: End Intent { act=android.intent.action.MEDIA_SCANNER_SCAN_FILE dat=file:///sdcard/screen_2023-06-04_115634.png flg=0x1400010 cmp=com.android.providers.media.module/com.android.providers.media.MediaService }
06-04 11:56:31.687     0     0 W audit   : audit_lost=18342 audit_rate_limit=5 audit_backlog_limit=64
06-04 11:56:31.688     0     0 E audit   : rate limit exceeded
06-04 11:56:31.656  1466  1466 W com.android.providers.media.module: type=1400 audit(0.0:40031): avc: denied { read } for comm=4173796E635461736B202331 name="primary" dev="tmpfs" ino=18207 scontext=u:r:mediaprovider_app:s0:c118,c256,c512,c768 tcontext=u:object_r:mnt_pass_through_file:s0 tclass=lnk_file permissive=0 app=com.android.providers.media.module
06-04 11:56:31.689  1466  1653 I MediaProvider: Deleted 1 items on external_primary due to com.android.shell
06-04 11:56:31.809  7029  7031 I cmd     : oneway function results will be dropped but finished with status OK and parcel size 4
06-04 11:56:32.001   179   179 I hwservicemanager: getTransport: Cannot find entry android.hardware.graphics.mapper@4.0::IMapper/default in either framework or device manifest.
06-04 11:56:32.001  7053  7053 I Gralloc4: mapper 4.x is not supported
06-04 11:56:32.156  7057  7059 I cmd     : oneway function results will be dropped but finished with status OK and parcel size 4
06-04 11:56:32.157  1466  2347 I MediaProvider: Begin Intent { act=android.intent.action.MEDIA_SCANNER_SCAN_FILE dat=file:///sdcard/screen_2023-06-04_115635.png flg=0x1400010 cmp=com.android.providers.media.module/com.android.providers.media.MediaService }
06-04 11:56:32.158  1466  2347 W ModernMediaScanner: Failed to visit /sdcard/screen_2023-06-04_115635.png: java.nio.file.AccessDeniedException: /sdcard/screen_2023-06-04_115635.png
06-04 11:56:32.158  1466  2347 I MediaProvider: Scanned internal due to REASON_DEMAND, found 0 items in 2ms, 0 inserts 0 updates 0 deletes
06-04 11:56:32.159  1466  2347 I MediaProvider: End Intent { act=android.intent.action.MEDIA_SCANNER_SCAN_FILE dat=file:///sdcard/screen_2023-06-04_115635.png flg=0x1400010 cmp=com.android.providers.media.module/com.android.providers.media.MediaService }
06-04 11:56:32.182  1466 24747 I MediaProvider: Deleted 1 items on external_primary due to com.android.shell
06-04 11:56:32.228  7068  7070 I cmd     : oneway function results will be dropped but finished with status OK and parcel size 4
06-04 11:56:33.054   530  1657 I system_server: oneway function results will be dropped but finished with status OK and parcel size 4
