06-03 21:50:52.932  1466  1466 W com.android.providers.media.module: type=1400 audit(0.0:37023): avc: denied { read } for comm=4173796E635461736B202331 name="primary" dev="tmpfs" ino=18207 scontext=u:r:mediaprovider_app:s0:c118,c256,c512,c768 tcontext=u:object_r:mnt_pass_through_file:s0 tclass=lnk_file permissive=0 app=com.android.providers.media.module
06-03 21:50:52.940  1466  2347 I MediaProvider: Scanned internal due to REASON_DEMAND, found 0 items in 3ms, 0 inserts 0 updates 0 deletes
06-03 21:50:52.941  1466  2347 I MediaProvider: End Intent { act=android.intent.action.MEDIA_SCANNER_SCAN_FILE dat=file:///sdcard/screen_2023-06-03_215055.png flg=0x1400010 cmp=com.android.providers.media.module/com.android.providers.media.MediaService }
06-03 21:50:52.932  1466  1466 W com.android.providers.media.module: type=1400 audit(0.0:37024): avc: denied { read } for comm=4173796E635461736B202331 name="primary" dev="tmpfs" ino=18207 scontext=u:r:mediaprovider_app:s0:c118,c256,c512,c768 tcontext=u:object_r:mnt_pass_through_file:s0 tclass=lnk_file permissive=0 app=com.android.providers.media.module
06-03 21:50:52.963  1466  4324 I MediaProvider: Deleted 1 items on external_primary due to com.android.shell
06-03 21:50:53.057 16369 16371 I cmd     : oneway function results will be dropped but finished with status OK and parcel size 4
06-03 21:50:53.168 16384 16386 I cmd     : oneway function results will be dropped but finished with status OK and parcel size 4
06-03 21:50:53.262 16399 16401 I cmd     : oneway function results will be dropped but finished with status OK and parcel size 4
06-03 21:50:53.352 16414 16416 I cmd     : oneway function results will be dropped but finished with status OK and parcel size 4
06-03 21:50:53.456 16426 16426 E libc    : Access denied finding property "persist.device_config.runtime_native_boot.profilebootclasspath"
06-03 21:50:53.456 16426 16426 E libc    : Access denied finding property "persist.device_config.runtime_native_boot.enable_apex_image"
06-03 21:50:53.456 16426 16426 I AndroidRuntime: Using default boot image
06-03 21:50:53.456 16426 16426 E libc    : Access denied finding property "persist.device_config.runtime_native_boot.disable_lock_profiling"
06-03 21:50:53.456 16426 16426 I AndroidRuntime: Leaving lock profiling enabled
06-03 21:50:53.456 16426 16426 E libc    : Access denied finding property "persist.device_config.runtime_native_boot.enable_generational_cc"
06-03 21:50:53.458 16426 16426 I app_process: Core platform API reporting enabled, enforcing=false
06-03 21:50:53.510 16426 16426 W app_process: Unexpected CPU variant for X86 using defaults: x86
06-03 21:50:53.511 16426 16426 I app_process: The ClassLoaderContext is a special shared library.
06-03 21:50:53.517 16426 16426 W app_process: JNI RegisterNativeMethods: attempt to register 0 native methods for android.media.AudioAttributes
06-03 21:50:54.185 16445 16447 I cmd     : oneway function results will be dropped but finished with status OK and parcel size 4
06-03 21:50:55.380   179   179 I hwservicemanager: getTransport: Cannot find entry android.hardware.graphics.mapper@4.0::IMapper/default in either framework or device manifest.
06-03 21:50:55.380 16463 16463 I Gralloc4: mapper 4.x is not supported
06-03 21:50:55.534  1466  2347 I MediaProvider: Begin Intent { act=android.intent.action.MEDIA_SCANNER_SCAN_FILE dat=file:///sdcard/screen_2023-06-03_215057.png flg=0x1400010 cmp=com.android.providers.media.module/com.android.providers.media.MediaService }
06-03 21:50:55.528  1466  1466 W com.android.providers.media.module: type=1400 audit(0.0:37031): avc: denied { read } for comm=4173796E635461736B202331 name="primary" dev="tmpfs" ino=18207 scontext=u:r:mediaprovider_app:s0:c118,c256,c512,c768 tcontext=u:object_r:mnt_pass_through_file:s0 tclass=lnk_file permissive=0 app=com.android.providers.media.module
06-03 21:50:55.562     0     0 W audit   : audit_lost=17864 audit_rate_limit=5 audit_backlog_limit=64
06-03 21:50:55.564     0     0 E audit   : rate limit exceeded
06-03 21:50:55.528  1466  1466 I chatty  : uid=10118(com.android.providers.media.module) identical 2 lines
06-03 21:50:55.528  1466  1466 W com.android.providers.media.module: type=1400 audit(0.0:37034): avc: denied { read } for comm=4173796E635461736B202331 name="primary" dev="tmpfs" ino=18207 scontext=u:r:mediaprovider_app:s0:c118,c256,c512,c768 tcontext=u:object_r:mnt_pass_through_file:s0 tclass=lnk_file permissive=0 app=com.android.providers.media.module
06-03 21:50:55.540  1466  2347 W ModernMediaScanner: Failed to visit /sdcard/screen_2023-06-03_215057.png: java.nio.file.AccessDeniedException: /sdcard/screen_2023-06-03_215057.png
06-03 21:50:55.528  1466  1466 W com.android.providers.media.module: type=1400 audit(0.0:37035): avc: denied { read } for comm=4173796E635461736B202331 name="primary" dev="tmpfs" ino=18207 scontext=u:r:mediaprovider_app:s0:c118,c256,c512,c768 tcontext=u:object_r:mnt_pass_through_file:s0 tclass=lnk_file permissive=0 app=com.android.providers.media.module
06-03 21:50:55.541  1466  2347 I MediaProvider: Scanned internal due to REASON_DEMAND, found 0 items in 7ms, 0 inserts 0 updates 0 deletes
06-03 21:50:55.542  1466  2347 I MediaProvider: End Intent { act=android.intent.action.MEDIA_SCANNER_SCAN_FILE dat=file:///sdcard/screen_2023-06-03_215057.png flg=0x1400010 cmp=com.android.providers.media.module/com.android.providers.media.MediaService }
06-03 21:50:55.563  1466 24747 I MediaProvider: Deleted 1 items on external_primary due to com.android.shell
06-03 21:50:55.630 16478 16480 I cmd     : oneway function results will be dropped but finished with status OK and parcel size 4
06-03 21:50:55.842   179   179 I hwservicemanager: getTransport: Cannot find entry android.hardware.graphics.mapper@4.0::IMapper/default in either framework or device manifest.
06-03 21:50:55.842 16502 16502 I Gralloc4: mapper 4.x is not supported
06-03 21:50:55.998 16506 16508 I cmd     : oneway function results will be dropped but finished with status OK and parcel size 4
06-03 21:50:55.999  1466  2347 I MediaProvider: Begin Intent { act=android.intent.action.MEDIA_SCANNER_SCAN_FILE dat=file:///sdcard/screen_2023-06-03_215058.png flg=0x1400010 cmp=com.android.providers.media.module/com.android.providers.media.MediaService }
06-03 21:50:56.000  1466  2347 W ModernMediaScanner: Failed to visit /sdcard/screen_2023-06-03_215058.png: java.nio.file.AccessDeniedException: /sdcard/screen_2023-06-03_215058.png
06-03 21:50:56.001  1466  2347 I MediaProvider: Scanned internal due to REASON_DEMAND, found 0 items in 1ms, 0 inserts 0 updates 0 deletes
06-03 21:50:56.001  1466  2347 I MediaProvider: End Intent { act=android.intent.action.MEDIA_SCANNER_SCAN_FILE dat=file:///sdcard/screen_2023-06-03_215058.png flg=0x1400010 cmp=com.android.providers.media.module/com.android.providers.media.MediaService }
06-03 21:50:56.024  1466  1652 I MediaProvider: Deleted 1 items on external_primary due to com.android.shell
06-03 21:51:01.759   509   509 E wifi_forwarder: qemu_pipe_open_ns:62: Could not connect to the 'pipe:qemud:wififorward' service: Invalid argument
06-03 21:51:01.759   509   509 E wifi_forwarder: RemoteConnection failed to initialize: RemoteConnection failed to open pipe
06-03 21:51:02.196   223   226 E android.system.suspend@1.0-service: Error opening kernel wakelock stats for: wakeup34: Permission denied
06-03 21:51:02.192   223   223 W Binder:223_2: type=1400 audit(0.0:37043): avc: denied { read } for name="wakeup34" dev="sysfs" ino=19211 scontext=u:r:system_suspend:s0 tcontext=u:object_r:sysfs:s0 tclass=dir permissive=0
06-03 21:51:02.205   223   226 E android.system.suspend@1.0-service: Error opening kernel wakelock stats for: wakeup35: Permission denied
06-03 21:51:02.200   223   223 W Binder:223_2: type=1400 audit(0.0:37044): avc: denied { read } for name="wakeup35" dev="sysfs" ino=19274 scontext=u:r:system_suspend:s0 tcontext=u:object_r:sysfs:s0 tclass=dir permissive=0
06-03 21:51:02.444   223   226 E android.system.suspend@1.0-service: Error opening kernel wakelock stats for: wakeup34: Permission denied
06-03 21:51:02.440   223   223 W Binder:223_2: type=1400 audit(0.0:37045): avc: denied { read } for name="wakeup34" dev="sysfs" ino=19211 scontext=u:r:system_suspend:s0 tcontext=u:object_r:sysfs:s0 tclass=dir permissive=0
06-03 21:51:02.450   223   226 E android.system.suspend@1.0-service: Error opening kernel wakelock stats for: wakeup35: Permission denied
06-03 21:51:02.444   223   223 W Binder:223_2: type=1400 audit(0.0:37046): avc: denied { read } for name="wakeup35" dev="sysfs" ino=19274 scontext=u:r:system_suspend:s0 tcontext=u:object_r:sysfs:s0 tclass=dir permissive=0
06-03 21:51:11.434   179   179 I hwservicemanager: getTransport: Cannot find entry android.hardware.graphics.mapper@4.0::IMapper/default in either framework or device manifest.
06-03 21:51:11.434 16571 16571 I Gralloc4: mapper 4.x is not supported
06-03 21:51:11.599 16575 16577 I cmd     : oneway function results will be dropped but finished with status OK and parcel size 4
06-03 21:51:11.596  1466  1466 W com.android.providers.media.module: type=1400 audit(0.0:37047): avc: denied { read } for comm=4173796E635461736B202331 name="primary" dev="tmpfs" ino=18207 scontext=u:r:mediaprovider_app:s0:c118,c256,c512,c768 tcontext=u:object_r:mnt_pass_through_file:s0 tclass=lnk_file permissive=0 app=com.android.providers.media.module
06-03 21:51:11.600  1466  2347 I MediaProvider: Begin Intent { act=android.intent.action.MEDIA_SCANNER_SCAN_FILE dat=file:///sdcard/screen_2023-06-03_215113.png flg=0x1400010 cmp=com.android.providers.media.module/com.android.providers.media.MediaService }
06-03 21:51:11.602  1466  2347 W ModernMediaScanner: Failed to visit /sdcard/screen_2023-06-03_215113.png: java.nio.file.AccessDeniedException: /sdcard/screen_2023-06-03_215113.png
06-03 21:51:11.596  1466  1466 W com.android.providers.media.module: type=1400 audit(0.0:37048): avc: denied { read } for comm=4173796E635461736B202331 name="primary" dev="tmpfs" ino=18207 scontext=u:r:mediaprovider_app:s0:c118,c256,c512,c768 tcontext=u:object_r:mnt_pass_through_file:s0 tclass=lnk_file permissive=0 app=com.android.providers.media.module
06-03 21:51:11.603  1466  2347 I MediaProvider: Scanned internal due to REASON_DEMAND, found 0 items in 1ms, 0 inserts 0 updates 0 deletes
06-03 21:51:11.596  1466  1466 W com.android.providers.media.module: type=1400 audit(0.0:37049): avc: denied { read } for comm=4173796E635461736B202331 name="primary" dev="tmpfs" ino=18207 scontext=u:r:mediaprovider_app:s0:c118,c256,c512,c768 tcontext=u:object_r:mnt_pass_through_file:s0 tclass=lnk_file permissive=0 app=com.android.providers.media.module
06-03 21:51:11.604  1466  2347 I MediaProvider: End Intent { act=android.intent.action.MEDIA_SCANNER_SCAN_FILE dat=file:///sdcard/screen_2023-06-03_215113.png flg=0x1400010 cmp=com.android.providers.media.module/com.android.providers.media.MediaService }
06-03 21:51:11.596  1466  1466 W com.android.providers.media.module: type=1400 audit(0.0:37050): avc: denied { read } for comm=4173796E635461736B202331 name="primary" dev="tmpfs" ino=18207 scontext=u:r:mediaprovider_app:s0:c118,c256,c512,c768 tcontext=u:object_r:mnt_pass_through_file:s0 tclass=lnk_file permissive=0 app=com.android.providers.media.module
06-03 21:51:11.626  1466  4324 I MediaProvider: Deleted 1 items on external_primary due to com.android.shell
06-03 21:51:11.708 16586 16588 I cmd     : oneway function results will be dropped but finished with status OK and parcel size 4
06-03 21:51:11.909 16616 16618 I cmd     : oneway function results will be dropped but finished with status OK and parcel size 4
06-03 21:51:11.963 16631 16633 I cmd     : oneway function results will be dropped but finished with status OK and parcel size 4
06-03 21:51:12.043 16643 16643 E libc    : Access denied finding property "persist.device_config.runtime_native_boot.profilebootclasspath"
06-03 21:51:12.043 16643 16643 E libc    : Access denied finding property "persist.device_config.runtime_native_boot.enable_apex_image"
06-03 21:51:12.043 16643 16643 I AndroidRuntime: Using default boot image
06-03 21:51:12.043 16643 16643 E libc    : Access denied finding property "persist.device_config.runtime_native_boot.disable_lock_profiling"
06-03 21:51:12.043 16643 16643 I AndroidRuntime: Leaving lock profiling enabled
06-03 21:51:12.070     0     0 W audit   : audit_lost=17871 audit_rate_limit=5 audit_backlog_limit=64
06-03 21:51:12.070     0     0 E audit   : rate limit exceeded
06-03 21:51:12.043 16643 16643 E libc    : Access denied finding property "persist.device_config.runtime_native_boot.enable_generational_cc"
06-03 21:51:12.044 16643 16643 I app_process: Core platform API reporting enabled, enforcing=false
06-03 21:51:12.089 16643 16643 W app_process: Unexpected CPU variant for X86 using defaults: x86
06-03 21:51:12.089 16643 16643 I app_process: The ClassLoaderContext is a special shared library.
06-03 21:51:12.096 16643 16643 W app_process: JNI RegisterNativeMethods: attempt to register 0 native methods for android.media.AudioAttributes
06-03 21:51:13.927   179   179 I hwservicemanager: getTransport: Cannot find entry android.hardware.graphics.mapper@4.0::IMapper/default in either framework or device manifest.
06-03 21:51:13.927 16674 16674 I Gralloc4: mapper 4.x is not supported
06-03 21:51:14.078 16678 16680 I cmd     : oneway function results will be dropped but finished with status OK and parcel size 4
06-03 21:51:14.079  1466  2347 I MediaProvider: Begin Intent { act=android.intent.action.MEDIA_SCANNER_SCAN_FILE dat=file:///sdcard/screen_2023-06-03_215116.png flg=0x1400010 cmp=com.android.providers.media.module/com.android.providers.media.MediaService }
06-03 21:51:14.076  1466  1466 W com.android.providers.media.module: type=1400 audit(0.0:37057): avc: denied { read } for comm=4173796E635461736B202331 name="primary" dev="tmpfs" ino=18207 scontext=u:r:mediaprovider_app:s0:c118,c256,c512,c768 tcontext=u:object_r:mnt_pass_through_file:s0 tclass=lnk_file permissive=0 app=com.android.providers.media.module
06-03 21:51:14.082  1466  2347 W ModernMediaScanner: Failed to visit /sdcard/screen_2023-06-03_215116.png: java.nio.file.AccessDeniedException: /sdcard/screen_2023-06-03_215116.png
06-03 21:51:14.108     0     0 W audit   : audit_lost=17875 audit_rate_limit=5 audit_backlog_limit=64
06-03 21:51:14.109     0     0 E audit   : rate limit exceeded
06-03 21:51:14.083  1466  2347 I MediaProvider: Scanned internal due to REASON_DEMAND, found 0 items in 3ms, 0 inserts 0 updates 0 deletes
06-03 21:51:14.076  1466  1466 W com.android.providers.media.module: type=1400 audit(0.0:37059): avc: denied { read } for comm=4173796E635461736B202331 name="primary" dev="tmpfs" ino=18207 scontext=u:r:mediaprovider_app:s0:c118,c256,c512,c768 tcontext=u:object_r:mnt_pass_through_file:s0 tclass=lnk_file permissive=0 app=com.android.providers.media.module
06-03 21:51:14.084  1466  2347 I MediaProvider: End Intent { act=android.intent.action.MEDIA_SCANNER_SCAN_FILE dat=file:///sdcard/screen_2023-06-03_215116.png flg=0x1400010 cmp=com.android.providers.media.module/com.android.providers.media.MediaService }
06-03 21:51:14.076  1466  1466 W com.android.providers.media.module: type=1400 audit(0.0:37060): avc: denied { read } for comm=4173796E635461736B202331 name="primary" dev="tmpfs" ino=18207 scontext=u:r:mediaprovider_app:s0:c118,c256,c512,c768 tcontext=u:object_r:mnt_pass_through_file:s0 tclass=lnk_file permissive=0 app=com.android.providers.media.module
06-03 21:51:14.106  1466 24747 I MediaProvider: Deleted 1 items on external_primary due to com.android.shell
06-03 21:51:14.180 16689 16691 I cmd     : oneway function results will be dropped but finished with status OK and parcel size 4
06-03 21:51:14.446   179   179 I hwservicemanager: getTransport: Cannot find entry android.hardware.graphics.mapper@4.0::IMapper/default in either framework or device manifest.
06-03 21:51:14.446 16711 16711 I Gralloc4: mapper 4.x is not supported
06-03 21:51:14.597 16717 16719 I cmd     : oneway function results will be dropped but finished with status OK and parcel size 4
06-03 21:51:14.598  1466  2347 I MediaProvider: Begin Intent { act=android.intent.action.MEDIA_SCANNER_SCAN_FILE dat=file:///sdcard/screen_2023-06-03_215116.png flg=0x1400010 cmp=com.android.providers.media.module/com.android.providers.media.MediaService }
06-03 21:51:14.599  1466  2347 W ModernMediaScanner: Failed to visit /sdcard/screen_2023-06-03_215116.png: java.nio.file.AccessDeniedException: /sdcard/screen_2023-06-03_215116.png
06-03 21:51:14.600  1466  2347 I MediaProvider: Scanned internal due to REASON_DEMAND, found 0 items in 1ms, 0 inserts 0 updates 0 deletes
06-03 21:51:14.601  1466  2347 I MediaProvider: End Intent { act=android.intent.action.MEDIA_SCANNER_SCAN_FILE dat=file:///sdcard/screen_2023-06-03_215116.png flg=0x1400010 cmp=com.android.providers.media.module/com.android.providers.media.MediaService }
06-03 21:51:14.623  1466 24747 I MediaProvider: Deleted 1 items on external_primary due to com.android.shell
06-03 21:51:14.682 16728 16730 I cmd     : oneway function results will be dropped but finished with status OK and parcel size 4
06-03 21:51:17.556   223   226 E android.system.suspend@1.0-service: Error opening kernel wakelock stats for: wakeup34: Permission denied
06-03 21:51:17.552   223   223 W Binder:223_2: type=1400 audit(0.0:37069): avc: denied { read } for name="wakeup34" dev="sysfs" ino=19211 scontext=u:r:system_suspend:s0 tcontext=u:object_r:sysfs:s0 tclass=dir permissive=0
06-03 21:51:17.562   223   226 E android.system.suspend@1.0-service: Error opening kernel wakelock stats for: wakeup35: Permission denied
06-03 21:51:17.556   223   223 W Binder:223_2: type=1400 audit(0.0:37070): avc: denied { read } for name="wakeup35" dev="sysfs" ino=19274 scontext=u:r:system_suspend:s0 tcontext=u:object_r:sysfs:s0 tclass=dir permissive=0
06-03 21:51:22.816  1885 16765 I GmscoreIpa: Starting mediastore instant index
06-03 21:51:29.291   223   226 E android.system.suspend@1.0-service: Error opening kernel wakelock stats for: wakeup34: Permission denied
06-03 21:51:29.288   223   223 W Binder:223_2: type=1400 audit(0.0:37071): avc: denied { read } for name="wakeup34" dev="sysfs" ino=19211 scontext=u:r:system_suspend:s0 tcontext=u:object_r:sysfs:s0 tclass=dir permissive=0
06-03 21:51:29.299   223   226 E android.system.suspend@1.0-service: Error opening kernel wakelock stats for: wakeup35: Permission denied
06-03 21:51:29.296   223   223 W Binder:223_2: type=1400 audit(0.0:37072): avc: denied { read } for name="wakeup35" dev="sysfs" ino=19274 scontext=u:r:system_suspend:s0 tcontext=u:object_r:sysfs:s0 tclass=dir permissive=0
06-03 21:51:33.474   179   179 I hwservicemanager: getTransport: Cannot find entry android.hardware.graphics.mapper@4.0::IMapper/default in either framework or device manifest.
06-03 21:51:33.474 16799 16799 I Gralloc4: mapper 4.x is not supported
06-03 21:51:33.638 16803 16805 I cmd     : oneway function results will be dropped but finished with status OK and parcel size 4
06-03 21:51:33.639  1466  2347 I MediaProvider: Begin Intent { act=android.intent.action.MEDIA_SCANNER_SCAN_FILE dat=file:///sdcard/screen_2023-06-03_215135.png flg=0x1400010 cmp=com.android.providers.media.module/com.android.providers.media.MediaService }
06-03 21:51:33.640  1466  2347 W ModernMediaScanner: Failed to visit /sdcard/screen_2023-06-03_215135.png: java.nio.file.AccessDeniedException: /sdcard/screen_2023-06-03_215135.png
06-03 21:51:33.636  1466  1466 W com.android.providers.media.module: type=1400 audit(0.0:37073): avc: denied { read } for comm=4173796E635461736B202331 name="primary" dev="tmpfs" ino=18207 scontext=u:r:mediaprovider_app:s0:c118,c256,c512,c768 tcontext=u:object_r:mnt_pass_through_file:s0 tclass=lnk_file permissive=0 app=com.android.providers.media.module
06-03 21:51:33.641  1466  2347 I MediaProvider: Scanned internal due to REASON_DEMAND, found 0 items in 2ms, 0 inserts 0 updates 0 deletes
06-03 21:51:33.641  1466  2347 I MediaProvider: End Intent { act=android.intent.action.MEDIA_SCANNER_SCAN_FILE dat=file:///sdcard/screen_2023-06-03_215135.png flg=0x1400010 cmp=com.android.providers.media.module/com.android.providers.media.MediaService }
06-03 21:51:33.636  1466  1466 W com.android.providers.media.module: type=1400 audit(0.0:37074): avc: denied { read } for comm=4173796E635461736B202331 name="primary" dev="tmpfs" ino=18207 scontext=u:r:mediaprovider_app:s0:c118,c256,c512,c768 tcontext=u:object_r:mnt_pass_through_file:s0 tclass=lnk_file permissive=0 app=com.android.providers.media.module
06-03 21:51:33.667  1466  1653 I MediaProvider: Deleted 1 items on external_primary due to com.android.shell
06-03 21:51:33.735 16814 16816 I cmd     : oneway function results will be dropped but finished with status OK and parcel size 4
06-03 21:51:33.860 16829 16831 I cmd     : oneway function results will be dropped but finished with status OK and parcel size 4
06-03 21:51:33.966 16846 16848 I cmd     : oneway function results will be dropped but finished with status OK and parcel size 4
06-03 21:51:34.059 16861 16863 I cmd     : oneway function results will be dropped but finished with status OK and parcel size 4
06-03 21:51:34.162 16873 16873 E libc    : Access denied finding property "persist.device_config.runtime_native_boot.profilebootclasspath"
06-03 21:51:34.162 16873 16873 E libc    : Access denied finding property "persist.device_config.runtime_native_boot.enable_apex_image"
06-03 21:51:34.162 16873 16873 I AndroidRuntime: Using default boot image
06-03 21:51:34.162 16873 16873 E libc    : Access denied finding property "persist.device_config.runtime_native_boot.disable_lock_profiling"
06-03 21:51:34.162 16873 16873 I AndroidRuntime: Leaving lock profiling enabled
06-03 21:51:34.162 16873 16873 E libc    : Access denied finding property "persist.device_config.runtime_native_boot.enable_generational_cc"
06-03 21:51:34.190     0     0 W audit   : audit_lost=17882 audit_rate_limit=5 audit_backlog_limit=64
06-03 21:51:34.190     0     0 E audit   : rate limit exceeded
06-03 21:51:34.164 16873 16873 W app_process: Could not reserve sentinel fault page
06-03 21:51:34.164 16873 16873 I app_process: Core platform API reporting enabled, enforcing=false
06-03 21:51:34.213 16873 16873 W app_process: Unexpected CPU variant for X86 using defaults: x86
06-03 21:51:34.214 16873 16873 I app_process: The ClassLoaderContext is a special shared library.
06-03 21:51:34.220 16873 16873 W app_process: JNI RegisterNativeMethods: attempt to register 0 native methods for android.media.AudioAttributes
06-03 21:51:36.013   179   179 I hwservicemanager: getTransport: Cannot find entry android.hardware.graphics.mapper@4.0::IMapper/default in either framework or device manifest.
06-03 21:51:36.013 16904 16904 I Gralloc4: mapper 4.x is not supported
06-03 21:51:36.167 16908 16910 I cmd     : oneway function results will be dropped but finished with status OK and parcel size 4
06-03 21:51:36.164  1466  1466 W com.android.providers.media.module: type=1400 audit(0.0:37083): avc: denied { read } for comm=4173796E635461736B202331 name="primary" dev="tmpfs" ino=18207 scontext=u:r:mediaprovider_app:s0:c118,c256,c512,c768 tcontext=u:object_r:mnt_pass_through_file:s0 tclass=lnk_file permissive=0 app=com.android.providers.media.module
06-03 21:51:36.168  1466  2347 I MediaProvider: Begin Intent { act=android.intent.action.MEDIA_SCANNER_SCAN_FILE dat=file:///sdcard/screen_2023-06-03_215138.png flg=0x1400010 cmp=com.android.providers.media.module/com.android.providers.media.MediaService }
06-03 21:51:36.199     0     0 W audit   : audit_lost=17886 audit_rate_limit=5 audit_backlog_limit=64
06-03 21:51:36.171  1466  2347 W ModernMediaScanner: Failed to visit /sdcard/screen_2023-06-03_215138.png: java.nio.file.AccessDeniedException: /sdcard/screen_2023-06-03_215138.png
06-03 21:51:36.172  1466  2347 I MediaProvider: Scanned internal due to REASON_DEMAND, found 0 items in 2ms, 0 inserts 0 updates 0 deletes
06-03 21:51:36.173  1466  2347 I MediaProvider: End Intent { act=android.intent.action.MEDIA_SCANNER_SCAN_FILE dat=file:///sdcard/screen_2023-06-03_215138.png flg=0x1400010 cmp=com.android.providers.media.module/com.android.providers.media.MediaService }
06-03 21:51:36.164  1466  1466 W com.android.providers.media.module: type=1400 audit(0.0:37084): avc: denied { read } for comm=4173796E635461736B202331 name="primary" dev="tmpfs" ino=18207 scontext=u:r:mediaprovider_app:s0:c118,c256,c512,c768 tcontext=u:object_r:mnt_pass_through_file:s0 tclass=lnk_file permissive=0 app=com.android.providers.media.module
06-03 21:51:36.199     0     0 E audit   : rate limit exceeded
06-03 21:51:36.164  1466  1466 I chatty  : uid=10118(com.android.providers.media.module) identical 2 lines
06-03 21:51:36.164  1466  1466 W com.android.providers.media.module: type=1400 audit(0.0:37087): avc: denied { read } for comm=4173796E635461736B202331 name="primary" dev="tmpfs" ino=18207 scontext=u:r:mediaprovider_app:s0:c118,c256,c512,c768 tcontext=u:object_r:mnt_pass_through_file:s0 tclass=lnk_file permissive=0 app=com.android.providers.media.module
06-03 21:51:36.193  1466  4324 I MediaProvider: Deleted 1 items on external_primary due to com.android.shell
06-03 21:51:36.228 16921 16923 I cmd     : oneway function results will be dropped but finished with status OK and parcel size 4
06-03 21:51:36.408   179   179 I hwservicemanager: getTransport: Cannot find entry android.hardware.graphics.mapper@4.0::IMapper/default in either framework or device manifest.
06-03 21:51:36.409 16943 16943 I Gralloc4: mapper 4.x is not supported
06-03 21:51:36.567 16947 16949 I cmd     : oneway function results will be dropped but finished with status OK and parcel size 4
06-03 21:51:36.568  1466  2347 I MediaProvider: Begin Intent { act=android.intent.action.MEDIA_SCANNER_SCAN_FILE dat=file:///sdcard/screen_2023-06-03_215138.png flg=0x1400010 cmp=com.android.providers.media.module/com.android.providers.media.MediaService }
06-03 21:51:36.569  1466  2347 W ModernMediaScanner: Failed to visit /sdcard/screen_2023-06-03_215138.png: java.nio.file.AccessDeniedException: /sdcard/screen_2023-06-03_215138.png
06-03 21:51:36.570  1466  2347 I MediaProvider: Scanned internal due to REASON_DEMAND, found 0 items in 1ms, 0 inserts 0 updates 0 deletes
06-03 21:51:36.571  1466  2347 I MediaProvider: End Intent { act=android.intent.action.MEDIA_SCANNER_SCAN_FILE dat=file:///sdcard/screen_2023-06-03_215138.png flg=0x1400010 cmp=com.android.providers.media.module/com.android.providers.media.MediaService }
06-03 21:51:36.596  1466  1652 I MediaProvider: Deleted 1 items on external_primary due to com.android.shell
06-03 21:51:44.110  1317  2208 E NetworkScheduler.ATC: Trying to release unacquired lock: com.google.android.gms/.phenotype.service.sync.PhenotypeConfigurator
06-03 21:51:44.114   179   179 I hwservicemanager: getTransport: Cannot find entry android.hardware.graphics.mapper@4.0::IMapper/default in either framework or device manifest.
06-03 21:51:44.114 16994 16994 I Gralloc4: mapper 4.x is not supported
06-03 21:51:44.275 16998 17000 I cmd     : oneway function results will be dropped but finished with status OK and parcel size 4
06-03 21:51:44.276  1466  2347 I MediaProvider: Begin Intent { act=android.intent.action.MEDIA_SCANNER_SCAN_FILE dat=file:///sdcard/screen_2023-06-03_215146.png flg=0x1400010 cmp=com.android.providers.media.module/com.android.providers.media.MediaService }
06-03 21:51:44.272  1466  1466 W com.android.providers.media.module: type=1400 audit(0.0:37095): avc: denied { read } for comm=4173796E635461736B202331 name="primary" dev="tmpfs" ino=18207 scontext=u:r:mediaprovider_app:s0:c118,c256,c512,c768 tcontext=u:object_r:mnt_pass_through_file:s0 tclass=lnk_file permissive=0 app=com.android.providers.media.module
06-03 21:51:44.305     0     0 W audit   : audit_lost=17893 audit_rate_limit=5 audit_backlog_limit=64
06-03 21:51:44.306     0     0 E audit   : rate limit exceeded
06-03 21:51:44.272  1466  1466 W com.android.providers.media.module: type=1400 audit(0.0:37096): avc: denied { read } for comm=4173796E635461736B202331 name="primary" dev="tmpfs" ino=18207 scontext=u:r:mediaprovider_app:s0:c118,c256,c512,c768 tcontext=u:object_r:mnt_pass_through_file:s0 tclass=lnk_file permissive=0 app=com.android.providers.media.module
06-03 21:51:44.279  1466  2347 W ModernMediaScanner: Failed to visit /sdcard/screen_2023-06-03_215146.png: java.nio.file.AccessDeniedException: /sdcard/screen_2023-06-03_215146.png
06-03 21:51:44.280  1466  2347 I MediaProvider: Scanned internal due to REASON_DEMAND, found 0 items in 3ms, 0 inserts 0 updates 0 deletes
06-03 21:51:44.272  1466  1466 W com.android.providers.media.module: type=1400 audit(0.0:37097): avc: denied { read } for comm=4173796E635461736B202331 name="primary" dev="tmpfs" ino=18207 scontext=u:r:mediaprovider_app:s0:c118,c256,c512,c768 tcontext=u:object_r:mnt_pass_through_file:s0 tclass=lnk_file permissive=0 app=com.android.providers.media.module
06-03 21:51:44.281  1466  2347 I MediaProvider: End Intent { act=android.intent.action.MEDIA_SCANNER_SCAN_FILE dat=file:///sdcard/screen_2023-06-03_215146.png flg=0x1400010 cmp=com.android.providers.media.module/com.android.providers.media.MediaService }
06-03 21:51:44.272  1466  1466 W com.android.providers.media.module: type=1400 audit(0.0:37098): avc: denied { read } for comm=4173796E635461736B202331 name="primary" dev="tmpfs" ino=18207 scontext=u:r:mediaprovider_app:s0:c118,c256,c512,c768 tcontext=u:object_r:mnt_pass_through_file:s0 tclass=lnk_file permissive=0 app=com.android.providers.media.module
06-03 21:51:44.301  1466 24747 I MediaProvider: Deleted 1 items on external_primary due to com.android.shell
06-03 21:51:44.366 17009 17011 I cmd     : oneway function results will be dropped but finished with status OK and parcel size 4
06-03 21:51:44.494 17024 17026 I cmd     : oneway function results will be dropped but finished with status OK and parcel size 4
06-03 21:51:44.563 17042 17044 I cmd     : oneway function results will be dropped but finished with status OK and parcel size 4
06-03 21:51:44.906 17069 17069 E libc    : Access denied finding property "persist.device_config.runtime_native_boot.profilebootclasspath"
06-03 21:51:44.906 17069 17069 E libc    : Access denied finding property "persist.device_config.runtime_native_boot.enable_apex_image"
06-03 21:51:44.906 17069 17069 I AndroidRuntime: Using default boot image
06-03 21:51:44.906 17069 17069 E libc    : Access denied finding property "persist.device_config.runtime_native_boot.disable_lock_profiling"
06-03 21:51:44.906 17069 17069 I AndroidRuntime: Leaving lock profiling enabled
06-03 21:51:44.906 17069 17069 E libc    : Access denied finding property "persist.device_config.runtime_native_boot.enable_generational_cc"
06-03 21:51:44.908 17069 17069 I app_process: Core platform API reporting enabled, enforcing=false
06-03 21:51:44.952 17069 17069 W app_process: Unexpected CPU variant for X86 using defaults: x86
06-03 21:51:44.953 17069 17069 I app_process: The ClassLoaderContext is a special shared library.
06-03 21:51:44.959 17069 17069 W app_process: JNI RegisterNativeMethods: attempt to register 0 native methods for android.media.AudioAttributes
06-03 21:51:46.726   179   179 I hwservicemanager: getTransport: Cannot find entry android.hardware.graphics.mapper@4.0::IMapper/default in either framework or device manifest.
06-03 21:51:46.726 17101 17101 I Gralloc4: mapper 4.x is not supported
06-03 21:51:46.888 17105 17107 I cmd     : oneway function results will be dropped but finished with status OK and parcel size 4
06-03 21:51:46.889  1466  2347 I MediaProvider: Begin Intent { act=android.intent.action.MEDIA_SCANNER_SCAN_FILE dat=file:///sdcard/screen_2023-06-03_215149.png flg=0x1400010 cmp=com.android.providers.media.module/com.android.providers.media.MediaService }
06-03 21:51:46.884  1466  1466 W com.android.providers.media.module: type=1400 audit(0.0:37105): avc: denied { read } for comm=4173796E635461736B202331 name="primary" dev="tmpfs" ino=18207 scontext=u:r:mediaprovider_app:s0:c118,c256,c512,c768 tcontext=u:object_r:mnt_pass_through_file:s0 tclass=lnk_file permissive=0 app=com.android.providers.media.module
06-03 21:51:46.892  1466  2347 W ModernMediaScanner: Failed to visit /sdcard/screen_2023-06-03_215149.png: java.nio.file.AccessDeniedException: /sdcard/screen_2023-06-03_215149.png
06-03 21:51:46.893  1466  2347 I MediaProvider: Scanned internal due to REASON_DEMAND, found 0 items in 3ms, 0 inserts 0 updates 0 deletes
06-03 21:51:46.884  1466  1466 W com.android.providers.media.module: type=1400 audit(0.0:37107): avc: denied { read } for comm=4173796E635461736B202331 name="primary" dev="tmpfs" ino=18207 scontext=u:r:mediaprovider_app:s0:c118,c256,c512,c768 tcontext=u:object_r:mnt_pass_through_file:s0 tclass=lnk_file permissive=0 app=com.android.providers.media.module
06-03 21:51:46.894  1466  2347 I MediaProvider: End Intent { act=android.intent.action.MEDIA_SCANNER_SCAN_FILE dat=file:///sdcard/screen_2023-06-03_215149.png flg=0x1400010 cmp=com.android.providers.media.module/com.android.providers.media.MediaService }
06-03 21:51:46.884  1466  1466 W com.android.providers.media.module: type=1400 audit(0.0:37108): avc: denied { read } for comm=4173796E635461736B202331 name="primary" dev="tmpfs" ino=18207 scontext=u:r:mediaprovider_app:s0:c118,c256,c512,c768 tcontext=u:object_r:mnt_pass_through_file:s0 tclass=lnk_file permissive=0 app=com.android.providers.media.module
06-03 21:51:46.918     0     0 W audit   : audit_lost=17898 audit_rate_limit=5 audit_backlog_limit=64
06-03 21:51:46.919     0     0 E audit   : rate limit exceeded
06-03 21:51:46.884  1466  1466 W com.android.providers.media.module: type=1400 audit(0.0:37109): avc: denied { read } for comm=4173796E635461736B202331 name="primary" dev="tmpfs" ino=18207 scontext=u:r:mediaprovider_app:s0:c118,c256,c512,c768 tcontext=u:object_r:mnt_pass_through_file:s0 tclass=lnk_file permissive=0 app=com.android.providers.media.module
06-03 21:51:46.914  1466  1653 I MediaProvider: Deleted 1 items on external_primary due to com.android.shell
06-03 21:51:46.974 17116 17118 I cmd     : oneway function results will be dropped but finished with status OK and parcel size 4
06-03 21:51:47.235   179   179 I hwservicemanager: getTransport: Cannot find entry android.hardware.graphics.mapper@4.0::IMapper/default in either framework or device manifest.
06-03 21:51:47.235 17138 17138 I Gralloc4: mapper 4.x is not supported
06-03 21:51:47.400  1466  2347 I MediaProvider: Begin Intent { act=android.intent.action.MEDIA_SCANNER_SCAN_FILE dat=file:///sdcard/screen_2023-06-03_215149.png flg=0x1400010 cmp=com.android.providers.media.module/com.android.providers.media.MediaService }
06-03 21:51:47.401  1466  2347 W ModernMediaScanner: Failed to visit /sdcard/screen_2023-06-03_215149.png: java.nio.file.AccessDeniedException: /sdcard/screen_2023-06-03_215149.png
06-03 21:51:47.402  1466  2347 I MediaProvider: Scanned internal due to REASON_DEMAND, found 0 items in 2ms, 0 inserts 0 updates 0 deletes
06-03 21:51:47.402  1466  2347 I MediaProvider: End Intent { act=android.intent.action.MEDIA_SCANNER_SCAN_FILE dat=file:///sdcard/screen_2023-06-03_215149.png flg=0x1400010 cmp=com.android.providers.media.module/com.android.providers.media.MediaService }
06-03 21:51:47.428  1466  4324 I MediaProvider: Deleted 1 items on external_primary due to com.android.shell
06-03 21:51:47.481 17154 17156 I cmd     : oneway function results will be dropped but finished with status OK and parcel size 4
06-03 21:51:49.142   507   507 E netmgr  : qemu_pipe_open_ns:62: Could not connect to the 'pipe:qemud:network' service: Invalid argument
06-03 21:51:49.143   507   507 E netmgr  : Failed to open QEMU pipe 'qemud:network': Invalid argument
06-03 21:51:54.183   179   179 I hwservicemanager: getTransport: Cannot find entry android.hardware.graphics.mapper@4.0::IMapper/default in either framework or device manifest.
06-03 21:51:54.184 17190 17190 I Gralloc4: mapper 4.x is not supported
06-03 21:51:54.346 17194 17196 I cmd     : oneway function results will be dropped but finished with status OK and parcel size 4
06-03 21:51:54.346  1466  2347 I MediaProvider: Begin Intent { act=android.intent.action.MEDIA_SCANNER_SCAN_FILE dat=file:///sdcard/screen_2023-06-03_215156.png flg=0x1400010 cmp=com.android.providers.media.module/com.android.providers.media.MediaService }
06-03 21:51:54.340  1466  1466 W com.android.providers.media.module: type=1400 audit(0.0:37117): avc: denied { read } for comm=4173796E635461736B202331 name="primary" dev="tmpfs" ino=18207 scontext=u:r:mediaprovider_app:s0:c118,c256,c512,c768 tcontext=u:object_r:mnt_pass_through_file:s0 tclass=lnk_file permissive=0 app=com.android.providers.media.module
06-03 21:51:54.340  1466  1466 W com.android.providers.media.module: type=1400 audit(0.0:37118): avc: denied { read } for comm=4173796E635461736B202331 name="primary" dev="tmpfs" ino=18207 scontext=u:r:mediaprovider_app:s0:c118,c256,c512,c768 tcontext=u:object_r:mnt_pass_through_file:s0 tclass=lnk_file permissive=0 app=com.android.providers.media.module
06-03 21:51:54.349  1466  2347 W ModernMediaScanner: Failed to visit /sdcard/screen_2023-06-03_215156.png: java.nio.file.AccessDeniedException: /sdcard/screen_2023-06-03_215156.png
06-03 21:51:54.375     0     0 W audit   : audit_lost=17905 audit_rate_limit=5 audit_backlog_limit=64
06-03 21:51:54.376     0     0 E audit   : rate limit exceeded
06-03 21:51:54.350  1466  2347 I MediaProvider: Scanned internal due to REASON_DEMAND, found 0 items in 4ms, 0 inserts 0 updates 0 deletes
06-03 21:51:54.351  1466  2347 I MediaProvider: End Intent { act=android.intent.action.MEDIA_SCANNER_SCAN_FILE dat=file:///sdcard/screen_2023-06-03_215156.png flg=0x1400010 cmp=com.android.providers.media.module/com.android.providers.media.MediaService }
06-03 21:51:54.340  1466  1466 W com.android.providers.media.module: type=1400 audit(0.0:37119): avc: denied { read } for comm=4173796E635461736B202331 name="primary" dev="tmpfs" ino=18207 scontext=u:r:mediaprovider_app:s0:c118,c256,c512,c768 tcontext=u:object_r:mnt_pass_through_file:s0 tclass=lnk_file permissive=0 app=com.android.providers.media.module
06-03 21:51:54.344  1466  1466 W com.android.providers.media.module: type=1400 audit(0.0:37121): avc: denied { read } for comm=4173796E635461736B202331 name="primary" dev="tmpfs" ino=18207 scontext=u:r:mediaprovider_app:s0:c118,c256,c512,c768 tcontext=u:object_r:mnt_pass_through_file:s0 tclass=lnk_file permissive=0 app=com.android.providers.media.module
06-03 21:51:54.376  1466 24747 I MediaProvider: Deleted 1 items on external_primary due to com.android.shell
06-03 21:51:54.412 17205 17207 I cmd     : oneway function results will be dropped but finished with status OK and parcel size 4
06-03 21:51:54.498 17220 17222 I cmd     : oneway function results will be dropped but finished with status OK and parcel size 4
06-03 21:51:54.915 17263 17263 E libc    : Access denied finding property "persist.device_config.runtime_native_boot.profilebootclasspath"
06-03 21:51:54.915 17263 17263 E libc    : Access denied finding property "persist.device_config.runtime_native_boot.enable_apex_image"
06-03 21:51:54.915 17263 17263 I AndroidRuntime: Using default boot image
06-03 21:51:54.915 17263 17263 E libc    : Access denied finding property "persist.device_config.runtime_native_boot.disable_lock_profiling"
06-03 21:51:54.915 17263 17263 I AndroidRuntime: Leaving lock profiling enabled
06-03 21:51:54.916 17263 17263 E libc    : Access denied finding property "persist.device_config.runtime_native_boot.enable_generational_cc"
06-03 21:51:54.917 17263 17263 I app_process: Core platform API reporting enabled, enforcing=false
06-03 21:51:54.966 17263 17263 W app_process: Unexpected CPU variant for X86 using defaults: x86
06-03 21:51:54.966 17263 17263 I app_process: The ClassLoaderContext is a special shared library.
06-03 21:51:54.973 17263 17263 W app_process: JNI RegisterNativeMethods: attempt to register 0 native methods for android.media.AudioAttributes
06-03 21:51:55.193   530   856 I system_server: oneway function results will be dropped but finished with status OK and parcel size 4
06-03 21:51:55.193   530   856 I system_server: oneway function results will be dropped but finished with status OK and parcel size 4
06-03 21:51:55.215 14726 14726 W RecyclerView: No adapter attached; skipping layout
06-03 21:51:55.215 14726 14726 I chatty  : uid=10126(com.simplemobiletools.calendar.pro) identical 3 lines
06-03 21:51:55.215 14726 14726 W RecyclerView: No adapter attached; skipping layout
06-03 21:51:55.330   530   697 I system_server: oneway function results will be dropped but finished with status OK and parcel size 4
06-03 21:51:56.797   179   179 I hwservicemanager: getTransport: Cannot find entry android.hardware.graphics.mapper@4.0::IMapper/default in either framework or device manifest.
06-03 21:51:56.797 17306 17306 I Gralloc4: mapper 4.x is not supported
06-03 21:51:56.949 17310 17312 I cmd     : oneway function results will be dropped but finished with status OK and parcel size 4
06-03 21:51:56.950  1466  2347 I MediaProvider: Begin Intent { act=android.intent.action.MEDIA_SCANNER_SCAN_FILE dat=file:///sdcard/screen_2023-06-03_215159.png flg=0x1400010 cmp=com.android.providers.media.module/com.android.providers.media.MediaService }
06-03 21:51:56.948  1466  1466 W com.android.providers.media.module: type=1400 audit(0.0:37127): avc: denied { read } for comm=4173796E635461736B202331 name="primary" dev="tmpfs" ino=18207 scontext=u:r:mediaprovider_app:s0:c118,c256,c512,c768 tcontext=u:object_r:mnt_pass_through_file:s0 tclass=lnk_file permissive=0 app=com.android.providers.media.module
06-03 21:51:56.954  1466  2347 W ModernMediaScanner: Failed to visit /sdcard/screen_2023-06-03_215159.png: java.nio.file.AccessDeniedException: /sdcard/screen_2023-06-03_215159.png
06-03 21:51:56.954  1466  2347 I MediaProvider: Scanned internal due to REASON_DEMAND, found 0 items in 4ms, 0 inserts 0 updates 0 deletes
06-03 21:51:56.979     0     0 W audit   : audit_lost=17910 audit_rate_limit=5 audit_backlog_limit=64
06-03 21:51:56.980     0     0 E audit   : rate limit exceeded
06-03 21:51:56.948  1466  1466 W com.android.providers.media.module: type=1400 audit(0.0:37129): avc: denied { read } for comm=4173796E635461736B202331 name="primary" dev="tmpfs" ino=18207 scontext=u:r:mediaprovider_app:s0:c118,c256,c512,c768 tcontext=u:object_r:mnt_pass_through_file:s0 tclass=lnk_file permissive=0 app=com.android.providers.media.module
06-03 21:51:56.955  1466  2347 I MediaProvider: End Intent { act=android.intent.action.MEDIA_SCANNER_SCAN_FILE dat=file:///sdcard/screen_2023-06-03_215159.png flg=0x1400010 cmp=com.android.providers.media.module/com.android.providers.media.MediaService }
06-03 21:51:56.948  1466  1466 W com.android.providers.media.module: type=1400 audit(0.0:37130): avc: denied { read } for comm=4173796E635461736B202331 name="primary" dev="tmpfs" ino=18207 scontext=u:r:mediaprovider_app:s0:c118,c256,c512,c768 tcontext=u:object_r:mnt_pass_through_file:s0 tclass=lnk_file permissive=0 app=com.android.providers.media.module
06-03 21:51:56.975  1466  1652 I MediaProvider: Deleted 1 items on external_primary due to com.android.shell
06-03 21:51:57.017 17323 17325 I cmd     : oneway function results will be dropped but finished with status OK and parcel size 4
06-03 21:51:57.373   179   179 I hwservicemanager: getTransport: Cannot find entry android.hardware.graphics.mapper@4.0::IMapper/default in either framework or device manifest.
06-03 21:51:57.373 17345 17345 I Gralloc4: mapper 4.x is not supported
06-03 21:51:57.528 17349 17351 I cmd     : oneway function results will be dropped but finished with status OK and parcel size 4
06-03 21:51:57.529  1466  2347 I MediaProvider: Begin Intent { act=android.intent.action.MEDIA_SCANNER_SCAN_FILE dat=file:///sdcard/screen_2023-06-03_215159.png flg=0x1400010 cmp=com.android.providers.media.module/com.android.providers.media.MediaService }
06-03 21:51:57.530  1466  2347 W ModernMediaScanner: Failed to visit /sdcard/screen_2023-06-03_215159.png: java.nio.file.AccessDeniedException: /sdcard/screen_2023-06-03_215159.png
06-03 21:51:57.531  1466  2347 I MediaProvider: Scanned internal due to REASON_DEMAND, found 0 items in 2ms, 0 inserts 0 updates 0 deletes
06-03 21:51:57.532  1466  2347 I MediaProvider: End Intent { act=android.intent.action.MEDIA_SCANNER_SCAN_FILE dat=file:///sdcard/screen_2023-06-03_215159.png flg=0x1400010 cmp=com.android.providers.media.module/com.android.providers.media.MediaService }
06-03 21:51:57.553  1466  1653 I MediaProvider: Deleted 1 items on external_primary due to com.android.shell
06-03 21:51:57.646 17360 17362 I cmd     : oneway function results will be dropped but finished with status OK and parcel size 4
06-03 21:51:58.296   530  1654 I system_server: oneway function results will be dropped but finished with status OK and parcel size 4
06-03 21:52:01.792   509   509 E wifi_forwarder: qemu_pipe_open_ns:62: Could not connect to the 'pipe:qemud:wififorward' service: Invalid argument
06-03 21:52:01.793   509   509 E wifi_forwarder: RemoteConnection failed to initialize: RemoteConnection failed to open pipe
06-03 21:52:02.100   223   226 E android.system.suspend@1.0-service: Error opening kernel wakelock stats for: wakeup34: Permission denied
06-03 21:52:02.096   223   223 W Binder:223_2: type=1400 audit(0.0:37139): avc: denied { read } for name="wakeup34" dev="sysfs" ino=19211 scontext=u:r:system_suspend:s0 tcontext=u:object_r:sysfs:s0 tclass=dir permissive=0
06-03 21:52:02.107   223   226 E android.system.suspend@1.0-service: Error opening kernel wakelock stats for: wakeup35: Permission denied
06-03 21:52:02.104   223   223 W Binder:223_2: type=1400 audit(0.0:37140): avc: denied { read } for name="wakeup35" dev="sysfs" ino=19274 scontext=u:r:system_suspend:s0 tcontext=u:object_r:sysfs:s0 tclass=dir permissive=0
06-03 21:52:02.348   223   226 E android.system.suspend@1.0-service: Error opening kernel wakelock stats for: wakeup34: Permission denied
06-03 21:52:02.344   223   223 W Binder:223_2: type=1400 audit(0.0:37141): avc: denied { read } for name="wakeup34" dev="sysfs" ino=19211 scontext=u:r:system_suspend:s0 tcontext=u:object_r:sysfs:s0 tclass=dir permissive=0
06-03 21:52:02.355   223   226 E android.system.suspend@1.0-service: Error opening kernel wakelock stats for: wakeup35: Permission denied
06-03 21:52:02.352   223   223 W Binder:223_2: type=1400 audit(0.0:37142): avc: denied { read } for name="wakeup35" dev="sysfs" ino=19274 scontext=u:r:system_suspend:s0 tcontext=u:object_r:sysfs:s0 tclass=dir permissive=0
06-03 21:52:02.543   530   856 I system_server: oneway function results will be dropped but finished with status OK and parcel size 4
06-03 21:52:02.543   530 18202 I system_server: oneway function results will be dropped but finished with status OK and parcel size 4
06-03 21:52:02.678   530   697 I system_server: oneway function results will be dropped but finished with status OK and parcel size 4
06-03 21:52:03.525  1885 17398 I GmscoreIpa: Starting mediastore instant index
06-03 21:52:05.644   530  1654 I system_server: oneway function results will be dropped but finished with status OK and parcel size 4
06-03 21:52:06.386   530   856 I system_server: oneway function results will be dropped but finished with status OK and parcel size 4
06-03 21:52:06.386   530   856 I system_server: oneway function results will be dropped but finished with status OK and parcel size 4
06-03 21:52:06.405 14726 14726 W RecyclerView: No adapter attached; skipping layout
06-03 21:52:06.405 14726 14726 I chatty  : uid=10126(com.simplemobiletools.calendar.pro) identical 3 lines
06-03 21:52:06.405 14726 14726 W RecyclerView: No adapter attached; skipping layout
06-03 21:52:06.521   530  1654 I system_server: oneway function results will be dropped but finished with status OK and parcel size 4
06-03 21:52:07.294   530  1654 I system_server: oneway function results will be dropped but finished with status OK and parcel size 4
06-03 21:52:07.426   530   697 I system_server: oneway function results will be dropped but finished with status OK and parcel size 4
06-03 21:52:08.668 14726 14726 W InputEventReceiver: Attempted to finish an input event but the input event receiver has already been disposed.
06-03 21:52:09.638   530  1654 I ActivityTaskManager: START u0 {cmp=com.simplemobiletools.calendar.pro/.activities.SettingsActivity} from uid 10126
06-03 21:52:09.640   530   697 I system_server: oneway function results will be dropped but finished with status OK and parcel size 4
06-03 21:52:09.645   393   393 I perfetto: ing_service_impl.cc:758 Configured tracing session 118, #sources:1, duration:5000 ms, #buffers:1, total buffer size:4096 KB, total sessions:1, uid:1071 session name: ""
06-03 21:52:09.646   392   392 I perfetto: probes_producer.cc:230  Ftrace setup (target_buf=118)
06-03 21:52:09.656   530   856 W ActivityTaskManager: Tried to set launchTime (0) < mLastActivityLaunchTime (109312784)
06-03 21:52:09.656   530   856 W InputReader: Device virtio_input_multi_touch_9 is associated with display ADISPLAY_ID_NONE.
06-03 21:52:09.656   530   856 W InputReader: Device virtio_input_multi_touch_7 is associated with display ADISPLAY_ID_NONE.
06-03 21:52:09.656   530   856 W InputReader: Device virtio_input_multi_touch_10 is associated with display ADISPLAY_ID_NONE.
06-03 21:52:09.656   530   856 W InputReader: Device virtio_input_multi_touch_4 is associated with display ADISPLAY_ID_NONE.
