06-03 21:52:09.656   530   856 W InputReader: Device virtio_input_multi_touch_11 is associated with display ADISPLAY_ID_NONE.
06-03 21:52:09.656   530   856 W InputReader: Device virtio_input_multi_touch_5 is associated with display ADISPLAY_ID_NONE.
06-03 21:52:09.656   530   856 W InputReader: Device virtio_input_multi_touch_6 is associated with display ADISPLAY_ID_NONE.
06-03 21:52:09.656   530   856 W InputReader: Device virtio_input_multi_touch_2 is associated with display ADISPLAY_ID_NONE.
06-03 21:52:09.656   530   856 W InputReader: Device virtio_input_multi_touch_3 is associated with display ADISPLAY_ID_NONE.
06-03 21:52:09.656   530   856 W InputReader: Device virtio_input_multi_touch_8 is associated with display ADISPLAY_ID_NONE.
06-03 21:52:09.656   530   856 W InputReader: Device virtio_input_multi_touch_9 is associated with display ADISPLAY_ID_NONE.
06-03 21:52:09.656   530   856 W InputReader: Device virtio_input_multi_touch_7 is associated with display ADISPLAY_ID_NONE.
06-03 21:52:09.656   530   856 W InputReader: Device virtio_input_multi_touch_10 is associated with display ADISPLAY_ID_NONE.
06-03 21:52:09.656   530   856 W InputReader: Device virtio_input_multi_touch_4 is associated with display ADISPLAY_ID_NONE.
06-03 21:52:09.656   530   856 W InputReader: Device virtio_input_multi_touch_11 is associated with display ADISPLAY_ID_NONE.
06-03 21:52:09.656   530   856 W InputReader: Device virtio_input_multi_touch_5 is associated with display ADISPLAY_ID_NONE.
06-03 21:52:09.656   530   856 W InputReader: Device virtio_input_multi_touch_6 is associated with display ADISPLAY_ID_NONE.
06-03 21:52:09.656   530   856 W InputReader: Device virtio_input_multi_touch_2 is associated with display ADISPLAY_ID_NONE.
06-03 21:52:09.656   530   856 W InputReader: Device virtio_input_multi_touch_3 is associated with display ADISPLAY_ID_NONE.
06-03 21:52:09.656   530   856 W InputReader: Device virtio_input_multi_touch_8 is associated with display ADISPLAY_ID_NONE.
06-03 21:52:09.680   392   392 I perfetto: ftrace_procfs.cc:176    enabled ftrace
06-03 21:52:09.708     0     0 W perfetto: enabled ftrace
06-03 21:52:09.685   530   697 I system_server: oneway function results will be dropped but finished with status OK and parcel size 4
06-03 21:52:09.685   530   697 I system_server: oneway function results will be dropped but finished with status OK and parcel size 4
06-03 21:52:09.715   530   575 I ActivityTaskManager: Displayed com.simplemobiletools.calendar.pro/.activities.SettingsActivity: +77ms
06-03 21:52:09.772   530   697 I system_server: oneway function results will be dropped but finished with status OK and parcel size 4
06-03 21:52:11.565   530   856 I system_server: oneway function results will be dropped but finished with status OK and parcel size 4
06-03 21:52:11.577   530  1654 W InputReader: Device virtio_input_multi_touch_9 is associated with display ADISPLAY_ID_NONE.
06-03 21:52:11.577   530  1654 W InputReader: Device virtio_input_multi_touch_7 is associated with display ADISPLAY_ID_NONE.
06-03 21:52:11.577   530  1654 W InputReader: Device virtio_input_multi_touch_10 is associated with display ADISPLAY_ID_NONE.
06-03 21:52:11.577   530  1654 W InputReader: Device virtio_input_multi_touch_4 is associated with display ADISPLAY_ID_NONE.
06-03 21:52:11.577   530  1654 W InputReader: Device virtio_input_multi_touch_11 is associated with display ADISPLAY_ID_NONE.
06-03 21:52:11.577   530  1654 W InputReader: Device virtio_input_multi_touch_5 is associated with display ADISPLAY_ID_NONE.
06-03 21:52:11.577   530  1654 W InputReader: Device virtio_input_multi_touch_6 is associated with display ADISPLAY_ID_NONE.
06-03 21:52:11.577   530  1654 W InputReader: Device virtio_input_multi_touch_2 is associated with display ADISPLAY_ID_NONE.
06-03 21:52:11.577   530  1654 W InputReader: Device virtio_input_multi_touch_3 is associated with display ADISPLAY_ID_NONE.
06-03 21:52:11.577   530  1654 W InputReader: Device virtio_input_multi_touch_8 is associated with display ADISPLAY_ID_NONE.
06-03 21:52:11.577   530  1654 W InputReader: Device virtio_input_multi_touch_9 is associated with display ADISPLAY_ID_NONE.
06-03 21:52:11.577   530  1654 W InputReader: Device virtio_input_multi_touch_7 is associated with display ADISPLAY_ID_NONE.
06-03 21:52:11.577   530  1654 W InputReader: Device virtio_input_multi_touch_10 is associated with display ADISPLAY_ID_NONE.
06-03 21:52:11.577   530  1654 W InputReader: Device virtio_input_multi_touch_4 is associated with display ADISPLAY_ID_NONE.
06-03 21:52:11.577   530  1654 W InputReader: Device virtio_input_multi_touch_11 is associated with display ADISPLAY_ID_NONE.
06-03 21:52:11.577   530  1654 W InputReader: Device virtio_input_multi_touch_5 is associated with display ADISPLAY_ID_NONE.
06-03 21:52:11.577   530  1654 W InputReader: Device virtio_input_multi_touch_6 is associated with display ADISPLAY_ID_NONE.
06-03 21:52:11.577   530  1654 W InputReader: Device virtio_input_multi_touch_2 is associated with display ADISPLAY_ID_NONE.
06-03 21:52:11.577   530  1654 W InputReader: Device virtio_input_multi_touch_3 is associated with display ADISPLAY_ID_NONE.
06-03 21:52:11.577   530  1654 W InputReader: Device virtio_input_multi_touch_8 is associated with display ADISPLAY_ID_NONE.
06-03 21:52:11.587   530  3684 W OpenGLRenderer: Failed to choose config with EGL_SWAP_BEHAVIOR_PRESERVED, retrying without...
06-03 21:52:11.698   530   856 I system_server: oneway function results will be dropped but finished with status OK and parcel size 4
06-03 21:52:12.689   530  2941 I system_server: oneway function results will be dropped but finished with status OK and parcel size 4
06-03 21:52:13.193   530  1439 E TaskPersister: File error accessing recents directory (directory doesn't exist?).
06-03 21:52:14.650   392   392 I perfetto: probes_producer.cc:329  Producer stop (id=118)
06-03 21:52:14.652   393   393 I perfetto: ng_service_impl.cc:1948 Tracing session 118 ended, total sessions:0
06-03 21:52:14.653   392   392 I perfetto: ftrace_procfs.cc:183    disabled ftrace
06-03 21:52:14.679     0     0 W perfetto: disabled ftrace
06-03 21:52:14.665   530  2941 I system_server: oneway function results will be dropped but finished with status OK and parcel size 4
06-03 21:52:17.456   223   226 E android.system.suspend@1.0-service: Error opening kernel wakelock stats for: wakeup34: Permission denied
06-03 21:52:17.452   223   223 W Binder:223_2: type=1400 audit(0.0:37143): avc: denied { read } for name="wakeup34" dev="sysfs" ino=19211 scontext=u:r:system_suspend:s0 tcontext=u:object_r:sysfs:s0 tclass=dir permissive=0
06-03 21:52:17.460   223   226 E android.system.suspend@1.0-service: Error opening kernel wakelock stats for: wakeup35: Permission denied
06-03 21:52:17.456   223   223 W Binder:223_2: type=1400 audit(0.0:37144): avc: denied { read } for name="wakeup35" dev="sysfs" ino=19274 scontext=u:r:system_suspend:s0 tcontext=u:object_r:sysfs:s0 tclass=dir permissive=0
06-03 21:52:20.917     0     0 E ICMPv6  : RA: ndisc_router_discovery failed to add default route
06-03 21:52:20.892   223   226 E android.system.suspend@1.0-service: Error opening kernel wakelock stats for: wakeup34: Permission denied
06-03 21:52:20.888   223   223 W Binder:223_2: type=1400 audit(0.0:37145): avc: denied { read } for name="wakeup34" dev="sysfs" ino=19211 scontext=u:r:system_suspend:s0 tcontext=u:object_r:sysfs:s0 tclass=dir permissive=0
06-03 21:52:20.894   223   226 E android.system.suspend@1.0-service: Error opening kernel wakelock stats for: wakeup35: Permission denied
06-03 21:52:20.888   223   223 W Binder:223_2: type=1400 audit(0.0:37146): avc: denied { read } for name="wakeup35" dev="sysfs" ino=19274 scontext=u:r:system_suspend:s0 tcontext=u:object_r:sysfs:s0 tclass=dir permissive=0
06-03 21:52:20.917   179   179 I hwservicemanager: getTransport: Cannot find entry android.hardware.graphics.mapper@4.0::IMapper/default in either framework or device manifest.
06-03 21:52:20.917 17507 17507 I Gralloc4: mapper 4.x is not supported
06-03 21:52:21.075 17513 17515 I cmd     : oneway function results will be dropped but finished with status OK and parcel size 4
06-03 21:52:21.076  1466  2347 I MediaProvider: Begin Intent { act=android.intent.action.MEDIA_SCANNER_SCAN_FILE dat=file:///sdcard/screen_2023-06-03_215223.png flg=0x1400010 cmp=com.android.providers.media.module/com.android.providers.media.MediaService }
06-03 21:52:21.077  1466  2347 W ModernMediaScanner: Failed to visit /sdcard/screen_2023-06-03_215223.png: java.nio.file.AccessDeniedException: /sdcard/screen_2023-06-03_215223.png
06-03 21:52:21.072  1466  1466 W com.android.providers.media.module: type=1400 audit(0.0:37147): avc: denied { read } for comm=4173796E635461736B202331 name="primary" dev="tmpfs" ino=18207 scontext=u:r:mediaprovider_app:s0:c118,c256,c512,c768 tcontext=u:object_r:mnt_pass_through_file:s0 tclass=lnk_file permissive=0 app=com.android.providers.media.module
06-03 21:52:21.078  1466  2347 I MediaProvider: Scanned internal due to REASON_DEMAND, found 0 items in 1ms, 0 inserts 0 updates 0 deletes
06-03 21:52:21.079  1466  2347 I MediaProvider: End Intent { act=android.intent.action.MEDIA_SCANNER_SCAN_FILE dat=file:///sdcard/screen_2023-06-03_215223.png flg=0x1400010 cmp=com.android.providers.media.module/com.android.providers.media.MediaService }
06-03 21:52:21.072  1466  1466 W com.android.providers.media.module: type=1400 audit(0.0:37148): avc: denied { read } for comm=4173796E635461736B202331 name="primary" dev="tmpfs" ino=18207 scontext=u:r:mediaprovider_app:s0:c118,c256,c512,c768 tcontext=u:object_r:mnt_pass_through_file:s0 tclass=lnk_file permissive=0 app=com.android.providers.media.module
06-03 21:52:21.102  1466  4324 I MediaProvider: Deleted 1 items on external_primary due to com.android.shell
06-03 21:52:21.184 17524 17526 I cmd     : oneway function results will be dropped but finished with status OK and parcel size 4
06-03 21:52:21.331 17539 17541 I cmd     : oneway function results will be dropped but finished with status OK and parcel size 4
06-03 21:52:21.429 17554 17556 I cmd     : oneway function results will be dropped but finished with status OK and parcel size 4
06-03 21:52:21.727 17581 17581 E libc    : Access denied finding property "persist.device_config.runtime_native_boot.profilebootclasspath"
06-03 21:52:21.724 17581 17581 W app_process: type=1400 audit(0.0:37153): avc: denied { read } for name="u:object_r:device_config_runtime_native_boot_prop:s0" dev="tmpfs" ino=8368 scontext=u:r:shell:s0 tcontext=u:object_r:device_config_runtime_native_boot_prop:s0 tclass=file permissive=0
06-03 21:52:21.729 17581 17581 E libc    : Access denied finding property "persist.device_config.runtime_native_boot.enable_apex_image"
06-03 21:52:21.729 17581 17581 I AndroidRuntime: Using default boot image
06-03 21:52:21.729 17581 17581 E libc    : Access denied finding property "persist.device_config.runtime_native_boot.disable_lock_profiling"
06-03 21:52:21.729 17581 17581 I AndroidRuntime: Leaving lock profiling enabled
06-03 21:52:21.729 17581 17581 E libc    : Access denied finding property "persist.device_config.runtime_native_boot.enable_generational_cc"
06-03 21:52:21.730 17581 17581 I app_process: Core platform API reporting enabled, enforcing=false
06-03 21:52:21.755     0     0 W audit   : audit_lost=17917 audit_rate_limit=5 audit_backlog_limit=64
06-03 21:52:21.756     0     0 E audit   : rate limit exceeded
06-03 21:52:21.780 17581 17581 W app_process: Unexpected CPU variant for X86 using defaults: x86
06-03 21:52:21.781 17581 17581 I app_process: The ClassLoaderContext is a special shared library.
06-03 21:52:21.787 17581 17581 W app_process: JNI RegisterNativeMethods: attempt to register 0 native methods for android.media.AudioAttributes
06-03 21:52:22.013   530  2941 I system_server: oneway function results will be dropped but finished with status OK and parcel size 4
06-03 21:52:22.013   530  2941 I system_server: oneway function results will be dropped but finished with status OK and parcel size 4
06-03 21:52:22.150   530   697 I system_server: oneway function results will be dropped but finished with status OK and parcel size 4
06-03 21:52:23.596   179   179 I hwservicemanager: getTransport: Cannot find entry android.hardware.graphics.mapper@4.0::IMapper/default in either framework or device manifest.
06-03 21:52:23.596 17618 17618 I Gralloc4: mapper 4.x is not supported
06-03 21:52:23.754 17622 17624 I cmd     : oneway function results will be dropped but finished with status OK and parcel size 4
06-03 21:52:23.756  1466  2347 I MediaProvider: Begin Intent { act=android.intent.action.MEDIA_SCANNER_SCAN_FILE dat=file:///sdcard/screen_2023-06-03_215225.png flg=0x1400010 cmp=com.android.providers.media.module/com.android.providers.media.MediaService }
06-03 21:52:23.752  1466  1466 W com.android.providers.media.module: type=1400 audit(0.0:37157): avc: denied { read } for comm=4173796E635461736B202331 name="primary" dev="tmpfs" ino=18207 scontext=u:r:mediaprovider_app:s0:c118,c256,c512,c768 tcontext=u:object_r:mnt_pass_through_file:s0 tclass=lnk_file permissive=0 app=com.android.providers.media.module
06-03 21:52:23.785     0     0 W audit   : audit_lost=17920 audit_rate_limit=5 audit_backlog_limit=64
06-03 21:52:23.786     0     0 E audit   : rate limit exceeded
06-03 21:52:23.752  1466  1466 W com.android.providers.media.module: type=1400 audit(0.0:37158): avc: denied { read } for comm=4173796E635461736B202331 name="primary" dev="tmpfs" ino=18207 scontext=u:r:mediaprovider_app:s0:c118,c256,c512,c768 tcontext=u:object_r:mnt_pass_through_file:s0 tclass=lnk_file permissive=0 app=com.android.providers.media.module
06-03 21:52:23.759  1466  2347 W ModernMediaScanner: Failed to visit /sdcard/screen_2023-06-03_215225.png: java.nio.file.AccessDeniedException: /sdcard/screen_2023-06-03_215225.png
06-03 21:52:23.760  1466  2347 I MediaProvider: Scanned internal due to REASON_DEMAND, found 0 items in 3ms, 0 inserts 0 updates 0 deletes
06-03 21:52:23.752  1466  1466 W com.android.providers.media.module: type=1400 audit(0.0:37159): avc: denied { read } for comm=4173796E635461736B202331 name="primary" dev="tmpfs" ino=18207 scontext=u:r:mediaprovider_app:s0:c118,c256,c512,c768 tcontext=u:object_r:mnt_pass_through_file:s0 tclass=lnk_file permissive=0 app=com.android.providers.media.module
06-03 21:52:23.761  1466  2347 I MediaProvider: End Intent { act=android.intent.action.MEDIA_SCANNER_SCAN_FILE dat=file:///sdcard/screen_2023-06-03_215225.png flg=0x1400010 cmp=com.android.providers.media.module/com.android.providers.media.MediaService }
06-03 21:52:23.752  1466  1466 W com.android.providers.media.module: type=1400 audit(0.0:37160): avc: denied { read } for comm=4173796E635461736B202331 name="primary" dev="tmpfs" ino=18207 scontext=u:r:mediaprovider_app:s0:c118,c256,c512,c768 tcontext=u:object_r:mnt_pass_through_file:s0 tclass=lnk_file permissive=0 app=com.android.providers.media.module
06-03 21:52:23.781  1466  4324 I MediaProvider: Deleted 1 items on external_primary due to com.android.shell
06-03 21:52:23.871 17634 17636 I cmd     : oneway function results will be dropped but finished with status OK and parcel size 4
06-03 21:52:24.053   179   179 I hwservicemanager: getTransport: Cannot find entry android.hardware.graphics.mapper@4.0::IMapper/default in either framework or device manifest.
06-03 21:52:24.053 17657 17657 I Gralloc4: mapper 4.x is not supported
06-03 21:52:24.202 17666 17668 I cmd     : oneway function results will be dropped but finished with status OK and parcel size 4
06-03 21:52:24.203  1466  2347 I MediaProvider: Begin Intent { act=android.intent.action.MEDIA_SCANNER_SCAN_FILE dat=file:///sdcard/screen_2023-06-03_215226.png flg=0x1400010 cmp=com.android.providers.media.module/com.android.providers.media.MediaService }
06-03 21:52:24.204  1466  2347 W ModernMediaScanner: Failed to visit /sdcard/screen_2023-06-03_215226.png: java.nio.file.AccessDeniedException: /sdcard/screen_2023-06-03_215226.png
06-03 21:52:24.205  1466  2347 I MediaProvider: Scanned internal due to REASON_DEMAND, found 0 items in 1ms, 0 inserts 0 updates 0 deletes
06-03 21:52:24.205  1466  2347 I MediaProvider: End Intent { act=android.intent.action.MEDIA_SCANNER_SCAN_FILE dat=file:///sdcard/screen_2023-06-03_215226.png flg=0x1400010 cmp=com.android.providers.media.module/com.android.providers.media.MediaService }
06-03 21:52:24.226  1466  1652 I MediaProvider: Deleted 1 items on external_primary due to com.android.shell
06-03 21:52:24.274 17677 17679 I cmd     : oneway function results will be dropped but finished with status OK and parcel size 4
06-03 21:52:25.115   530   697 I system_server: oneway function results will be dropped but finished with status OK and parcel size 4
06-03 21:52:28.289   179   179 I hwservicemanager: getTransport: Cannot find entry android.hardware.graphics.mapper@4.0::IMapper/default in either framework or device manifest.
06-03 21:52:28.289 17707 17707 I Gralloc4: mapper 4.x is not supported
06-03 21:52:28.452  1466  2347 I MediaProvider: Begin Intent { act=android.intent.action.MEDIA_SCANNER_SCAN_FILE dat=file:///sdcard/screen_2023-06-03_215230.png flg=0x1400010 cmp=com.android.providers.media.module/com.android.providers.media.MediaService }
06-03 21:52:28.448  1466  1466 W com.android.providers.media.module: type=1400 audit(0.0:37169): avc: denied { read } for comm=4173796E635461736B202331 name="primary" dev="tmpfs" ino=18207 scontext=u:r:mediaprovider_app:s0:c118,c256,c512,c768 tcontext=u:object_r:mnt_pass_through_file:s0 tclass=lnk_file permissive=0 app=com.android.providers.media.module
06-03 21:52:28.481     0     0 W audit   : audit_lost=17927 audit_rate_limit=5 audit_backlog_limit=64
06-03 21:52:28.482     0     0 E audit   : rate limit exceeded
06-03 21:52:28.448  1466  1466 W com.android.providers.media.module: type=1400 audit(0.0:37170): avc: denied { read } for comm=4173796E635461736B202331 name="primary" dev="tmpfs" ino=18207 scontext=u:r:mediaprovider_app:s0:c118,c256,c512,c768 tcontext=u:object_r:mnt_pass_through_file:s0 tclass=lnk_file permissive=0 app=com.android.providers.media.module
06-03 21:52:28.456  1466  2347 W ModernMediaScanner: Failed to visit /sdcard/screen_2023-06-03_215230.png: java.nio.file.AccessDeniedException: /sdcard/screen_2023-06-03_215230.png
06-03 21:52:28.456  1466  2347 I MediaProvider: Scanned internal due to REASON_DEMAND, found 0 items in 3ms, 0 inserts 0 updates 0 deletes
06-03 21:52:28.448  1466  1466 W com.android.providers.media.module: type=1400 audit(0.0:37171): avc: denied { read } for comm=4173796E635461736B202331 name="primary" dev="tmpfs" ino=18207 scontext=u:r:mediaprovider_app:s0:c118,c256,c512,c768 tcontext=u:object_r:mnt_pass_through_file:s0 tclass=lnk_file permissive=0 app=com.android.providers.media.module
06-03 21:52:28.457  1466  2347 I MediaProvider: End Intent { act=android.intent.action.MEDIA_SCANNER_SCAN_FILE dat=file:///sdcard/screen_2023-06-03_215230.png flg=0x1400010 cmp=com.android.providers.media.module/com.android.providers.media.MediaService }
06-03 21:52:28.448  1466  1466 W com.android.providers.media.module: type=1400 audit(0.0:37172): avc: denied { read } for comm=4173796E635461736B202331 name="primary" dev="tmpfs" ino=18207 scontext=u:r:mediaprovider_app:s0:c118,c256,c512,c768 tcontext=u:object_r:mnt_pass_through_file:s0 tclass=lnk_file permissive=0 app=com.android.providers.media.module
06-03 21:52:28.478  1466  1653 I MediaProvider: Deleted 1 items on external_primary due to com.android.shell
06-03 21:52:28.728 17737 17739 I cmd     : oneway function results will be dropped but finished with status OK and parcel size 4
06-03 21:52:28.835 17752 17754 I cmd     : oneway function results will be dropped but finished with status OK and parcel size 4
06-03 21:52:28.935 17767 17769 I cmd     : oneway function results will be dropped but finished with status OK and parcel size 4
06-03 21:52:29.094 17779 17779 E libc    : Access denied finding property "persist.device_config.runtime_native_boot.profilebootclasspath"
06-03 21:52:29.094 17779 17779 E libc    : Access denied finding property "persist.device_config.runtime_native_boot.enable_apex_image"
06-03 21:52:29.094 17779 17779 I AndroidRuntime: Using default boot image
06-03 21:52:29.094 17779 17779 E libc    : Access denied finding property "persist.device_config.runtime_native_boot.disable_lock_profiling"
06-03 21:52:29.094 17779 17779 I AndroidRuntime: Leaving lock profiling enabled
06-03 21:52:29.094 17779 17779 E libc    : Access denied finding property "persist.device_config.runtime_native_boot.enable_generational_cc"
06-03 21:52:29.095 17779 17779 I app_process: Core platform API reporting enabled, enforcing=false
06-03 21:52:29.140 17779 17779 W app_process: Unexpected CPU variant for X86 using defaults: x86
06-03 21:52:29.141 17779 17779 I app_process: The ClassLoaderContext is a special shared library.
06-03 21:52:29.147 17779 17779 W app_process: JNI RegisterNativeMethods: attempt to register 0 native methods for android.media.AudioAttributes
06-03 21:52:29.358   530   697 I system_server: oneway function results will be dropped but finished with status OK and parcel size 4
06-03 21:52:29.360   530   856 I ActivityTaskManager: START u0 {flg=0x10000000 cmp=com.simplemobiletools.calendar.pro/.activities.TaskActivity (has extras)} from uid 10126
06-03 21:52:29.358   530   697 I system_server: oneway function results will be dropped but finished with status OK and parcel size 4
06-03 21:52:29.364   393   393 I perfetto: ing_service_impl.cc:758 Configured tracing session 119, #sources:1, duration:5000 ms, #buffers:1, total buffer size:4096 KB, total sessions:1, uid:1071 session name: ""
06-03 21:52:29.365   392   392 I perfetto: probes_producer.cc:230  Ftrace setup (target_buf=119)
06-03 21:52:29.374   530  2941 W ActivityTaskManager: Tried to set launchTime (0) < mLastActivityLaunchTime (109527448)
06-03 21:52:29.374   530  2941 W InputReader: Device virtio_input_multi_touch_9 is associated with display ADISPLAY_ID_NONE.
06-03 21:52:29.374   530  2941 W InputReader: Device virtio_input_multi_touch_7 is associated with display ADISPLAY_ID_NONE.
06-03 21:52:29.375   530  2941 W InputReader: Device virtio_input_multi_touch_10 is associated with display ADISPLAY_ID_NONE.
06-03 21:52:29.375   530  2941 W InputReader: Device virtio_input_multi_touch_4 is associated with display ADISPLAY_ID_NONE.
06-03 21:52:29.375   530  2941 W InputReader: Device virtio_input_multi_touch_11 is associated with display ADISPLAY_ID_NONE.
06-03 21:52:29.375   530  2941 W InputReader: Device virtio_input_multi_touch_5 is associated with display ADISPLAY_ID_NONE.
06-03 21:52:29.375   530  2941 W InputReader: Device virtio_input_multi_touch_6 is associated with display ADISPLAY_ID_NONE.
06-03 21:52:29.375   530  2941 W InputReader: Device virtio_input_multi_touch_2 is associated with display ADISPLAY_ID_NONE.
06-03 21:52:29.375   530  2941 W InputReader: Device virtio_input_multi_touch_3 is associated with display ADISPLAY_ID_NONE.
06-03 21:52:29.375   530  2941 W InputReader: Device virtio_input_multi_touch_8 is associated with display ADISPLAY_ID_NONE.
06-03 21:52:29.375   530  2941 W InputReader: Device virtio_input_multi_touch_9 is associated with display ADISPLAY_ID_NONE.
06-03 21:52:29.375   530  2941 W InputReader: Device virtio_input_multi_touch_7 is associated with display ADISPLAY_ID_NONE.
06-03 21:52:29.375   530  2941 W InputReader: Device virtio_input_multi_touch_10 is associated with display ADISPLAY_ID_NONE.
06-03 21:52:29.375   530  2941 W InputReader: Device virtio_input_multi_touch_4 is associated with display ADISPLAY_ID_NONE.
06-03 21:52:29.375   530  2941 W InputReader: Device virtio_input_multi_touch_11 is associated with display ADISPLAY_ID_NONE.
06-03 21:52:29.375   530  2941 W InputReader: Device virtio_input_multi_touch_5 is associated with display ADISPLAY_ID_NONE.
06-03 21:52:29.375   530  2941 W InputReader: Device virtio_input_multi_touch_6 is associated with display ADISPLAY_ID_NONE.
06-03 21:52:29.375   530  2941 W InputReader: Device virtio_input_multi_touch_2 is associated with display ADISPLAY_ID_NONE.
06-03 21:52:29.375   530  2941 W InputReader: Device virtio_input_multi_touch_3 is associated with display ADISPLAY_ID_NONE.
06-03 21:52:29.375   530  2941 W InputReader: Device virtio_input_multi_touch_8 is associated with display ADISPLAY_ID_NONE.
06-03 21:52:29.383   392   392 I perfetto: ftrace_procfs.cc:176    enabled ftrace
06-03 21:52:29.411     0     0 W perfetto: enabled ftrace
06-03 21:52:29.414   530   575 I ActivityTaskManager: Displayed com.simplemobiletools.calendar.pro/.activities.TaskActivity: +54ms
06-03 21:52:29.415 14726 14726 I AssistStructure: Flattened final assist data: 4272 bytes, containing 1 windows, 26 views
06-03 21:52:29.419  1317  1317 W kqw     : Pending fill request while another request in the same session was triggered. [CONTEXT service_id=177 ]
06-03 21:52:29.494   530  2941 I system_server: oneway function results will be dropped but finished with status OK and parcel size 4
06-03 21:52:30.934   179   179 I hwservicemanager: getTransport: Cannot find entry android.hardware.graphics.mapper@4.0::IMapper/default in either framework or device manifest.
06-03 21:52:30.934 17831 17831 I Gralloc4: mapper 4.x is not supported
06-03 21:52:31.100  1466  2347 I MediaProvider: Begin Intent { act=android.intent.action.MEDIA_SCANNER_SCAN_FILE dat=file:///sdcard/screen_2023-06-03_215233.png flg=0x1400010 cmp=com.android.providers.media.module/com.android.providers.media.MediaService }
06-03 21:52:31.096  1466  1466 W com.android.providers.media.module: type=1400 audit(0.0:37179): avc: denied { read } for comm=4173796E635461736B202331 name="primary" dev="tmpfs" ino=18207 scontext=u:r:mediaprovider_app:s0:c118,c256,c512,c768 tcontext=u:object_r:mnt_pass_through_file:s0 tclass=lnk_file permissive=0 app=com.android.providers.media.module
06-03 21:52:31.103  1466  2347 W ModernMediaScanner: Failed to visit /sdcard/screen_2023-06-03_215233.png: java.nio.file.AccessDeniedException: /sdcard/screen_2023-06-03_215233.png
06-03 21:52:31.104  1466  2347 I MediaProvider: Scanned internal due to REASON_DEMAND, found 0 items in 1ms, 0 inserts 0 updates 0 deletes
06-03 21:52:31.105  1466  2347 I MediaProvider: End Intent { act=android.intent.action.MEDIA_SCANNER_SCAN_FILE dat=file:///sdcard/screen_2023-06-03_215233.png flg=0x1400010 cmp=com.android.providers.media.module/com.android.providers.media.MediaService }
06-03 21:52:31.096  1466  1466 W com.android.providers.media.module: type=1400 audit(0.0:37180): avc: denied { read } for comm=4173796E635461736B202331 name="primary" dev="tmpfs" ino=18207 scontext=u:r:mediaprovider_app:s0:c118,c256,c512,c768 tcontext=u:object_r:mnt_pass_through_file:s0 tclass=lnk_file permissive=0 app=com.android.providers.media.module
06-03 21:52:31.131     0     0 W audit   : audit_lost=17932 audit_rate_limit=5 audit_backlog_limit=64
06-03 21:52:31.131     0     0 E audit   : rate limit exceeded
06-03 21:52:31.100  1466  1466 I chatty  : uid=10118(com.android.providers.media.module) identical 2 lines
06-03 21:52:31.100  1466  1466 W com.android.providers.media.module: type=1400 audit(0.0:37183): avc: denied { read } for comm=4173796E635461736B202331 name="primary" dev="tmpfs" ino=18207 scontext=u:r:mediaprovider_app:s0:c118,c256,c512,c768 tcontext=u:object_r:mnt_pass_through_file:s0 tclass=lnk_file permissive=0 app=com.android.providers.media.module
06-03 21:52:31.129  1466  4324 I MediaProvider: Deleted 1 items on external_primary due to com.android.shell
06-03 21:52:31.414   179   179 I hwservicemanager: getTransport: Cannot find entry android.hardware.graphics.mapper@4.0::IMapper/default in either framework or device manifest.
06-03 21:52:31.414 17870 17870 I Gralloc4: mapper 4.x is not supported
06-03 21:52:31.570  1466  2347 I MediaProvider: Begin Intent { act=android.intent.action.MEDIA_SCANNER_SCAN_FILE dat=file:///sdcard/screen_2023-06-03_215233.png flg=0x1400010 cmp=com.android.providers.media.module/com.android.providers.media.MediaService }
06-03 21:52:31.571  1466  2347 W ModernMediaScanner: Failed to visit /sdcard/screen_2023-06-03_215233.png: java.nio.file.AccessDeniedException: /sdcard/screen_2023-06-03_215233.png
06-03 21:52:31.572  1466  2347 I MediaProvider: Scanned internal due to REASON_DEMAND, found 0 items in 1ms, 0 inserts 0 updates 0 deletes
06-03 21:52:31.573  1466  2347 I MediaProvider: End Intent { act=android.intent.action.MEDIA_SCANNER_SCAN_FILE dat=file:///sdcard/screen_2023-06-03_215233.png flg=0x1400010 cmp=com.android.providers.media.module/com.android.providers.media.MediaService }
06-03 21:52:31.595  1466 24747 I MediaProvider: Deleted 1 items on external_primary due to com.android.shell
06-03 21:52:31.621 17885 17887 I cmd     : oneway function results will be dropped but finished with status OK and parcel size 4
06-03 21:52:32.368   530  1439 E TaskPersister: File error accessing recents directory (directory doesn't exist?).
06-03 21:52:32.459   530 10664 I system_server: oneway function results will be dropped but finished with status OK and parcel size 4
06-03 21:52:33.155   338   338 I android.hardware.vibrator-service.example: Vibrator reporting capabilities
06-03 21:52:33.155   338   338 I android.hardware.vibrator-service.example: Vibrator off
06-03 21:52:33.156   338   338 I android.hardware.vibrator-service.example: Vibrator perform
06-03 21:52:33.156   338 17897 I android.hardware.vibrator-service.example: Starting perform on another thread
06-03 21:52:33.157   530 10664 I system_server: oneway function results will be dropped but finished with status OK and parcel size 4
06-03 21:52:33.157   530 10664 I system_server: oneway function results will be dropped but finished with status OK and parcel size 4
06-03 21:52:33.225   530 10664 I ActivityTaskManager: START u0 {act=android.intent.action.MAIN cat=[android.intent.category.HOME] flg=0x10000000 pkg=com.android.launcher3 cmp=com.android.launcher3/.uioverrides.QuickstepLauncher (has extras)} from uid 10109
06-03 21:52:33.227   393   393 I perfetto: ing_service_impl.cc:758 Configured tracing session 120, #sources:1, duration:5000 ms, #buffers:1, total buffer size:4096 KB, total sessions:2, uid:1071 session name: ""
06-03 21:52:33.228   392   392 I perfetto: probes_producer.cc:230  Ftrace setup (target_buf=120)
06-03 21:52:33.228   530 10664 W InputReader: Device virtio_input_multi_touch_9 is associated with display ADISPLAY_ID_NONE.
06-03 21:52:33.228   530 10664 W InputReader: Device virtio_input_multi_touch_7 is associated with display ADISPLAY_ID_NONE.
06-03 21:52:33.228   530 10664 W InputReader: Device virtio_input_multi_touch_10 is associated with display ADISPLAY_ID_NONE.
06-03 21:52:33.228   530 10664 W InputReader: Device virtio_input_multi_touch_4 is associated with display ADISPLAY_ID_NONE.
06-03 21:52:33.228   530 10664 W InputReader: Device virtio_input_multi_touch_11 is associated with display ADISPLAY_ID_NONE.
06-03 21:52:33.228   530 10664 W InputReader: Device virtio_input_multi_touch_5 is associated with display ADISPLAY_ID_NONE.
06-03 21:52:33.228   530 10664 W InputReader: Device virtio_input_multi_touch_6 is associated with display ADISPLAY_ID_NONE.
06-03 21:52:33.228   530 10664 W InputReader: Device virtio_input_multi_touch_2 is associated with display ADISPLAY_ID_NONE.
06-03 21:52:33.228   530 10664 W InputReader: Device virtio_input_multi_touch_3 is associated with display ADISPLAY_ID_NONE.
06-03 21:52:33.228   530 10664 W InputReader: Device virtio_input_multi_touch_8 is associated with display ADISPLAY_ID_NONE.
06-03 21:52:33.228   530 10664 W InputReader: Device virtio_input_multi_touch_9 is associated with display ADISPLAY_ID_NONE.
06-03 21:52:33.228   530 10664 W InputReader: Device virtio_input_multi_touch_7 is associated with display ADISPLAY_ID_NONE.
06-03 21:52:33.228   530 10664 W InputReader: Device virtio_input_multi_touch_10 is associated with display ADISPLAY_ID_NONE.
06-03 21:52:33.228   530 10664 W InputReader: Device virtio_input_multi_touch_4 is associated with display ADISPLAY_ID_NONE.
06-03 21:52:33.228   530 10664 W InputReader: Device virtio_input_multi_touch_11 is associated with display ADISPLAY_ID_NONE.
06-03 21:52:33.228   530 10664 W InputReader: Device virtio_input_multi_touch_5 is associated with display ADISPLAY_ID_NONE.
06-03 21:52:33.228   530 10664 W InputReader: Device virtio_input_multi_touch_6 is associated with display ADISPLAY_ID_NONE.
06-03 21:52:33.228   530 10664 W InputReader: Device virtio_input_multi_touch_2 is associated with display ADISPLAY_ID_NONE.
06-03 21:52:33.228   530 10664 W InputReader: Device virtio_input_multi_touch_3 is associated with display ADISPLAY_ID_NONE.
06-03 21:52:33.228   530 10664 W InputReader: Device virtio_input_multi_touch_8 is associated with display ADISPLAY_ID_NONE.
06-03 21:52:33.236   530  2941 E ClipboardService: Denying clipboard access to com.simplemobiletools.calendar.pro, application is not in focus nor is it a system service for user 0
06-03 21:52:33.247   983   983 I chatty  : uid=10109(com.android.launcher3) identical 2 lines
06-03 21:52:33.256   338 17897 I android.hardware.vibrator-service.example: Notifying perform complete
06-03 21:52:33.256   338   338 I android.hardware.vibrator-service.example: Vibrator off
06-03 21:52:33.291   530   856 I system_server: oneway function results will be dropped but finished with status OK and parcel size 4
06-03 21:52:33.499   343   343 E Layer   : [Surface(name=Task=1)/@0x3adefd5 - animation-leash#0] No local sync point found
06-03 21:52:33.500   343   343 E Layer   : [Surface(name=Task=43)/@0x409069 - animation-leash#0] No local sync point found
06-03 21:52:34.267   530   570 I ActivityManager: Killing 14726:com.simplemobiletools.calendar.pro/u0a126 (adj 905): remove task
06-03 21:52:34.269   530  1439 E TaskPersister: File error accessing recents directory (directory doesn't exist?).
06-03 21:52:34.270   530  1439 E TaskPersister: File error accessing recents directory (directory doesn't exist?).
06-03 21:52:34.289   530  1657 I WindowManager: WIN DEATH: Window{afde3aa u0 com.simplemobiletools.calendar.pro/com.simplemobiletools.calendar.pro.activities.MainActivity}
06-03 21:52:34.289   530  1657 W InputDispatcher: Attempted to unregister already unregistered input channel 'afde3aa com.simplemobiletools.calendar.pro/com.simplemobiletools.calendar.pro.activities.MainActivity (server)'
06-03 21:52:34.289   302   302 I Zygote  : Process 14726 exited due to signal 9 (Killed)
06-03 21:52:34.292   530   570 W ActivityManager: setHasOverlayUi called on unknown pid: 14726
06-03 21:52:34.312   530   578 I libprocessgroup: Successfully killed process cgroup uid 10126 pid 14726 in 44ms
06-03 21:52:34.368   392   392 I perfetto: probes_producer.cc:329  Producer stop (id=119)
06-03 21:52:34.370   393   393 I perfetto: ng_service_impl.cc:1948 Tracing session 119 ended, total sessions:1
06-03 21:52:34.518   983   983 I chatty  : uid=10109(com.android.launcher3) identical 2 lines
06-03 21:52:36.257   530 17034 I system_server: oneway function results will be dropped but finished with status OK and parcel size 4
06-03 21:52:37.296   530  1439 E TaskPersister: File error accessing recents directory (directory doesn't exist?).
06-03 21:52:38.234   392   392 I perfetto: probes_producer.cc:329  Producer stop (id=120)
06-03 21:52:38.236   393   393 I perfetto: ng_service_impl.cc:1948 Tracing session 120 ended, total sessions:0
06-03 21:52:38.237   392   392 I perfetto: ftrace_procfs.cc:183    disabled ftrace
06-03 21:52:38.263     0     0 W perfetto: disabled ftrace
