06-04 17:22:01.477  1466  2347 I MediaProvider: Begin Intent { act=android.intent.action.MEDIA_SCANNER_SCAN_FILE dat=file:///sdcard/screen_2023-06-04_172205.png flg=0x1400010 cmp=com.android.providers.media.module/com.android.providers.media.MediaService }
06-04 17:22:01.472  1466  1466 W com.android.providers.media.module: type=1400 audit(0.0:44418): avc: denied { read } for comm=4173796E635461736B202331 name="primary" dev="tmpfs" ino=18207 scontext=u:r:mediaprovider_app:s0:c118,c256,c512,c768 tcontext=u:object_r:mnt_pass_through_file:s0 tclass=lnk_file permissive=0 app=com.android.providers.media.module
06-04 17:22:01.505     0     0 W audit   : audit_lost=20121 audit_rate_limit=5 audit_backlog_limit=64
06-04 17:22:01.506     0     0 E audit   : rate limit exceeded
06-04 17:22:01.472  1466  1466 W com.android.providers.media.module: type=1400 audit(0.0:44419): avc: denied { read } for comm=4173796E635461736B202331 name="primary" dev="tmpfs" ino=18207 scontext=u:r:mediaprovider_app:s0:c118,c256,c512,c768 tcontext=u:object_r:mnt_pass_through_file:s0 tclass=lnk_file permissive=0 app=com.android.providers.media.module
06-04 17:22:01.480  1466  2347 W ModernMediaScanner: Failed to visit /sdcard/screen_2023-06-04_172205.png: java.nio.file.AccessDeniedException: /sdcard/screen_2023-06-04_172205.png
06-04 17:22:01.472  1466  1466 W com.android.providers.media.module: type=1400 audit(0.0:44420): avc: denied { read } for comm=4173796E635461736B202331 name="primary" dev="tmpfs" ino=18207 scontext=u:r:mediaprovider_app:s0:c118,c256,c512,c768 tcontext=u:object_r:mnt_pass_through_file:s0 tclass=lnk_file permissive=0 app=com.android.providers.media.module
06-04 17:22:01.481  1466  2347 I MediaProvider: Scanned internal due to REASON_DEMAND, found 0 items in 4ms, 0 inserts 0 updates 0 deletes
06-04 17:22:01.482  1466  2347 I MediaProvider: End Intent { act=android.intent.action.MEDIA_SCANNER_SCAN_FILE dat=file:///sdcard/screen_2023-06-04_172205.png flg=0x1400010 cmp=com.android.providers.media.module/com.android.providers.media.MediaService }
06-04 17:22:01.472  1466  1466 W com.android.providers.media.module: type=1400 audit(0.0:44421): avc: denied { read } for comm=4173796E635461736B202331 name="primary" dev="tmpfs" ino=18207 scontext=u:r:mediaprovider_app:s0:c118,c256,c512,c768 tcontext=u:object_r:mnt_pass_through_file:s0 tclass=lnk_file permissive=0 app=com.android.providers.media.module
06-04 17:22:01.500 28555 28555 I ProvidersCache: Updating roots due to change on user 0at content://com.android.providers.media.documents/root
06-04 17:22:01.506  1466  1653 I MediaProvider: Deleted 1 items on external_primary due to com.android.shell
06-04 17:22:01.567 22812 22814 I cmd     : oneway function results will be dropped but finished with status OK and parcel size 4
06-04 17:22:01.749 22827 22829 I cmd     : oneway function results will be dropped but finished with status OK and parcel size 4
06-04 17:22:01.884 22842 22844 I cmd     : oneway function results will be dropped but finished with status OK and parcel size 4
06-04 17:22:02.043 22857 22859 I cmd     : oneway function results will be dropped but finished with status OK and parcel size 4
06-04 17:22:02.131 22871 22871 E libc    : Access denied finding property "persist.device_config.runtime_native_boot.profilebootclasspath"
06-04 17:22:02.131 22871 22871 E libc    : Access denied finding property "persist.device_config.runtime_native_boot.enable_apex_image"
06-04 17:22:02.131 22871 22871 I AndroidRuntime: Using default boot image
06-04 17:22:02.131 22871 22871 E libc    : Access denied finding property "persist.device_config.runtime_native_boot.disable_lock_profiling"
06-04 17:22:02.131 22871 22871 I AndroidRuntime: Leaving lock profiling enabled
06-04 17:22:02.131 22871 22871 E libc    : Access denied finding property "persist.device_config.runtime_native_boot.enable_generational_cc"
06-04 17:22:02.133 22871 22871 I app_process: Core platform API reporting enabled, enforcing=false
06-04 17:22:02.178 22871 22871 W app_process: Unexpected CPU variant for X86 using defaults: x86
06-04 17:22:02.179 22871 22871 I app_process: The ClassLoaderContext is a special shared library.
06-04 17:22:02.185 22871 22871 W app_process: JNI RegisterNativeMethods: attempt to register 0 native methods for android.media.AudioAttributes
06-04 17:22:02.406   530   564 I system_server: oneway function results will be dropped but finished with status OK and parcel size 4
06-04 17:22:02.408   530   697 I ActivityTaskManager: START u0 {flg=0x10000000 cmp=com.simplemobiletools.calendar.pro/.activities.TaskActivity (has extras)} from uid 10127
06-04 17:22:02.406   530   564 I system_server: oneway function results will be dropped but finished with status OK and parcel size 4
06-04 17:22:02.416   393   393 I perfetto: ing_service_impl.cc:758 Configured tracing session 249, #sources:1, duration:5000 ms, #buffers:1, total buffer size:4096 KB, total sessions:1, uid:1071 session name: ""
06-04 17:22:02.417   392   392 I perfetto: probes_producer.cc:230  Ftrace setup (target_buf=249)
06-04 17:22:02.423   530   697 W ActivityTaskManager: Tried to set launchTime (0) < mLastActivityLaunchTime (179701727)
06-04 17:22:02.423   530   697 W InputReader: Device virtio_input_multi_touch_9 is associated with display ADISPLAY_ID_NONE.
06-04 17:22:02.423   530   697 W InputReader: Device virtio_input_multi_touch_7 is associated with display ADISPLAY_ID_NONE.
06-04 17:22:02.423   530   697 W InputReader: Device virtio_input_multi_touch_10 is associated with display ADISPLAY_ID_NONE.
06-04 17:22:02.423   530   697 W InputReader: Device virtio_input_multi_touch_4 is associated with display ADISPLAY_ID_NONE.
06-04 17:22:02.423   530   697 W InputReader: Device virtio_input_multi_touch_11 is associated with display ADISPLAY_ID_NONE.
06-04 17:22:02.423   530   697 W InputReader: Device virtio_input_multi_touch_5 is associated with display ADISPLAY_ID_NONE.
06-04 17:22:02.423   530   697 W InputReader: Device virtio_input_multi_touch_6 is associated with display ADISPLAY_ID_NONE.
06-04 17:22:02.423   530   697 W InputReader: Device virtio_input_multi_touch_2 is associated with display ADISPLAY_ID_NONE.
06-04 17:22:02.423   530   697 W InputReader: Device virtio_input_multi_touch_3 is associated with display ADISPLAY_ID_NONE.
06-04 17:22:02.423   530   697 W InputReader: Device virtio_input_multi_touch_8 is associated with display ADISPLAY_ID_NONE.
06-04 17:22:02.424   530   697 W InputReader: Device virtio_input_multi_touch_9 is associated with display ADISPLAY_ID_NONE.
06-04 17:22:02.424   530   697 W InputReader: Device virtio_input_multi_touch_7 is associated with display ADISPLAY_ID_NONE.
06-04 17:22:02.424   530   697 W InputReader: Device virtio_input_multi_touch_10 is associated with display ADISPLAY_ID_NONE.
06-04 17:22:02.424   530   697 W InputReader: Device virtio_input_multi_touch_4 is associated with display ADISPLAY_ID_NONE.
06-04 17:22:02.424   530   697 W InputReader: Device virtio_input_multi_touch_11 is associated with display ADISPLAY_ID_NONE.
06-04 17:22:02.424   530   697 W InputReader: Device virtio_input_multi_touch_5 is associated with display ADISPLAY_ID_NONE.
06-04 17:22:02.424   530   697 W InputReader: Device virtio_input_multi_touch_6 is associated with display ADISPLAY_ID_NONE.
06-04 17:22:02.424   530   697 W InputReader: Device virtio_input_multi_touch_2 is associated with display ADISPLAY_ID_NONE.
06-04 17:22:02.424   530   697 W InputReader: Device virtio_input_multi_touch_3 is associated with display ADISPLAY_ID_NONE.
06-04 17:22:02.424   530   697 W InputReader: Device virtio_input_multi_touch_8 is associated with display ADISPLAY_ID_NONE.
06-04 17:22:02.447   392   392 I perfetto: ftrace_procfs.cc:176    enabled ftrace
06-04 17:22:02.475     0     0 W perfetto: enabled ftrace
06-04 17:22:02.478   530   575 I ActivityTaskManager: Displayed com.simplemobiletools.calendar.pro/.activities.TaskActivity: +70ms
06-04 17:22:02.480 22433 22433 I AssistStructure: Flattened final assist data: 4268 bytes, containing 1 windows, 26 views
06-04 17:22:02.484  1317  1317 W kqw     : Pending fill request while another request in the same session was triggered. [CONTEXT service_id=177 ]
06-04 17:22:02.541   530  4350 I system_server: oneway function results will be dropped but finished with status OK and parcel size 4
06-04 17:22:03.900 28555 28555 I ProvidersCache: Updating roots due to change on user 0at content://com.android.providers.media.documents/root
06-04 17:22:04.044   179   179 I hwservicemanager: getTransport: Cannot find entry android.hardware.graphics.mapper@4.0::IMapper/default in either framework or device manifest.
06-04 17:22:04.044 22923 22923 I Gralloc4: mapper 4.x is not supported
06-04 17:22:04.087 28555 28555 I ProvidersCache: Updating roots due to change on user 0at content://com.android.providers.media.documents/root
06-04 17:22:04.196 22929 22931 I cmd     : oneway function results will be dropped but finished with status OK and parcel size 4
06-04 17:22:04.197  1466  2347 I MediaProvider: Begin Intent { act=android.intent.action.MEDIA_SCANNER_SCAN_FILE dat=file:///sdcard/screen_2023-06-04_172207.png flg=0x1400010 cmp=com.android.providers.media.module/com.android.providers.media.MediaService }
06-04 17:22:04.226     0     0 W audit   : audit_lost=20126 audit_rate_limit=5 audit_backlog_limit=64
06-04 17:22:04.192  1466  1466 W com.android.providers.media.module: type=1400 audit(0.0:44428): avc: denied { read } for comm=4173796E635461736B202331 name="primary" dev="tmpfs" ino=18207 scontext=u:r:mediaprovider_app:s0:c118,c256,c512,c768 tcontext=u:object_r:mnt_pass_through_file:s0 tclass=lnk_file permissive=0 app=com.android.providers.media.module
06-04 17:22:04.202  1466  2347 I MediaProvider: End Intent { act=android.intent.action.MEDIA_SCANNER_SCAN_FILE dat=file:///sdcard/screen_2023-06-04_172207.png flg=0x1400010 cmp=com.android.providers.media.module/com.android.providers.media.MediaService }
06-04 17:22:04.227     0     0 E audit   : rate limit exceeded
06-04 17:22:04.192  1466  1466 W com.android.providers.media.module: type=1400 audit(0.0:44431): avc: denied { read } for comm=4173796E635461736B202331 name="primary" dev="tmpfs" ino=18207 scontext=u:r:mediaprovider_app:s0:c118,c256,c512,c768 tcontext=u:object_r:mnt_pass_through_file:s0 tclass=lnk_file permissive=0 app=com.android.providers.media.module
06-04 17:22:04.221  1466 24747 I MediaProvider: Deleted 1 items on external_primary due to com.android.shell
06-04 17:22:04.253 22940 22942 I cmd     : oneway function results will be dropped but finished with status OK and parcel size 4
06-04 17:22:04.419   179   179 I hwservicemanager: getTransport: Cannot find entry android.hardware.graphics.mapper@4.0::IMapper/default in either framework or device manifest.
06-04 17:22:04.419 22962 22962 I Gralloc4: mapper 4.x is not supported
06-04 17:22:04.500 28555 28555 I ProvidersCache: Updating roots due to change on user 0at content://com.android.providers.media.documents/root
06-04 17:22:04.571 22966 22968 I cmd     : oneway function results will be dropped but finished with status OK and parcel size 4
06-04 17:22:04.572  1466  2347 I MediaProvider: Begin Intent { act=android.intent.action.MEDIA_SCANNER_SCAN_FILE dat=file:///sdcard/screen_2023-06-04_172208.png flg=0x1400010 cmp=com.android.providers.media.module/com.android.providers.media.MediaService }
06-04 17:22:04.572  1466  2347 W ModernMediaScanner: Failed to visit /sdcard/screen_2023-06-04_172208.png: java.nio.file.AccessDeniedException: /sdcard/screen_2023-06-04_172208.png
06-04 17:22:04.573  1466  2347 I MediaProvider: Scanned internal due to REASON_DEMAND, found 0 items in 1ms, 0 inserts 0 updates 0 deletes
06-04 17:22:04.574  1466  2347 I MediaProvider: End Intent { act=android.intent.action.MEDIA_SCANNER_SCAN_FILE dat=file:///sdcard/screen_2023-06-04_172208.png flg=0x1400010 cmp=com.android.providers.media.module/com.android.providers.media.MediaService }
06-04 17:22:04.599  1466 24747 I MediaProvider: Deleted 1 items on external_primary due to com.android.shell
06-04 17:22:04.632 22977 22979 I cmd     : oneway function results will be dropped but finished with status OK and parcel size 4
06-04 17:22:05.443   530  1439 E TaskPersister: File error accessing recents directory (directory doesn't exist?).
06-04 17:22:05.509   530  4350 I system_server: oneway function results will be dropped but finished with status OK and parcel size 4
06-04 17:22:07.425   392   392 I perfetto: probes_producer.cc:329  Producer stop (id=249)
06-04 17:22:07.428   392   392 I perfetto: ftrace_procfs.cc:183    disabled ftrace
06-04 17:22:07.428   393   393 I perfetto: ng_service_impl.cc:1948 Tracing session 249 ended, total sessions:0
06-04 17:22:07.454     0     0 W perfetto: disabled ftrace
06-04 17:22:09.604  1885 22998 I GmscoreIpa: Starting mediastore instant index
06-04 17:22:11.349 28555 28555 I ProvidersCache: Updating roots due to change on user 0at content://com.android.providers.media.documents/root
06-04 17:22:14.233 28555 28555 I chatty  : uid=10055(com.android.documentsui) identical 3 lines
06-04 17:22:14.441 28555 28555 I ProvidersCache: Updating roots due to change on user 0at content://com.android.providers.media.documents/root
06-04 17:22:14.561   530   576 W BroadcastQueue: Background execution not allowed: receiving Intent { act=android.net.conn.NETWORK_CONDITIONS_MEASURED flg=0x10 (has extras) } to com.google.android.gms/.chimera.GmsIntentOperationService$PersistentTrustedReceiver
06-04 17:22:14.639 28555 28555 I ProvidersCache: Updating roots due to change on user 0at content://com.android.providers.media.documents/root
06-04 17:22:21.674   507   507 E netmgr  : qemu_pipe_open_ns:62: Could not connect to the 'pipe:qemud:network' service: Invalid argument
06-04 17:22:21.674   507   507 E netmgr  : Failed to open QEMU pipe 'qemud:network': Invalid argument
06-04 17:22:22.396   179   179 I hwservicemanager: getTransport: Cannot find entry android.hardware.graphics.mapper@4.0::IMapper/default in either framework or device manifest.
06-04 17:22:22.396 23048 23048 I Gralloc4: mapper 4.x is not supported
06-04 17:22:22.563 23052 23054 I cmd     : oneway function results will be dropped but finished with status OK and parcel size 4
06-04 17:22:22.564  1466  2347 I MediaProvider: Begin Intent { act=android.intent.action.MEDIA_SCANNER_SCAN_FILE dat=file:///sdcard/screen_2023-06-04_172226.png flg=0x1400010 cmp=com.android.providers.media.module/com.android.providers.media.MediaService }
06-04 17:22:22.560  1466  1466 W com.android.providers.media.module: type=1400 audit(0.0:44440): avc: denied { read } for comm=4173796E635461736B202331 name="primary" dev="tmpfs" ino=18207 scontext=u:r:mediaprovider_app:s0:c118,c256,c512,c768 tcontext=u:object_r:mnt_pass_through_file:s0 tclass=lnk_file permissive=0 app=com.android.providers.media.module
06-04 17:22:22.593     0     0 W audit   : audit_lost=20133 audit_rate_limit=5 audit_backlog_limit=64
06-04 17:22:22.594     0     0 E audit   : rate limit exceeded
06-04 17:22:22.560  1466  1466 I chatty  : uid=10118(com.android.providers.media.module) identical 1 line
06-04 17:22:22.560  1466  1466 W com.android.providers.media.module: type=1400 audit(0.0:44442): avc: denied { read } for comm=4173796E635461736B202331 name="primary" dev="tmpfs" ino=18207 scontext=u:r:mediaprovider_app:s0:c118,c256,c512,c768 tcontext=u:object_r:mnt_pass_through_file:s0 tclass=lnk_file permissive=0 app=com.android.providers.media.module
06-04 17:22:22.567  1466  2347 W ModernMediaScanner: Failed to visit /sdcard/screen_2023-06-04_172226.png: java.nio.file.AccessDeniedException: /sdcard/screen_2023-06-04_172226.png
06-04 17:22:22.568  1466  2347 I MediaProvider: Scanned internal due to REASON_DEMAND, found 0 items in 3ms, 0 inserts 0 updates 0 deletes
06-04 17:22:22.569  1466  2347 I MediaProvider: End Intent { act=android.intent.action.MEDIA_SCANNER_SCAN_FILE dat=file:///sdcard/screen_2023-06-04_172226.png flg=0x1400010 cmp=com.android.providers.media.module/com.android.providers.media.MediaService }
06-04 17:22:22.560  1466  1466 W com.android.providers.media.module: type=1400 audit(0.0:44443): avc: denied { read } for comm=4173796E635461736B202331 name="primary" dev="tmpfs" ino=18207 scontext=u:r:mediaprovider_app:s0:c118,c256,c512,c768 tcontext=u:object_r:mnt_pass_through_file:s0 tclass=lnk_file permissive=0 app=com.android.providers.media.module
06-04 17:22:22.590  1466  1652 I MediaProvider: Deleted 1 items on external_primary due to com.android.shell
06-04 17:22:22.679 23063 23065 I cmd     : oneway function results will be dropped but finished with status OK and parcel size 4
06-04 17:22:22.811 23078 23080 I cmd     : oneway function results will be dropped but finished with status OK and parcel size 4
06-04 17:22:22.924 23095 23097 I cmd     : oneway function results will be dropped but finished with status OK and parcel size 4
06-04 17:22:22.977 23110 23112 I cmd     : oneway function results will be dropped but finished with status OK and parcel size 4
06-04 17:22:23.094 23122 23122 E libc    : Access denied finding property "persist.device_config.runtime_native_boot.profilebootclasspath"
06-04 17:22:23.094 23122 23122 E libc    : Access denied finding property "persist.device_config.runtime_native_boot.enable_apex_image"
06-04 17:22:23.094 23122 23122 I AndroidRuntime: Using default boot image
06-04 17:22:23.094 23122 23122 E libc    : Access denied finding property "persist.device_config.runtime_native_boot.disable_lock_profiling"
06-04 17:22:23.094 23122 23122 I AndroidRuntime: Leaving lock profiling enabled
06-04 17:22:23.094 23122 23122 E libc    : Access denied finding property "persist.device_config.runtime_native_boot.enable_generational_cc"
06-04 17:22:23.096 23122 23122 I app_process: Core platform API reporting enabled, enforcing=false
06-04 17:22:23.139 23122 23122 W app_process: Unexpected CPU variant for X86 using defaults: x86
06-04 17:22:23.140 23122 23122 I app_process: The ClassLoaderContext is a special shared library.
06-04 17:22:23.146 23122 23122 W app_process: JNI RegisterNativeMethods: attempt to register 0 native methods for android.media.AudioAttributes
06-04 17:22:23.843 23140 23142 I cmd     : oneway function results will be dropped but finished with status OK and parcel size 4
06-04 17:22:24.981   179   179 I hwservicemanager: getTransport: Cannot find entry android.hardware.graphics.mapper@4.0::IMapper/default in either framework or device manifest.
06-04 17:22:24.981 23159 23159 I Gralloc4: mapper 4.x is not supported
06-04 17:22:25.139 23165 23167 I cmd     : oneway function results will be dropped but finished with status OK and parcel size 4
06-04 17:22:25.140  1466  2347 I MediaProvider: Begin Intent { act=android.intent.action.MEDIA_SCANNER_SCAN_FILE dat=file:///sdcard/screen_2023-06-04_172228.png flg=0x1400010 cmp=com.android.providers.media.module/com.android.providers.media.MediaService }
06-04 17:22:25.136  1466  1466 W com.android.providers.media.module: type=1400 audit(0.0:44450): avc: denied { read } for comm=4173796E635461736B202331 name="primary" dev="tmpfs" ino=18207 scontext=u:r:mediaprovider_app:s0:c118,c256,c512,c768 tcontext=u:object_r:mnt_pass_through_file:s0 tclass=lnk_file permissive=0 app=com.android.providers.media.module
06-04 17:22:25.169     0     0 W audit   : audit_lost=20138 audit_rate_limit=5 audit_backlog_limit=64
06-04 17:22:25.170     0     0 E audit   : rate limit exceeded
06-04 17:22:25.136  1466  1466 W com.android.providers.media.module: type=1400 audit(0.0:44451): avc: denied { read } for comm=4173796E635461736B202331 name="primary" dev="tmpfs" ino=18207 scontext=u:r:mediaprovider_app:s0:c118,c256,c512,c768 tcontext=u:object_r:mnt_pass_through_file:s0 tclass=lnk_file permissive=0 app=com.android.providers.media.module
06-04 17:22:25.143  1466  2347 W ModernMediaScanner: Failed to visit /sdcard/screen_2023-06-04_172228.png: java.nio.file.AccessDeniedException: /sdcard/screen_2023-06-04_172228.png
06-04 17:22:25.144  1466  2347 I MediaProvider: Scanned internal due to REASON_DEMAND, found 0 items in 3ms, 0 inserts 0 updates 0 deletes
06-04 17:22:25.136  1466  1466 W com.android.providers.media.module: type=1400 audit(0.0:44452): avc: denied { read } for comm=4173796E635461736B202331 name="primary" dev="tmpfs" ino=18207 scontext=u:r:mediaprovider_app:s0:c118,c256,c512,c768 tcontext=u:object_r:mnt_pass_through_file:s0 tclass=lnk_file permissive=0 app=com.android.providers.media.module
06-04 17:22:25.145  1466  2347 I MediaProvider: End Intent { act=android.intent.action.MEDIA_SCANNER_SCAN_FILE dat=file:///sdcard/screen_2023-06-04_172228.png flg=0x1400010 cmp=com.android.providers.media.module/com.android.providers.media.MediaService }
06-04 17:22:25.136  1466  1466 W com.android.providers.media.module: type=1400 audit(0.0:44453): avc: denied { read } for comm=4173796E635461736B202331 name="primary" dev="tmpfs" ino=18207 scontext=u:r:mediaprovider_app:s0:c118,c256,c512,c768 tcontext=u:object_r:mnt_pass_through_file:s0 tclass=lnk_file permissive=0 app=com.android.providers.media.module
06-04 17:22:25.171  1466  1653 I MediaProvider: Deleted 1 items on external_primary due to com.android.shell
06-04 17:22:25.217 23176 23178 I cmd     : oneway function results will be dropped but finished with status OK and parcel size 4
06-04 17:22:25.461   179   179 I hwservicemanager: getTransport: Cannot find entry android.hardware.graphics.mapper@4.0::IMapper/default in either framework or device manifest.
06-04 17:22:25.461 23198 23198 I Gralloc4: mapper 4.x is not supported
06-04 17:22:25.615 23202 23204 I cmd     : oneway function results will be dropped but finished with status OK and parcel size 4
06-04 17:22:25.615  1466  2347 I MediaProvider: Begin Intent { act=android.intent.action.MEDIA_SCANNER_SCAN_FILE dat=file:///sdcard/screen_2023-06-04_172229.png flg=0x1400010 cmp=com.android.providers.media.module/com.android.providers.media.MediaService }
06-04 17:22:25.616  1466  2347 W ModernMediaScanner: Failed to visit /sdcard/screen_2023-06-04_172229.png: java.nio.file.AccessDeniedException: /sdcard/screen_2023-06-04_172229.png
06-04 17:22:25.617  1466  2347 I MediaProvider: Scanned internal due to REASON_DEMAND, found 0 items in 1ms, 0 inserts 0 updates 0 deletes
06-04 17:22:25.618  1466  2347 I MediaProvider: End Intent { act=android.intent.action.MEDIA_SCANNER_SCAN_FILE dat=file:///sdcard/screen_2023-06-04_172229.png flg=0x1400010 cmp=com.android.providers.media.module/com.android.providers.media.MediaService }
06-04 17:22:25.643  1466 24747 I MediaProvider: Deleted 1 items on external_primary due to com.android.shell
06-04 17:22:25.728 23213 23215 I cmd     : oneway function results will be dropped but finished with status OK and parcel size 4
06-04 17:22:32.436 28555 28555 I ProvidersCache: Updating roots due to change on user 0at content://com.android.providers.media.documents/root
06-04 17:22:32.603 28555 28555 I chatty  : uid=10055(com.android.documentsui) identical 1 line
06-04 17:22:35.182 28555 28555 I ProvidersCache: Updating roots due to change on user 0at content://com.android.providers.media.documents/root
06-04 17:22:35.610   530   576 W BroadcastQueue: Background execution not allowed: receiving Intent { act=android.net.conn.NETWORK_CONDITIONS_MEASURED flg=0x10 (has extras) } to com.google.android.gms/.chimera.GmsIntentOperationService$PersistentTrustedReceiver
06-04 17:22:35.655 28555 28555 I ProvidersCache: Updating roots due to change on user 0at content://com.android.providers.media.documents/root
06-04 17:22:38.199   179   179 I hwservicemanager: getTransport: Cannot find entry android.hardware.graphics.mapper@4.0::IMapper/default in either framework or device manifest.
06-04 17:22:38.199 23271 23271 I Gralloc4: mapper 4.x is not supported
06-04 17:22:38.359 23275 23277 I cmd     : oneway function results will be dropped but finished with status OK and parcel size 4
06-04 17:22:38.360  1466  2347 I MediaProvider: Begin Intent { act=android.intent.action.MEDIA_SCANNER_SCAN_FILE dat=file:///sdcard/screen_2023-06-04_172241.png flg=0x1400010 cmp=com.android.providers.media.module/com.android.providers.media.MediaService }
06-04 17:22:38.356  1466  1466 W com.android.providers.media.module: type=1400 audit(0.0:44462): avc: denied { read } for comm=4173796E635461736B202331 name="primary" dev="tmpfs" ino=18207 scontext=u:r:mediaprovider_app:s0:c118,c256,c512,c768 tcontext=u:object_r:mnt_pass_through_file:s0 tclass=lnk_file permissive=0 app=com.android.providers.media.module
06-04 17:22:38.389     0     0 W audit   : audit_lost=20145 audit_rate_limit=5 audit_backlog_limit=64
06-04 17:22:38.390     0     0 E audit   : rate limit exceeded
06-04 17:22:38.356  1466  1466 W com.android.providers.media.module: type=1400 audit(0.0:44463): avc: denied { read } for comm=4173796E635461736B202331 name="primary" dev="tmpfs" ino=18207 scontext=u:r:mediaprovider_app:s0:c118,c256,c512,c768 tcontext=u:object_r:mnt_pass_through_file:s0 tclass=lnk_file permissive=0 app=com.android.providers.media.module
06-04 17:22:38.363  1466  2347 W ModernMediaScanner: Failed to visit /sdcard/screen_2023-06-04_172241.png: java.nio.file.AccessDeniedException: /sdcard/screen_2023-06-04_172241.png
06-04 17:22:38.364  1466  2347 I MediaProvider: Scanned internal due to REASON_DEMAND, found 0 items in 3ms, 0 inserts 0 updates 0 deletes
06-04 17:22:38.356  1466  1466 W com.android.providers.media.module: type=1400 audit(0.0:44464): avc: denied { read } for comm=4173796E635461736B202331 name="primary" dev="tmpfs" ino=18207 scontext=u:r:mediaprovider_app:s0:c118,c256,c512,c768 tcontext=u:object_r:mnt_pass_through_file:s0 tclass=lnk_file permissive=0 app=com.android.providers.media.module
06-04 17:22:38.365  1466  2347 I MediaProvider: End Intent { act=android.intent.action.MEDIA_SCANNER_SCAN_FILE dat=file:///sdcard/screen_2023-06-04_172241.png flg=0x1400010 cmp=com.android.providers.media.module/com.android.providers.media.MediaService }
06-04 17:22:38.356  1466  1466 W com.android.providers.media.module: type=1400 audit(0.0:44465): avc: denied { read } for comm=4173796E635461736B202331 name="primary" dev="tmpfs" ino=18207 scontext=u:r:mediaprovider_app:s0:c118,c256,c512,c768 tcontext=u:object_r:mnt_pass_through_file:s0 tclass=lnk_file permissive=0 app=com.android.providers.media.module
06-04 17:22:38.386  1466  1652 I MediaProvider: Deleted 1 items on external_primary due to com.android.shell
06-04 17:22:38.470 23286 23288 I cmd     : oneway function results will be dropped but finished with status OK and parcel size 4
06-04 17:22:38.554 23303 23305 I cmd     : oneway function results will be dropped but finished with status OK and parcel size 4
06-04 17:22:38.653 23318 23320 I cmd     : oneway function results will be dropped but finished with status OK and parcel size 4
06-04 17:22:38.779 23333 23335 I cmd     : oneway function results will be dropped but finished with status OK and parcel size 4
06-04 17:22:38.945 23345 23345 E libc    : Access denied finding property "persist.device_config.runtime_native_boot.profilebootclasspath"
06-04 17:22:38.945 23345 23345 E libc    : Access denied finding property "persist.device_config.runtime_native_boot.enable_apex_image"
06-04 17:22:38.945 23345 23345 I AndroidRuntime: Using default boot image
06-04 17:22:38.945 23345 23345 E libc    : Access denied finding property "persist.device_config.runtime_native_boot.disable_lock_profiling"
06-04 17:22:38.945 23345 23345 I AndroidRuntime: Leaving lock profiling enabled
06-04 17:22:38.945 23345 23345 E libc    : Access denied finding property "persist.device_config.runtime_native_boot.enable_generational_cc"
06-04 17:22:38.946 23345 23345 I app_process: Core platform API reporting enabled, enforcing=false
06-04 17:22:38.991 23345 23345 W app_process: Unexpected CPU variant for X86 using defaults: x86
06-04 17:22:38.991 23345 23345 I app_process: The ClassLoaderContext is a special shared library.
06-04 17:22:38.998 23345 23345 W app_process: JNI RegisterNativeMethods: attempt to register 0 native methods for android.media.AudioAttributes
06-04 17:22:39.225   530   697 I system_server: oneway function results will be dropped but finished with status OK and parcel size 4
06-04 17:22:39.225   530  9799 I system_server: oneway function results will be dropped but finished with status OK and parcel size 4
06-04 17:22:39.226   530  9799 I system_server: oneway function results will be dropped but finished with status OK and parcel size 4
06-04 17:22:39.241   530  9799 W InputReader: Device virtio_input_multi_touch_9 is associated with display ADISPLAY_ID_NONE.
06-04 17:22:39.241   530  9799 W InputReader: Device virtio_input_multi_touch_7 is associated with display ADISPLAY_ID_NONE.
06-04 17:22:39.241   530  9799 W InputReader: Device virtio_input_multi_touch_10 is associated with display ADISPLAY_ID_NONE.
06-04 17:22:39.241   530  9799 W InputReader: Device virtio_input_multi_touch_4 is associated with display ADISPLAY_ID_NONE.
06-04 17:22:39.241   530  9799 W InputReader: Device virtio_input_multi_touch_11 is associated with display ADISPLAY_ID_NONE.
06-04 17:22:39.241   530  9799 W InputReader: Device virtio_input_multi_touch_5 is associated with display ADISPLAY_ID_NONE.
06-04 17:22:39.241   530  9799 W InputReader: Device virtio_input_multi_touch_6 is associated with display ADISPLAY_ID_NONE.
06-04 17:22:39.241   530  9799 W InputReader: Device virtio_input_multi_touch_2 is associated with display ADISPLAY_ID_NONE.
06-04 17:22:39.241   530  9799 W InputReader: Device virtio_input_multi_touch_3 is associated with display ADISPLAY_ID_NONE.
06-04 17:22:39.241   530  9799 W InputReader: Device virtio_input_multi_touch_8 is associated with display ADISPLAY_ID_NONE.
06-04 17:22:39.241   530  9799 W InputReader: Device virtio_input_multi_touch_9 is associated with display ADISPLAY_ID_NONE.
06-04 17:22:39.241   530  9799 W InputReader: Device virtio_input_multi_touch_7 is associated with display ADISPLAY_ID_NONE.
06-04 17:22:39.241   530  9799 W InputReader: Device virtio_input_multi_touch_10 is associated with display ADISPLAY_ID_NONE.
06-04 17:22:39.241   530  9799 W InputReader: Device virtio_input_multi_touch_4 is associated with display ADISPLAY_ID_NONE.
06-04 17:22:39.241   530  9799 W InputReader: Device virtio_input_multi_touch_11 is associated with display ADISPLAY_ID_NONE.
06-04 17:22:39.241   530  9799 W InputReader: Device virtio_input_multi_touch_5 is associated with display ADISPLAY_ID_NONE.
06-04 17:22:39.241   530  9799 W InputReader: Device virtio_input_multi_touch_6 is associated with display ADISPLAY_ID_NONE.
06-04 17:22:39.241   530  9799 W InputReader: Device virtio_input_multi_touch_2 is associated with display ADISPLAY_ID_NONE.
06-04 17:22:39.241   530  9799 W InputReader: Device virtio_input_multi_touch_3 is associated with display ADISPLAY_ID_NONE.
06-04 17:22:39.241   530  9799 W InputReader: Device virtio_input_multi_touch_8 is associated with display ADISPLAY_ID_NONE.
06-04 17:22:39.242   530  3684 W OpenGLRenderer: Failed to choose config with EGL_SWAP_BEHAVIOR_PRESERVED, retrying without...
06-04 17:22:39.359   530  9799 I system_server: oneway function results will be dropped but finished with status OK and parcel size 4
06-04 17:22:40.842   179   179 I hwservicemanager: getTransport: Cannot find entry android.hardware.graphics.mapper@4.0::IMapper/default in either framework or device manifest.
06-04 17:22:40.842 23408 23408 I Gralloc4: mapper 4.x is not supported
06-04 17:22:41.000 23412 23414 I cmd     : oneway function results will be dropped but finished with status OK and parcel size 4
06-04 17:22:41.001  1466  2347 I MediaProvider: Begin Intent { act=android.intent.action.MEDIA_SCANNER_SCAN_FILE dat=file:///sdcard/screen_2023-06-04_172244.png flg=0x1400010 cmp=com.android.providers.media.module/com.android.providers.media.MediaService }
06-04 17:22:40.996  1466  1466 W com.android.providers.media.module: type=1400 audit(0.0:44472): avc: denied { read } for comm=4173796E635461736B202331 name="primary" dev="tmpfs" ino=18207 scontext=u:r:mediaprovider_app:s0:c118,c256,c512,c768 tcontext=u:object_r:mnt_pass_through_file:s0 tclass=lnk_file permissive=0 app=com.android.providers.media.module
06-04 17:22:41.003  1466  2347 W ModernMediaScanner: Failed to visit /sdcard/screen_2023-06-04_172244.png: java.nio.file.AccessDeniedException: /sdcard/screen_2023-06-04_172244.png
06-04 17:22:41.004  1466  2347 I MediaProvider: Scanned internal due to REASON_DEMAND, found 0 items in 2ms, 0 inserts 0 updates 0 deletes
06-04 17:22:41.005  1466  2347 I MediaProvider: End Intent { act=android.intent.action.MEDIA_SCANNER_SCAN_FILE dat=file:///sdcard/screen_2023-06-04_172244.png flg=0x1400010 cmp=com.android.providers.media.module/com.android.providers.media.MediaService }
06-04 17:22:41.030     0     0 W audit   : audit_lost=20150 audit_rate_limit=5 audit_backlog_limit=64
06-04 17:22:41.031     0     0 E audit   : rate limit exceeded
06-04 17:22:40.996  1466  1466 W com.android.providers.media.module: type=1400 audit(0.0:44473): avc: denied { read } for comm=4173796E635461736B202331 name="primary" dev="tmpfs" ino=18207 scontext=u:r:mediaprovider_app:s0:c118,c256,c512,c768 tcontext=u:object_r:mnt_pass_through_file:s0 tclass=lnk_file permissive=0 app=com.android.providers.media.module
06-04 17:22:41.034  1466  1653 I MediaProvider: Deleted 1 items on external_primary due to com.android.shell
06-04 17:22:41.109 23423 23425 I cmd     : oneway function results will be dropped but finished with status OK and parcel size 4
06-04 17:22:41.248   530   857 W NotificationService: Toast already killed. pkg=com.simplemobiletools.calendar.pro token=android.os.BinderProxy@da4c41d
06-04 17:22:41.357   179   179 I hwservicemanager: getTransport: Cannot find entry android.hardware.graphics.mapper@4.0::IMapper/default in either framework or device manifest.
06-04 17:22:41.357 23445 23445 I Gralloc4: mapper 4.x is not supported
06-04 17:22:41.524  1466  2347 I MediaProvider: Begin Intent { act=android.intent.action.MEDIA_SCANNER_SCAN_FILE dat=file:///sdcard/screen_2023-06-04_172245.png flg=0x1400010 cmp=com.android.providers.media.module/com.android.providers.media.MediaService }
06-04 17:22:41.525  1466  2347 W ModernMediaScanner: Failed to visit /sdcard/screen_2023-06-04_172245.png: java.nio.file.AccessDeniedException: /sdcard/screen_2023-06-04_172245.png
06-04 17:22:41.525  1466  2347 I MediaProvider: Scanned internal due to REASON_DEMAND, found 0 items in 1ms, 0 inserts 0 updates 0 deletes
06-04 17:22:41.526  1466  2347 I MediaProvider: End Intent { act=android.intent.action.MEDIA_SCANNER_SCAN_FILE dat=file:///sdcard/screen_2023-06-04_172245.png flg=0x1400010 cmp=com.android.providers.media.module/com.android.providers.media.MediaService }
06-04 17:22:41.553  1466  4324 I MediaProvider: Deleted 1 items on external_primary due to com.android.shell
06-04 17:22:41.623 23460 23462 I cmd     : oneway function results will be dropped but finished with status OK and parcel size 4
06-04 17:22:42.326   530   697 I system_server: oneway function results will be dropped but finished with status OK and parcel size 4
06-04 17:22:42.759   530   570 W WindowManager: Unable to start animation, surface is null or no children.
06-04 17:22:42.768   530  1439 E TaskPersister: File error accessing recents directory (directory doesn't exist?).
