--------- beginning of main
06-03 21:48:29.025 14419 14421 I cmd     : oneway function results will be dropped but finished with status OK and parcel size 4
06-03 21:48:29.060 14424 14426 I cmd     : oneway function results will be dropped but finished with status OK and parcel size 4
06-03 21:48:29.103 14429 14431 I cmd     : oneway function results will be dropped but finished with status OK and parcel size 4
06-03 21:48:29.184 14440 14442 I cmd     : oneway function results will be dropped but finished with status OK and parcel size 4
--------- beginning of kernel
06-03 21:48:29.240 14452 14455 I cmd     : oneway function results will be dropped but finished with status OK and parcel size 4
06-03 21:48:29.258  1380  1417 I LatinIME:LogUtils: Dictionary info: dictionary = UserHistoryDictionary.en_US ; version = 1684148653 ; date = 1685800109
--------- beginning of system
06-03 21:48:17.077   530 10014 I chatty  : uid=1000(system) Binder:530_18 expire 1 line
06-03 21:48:17.077   530 10014 W ActivityTaskManager: Current config: {1.0 310mcc260mnc [en_US] ldltr sw411dp w411dp h804dp 560dpi nrml long port finger qwerty/v/v dpad/v winConfig={ mBounds=Rect(0, 0 - 1440, 3120) mAppBounds=Rect(0, 136 - 1440, 2952) mWindowingMode=fullscreen mDisplayWindowingMode=fullscreen mActivityType=undefined mAlwaysOnTop=undefined mRotation=ROTATION_0} s.25} unchanged for IME proc com.android.inputmethod.latin
06-03 21:48:29.262   530   853 W ActivityTaskManager: Current config: {1.0 310mcc260mnc [en_US] ldltr sw411dp w411dp h804dp 560dpi nrml long port finger qwerty/v/v dpad/v winConfig={ mBounds=Rect(0, 0 - 1440, 3120) mAppBounds=Rect(0, 136 - 1440, 2952) mWindowingMode=fullscreen mDisplayWindowingMode=fullscreen mActivityType=undefined mAlwaysOnTop=undefined mRotation=ROTATION_0} s.25} unchanged for IME proc io.github.ylimit.droidbotapp
06-03 21:48:29.318 14473 14475 I cmd     : oneway function results will be dropped but finished with status OK and parcel size 4
06-03 21:48:29.420 14483 14483 E libc    : Access denied finding property "persist.device_config.runtime_native_boot.profilebootclasspath"
06-03 21:48:29.420 14483 14483 E libc    : Access denied finding property "persist.device_config.runtime_native_boot.enable_apex_image"
06-03 21:48:29.420 14483 14483 I AndroidRuntime: Using default boot image
06-03 21:48:29.420 14483 14483 E libc    : Access denied finding property "persist.device_config.runtime_native_boot.disable_lock_profiling"
06-03 21:48:29.420 14483 14483 I AndroidRuntime: Leaving lock profiling enabled
06-03 21:48:29.421 14483 14483 E libc    : Access denied finding property "persist.device_config.runtime_native_boot.enable_generational_cc"
06-03 21:48:29.416 14483 14483 W app_process: type=1400 audit(0.0:36827): avc: denied { read } for name="u:object_r:device_config_runtime_native_boot_prop:s0" dev="tmpfs" ino=8368 scontext=u:r:shell:s0 tcontext=u:object_r:device_config_runtime_native_boot_prop:s0 tclass=file permissive=0
06-03 21:48:29.422 14483 14483 W app_process: Could not reserve sentinel fault page
06-03 21:48:29.422 14483 14483 I app_process: Core platform API reporting enabled, enforcing=false
06-03 21:48:29.416 14483 14483 W app_process: type=1400 audit(0.0:36828): avc: denied { read } for name="u:object_r:device_config_runtime_native_boot_prop:s0" dev="tmpfs" ino=8368 scontext=u:r:shell:s0 tcontext=u:object_r:device_config_runtime_native_boot_prop:s0 tclass=file permissive=0
06-03 21:48:29.465 14483 14483 W app_process: Unexpected CPU variant for X86 using defaults: x86
06-03 21:48:29.466 14483 14483 I app_process: The ClassLoaderContext is a special shared library.
06-03 21:48:29.471 14483 14483 W app_process: JNI RegisterNativeMethods: attempt to register 0 native methods for android.media.AudioAttributes
06-03 21:48:29.262   530   853 I chatty  : uid=1000(system) Binder:530_6 identical 1 line
06-03 21:48:29.262   530   853 W ActivityTaskManager: Current config: {1.0 310mcc260mnc [en_US] ldltr sw411dp w411dp h804dp 560dpi nrml long port finger qwerty/v/v dpad/v winConfig={ mBounds=Rect(0, 0 - 1440, 3120) mAppBounds=Rect(0, 136 - 1440, 2952) mWindowingMode=fullscreen mDisplayWindowingMode=fullscreen mActivityType=undefined mAlwaysOnTop=undefined mRotation=ROTATION_0} s.25} unchanged for IME proc io.github.ylimit.droidbotapp
06-03 21:48:29.485  4149 14498 W System.err: java.net.SocketException: Broken pipe
06-03 21:48:29.485  4149 14498 W System.err: 	at java.net.SocketOutputStream.socketWrite0(Native Method)
06-03 21:48:29.485  4149 14498 W System.err: 	at java.net.SocketOutputStream.socketWrite(SocketOutputStream.java:117)
06-03 21:48:29.485  4149 14498 W System.err: 	at java.net.SocketOutputStream.write(SocketOutputStream.java:149)
06-03 21:48:29.485  4149 14498 W System.err: 	at io.github.privacystreams.utils.PSDebugSocketServer$SocketSendThread.run(PSDebugSocketServer.java:119)
06-03 21:48:29.943 14504 14504 E libc    : Access denied finding property "persist.device_config.runtime_native_boot.profilebootclasspath"
06-03 21:48:29.943 14504 14504 E libc    : Access denied finding property "persist.device_config.runtime_native_boot.enable_apex_image"
06-03 21:48:29.943 14504 14504 I AndroidRuntime: Using default boot image
06-03 21:48:29.940 14504 14504 W app_process: type=1400 audit(0.0:36831): avc: denied { read } for name="u:object_r:device_config_runtime_native_boot_prop:s0" dev="tmpfs" ino=8368 scontext=u:r:shell:s0 tcontext=u:object_r:device_config_runtime_native_boot_prop:s0 tclass=file permissive=0
06-03 21:48:29.945 14504 14504 E libc    : Access denied finding property "persist.device_config.runtime_native_boot.disable_lock_profiling"
06-03 21:48:29.945 14504 14504 I AndroidRuntime: Leaving lock profiling enabled
06-03 21:48:29.945 14504 14504 E libc    : Access denied finding property "persist.device_config.runtime_native_boot.enable_generational_cc"
06-03 21:48:29.946 14504 14504 I app_process: Core platform API reporting enabled, enforcing=false
06-03 21:48:29.940 14504 14504 W app_process: type=1400 audit(0.0:36832): avc: denied { read } for name="u:object_r:device_config_runtime_native_boot_prop:s0" dev="tmpfs" ino=8368 scontext=u:r:shell:s0 tcontext=u:object_r:device_config_runtime_native_boot_prop:s0 tclass=file permissive=0
06-03 21:48:29.971     0     0 W audit   : audit_lost=17766 audit_rate_limit=5 audit_backlog_limit=64
06-03 21:48:29.972     0     0 E audit   : rate limit exceeded
06-03 21:48:29.980 14504 14504 W app_process: Unexpected CPU variant for X86 using defaults: x86
06-03 21:48:29.980 14504 14504 I app_process: The ClassLoaderContext is a special shared library.
06-03 21:48:29.985 14504 14504 W app_process: JNI RegisterNativeMethods: attempt to register 0 native methods for android.media.AudioAttributes
06-03 21:48:30.448 14527 14529 I cmd     : oneway function results will be dropped but finished with status OK and parcel size 4
06-03 21:48:30.500   178   178 I servicemanager: Since 'apexservice' could not be found, trying to start it as a lazy AIDL service
06-03 21:48:30.531     0     0 I init    : starting service 'apexd'...
06-03 21:48:30.537     0     0 I init    : Control message: Processed ctl.interface_start for 'aidl/apexservice' from pid: 178 (/system/bin/servicemanager)
06-03 21:48:30.557     0     0 I apexd   : Scanning /system/apex for preinstalled data
06-03 21:48:30.561     0     0 I apexd   : Scanning /system_ext/apex for preinstalled data
06-03 21:48:30.561     0     0 I apexd   : ... does not exist. Skipping
06-03 21:48:30.562     0     0 I apexd   : Scanning /product/apex for preinstalled data
06-03 21:48:30.562     0     0 I apexd   : ... does not exist. Skipping
06-03 21:48:30.562     0     0 I apexd   : Scanning /vendor/apex for preinstalled data
06-03 21:48:30.562     0     0 I apexd   : ... does not exist. Skipping
06-03 21:48:30.563     0     0 I apexd   : Populating APEX database from mounts...
06-03 21:48:30.563     0     0 I apexd   : Found "/apex/com.android.mediaprovider@300000000" backed by file /system/apex/com.android.mediaprovider.apex
06-03 21:48:30.564     0     0 I apexd   : Found "/apex/com.android.tethering@300000000" backed by file /system/apex/com.android.tethering.apex
06-03 21:48:30.564     0     0 I apexd   : Found "/apex/com.android.wifi@300000000" backed by file /system/apex/com.android.wifi.apex
06-03 21:48:30.565     0     0 I apexd   : Found "/apex/com.android.cellbroadcast@300000000" backed by file /system/apex/com.android.cellbroadcast.apex
06-03 21:48:30.565     0     0 I apexd   : Found "/apex/com.android.neuralnetworks@300000000" backed by file /system/apex/com.android.neuralnetworks.apex
06-03 21:48:30.566     0     0 I apexd   : Found "/apex/com.android.resolv@300000000" backed by file /system/apex/com.android.resolv.apex
06-03 21:48:30.566     0     0 I apexd   : Found "/apex/com.android.media.swcodec@300000000" backed by file /system/apex/com.android.media.swcodec.apex
06-03 21:48:30.566     0     0 I apexd   : Found "/apex/com.android.conscrypt@300000000" backed by file /system/apex/com.android.conscrypt.apex
06-03 21:48:30.567     0     0 I apexd   : Found "/apex/com.android.adbd@300000000" backed by file /system/apex/com.android.adbd.apex
06-03 21:48:30.567     0     0 I apexd   : Found "/apex/com.android.art@1" backed by file /system/apex/com.android.art.debug.apex
06-03 21:48:30.568     0     0 I apexd   : Found "/apex/com.android.permission@300000000" backed by file /system/apex/com.android.permission.apex
06-03 21:48:30.568     0     0 I apexd   : Found "/apex/com.android.runtime@1" backed by file /system/apex/com.android.runtime.apex
06-03 21:48:30.569     0     0 I apexd   : Found "/apex/com.android.sdkext@300000000" backed by file /system/apex/com.android.sdkext.apex
06-03 21:48:30.569     0     0 I apexd   : Found "/apex/com.android.tzdata@300000000" backed by file /system/apex/com.android.tzdata.apex
06-03 21:48:30.570     0     0 I apexd   : Found "/apex/com.android.media@300000000" backed by file /system/apex/com.android.media.apex
06-03 21:48:30.570     0     0 I apexd   : Found "/apex/com.android.extservices@300000000" backed by file /system/apex/com.android.extservices.apex
06-03 21:48:30.570     0     0 I apexd   : Found "/apex/com.android.vndk.v30@1" backed by file /system/apex/com.android.vndk.current.apex
06-03 21:48:30.571     0     0 I apexd   : Found "/apex/com.android.os.statsd@300000000" backed by file /system/apex/com.android.os.statsd.apex
06-03 21:48:30.545   178   178 I BpBinder: onLastStrongRef automatically unlinking death recipients: <uncached descriptor>
06-03 21:48:30.546   178   178 I servicemanager: Tried to unregister apexservice, but there is about to be a client.
06-03 21:48:30.571     0     0 I apexd   : Found "/apex/com.android.apex.cts.shim@1" backed by file /system/apex/com.android.apex.cts.shim.apex
06-03 21:48:30.572     0     0 I apexd   : Found "/apex/com.android.i18n@1" backed by file /system/apex/com.android.i18n.apex
06-03 21:48:30.572     0     0 I apexd   : Found "/apex/com.android.ipsec@300000000" backed by file /system/apex/com.android.ipsec.apex
06-03 21:48:30.573     0     0 I apexd   : 21 packages restored.
06-03 21:48:30.573     0     0 I AidlLazyServiceRegistrar: Registering service apexservice
06-03 21:48:30.573     0     0 I AidlLazyServiceRegistrar: Trying to shut down the service. No clients in use for any service in process.
06-03 21:48:30.574     0     0 I AidlLazyServiceRegistrar: Failed to unregister service apexservice
06-03 21:48:30.681   179   179 I hwservicemanager: getTransport: Cannot find entry android.hardware.graphics.mapper@4.0::IMapper/default in either framework or device manifest.
06-03 21:48:30.682 14549 14549 I Gralloc4: mapper 4.x is not supported
06-03 21:48:30.735  1317 14310 I anih    : Removed 0 invalid users [CONTEXT service_id=51 ]
06-03 21:48:30.755   223   226 E android.system.suspend@1.0-service: Error opening kernel wakelock stats for: wakeup34: Permission denied
06-03 21:48:30.752   223   223 W Binder:223_2: type=1400 audit(0.0:36835): avc: denied { read } for name="wakeup34" dev="sysfs" ino=19211 scontext=u:r:system_suspend:s0 tcontext=u:object_r:sysfs:s0 tclass=dir permissive=0
06-03 21:48:30.758   223   226 E android.system.suspend@1.0-service: Error opening kernel wakelock stats for: wakeup35: Permission denied
06-03 21:48:30.752   223   223 W Binder:223_2: type=1400 audit(0.0:36836): avc: denied { read } for name="wakeup35" dev="sysfs" ino=19274 scontext=u:r:system_suspend:s0 tcontext=u:object_r:sysfs:s0 tclass=dir permissive=0
06-03 21:48:31.083 14555 14557 I cmd     : oneway function results will be dropped but finished with status OK and parcel size 4
06-03 21:48:31.084  1466  2347 I MediaProvider: Begin Intent { act=android.intent.action.MEDIA_SCANNER_SCAN_FILE dat=file:///sdcard/screen_2023-06-03_214833.png flg=0x1400010 cmp=com.android.providers.media.module/com.android.providers.media.MediaService }
06-03 21:48:31.080  1466  1466 W com.android.providers.media.module: type=1400 audit(0.0:36837): avc: denied { read } for comm=4173796E635461736B202331 name="primary" dev="tmpfs" ino=18207 scontext=u:r:mediaprovider_app:s0:c118,c256,c512,c768 tcontext=u:object_r:mnt_pass_through_file:s0 tclass=lnk_file permissive=0 app=com.android.providers.media.module
06-03 21:48:31.113     0     0 W audit   : audit_lost=17768 audit_rate_limit=5 audit_backlog_limit=64
06-03 21:48:31.114     0     0 E audit   : rate limit exceeded
06-03 21:48:31.080  1466  1466 W com.android.providers.media.module: type=1400 audit(0.0:36838): avc: denied { read } for comm=4173796E635461736B202331 name="primary" dev="tmpfs" ino=18207 scontext=u:r:mediaprovider_app:s0:c118,c256,c512,c768 tcontext=u:object_r:mnt_pass_through_file:s0 tclass=lnk_file permissive=0 app=com.android.providers.media.module
06-03 21:48:31.087  1466  2347 W ModernMediaScanner: Failed to visit /sdcard/screen_2023-06-03_214833.png: java.nio.file.AccessDeniedException: /sdcard/screen_2023-06-03_214833.png
06-03 21:48:31.088  1466  2347 I MediaProvider: Scanned internal due to REASON_DEMAND, found 0 items in 3ms, 0 inserts 0 updates 0 deletes
06-03 21:48:31.080  1466  1466 W com.android.providers.media.module: type=1400 audit(0.0:36839): avc: denied { read } for comm=4173796E635461736B202331 name="primary" dev="tmpfs" ino=18207 scontext=u:r:mediaprovider_app:s0:c118,c256,c512,c768 tcontext=u:object_r:mnt_pass_through_file:s0 tclass=lnk_file permissive=0 app=com.android.providers.media.module
06-03 21:48:31.089  1466  2347 I MediaProvider: End Intent { act=android.intent.action.MEDIA_SCANNER_SCAN_FILE dat=file:///sdcard/screen_2023-06-03_214833.png flg=0x1400010 cmp=com.android.providers.media.module/com.android.providers.media.MediaService }
06-03 21:48:31.117  1466  1653 I MediaProvider: Deleted 1 items on external_primary due to com.android.shell
06-03 21:48:31.200 14566 14568 I cmd     : oneway function results will be dropped but finished with status OK and parcel size 4
06-03 21:48:31.257   530 30947 I ActivityManager: Force stopping com.simplemobiletools.calendar.pro appid=10126 user=0: from pid 14578
06-03 21:48:31.258 14578 14580 I cmd     : oneway function results will be dropped but finished with status OK and parcel size 4
06-03 21:48:31.312 14581 14581 E libc    : Access denied finding property "persist.device_config.runtime_native_boot.profilebootclasspath"
06-03 21:48:31.312 14581 14581 E libc    : Access denied finding property "persist.device_config.runtime_native_boot.enable_apex_image"
06-03 21:48:31.312 14581 14581 I AndroidRuntime: Using default boot image
06-03 21:48:31.312 14581 14581 E libc    : Access denied finding property "persist.device_config.runtime_native_boot.disable_lock_profiling"
06-03 21:48:31.312 14581 14581 I AndroidRuntime: Leaving lock profiling enabled
06-03 21:48:31.312 14581 14581 E libc    : Access denied finding property "persist.device_config.runtime_native_boot.enable_generational_cc"
06-03 21:48:31.313 14581 14581 W app_process: Could not reserve sentinel fault page
06-03 21:48:31.313 14581 14581 I app_process: Core platform API reporting enabled, enforcing=false
06-03 21:48:31.357 14581 14581 W app_process: Unexpected CPU variant for X86 using defaults: x86
06-03 21:48:31.358 14581 14581 I app_process: The ClassLoaderContext is a special shared library.
06-03 21:48:31.364 14581 14581 W app_process: JNI RegisterNativeMethods: attempt to register 0 native methods for android.media.AudioAttributes
06-03 21:48:31.370   530   568 I ActivityTaskManager: START u0 {act=android.intent.action.MAIN cat=[android.intent.category.HOME] flg=0x10000100 cmp=com.android.launcher3/.uioverrides.QuickstepLauncher (has extras)} from uid 0
06-03 21:48:31.535   178   178 I servicemanager: Notifying apexservice they have clients: 1
06-03 21:48:31.564     0     0 I AidlLazyServiceRegistrar: Process has 1 (of 1 available) client(s) in use after notification android.apex.IApexService has clients: 1
06-03 21:48:32.920   179   179 I hwservicemanager: getTransport: Cannot find entry android.hardware.graphics.mapper@4.0::IMapper/default in either framework or device manifest.
06-03 21:48:32.920 14613 14613 I Gralloc4: mapper 4.x is not supported
06-03 21:48:33.297 14617 14619 I cmd     : oneway function results will be dropped but finished with status OK and parcel size 4
06-03 21:48:33.298  1466  2347 I MediaProvider: Begin Intent { act=android.intent.action.MEDIA_SCANNER_SCAN_FILE dat=file:///sdcard/screen_2023-06-03_214835.png flg=0x1400010 cmp=com.android.providers.media.module/com.android.providers.media.MediaService }
06-03 21:48:33.301  1466  2347 W ModernMediaScanner: Failed to visit /sdcard/screen_2023-06-03_214835.png: java.nio.file.AccessDeniedException: /sdcard/screen_2023-06-03_214835.png
06-03 21:48:33.292  1466  1466 W com.android.providers.media.module: type=1400 audit(0.0:36847): avc: denied { read } for comm=4173796E635461736B202331 name="primary" dev="tmpfs" ino=18207 scontext=u:r:mediaprovider_app:s0:c118,c256,c512,c768 tcontext=u:object_r:mnt_pass_through_file:s0 tclass=lnk_file permissive=0 app=com.android.providers.media.module
06-03 21:48:33.301  1466  2347 I MediaProvider: Scanned internal due to REASON_DEMAND, found 0 items in 2ms, 0 inserts 0 updates 0 deletes
06-03 21:48:33.292  1466  1466 W com.android.providers.media.module: type=1400 audit(0.0:36848): avc: denied { read } for comm=4173796E635461736B202331 name="primary" dev="tmpfs" ino=18207 scontext=u:r:mediaprovider_app:s0:c118,c256,c512,c768 tcontext=u:object_r:mnt_pass_through_file:s0 tclass=lnk_file permissive=0 app=com.android.providers.media.module
06-03 21:48:33.302  1466  2347 I MediaProvider: End Intent { act=android.intent.action.MEDIA_SCANNER_SCAN_FILE dat=file:///sdcard/screen_2023-06-03_214835.png flg=0x1400010 cmp=com.android.providers.media.module/com.android.providers.media.MediaService }
06-03 21:48:33.327     0     0 W audit   : audit_lost=17775 audit_rate_limit=5 audit_backlog_limit=64
06-03 21:48:33.328     0     0 E audit   : rate limit exceeded
06-03 21:48:33.296  1466  1466 W com.android.providers.media.module: type=1400 audit(0.0:36849): avc: denied { read } for comm=4173796E635461736B202331 name="primary" dev="tmpfs" ino=18207 scontext=u:r:mediaprovider_app:s0:c118,c256,c512,c768 tcontext=u:object_r:mnt_pass_through_file:s0 tclass=lnk_file permissive=0 app=com.android.providers.media.module
06-03 21:48:33.326  1466  4324 I MediaProvider: Deleted 1 items on external_primary due to com.android.shell
06-03 21:48:33.406 14630 14632 I cmd     : oneway function results will be dropped but finished with status OK and parcel size 4
06-03 21:48:33.544   179   179 I hwservicemanager: getTransport: Cannot find entry android.hardware.graphics.mapper@4.0::IMapper/default in either framework or device manifest.
06-03 21:48:33.544 14652 14652 I Gralloc4: mapper 4.x is not supported
06-03 21:48:33.922  1466  2347 I MediaProvider: Begin Intent { act=android.intent.action.MEDIA_SCANNER_SCAN_FILE dat=file:///sdcard/screen_2023-06-03_214835.png flg=0x1400010 cmp=com.android.providers.media.module/com.android.providers.media.MediaService }
06-03 21:48:33.923  1466  2347 W ModernMediaScanner: Failed to visit /sdcard/screen_2023-06-03_214835.png: java.nio.file.AccessDeniedException: /sdcard/screen_2023-06-03_214835.png
06-03 21:48:33.924  1466  2347 I MediaProvider: Scanned internal due to REASON_DEMAND, found 0 items in 2ms, 0 inserts 0 updates 0 deletes
06-03 21:48:33.924  1466  2347 I MediaProvider: End Intent { act=android.intent.action.MEDIA_SCANNER_SCAN_FILE dat=file:///sdcard/screen_2023-06-03_214835.png flg=0x1400010 cmp=com.android.providers.media.module/com.android.providers.media.MediaService }
06-03 21:48:33.953  1466  1652 I MediaProvider: Deleted 1 items on external_primary due to com.android.shell
06-03 21:48:34.340   179   179 I hwservicemanager: getTransport: Cannot find entry android.hardware.graphics.mapper@4.0::IMapper/default in either framework or device manifest.
06-03 21:48:34.340 14689 14689 I Gralloc4: mapper 4.x is not supported
06-03 21:48:34.707 14695 14697 I cmd     : oneway function results will be dropped but finished with status OK and parcel size 4
06-03 21:48:34.708  1466  2347 I MediaProvider: Begin Intent { act=android.intent.action.MEDIA_SCANNER_SCAN_FILE dat=file:///sdcard/screen_2023-06-03_214836.png flg=0x1400010 cmp=com.android.providers.media.module/com.android.providers.media.MediaService }
06-03 21:48:34.704  1466  1466 W com.android.providers.media.module: type=1400 audit(0.0:36859): avc: denied { read } for comm=4173796E635461736B202331 name="primary" dev="tmpfs" ino=18207 scontext=u:r:mediaprovider_app:s0:c118,c256,c512,c768 tcontext=u:object_r:mnt_pass_through_file:s0 tclass=lnk_file permissive=0 app=com.android.providers.media.module
06-03 21:48:34.737     0     0 W audit   : audit_lost=17782 audit_rate_limit=5 audit_backlog_limit=64
06-03 21:48:34.738     0     0 E audit   : rate limit exceeded
06-03 21:48:34.704  1466  1466 W com.android.providers.media.module: type=1400 audit(0.0:36860): avc: denied { read } for comm=4173796E635461736B202331 name="primary" dev="tmpfs" ino=18207 scontext=u:r:mediaprovider_app:s0:c118,c256,c512,c768 tcontext=u:object_r:mnt_pass_through_file:s0 tclass=lnk_file permissive=0 app=com.android.providers.media.module
06-03 21:48:34.711  1466  2347 W ModernMediaScanner: Failed to visit /sdcard/screen_2023-06-03_214836.png: java.nio.file.AccessDeniedException: /sdcard/screen_2023-06-03_214836.png
06-03 21:48:34.712  1466  2347 I MediaProvider: Scanned internal due to REASON_DEMAND, found 0 items in 3ms, 0 inserts 0 updates 0 deletes
06-03 21:48:34.704  1466  1466 W com.android.providers.media.module: type=1400 audit(0.0:36861): avc: denied { read } for comm=4173796E635461736B202331 name="primary" dev="tmpfs" ino=18207 scontext=u:r:mediaprovider_app:s0:c118,c256,c512,c768 tcontext=u:object_r:mnt_pass_through_file:s0 tclass=lnk_file permissive=0 app=com.android.providers.media.module
06-03 21:48:34.713  1466  2347 I MediaProvider: End Intent { act=android.intent.action.MEDIA_SCANNER_SCAN_FILE dat=file:///sdcard/screen_2023-06-03_214836.png flg=0x1400010 cmp=com.android.providers.media.module/com.android.providers.media.MediaService }
06-03 21:48:34.704  1466  1466 W com.android.providers.media.module: type=1400 audit(0.0:36862): avc: denied { read } for comm=4173796E635461736B202331 name="primary" dev="tmpfs" ino=18207 scontext=u:r:mediaprovider_app:s0:c118,c256,c512,c768 tcontext=u:object_r:mnt_pass_through_file:s0 tclass=lnk_file permissive=0 app=com.android.providers.media.module
06-03 21:48:34.735  1466  1653 I MediaProvider: Deleted 1 items on external_primary due to com.android.shell
06-03 21:48:34.902   530   853 I ActivityTaskManager: START u0 {act=android.intent.action.MAIN cat=[android.intent.category.LAUNCHER] flg=0x10000000 cmp=com.simplemobiletools.calendar.pro/.activities.SplashActivity.Orange} from uid 2000
06-03 21:48:34.905   393   393 I perfetto: ing_service_impl.cc:758 Configured tracing session 117, #sources:1, duration:5000 ms, #buffers:1, total buffer size:4096 KB, total sessions:1, uid:1071 session name: ""
06-03 21:48:34.905   392   392 I perfetto: probes_producer.cc:230  Ftrace setup (target_buf=117)
06-03 21:48:34.907 14718 14720 I cmd     : oneway function results will be dropped but finished with status OK and parcel size 4
06-03 21:48:34.942   392   392 I perfetto: ftrace_procfs.cc:176    enabled ftrace
06-03 21:48:34.970     0     0 W perfetto: enabled ftrace
06-03 21:48:34.948   530   577 I ActivityManager: Start proc 14726:com.simplemobiletools.calendar.pro/u0a126 for pre-top-activity {com.simplemobiletools.calendar.pro/com.simplemobiletools.calendar.pro.activities.SplashActivity.Orange}
06-03 21:48:34.954 14726 14726 W ls.calendar.pr: Unexpected CPU variant for X86 using defaults: x86
06-03 21:48:34.957   385   401 I adbd    : jdwp connection from 14726
06-03 21:48:34.960   530  3624 W InputReader: Device virtio_input_multi_touch_9 is associated with display ADISPLAY_ID_NONE.
06-03 21:48:34.960   530  3624 W InputReader: Device virtio_input_multi_touch_7 is associated with display ADISPLAY_ID_NONE.
06-03 21:48:34.960   530  3624 W InputReader: Device virtio_input_multi_touch_10 is associated with display ADISPLAY_ID_NONE.
06-03 21:48:34.960   530  3624 W InputReader: Device virtio_input_multi_touch_4 is associated with display ADISPLAY_ID_NONE.
06-03 21:48:34.960   530  3624 W InputReader: Device virtio_input_multi_touch_11 is associated with display ADISPLAY_ID_NONE.
06-03 21:48:34.960   530  3624 W InputReader: Device virtio_input_multi_touch_5 is associated with display ADISPLAY_ID_NONE.
06-03 21:48:34.960   530  3624 W InputReader: Device virtio_input_multi_touch_6 is associated with display ADISPLAY_ID_NONE.
06-03 21:48:34.960   530  3624 W InputReader: Device virtio_input_multi_touch_2 is associated with display ADISPLAY_ID_NONE.
06-03 21:48:34.960   530  3624 W InputReader: Device virtio_input_multi_touch_3 is associated with display ADISPLAY_ID_NONE.
06-03 21:48:34.960   530  3624 W InputReader: Device virtio_input_multi_touch_8 is associated with display ADISPLAY_ID_NONE.
06-03 21:48:34.960   530  3624 W InputReader: Device virtio_input_multi_touch_9 is associated with display ADISPLAY_ID_NONE.
06-03 21:48:34.960   530  3624 W InputReader: Device virtio_input_multi_touch_7 is associated with display ADISPLAY_ID_NONE.
06-03 21:48:34.960   530  3624 W InputReader: Device virtio_input_multi_touch_10 is associated with display ADISPLAY_ID_NONE.
06-03 21:48:34.960   530  3624 W InputReader: Device virtio_input_multi_touch_4 is associated with display ADISPLAY_ID_NONE.
06-03 21:48:34.960   530  3624 W InputReader: Device virtio_input_multi_touch_11 is associated with display ADISPLAY_ID_NONE.
06-03 21:48:34.960   530  3624 W InputReader: Device virtio_input_multi_touch_5 is associated with display ADISPLAY_ID_NONE.
06-03 21:48:34.960   530  3624 W InputReader: Device virtio_input_multi_touch_6 is associated with display ADISPLAY_ID_NONE.
06-03 21:48:34.960   530  3624 W InputReader: Device virtio_input_multi_touch_2 is associated with display ADISPLAY_ID_NONE.
06-03 21:48:34.960   530  3624 W InputReader: Device virtio_input_multi_touch_3 is associated with display ADISPLAY_ID_NONE.
06-03 21:48:34.960   530  3624 W InputReader: Device virtio_input_multi_touch_8 is associated with display ADISPLAY_ID_NONE.
06-03 21:48:34.969 14726 14726 I MultiDex: VM with version 2.1.0 has multidex support
06-03 21:48:34.969 14726 14726 I MultiDex: Installing application
06-03 21:48:34.969 14726 14726 I MultiDex: VM has multidex support, MultiDex support library is disabled.
06-03 21:48:34.979   530 10664 I ActivityTaskManager: START u0 {cmp=com.simplemobiletools.calendar.pro/.activities.MainActivity} from uid 10126
06-03 21:48:34.992   530 10664 W ActivityTaskManager: Tried to set launchTime (0) < mLastActivityLaunchTime (109312751)
06-03 21:48:34.992   530 10664 W InputReader: Device virtio_input_multi_touch_9 is associated with display ADISPLAY_ID_NONE.
06-03 21:48:34.992   530 10664 W InputReader: Device virtio_input_multi_touch_7 is associated with display ADISPLAY_ID_NONE.
06-03 21:48:34.992   530 10664 W InputReader: Device virtio_input_multi_touch_10 is associated with display ADISPLAY_ID_NONE.
06-03 21:48:34.992   530 10664 W InputReader: Device virtio_input_multi_touch_4 is associated with display ADISPLAY_ID_NONE.
06-03 21:48:34.992   530 10664 W InputReader: Device virtio_input_multi_touch_11 is associated with display ADISPLAY_ID_NONE.
06-03 21:48:34.992   530 10664 W InputReader: Device virtio_input_multi_touch_5 is associated with display ADISPLAY_ID_NONE.
06-03 21:48:34.992   530 10664 W InputReader: Device virtio_input_multi_touch_6 is associated with display ADISPLAY_ID_NONE.
06-03 21:48:34.992   530 10664 W InputReader: Device virtio_input_multi_touch_2 is associated with display ADISPLAY_ID_NONE.
06-03 21:48:34.992   530 10664 W InputReader: Device virtio_input_multi_touch_3 is associated with display ADISPLAY_ID_NONE.
06-03 21:48:34.992   530 10664 W InputReader: Device virtio_input_multi_touch_8 is associated with display ADISPLAY_ID_NONE.
06-03 21:48:34.992   530 10664 W InputReader: Device virtio_input_multi_touch_9 is associated with display ADISPLAY_ID_NONE.
06-03 21:48:34.992   530 10664 W InputReader: Device virtio_input_multi_touch_7 is associated with display ADISPLAY_ID_NONE.
06-03 21:48:34.992   530 10664 W InputReader: Device virtio_input_multi_touch_10 is associated with display ADISPLAY_ID_NONE.
06-03 21:48:34.992   530 10664 W InputReader: Device virtio_input_multi_touch_4 is associated with display ADISPLAY_ID_NONE.
06-03 21:48:34.992   530 10664 W InputReader: Device virtio_input_multi_touch_11 is associated with display ADISPLAY_ID_NONE.
06-03 21:48:34.992   530 10664 W InputReader: Device virtio_input_multi_touch_5 is associated with display ADISPLAY_ID_NONE.
06-03 21:48:34.992   530 10664 W InputReader: Device virtio_input_multi_touch_6 is associated with display ADISPLAY_ID_NONE.
06-03 21:48:34.992   530 10664 W InputReader: Device virtio_input_multi_touch_2 is associated with display ADISPLAY_ID_NONE.
06-03 21:48:34.992   530 10664 W InputReader: Device virtio_input_multi_touch_3 is associated with display ADISPLAY_ID_NONE.
06-03 21:48:34.992   530 10664 W InputReader: Device virtio_input_multi_touch_8 is associated with display ADISPLAY_ID_NONE.
06-03 21:48:35.117 14726 14726 W RecyclerView: No adapter attached; skipping layout
06-03 21:48:35.117 14726 14726 I chatty  : uid=10126(com.simplemobiletools.calendar.pro) identical 1 line
06-03 21:48:35.117 14726 14726 W RecyclerView: No adapter attached; skipping layout
06-03 21:48:35.120   179   179 I hwservicemanager: getTransport: Cannot find entry android.hardware.configstore@1.0::ISurfaceFlingerConfigs/default in either framework or device manifest.
06-03 21:48:35.120 14726 14752 W OpenGLRenderer: Failed to choose config with EGL_SWAP_BEHAVIOR_PRESERVED, retrying without...
06-03 21:48:35.135   179   179 I hwservicemanager: getTransport: Cannot find entry android.hardware.graphics.mapper@4.0::IMapper/default in either framework or device manifest.
06-03 21:48:35.135 14726 14752 I Gralloc4: mapper 4.x is not supported
06-03 21:48:35.175   530   575 I ActivityTaskManager: Displayed com.simplemobiletools.calendar.pro/.activities.MainActivity: +269ms
06-03 21:48:36.092   179   179 I hwservicemanager: getTransport: Cannot find entry android.hardware.graphics.mapper@4.0::IMapper/default in either framework or device manifest.
06-03 21:48:36.092 14787 14787 I Gralloc4: mapper 4.x is not supported
06-03 21:48:36.093  1466  1494 W FuseDaemon: Reducing the number of considered missed Gc histogram windows from 1872 to 100
06-03 21:48:36.245 14791 14793 I cmd     : oneway function results will be dropped but finished with status OK and parcel size 4
06-03 21:48:36.246  1466  2347 I MediaProvider: Begin Intent { act=android.intent.action.MEDIA_SCANNER_SCAN_FILE dat=file:///sdcard/screen_2023-06-03_214838.png flg=0x1400010 cmp=com.android.providers.media.module/com.android.providers.media.MediaService }
06-03 21:48:36.240  1466  1466 W com.android.providers.media.module: type=1400 audit(0.0:36865): avc: denied { read } for comm=4173796E635461736B202331 name="primary" dev="tmpfs" ino=18207 scontext=u:r:mediaprovider_app:s0:c118,c256,c512,c768 tcontext=u:object_r:mnt_pass_through_file:s0 tclass=lnk_file permissive=0 app=com.android.providers.media.module
06-03 21:48:36.249  1466  2347 W ModernMediaScanner: Failed to visit /sdcard/screen_2023-06-03_214838.png: java.nio.file.AccessDeniedException: /sdcard/screen_2023-06-03_214838.png
06-03 21:48:36.275     0     0 W audit   : audit_lost=17783 audit_rate_limit=5 audit_backlog_limit=64
06-03 21:48:36.276     0     0 E audit   : rate limit exceeded
06-03 21:48:36.240  1466  1466 W com.android.providers.media.module: type=1400 audit(0.0:36867): avc: denied { read } for comm=4173796E635461736B202331 name="primary" dev="tmpfs" ino=18207 scontext=u:r:mediaprovider_app:s0:c118,c256,c512,c768 tcontext=u:object_r:mnt_pass_through_file:s0 tclass=lnk_file permissive=0 app=com.android.providers.media.module
06-03 21:48:36.250  1466  2347 I MediaProvider: Scanned internal due to REASON_DEMAND, found 0 items in 4ms, 0 inserts 0 updates 0 deletes
06-03 21:48:36.251  1466  2347 I MediaProvider: End Intent { act=android.intent.action.MEDIA_SCANNER_SCAN_FILE dat=file:///sdcard/screen_2023-06-03_214838.png flg=0x1400010 cmp=com.android.providers.media.module/com.android.providers.media.MediaService }
06-03 21:48:36.244  1466  1466 W com.android.providers.media.module: type=1400 audit(0.0:36868): avc: denied { read } for comm=4173796E635461736B202331 name="primary" dev="tmpfs" ino=18207 scontext=u:r:mediaprovider_app:s0:c118,c256,c512,c768 tcontext=u:object_r:mnt_pass_through_file:s0 tclass=lnk_file permissive=0 app=com.android.providers.media.module
06-03 21:48:36.270  1466  4324 I MediaProvider: Deleted 1 items on external_primary due to com.android.shell
06-03 21:48:36.334 14802 14804 I cmd     : oneway function results will be dropped but finished with status OK and parcel size 4
06-03 21:48:36.535   178   178 I servicemanager: Notifying apexservice they have clients: 0
06-03 21:48:36.563     0     0 I AidlLazyServiceRegistrar: Process has 0 (of 1 available) client(s) in use after notification android.apex.IApexService has clients: 0
06-03 21:48:36.564     0     0 I AidlLazyServiceRegistrar: Trying to shut down the service. No clients in use for any service in process.
06-03 21:48:36.564     0     0 I AidlLazyServiceRegistrar: Unregistered all clients and exiting
06-03 21:48:36.536   178   178 I BpBinder: onLastStrongRef automatically unlinking death recipients: <uncached descriptor>
06-03 21:48:36.566     0     0 I init    : Service 'apexd' (pid 14534) exited with status 0 oneshot service took 6.031000 seconds in background
06-03 21:48:36.566     0     0 I init    : Sending signal 9 to service 'apexd' (pid 14534) process group...
06-03 21:48:36.567     0     0 I libprocessgroup: Successfully killed process cgroup uid 0 pid 14534 in 0ms
06-03 21:48:36.562   179   179 I hwservicemanager: getTransport: Cannot find entry android.hardware.graphics.mapper@4.0::IMapper/default in either framework or device manifest.
06-03 21:48:36.562 14826 14826 I Gralloc4: mapper 4.x is not supported
06-03 21:48:36.713  1466  2347 I MediaProvider: Begin Intent { act=android.intent.action.MEDIA_SCANNER_SCAN_FILE dat=file:///sdcard/screen_2023-06-03_214838.png flg=0x1400010 cmp=com.android.providers.media.module/com.android.providers.media.MediaService }
06-03 21:48:36.714  1466  2347 W ModernMediaScanner: Failed to visit /sdcard/screen_2023-06-03_214838.png: java.nio.file.AccessDeniedException: /sdcard/screen_2023-06-03_214838.png
06-03 21:48:36.714  1466  2347 I MediaProvider: Scanned internal due to REASON_DEMAND, found 0 items in 2ms, 0 inserts 0 updates 0 deletes
06-03 21:48:36.715  1466  2347 I MediaProvider: End Intent { act=android.intent.action.MEDIA_SCANNER_SCAN_FILE dat=file:///sdcard/screen_2023-06-03_214838.png flg=0x1400010 cmp=com.android.providers.media.module/com.android.providers.media.MediaService }
06-03 21:48:36.740  1466  1653 I MediaProvider: Deleted 1 items on external_primary due to com.android.shell
06-03 21:48:36.809 14842 14844 I cmd     : oneway function results will be dropped but finished with status OK and parcel size 4
06-03 21:48:38.463   530  1439 E TaskPersister: File error accessing recents directory (directory doesn't exist?).
06-03 21:48:39.912   392   392 I perfetto: probes_producer.cc:329  Producer stop (id=117)
06-03 21:48:39.915   392   392 I perfetto: ftrace_procfs.cc:183    disabled ftrace
06-03 21:48:39.915   393   393 I perfetto: ng_service_impl.cc:1948 Tracing session 117 ended, total sessions:0
06-03 21:48:39.941     0     0 W perfetto: disabled ftrace
06-03 21:48:39.918   428 14722 I iorapd  : Perfetto TraceBuffer saved to file: /data/misc/iorapd/com.simplemobiletools.calendar.pro/235/com.simplemobiletools.calendar.pro.activities.SplashActivity.Orange/raw_traces/1685800119917215633.perfetto_trace.pb
06-03 21:48:49.092   507   507 E netmgr  : qemu_pipe_open_ns:62: Could not connect to the 'pipe:qemud:network' service: Invalid argument
06-03 21:48:49.092   507   507 E netmgr  : Failed to open QEMU pipe 'qemud:network': Invalid argument
06-03 21:48:55.910   179   179 I hwservicemanager: getTransport: Cannot find entry android.hardware.graphics.mapper@4.0::IMapper/default in either framework or device manifest.
06-03 21:48:55.910 14902 14902 I Gralloc4: mapper 4.x is not supported
06-03 21:48:56.077  1466  2347 I MediaProvider: Begin Intent { act=android.intent.action.MEDIA_SCANNER_SCAN_FILE dat=file:///sdcard/screen_2023-06-03_214858.png flg=0x1400010 cmp=com.android.providers.media.module/com.android.providers.media.MediaService }
06-03 21:48:56.072  1466  1466 W com.android.providers.media.module: type=1400 audit(0.0:36877): avc: denied { read } for comm=4173796E635461736B202331 name="primary" dev="tmpfs" ino=18207 scontext=u:r:mediaprovider_app:s0:c118,c256,c512,c768 tcontext=u:object_r:mnt_pass_through_file:s0 tclass=lnk_file permissive=0 app=com.android.providers.media.module
06-03 21:48:56.072  1466  1466 W com.android.providers.media.module: type=1400 audit(0.0:36878): avc: denied { read } for comm=4173796E635461736B202331 name="primary" dev="tmpfs" ino=18207 scontext=u:r:mediaprovider_app:s0:c118,c256,c512,c768 tcontext=u:object_r:mnt_pass_through_file:s0 tclass=lnk_file permissive=0 app=com.android.providers.media.module
06-03 21:48:56.080  1466  2347 W ModernMediaScanner: Failed to visit /sdcard/screen_2023-06-03_214858.png: java.nio.file.AccessDeniedException: /sdcard/screen_2023-06-03_214858.png
06-03 21:48:56.106     0     0 W audit   : audit_lost=17790 audit_rate_limit=5 audit_backlog_limit=64
06-03 21:48:56.107     0     0 E audit   : rate limit exceeded
06-03 21:48:56.072  1466  1466 W com.android.providers.media.module: type=1400 audit(0.0:36879): avc: denied { read } for comm=4173796E635461736B202331 name="primary" dev="tmpfs" ino=18207 scontext=u:r:mediaprovider_app:s0:c118,c256,c512,c768 tcontext=u:object_r:mnt_pass_through_file:s0 tclass=lnk_file permissive=0 app=com.android.providers.media.module
06-03 21:48:56.082  1466  2347 I MediaProvider: Scanned internal due to REASON_DEMAND, found 0 items in 4ms, 0 inserts 0 updates 0 deletes
06-03 21:48:56.082  1466  2347 I MediaProvider: End Intent { act=android.intent.action.MEDIA_SCANNER_SCAN_FILE dat=file:///sdcard/screen_2023-06-03_214858.png flg=0x1400010 cmp=com.android.providers.media.module/com.android.providers.media.MediaService }
06-03 21:48:56.072  1466  1466 W com.android.providers.media.module: type=1400 audit(0.0:36880): avc: denied { read } for comm=4173796E635461736B202331 name="primary" dev="tmpfs" ino=18207 scontext=u:r:mediaprovider_app:s0:c118,c256,c512,c768 tcontext=u:object_r:mnt_pass_through_file:s0 tclass=lnk_file permissive=0 app=com.android.providers.media.module
06-03 21:48:56.104  1466 24747 I MediaProvider: Deleted 1 items on external_primary due to com.android.shell
06-03 21:48:56.222 14917 14919 I cmd     : oneway function results will be dropped but finished with status OK and parcel size 4
06-03 21:48:56.338 14934 14936 I cmd     : oneway function results will be dropped but finished with status OK and parcel size 4
06-03 21:48:56.382 14949 14951 I cmd     : oneway function results will be dropped but finished with status OK and parcel size 4
06-03 21:48:56.443 14964 14966 I cmd     : oneway function results will be dropped but finished with status OK and parcel size 4
06-03 21:48:56.540 14976 14976 E libc    : Access denied finding property "persist.device_config.runtime_native_boot.profilebootclasspath"
06-03 21:48:56.540 14976 14976 E libc    : Access denied finding property "persist.device_config.runtime_native_boot.enable_apex_image"
06-03 21:48:56.540 14976 14976 I AndroidRuntime: Using default boot image
06-03 21:48:56.540 14976 14976 E libc    : Access denied finding property "persist.device_config.runtime_native_boot.disable_lock_profiling"
06-03 21:48:56.540 14976 14976 I AndroidRuntime: Leaving lock profiling enabled
06-03 21:48:56.540 14976 14976 E libc    : Access denied finding property "persist.device_config.runtime_native_boot.enable_generational_cc"
06-03 21:48:56.542 14976 14976 I app_process: Core platform API reporting enabled, enforcing=false
06-03 21:48:56.589 14976 14976 W app_process: Unexpected CPU variant for X86 using defaults: x86
06-03 21:48:56.590 14976 14976 I app_process: The ClassLoaderContext is a special shared library.
06-03 21:48:56.596 14976 14976 W app_process: JNI RegisterNativeMethods: attempt to register 0 native methods for android.media.AudioAttributes
06-03 21:48:56.805   530   853 I system_server: oneway function results will be dropped but finished with status OK and parcel size 4
06-03 21:48:56.805   530   853 I system_server: oneway function results will be dropped but finished with status OK and parcel size 4
06-03 21:48:56.879  4149  4149 E AccessibilityInteractionClient: 1 Disconnected nodes.
06-03 21:48:56.940   530 10664 I system_server: oneway function results will be dropped but finished with status OK and parcel size 4
06-03 21:48:58.381   179   179 I hwservicemanager: getTransport: Cannot find entry android.hardware.graphics.mapper@4.0::IMapper/default in either framework or device manifest.
06-03 21:48:58.381 15017 15017 I Gralloc4: mapper 4.x is not supported
06-03 21:48:58.542 15023 15025 I cmd     : oneway function results will be dropped but finished with status OK and parcel size 4
06-03 21:48:58.543  1466  2347 I MediaProvider: Begin Intent { act=android.intent.action.MEDIA_SCANNER_SCAN_FILE dat=file:///sdcard/screen_2023-06-03_214900.png flg=0x1400010 cmp=com.android.providers.media.module/com.android.providers.media.MediaService }
06-03 21:48:58.540  1466  1466 W com.android.providers.media.module: type=1400 audit(0.0:36887): avc: denied { read } for comm=4173796E635461736B202331 name="primary" dev="tmpfs" ino=18207 scontext=u:r:mediaprovider_app:s0:c118,c256,c512,c768 tcontext=u:object_r:mnt_pass_through_file:s0 tclass=lnk_file permissive=0 app=com.android.providers.media.module
06-03 21:48:58.545  1466  2347 W ModernMediaScanner: Failed to visit /sdcard/screen_2023-06-03_214900.png: java.nio.file.AccessDeniedException: /sdcard/screen_2023-06-03_214900.png
06-03 21:48:58.545  1466  2347 I MediaProvider: Scanned internal due to REASON_DEMAND, found 0 items in 3ms, 0 inserts 0 updates 0 deletes
06-03 21:48:58.540  1466  1466 W com.android.providers.media.module: type=1400 audit(0.0:36888): avc: denied { read } for comm=4173796E635461736B202331 name="primary" dev="tmpfs" ino=18207 scontext=u:r:mediaprovider_app:s0:c118,c256,c512,c768 tcontext=u:object_r:mnt_pass_through_file:s0 tclass=lnk_file permissive=0 app=com.android.providers.media.module
06-03 21:48:58.546  1466  2347 I MediaProvider: End Intent { act=android.intent.action.MEDIA_SCANNER_SCAN_FILE dat=file:///sdcard/screen_2023-06-03_214900.png flg=0x1400010 cmp=com.android.providers.media.module/com.android.providers.media.MediaService }
06-03 21:48:58.572     0     0 W audit   : audit_lost=17795 audit_rate_limit=5 audit_backlog_limit=64
06-03 21:48:58.573     0     0 E audit   : rate limit exceeded
06-03 21:48:58.540  1466  1466 W com.android.providers.media.module: type=1400 audit(0.0:36889): avc: denied { read } for comm=4173796E635461736B202331 name="primary" dev="tmpfs" ino=18207 scontext=u:r:mediaprovider_app:s0:c118,c256,c512,c768 tcontext=u:object_r:mnt_pass_through_file:s0 tclass=lnk_file permissive=0 app=com.android.providers.media.module
06-03 21:48:58.569  1466  1652 I MediaProvider: Deleted 1 items on external_primary due to com.android.shell
06-03 21:48:58.645 15034 15036 I cmd     : oneway function results will be dropped but finished with status OK and parcel size 4
06-03 21:48:58.870   179   179 I hwservicemanager: getTransport: Cannot find entry android.hardware.graphics.mapper@4.0::IMapper/default in either framework or device manifest.
06-03 21:48:58.870 15056 15056 I Gralloc4: mapper 4.x is not supported
06-03 21:48:59.023 15060 15062 I cmd     : oneway function results will be dropped but finished with status OK and parcel size 4
06-03 21:48:59.024  1466  2347 I MediaProvider: Begin Intent { act=android.intent.action.MEDIA_SCANNER_SCAN_FILE dat=file:///sdcard/screen_2023-06-03_214901.png flg=0x1400010 cmp=com.android.providers.media.module/com.android.providers.media.MediaService }
06-03 21:48:59.025  1466  2347 W ModernMediaScanner: Failed to visit /sdcard/screen_2023-06-03_214901.png: java.nio.file.AccessDeniedException: /sdcard/screen_2023-06-03_214901.png
06-03 21:48:59.026  1466  2347 I MediaProvider: Scanned internal due to REASON_DEMAND, found 0 items in 1ms, 0 inserts 0 updates 0 deletes
06-03 21:48:59.027  1466  2347 I MediaProvider: End Intent { act=android.intent.action.MEDIA_SCANNER_SCAN_FILE dat=file:///sdcard/screen_2023-06-03_214901.png flg=0x1400010 cmp=com.android.providers.media.module/com.android.providers.media.MediaService }
06-03 21:48:59.055  1466  4324 I MediaProvider: Deleted 1 items on external_primary due to com.android.shell
06-03 21:48:59.122 15071 15073 I cmd     : oneway function results will be dropped but finished with status OK and parcel size 4
06-03 21:48:59.906   530 10664 I system_server: oneway function results will be dropped but finished with status OK and parcel size 4
06-03 21:49:00.752  1885 15088 I GmscoreIpa: Starting mediastore instant index
06-03 21:49:01.365   223   226 E android.system.suspend@1.0-service: Error opening kernel wakelock stats for: wakeup34: Permission denied
06-03 21:49:01.360   223   223 W Binder:223_2: type=1400 audit(0.0:36899): avc: denied { read } for name="wakeup34" dev="sysfs" ino=19211 scontext=u:r:system_suspend:s0 tcontext=u:object_r:sysfs:s0 tclass=dir permissive=0
06-03 21:49:01.374   223   226 E android.system.suspend@1.0-service: Error opening kernel wakelock stats for: wakeup35: Permission denied
06-03 21:49:01.368   223   223 W Binder:223_2: type=1400 audit(0.0:36900): avc: denied { read } for name="wakeup35" dev="sysfs" ino=19274 scontext=u:r:system_suspend:s0 tcontext=u:object_r:sysfs:s0 tclass=dir permissive=0
06-03 21:49:01.646   509   509 E wifi_forwarder: qemu_pipe_open_ns:62: Could not connect to the 'pipe:qemud:wififorward' service: Invalid argument
06-03 21:49:01.646   509   509 E wifi_forwarder: RemoteConnection failed to initialize: RemoteConnection failed to open pipe
06-03 21:49:02.380   223   226 E android.system.suspend@1.0-service: Error opening kernel wakelock stats for: wakeup34: Permission denied
06-03 21:49:02.376   223   223 W Binder:223_2: type=1400 audit(0.0:36901): avc: denied { read } for name="wakeup34" dev="sysfs" ino=19211 scontext=u:r:system_suspend:s0 tcontext=u:object_r:sysfs:s0 tclass=dir permissive=0
06-03 21:49:02.390   223   226 E android.system.suspend@1.0-service: Error opening kernel wakelock stats for: wakeup35: Permission denied
06-03 21:49:02.384   223   223 W Binder:223_2: type=1400 audit(0.0:36902): avc: denied { read } for name="wakeup35" dev="sysfs" ino=19274 scontext=u:r:system_suspend:s0 tcontext=u:object_r:sysfs:s0 tclass=dir permissive=0
06-03 21:49:09.203   179   179 I hwservicemanager: getTransport: Cannot find entry android.hardware.graphics.mapper@4.0::IMapper/default in either framework or device manifest.
06-03 21:49:09.204 15118 15118 I Gralloc4: mapper 4.x is not supported
06-03 21:49:09.369 15122 15124 I cmd     : oneway function results will be dropped but finished with status OK and parcel size 4
06-03 21:49:09.370  1466  2347 I MediaProvider: Begin Intent { act=android.intent.action.MEDIA_SCANNER_SCAN_FILE dat=file:///sdcard/screen_2023-06-03_214911.png flg=0x1400010 cmp=com.android.providers.media.module/com.android.providers.media.MediaService }
06-03 21:49:09.371  1466  2347 W ModernMediaScanner: Failed to visit /sdcard/screen_2023-06-03_214911.png: java.nio.file.AccessDeniedException: /sdcard/screen_2023-06-03_214911.png
06-03 21:49:09.364  1466  1466 W com.android.providers.media.module: type=1400 audit(0.0:36903): avc: denied { read } for comm=4173796E635461736B202331 name="primary" dev="tmpfs" ino=18207 scontext=u:r:mediaprovider_app:s0:c118,c256,c512,c768 tcontext=u:object_r:mnt_pass_through_file:s0 tclass=lnk_file permissive=0 app=com.android.providers.media.module
06-03 21:49:09.372  1466  2347 I MediaProvider: Scanned internal due to REASON_DEMAND, found 0 items in 1ms, 0 inserts 0 updates 0 deletes
