06-04 11:58:00.748  8109  8109 W app_process: type=1400 audit(0.0:40143): avc: denied { read } for name="u:object_r:device_config_runtime_native_boot_prop:s0" dev="tmpfs" ino=8368 scontext=u:r:shell:s0 tcontext=u:object_r:device_config_runtime_native_boot_prop:s0 tclass=file permissive=0
06-04 11:58:00.755  8109  8109 E libc    : Access denied finding property "persist.device_config.runtime_native_boot.disable_lock_profiling"
06-04 11:58:00.755  8109  8109 I AndroidRuntime: Leaving lock profiling enabled
06-04 11:58:00.755  8109  8109 E libc    : Access denied finding property "persist.device_config.runtime_native_boot.enable_generational_cc"
06-04 11:58:00.757  8109  8109 W app_process: Could not reserve sentinel fault page
06-04 11:58:00.757  8109  8109 I app_process: Core platform API reporting enabled, enforcing=false
06-04 11:58:00.782     0     0 E audit   : rate limit exceeded
06-04 11:58:00.748  8109  8109 W app_process: type=1400 audit(0.0:40144): avc: denied { read } for name="u:object_r:device_config_runtime_native_boot_prop:s0" dev="tmpfs" ino=8368 scontext=u:r:shell:s0 tcontext=u:object_r:device_config_runtime_native_boot_prop:s0 tclass=file permissive=0
06-04 11:58:00.804  8109  8109 W app_process: Unexpected CPU variant for X86 using defaults: x86
06-04 11:58:00.805  8109  8109 I app_process: The ClassLoaderContext is a special shared library.
06-04 11:58:00.811  8109  8109 W app_process: JNI RegisterNativeMethods: attempt to register 0 native methods for android.media.AudioAttributes
06-04 11:58:01.017   338   338 I android.hardware.vibrator-service.example: Vibrator reporting capabilities
06-04 11:58:01.017   338   338 I android.hardware.vibrator-service.example: Vibrator off
06-04 11:58:01.144   338   338 I android.hardware.vibrator-service.example: Vibrator on for timeoutMs: 30
06-04 11:58:01.144   338   338 I android.hardware.vibrator-service.example: Vibrator set amplitude: 1
06-04 11:58:01.174   338   338 I android.hardware.vibrator-service.example: Vibrator off
06-04 11:58:02.545   179   179 I hwservicemanager: getTransport: Cannot find entry android.hardware.graphics.mapper@4.0::IMapper/default in either framework or device manifest.
06-04 11:58:02.545  8150  8150 I Gralloc4: mapper 4.x is not supported
06-04 11:58:02.700  8154  8156 I cmd     : oneway function results will be dropped but finished with status OK and parcel size 4
06-04 11:58:02.702  1466  2347 I MediaProvider: Begin Intent { act=android.intent.action.MEDIA_SCANNER_SCAN_FILE dat=file:///sdcard/screen_2023-06-04_115805.png flg=0x1400010 cmp=com.android.providers.media.module/com.android.providers.media.MediaService }
06-04 11:58:02.696  1466  1466 W com.android.providers.media.module: type=1400 audit(0.0:40147): avc: denied { read } for comm=4173796E635461736B202331 name="primary" dev="tmpfs" ino=18207 scontext=u:r:mediaprovider_app:s0:c118,c256,c512,c768 tcontext=u:object_r:mnt_pass_through_file:s0 tclass=lnk_file permissive=0 app=com.android.providers.media.module
06-04 11:58:02.731     0     0 W audit   : audit_lost=18390 audit_rate_limit=5 audit_backlog_limit=64
06-04 11:58:02.731     0     0 E audit   : rate limit exceeded
06-04 11:58:02.696  1466  1466 I chatty  : uid=10118(com.android.providers.media.module) identical 1 line
06-04 11:58:02.696  1466  1466 W com.android.providers.media.module: type=1400 audit(0.0:40149): avc: denied { read } for comm=4173796E635461736B202331 name="primary" dev="tmpfs" ino=18207 scontext=u:r:mediaprovider_app:s0:c118,c256,c512,c768 tcontext=u:object_r:mnt_pass_through_file:s0 tclass=lnk_file permissive=0 app=com.android.providers.media.module
06-04 11:58:02.705  1466  2347 W ModernMediaScanner: Failed to visit /sdcard/screen_2023-06-04_115805.png: java.nio.file.AccessDeniedException: /sdcard/screen_2023-06-04_115805.png
06-04 11:58:02.706  1466  2347 I MediaProvider: Scanned internal due to REASON_DEMAND, found 0 items in 4ms, 0 inserts 0 updates 0 deletes
06-04 11:58:02.707  1466  2347 I MediaProvider: End Intent { act=android.intent.action.MEDIA_SCANNER_SCAN_FILE dat=file:///sdcard/screen_2023-06-04_115805.png flg=0x1400010 cmp=com.android.providers.media.module/com.android.providers.media.MediaService }
06-04 11:58:02.696  1466  1466 W com.android.providers.media.module: type=1400 audit(0.0:40150): avc: denied { read } for comm=4173796E635461736B202331 name="primary" dev="tmpfs" ino=18207 scontext=u:r:mediaprovider_app:s0:c118,c256,c512,c768 tcontext=u:object_r:mnt_pass_through_file:s0 tclass=lnk_file permissive=0 app=com.android.providers.media.module
06-04 11:58:02.726  1466 24747 I MediaProvider: Deleted 1 items on external_primary due to com.android.shell
06-04 11:58:02.812  8165  8167 I cmd     : oneway function results will be dropped but finished with status OK and parcel size 4
06-04 11:58:03.050   179   179 I hwservicemanager: getTransport: Cannot find entry android.hardware.graphics.mapper@4.0::IMapper/default in either framework or device manifest.
06-04 11:58:03.050  8187  8187 I Gralloc4: mapper 4.x is not supported
06-04 11:58:03.202  8193  8195 I cmd     : oneway function results will be dropped but finished with status OK and parcel size 4
06-04 11:58:03.203  1466  2347 I MediaProvider: Begin Intent { act=android.intent.action.MEDIA_SCANNER_SCAN_FILE dat=file:///sdcard/screen_2023-06-04_115806.png flg=0x1400010 cmp=com.android.providers.media.module/com.android.providers.media.MediaService }
06-04 11:58:03.204  1466  2347 W ModernMediaScanner: Failed to visit /sdcard/screen_2023-06-04_115806.png: java.nio.file.AccessDeniedException: /sdcard/screen_2023-06-04_115806.png
06-04 11:58:03.205  1466  2347 I MediaProvider: Scanned internal due to REASON_DEMAND, found 0 items in 1ms, 0 inserts 0 updates 0 deletes
06-04 11:58:03.205  1466  2347 I MediaProvider: End Intent { act=android.intent.action.MEDIA_SCANNER_SCAN_FILE dat=file:///sdcard/screen_2023-06-04_115806.png flg=0x1400010 cmp=com.android.providers.media.module/com.android.providers.media.MediaService }
06-04 11:58:03.228  1466  1653 I MediaProvider: Deleted 1 items on external_primary due to com.android.shell
06-04 11:58:03.287  8204  8206 I cmd     : oneway function results will be dropped but finished with status OK and parcel size 4
06-04 11:58:06.564   179   179 I hwservicemanager: getTransport: Cannot find entry android.hardware.graphics.mapper@4.0::IMapper/default in either framework or device manifest.
06-04 11:58:06.564  8232  8232 I Gralloc4: mapper 4.x is not supported
06-04 11:58:06.724  8236  8238 I cmd     : oneway function results will be dropped but finished with status OK and parcel size 4
06-04 11:58:06.726  1466  2347 I MediaProvider: Begin Intent { act=android.intent.action.MEDIA_SCANNER_SCAN_FILE dat=file:///sdcard/screen_2023-06-04_115809.png flg=0x1400010 cmp=com.android.providers.media.module/com.android.providers.media.MediaService }
06-04 11:58:06.720  1466  1466 W com.android.providers.media.module: type=1400 audit(0.0:40159): avc: denied { read } for comm=4173796E635461736B202331 name="primary" dev="tmpfs" ino=18207 scontext=u:r:mediaprovider_app:s0:c118,c256,c512,c768 tcontext=u:object_r:mnt_pass_through_file:s0 tclass=lnk_file permissive=0 app=com.android.providers.media.module
06-04 11:58:06.729  1466  2347 W ModernMediaScanner: Failed to visit /sdcard/screen_2023-06-04_115809.png: java.nio.file.AccessDeniedException: /sdcard/screen_2023-06-04_115809.png
06-04 11:58:06.730  1466  2347 I MediaProvider: Scanned internal due to REASON_DEMAND, found 0 items in 4ms, 0 inserts 0 updates 0 deletes
06-04 11:58:06.730  1466  2347 I MediaProvider: End Intent { act=android.intent.action.MEDIA_SCANNER_SCAN_FILE dat=file:///sdcard/screen_2023-06-04_115809.png flg=0x1400010 cmp=com.android.providers.media.module/com.android.providers.media.MediaService }
06-04 11:58:06.720  1466  1466 W com.android.providers.media.module: type=1400 audit(0.0:40161): avc: denied { read } for comm=4173796E635461736B202331 name="primary" dev="tmpfs" ino=18207 scontext=u:r:mediaprovider_app:s0:c118,c256,c512,c768 tcontext=u:object_r:mnt_pass_through_file:s0 tclass=lnk_file permissive=0 app=com.android.providers.media.module
06-04 11:58:06.755     0     0 W audit   : audit_lost=18397 audit_rate_limit=5 audit_backlog_limit=64
06-04 11:58:06.755     0     0 E audit   : rate limit exceeded
06-04 11:58:06.720  1466  1466 I chatty  : uid=10118(com.android.providers.media.module) identical 1 line
06-04 11:58:06.720  1466  1466 W com.android.providers.media.module: type=1400 audit(0.0:40163): avc: denied { read } for comm=4173796E635461736B202331 name="primary" dev="tmpfs" ino=18207 scontext=u:r:mediaprovider_app:s0:c118,c256,c512,c768 tcontext=u:object_r:mnt_pass_through_file:s0 tclass=lnk_file permissive=0 app=com.android.providers.media.module
06-04 11:58:06.756  1466  4324 I MediaProvider: Deleted 1 items on external_primary due to com.android.shell
06-04 11:58:06.852  8247  8249 I cmd     : oneway function results will be dropped but finished with status OK and parcel size 4
06-04 11:58:06.937  8262  8264 I cmd     : oneway function results will be dropped but finished with status OK and parcel size 4
06-04 11:58:07.009  8277  8279 I cmd     : oneway function results will be dropped but finished with status OK and parcel size 4
06-04 11:58:07.099  8292  8294 I cmd     : oneway function results will be dropped but finished with status OK and parcel size 4
06-04 11:58:07.263  8304  8304 E libc    : Access denied finding property "persist.device_config.runtime_native_boot.profilebootclasspath"
06-04 11:58:07.263  8304  8304 E libc    : Access denied finding property "persist.device_config.runtime_native_boot.enable_apex_image"
06-04 11:58:07.263  8304  8304 I AndroidRuntime: Using default boot image
06-04 11:58:07.263  8304  8304 E libc    : Access denied finding property "persist.device_config.runtime_native_boot.disable_lock_profiling"
06-04 11:58:07.263  8304  8304 I AndroidRuntime: Leaving lock profiling enabled
06-04 11:58:07.263  8304  8304 E libc    : Access denied finding property "persist.device_config.runtime_native_boot.enable_generational_cc"
06-04 11:58:07.264  8304  8304 W app_process: Could not reserve sentinel fault page
06-04 11:58:07.264  8304  8304 I app_process: Core platform API reporting enabled, enforcing=false
06-04 11:58:07.312  8304  8304 W app_process: Unexpected CPU variant for X86 using defaults: x86
06-04 11:58:07.312  8304  8304 I app_process: The ClassLoaderContext is a special shared library.
06-04 11:58:07.319  8304  8304 W app_process: JNI RegisterNativeMethods: attempt to register 0 native methods for android.media.AudioAttributes
06-04 11:58:07.539   530  2659 I system_server: oneway function results will be dropped but finished with status OK and parcel size 4
06-04 11:58:07.540   530  1657 I system_server: oneway function results will be dropped but finished with status OK and parcel size 4
06-04 11:58:07.675   530  2659 I system_server: oneway function results will be dropped but finished with status OK and parcel size 4
06-04 11:58:09.078   179   179 I hwservicemanager: getTransport: Cannot find entry android.hardware.graphics.mapper@4.0::IMapper/default in either framework or device manifest.
06-04 11:58:09.078  8342  8342 I Gralloc4: mapper 4.x is not supported
06-04 11:58:09.230  8346  8348 I cmd     : oneway function results will be dropped but finished with status OK and parcel size 4
06-04 11:58:09.231  1466  2347 I MediaProvider: Begin Intent { act=android.intent.action.MEDIA_SCANNER_SCAN_FILE dat=file:///sdcard/screen_2023-06-04_115812.png flg=0x1400010 cmp=com.android.providers.media.module/com.android.providers.media.MediaService }
06-04 11:58:09.228  1466  1466 W com.android.providers.media.module: type=1400 audit(0.0:40169): avc: denied { read } for comm=4173796E635461736B202331 name="primary" dev="tmpfs" ino=18207 scontext=u:r:mediaprovider_app:s0:c118,c256,c512,c768 tcontext=u:object_r:mnt_pass_through_file:s0 tclass=lnk_file permissive=0 app=com.android.providers.media.module
06-04 11:58:09.261     0     0 W audit   : audit_lost=18402 audit_rate_limit=5 audit_backlog_limit=64
06-04 11:58:09.262     0     0 E audit   : rate limit exceeded
06-04 11:58:09.228  1466  1466 I chatty  : uid=10118(com.android.providers.media.module) identical 1 line
06-04 11:58:09.228  1466  1466 W com.android.providers.media.module: type=1400 audit(0.0:40171): avc: denied { read } for comm=4173796E635461736B202331 name="primary" dev="tmpfs" ino=18207 scontext=u:r:mediaprovider_app:s0:c118,c256,c512,c768 tcontext=u:object_r:mnt_pass_through_file:s0 tclass=lnk_file permissive=0 app=com.android.providers.media.module
06-04 11:58:09.235  1466  2347 W ModernMediaScanner: Failed to visit /sdcard/screen_2023-06-04_115812.png: java.nio.file.AccessDeniedException: /sdcard/screen_2023-06-04_115812.png
06-04 11:58:09.236  1466  2347 I MediaProvider: Scanned internal due to REASON_DEMAND, found 0 items in 4ms, 0 inserts 0 updates 0 deletes
06-04 11:58:09.236  1466  2347 I MediaProvider: End Intent { act=android.intent.action.MEDIA_SCANNER_SCAN_FILE dat=file:///sdcard/screen_2023-06-04_115812.png flg=0x1400010 cmp=com.android.providers.media.module/com.android.providers.media.MediaService }
06-04 11:58:09.228  1466  1466 W com.android.providers.media.module: type=1400 audit(0.0:40172): avc: denied { read } for comm=4173796E635461736B202331 name="primary" dev="tmpfs" ino=18207 scontext=u:r:mediaprovider_app:s0:c118,c256,c512,c768 tcontext=u:object_r:mnt_pass_through_file:s0 tclass=lnk_file permissive=0 app=com.android.providers.media.module
06-04 11:58:09.256  1466  1652 I MediaProvider: Deleted 1 items on external_primary due to com.android.shell
06-04 11:58:09.316  8357  8359 I cmd     : oneway function results will be dropped but finished with status OK and parcel size 4
06-04 11:58:09.513   179   179 I hwservicemanager: getTransport: Cannot find entry android.hardware.graphics.mapper@4.0::IMapper/default in either framework or device manifest.
06-04 11:58:09.513  8381  8381 I Gralloc4: mapper 4.x is not supported
06-04 11:58:09.669  8385  8387 I cmd     : oneway function results will be dropped but finished with status OK and parcel size 4
06-04 11:58:09.671  1466  2347 I MediaProvider: Begin Intent { act=android.intent.action.MEDIA_SCANNER_SCAN_FILE dat=file:///sdcard/screen_2023-06-04_115812.png flg=0x1400010 cmp=com.android.providers.media.module/com.android.providers.media.MediaService }
06-04 11:58:09.672  1466  2347 W ModernMediaScanner: Failed to visit /sdcard/screen_2023-06-04_115812.png: java.nio.file.AccessDeniedException: /sdcard/screen_2023-06-04_115812.png
06-04 11:58:09.672  1466  2347 I MediaProvider: Scanned internal due to REASON_DEMAND, found 0 items in 2ms, 0 inserts 0 updates 0 deletes
06-04 11:58:09.673  1466  2347 I MediaProvider: End Intent { act=android.intent.action.MEDIA_SCANNER_SCAN_FILE dat=file:///sdcard/screen_2023-06-04_115812.png flg=0x1400010 cmp=com.android.providers.media.module/com.android.providers.media.MediaService }
06-04 11:58:09.697  1466 24747 I MediaProvider: Deleted 1 items on external_primary due to com.android.shell
06-04 11:58:09.775  8396  8398 I cmd     : oneway function results will be dropped but finished with status OK and parcel size 4
06-04 11:58:10.641   530   747 I system_server: oneway function results will be dropped but finished with status OK and parcel size 4
06-04 11:58:12.972   507   507 E netmgr  : qemu_pipe_open_ns:62: Could not connect to the 'pipe:qemud:network' service: Invalid argument
06-04 11:58:12.972   507   507 E netmgr  : Failed to open QEMU pipe 'qemud:network': Invalid argument
06-04 11:58:14.297   179   179 I hwservicemanager: getTransport: Cannot find entry android.hardware.graphics.mapper@4.0::IMapper/default in either framework or device manifest.
06-04 11:58:14.297  8426  8426 I Gralloc4: mapper 4.x is not supported
06-04 11:58:14.461  8430  8432 I cmd     : oneway function results will be dropped but finished with status OK and parcel size 4
06-04 11:58:14.462  1466  2347 I MediaProvider: Begin Intent { act=android.intent.action.MEDIA_SCANNER_SCAN_FILE dat=file:///sdcard/screen_2023-06-04_115817.png flg=0x1400010 cmp=com.android.providers.media.module/com.android.providers.media.MediaService }
06-04 11:58:14.456  1466  1466 W com.android.providers.media.module: type=1400 audit(0.0:40181): avc: denied { read } for comm=4173796E635461736B202331 name="primary" dev="tmpfs" ino=18207 scontext=u:r:mediaprovider_app:s0:c118,c256,c512,c768 tcontext=u:object_r:mnt_pass_through_file:s0 tclass=lnk_file permissive=0 app=com.android.providers.media.module
06-04 11:58:14.465  1466  2347 W ModernMediaScanner: Failed to visit /sdcard/screen_2023-06-04_115817.png: java.nio.file.AccessDeniedException: /sdcard/screen_2023-06-04_115817.png
06-04 11:58:14.466  1466  2347 I MediaProvider: Scanned internal due to REASON_DEMAND, found 0 items in 4ms, 0 inserts 0 updates 0 deletes
06-04 11:58:14.456  1466  1466 W com.android.providers.media.module: type=1400 audit(0.0:40183): avc: denied { read } for comm=4173796E635461736B202331 name="primary" dev="tmpfs" ino=18207 scontext=u:r:mediaprovider_app:s0:c118,c256,c512,c768 tcontext=u:object_r:mnt_pass_through_file:s0 tclass=lnk_file permissive=0 app=com.android.providers.media.module
06-04 11:58:14.491     0     0 W audit   : audit_lost=18409 audit_rate_limit=5 audit_backlog_limit=64
06-04 11:58:14.491     0     0 E audit   : rate limit exceeded
06-04 11:58:14.467  1466  2347 I MediaProvider: End Intent { act=android.intent.action.MEDIA_SCANNER_SCAN_FILE dat=file:///sdcard/screen_2023-06-04_115817.png flg=0x1400010 cmp=com.android.providers.media.module/com.android.providers.media.MediaService }
06-04 11:58:14.456  1466  1466 W com.android.providers.media.module: type=1400 audit(0.0:40184): avc: denied { read } for comm=4173796E635461736B202331 name="primary" dev="tmpfs" ino=18207 scontext=u:r:mediaprovider_app:s0:c118,c256,c512,c768 tcontext=u:object_r:mnt_pass_through_file:s0 tclass=lnk_file permissive=0 app=com.android.providers.media.module
06-04 11:58:14.490  1466  1653 I MediaProvider: Deleted 1 items on external_primary due to com.android.shell
06-04 11:58:14.535  8443  8445 I cmd     : oneway function results will be dropped but finished with status OK and parcel size 4
06-04 11:58:14.593  8458  8460 I cmd     : oneway function results will be dropped but finished with status OK and parcel size 4
06-04 11:58:14.722  8473  8475 I cmd     : oneway function results will be dropped but finished with status OK and parcel size 4
06-04 11:58:14.827  8488  8490 I cmd     : oneway function results will be dropped but finished with status OK and parcel size 4
06-04 11:58:14.934  8500  8500 E libc    : Access denied finding property "persist.device_config.runtime_native_boot.profilebootclasspath"
06-04 11:58:14.934  8500  8500 E libc    : Access denied finding property "persist.device_config.runtime_native_boot.enable_apex_image"
06-04 11:58:14.934  8500  8500 I AndroidRuntime: Using default boot image
06-04 11:58:14.934  8500  8500 E libc    : Access denied finding property "persist.device_config.runtime_native_boot.disable_lock_profiling"
06-04 11:58:14.934  8500  8500 I AndroidRuntime: Leaving lock profiling enabled
06-04 11:58:14.934  8500  8500 E libc    : Access denied finding property "persist.device_config.runtime_native_boot.enable_generational_cc"
06-04 11:58:14.935  8500  8500 I app_process: Core platform API reporting enabled, enforcing=false
06-04 11:58:14.980  8500  8500 W app_process: Unexpected CPU variant for X86 using defaults: x86
06-04 11:58:14.981  8500  8500 I app_process: The ClassLoaderContext is a special shared library.
06-04 11:58:14.987  8500  8500 W app_process: JNI RegisterNativeMethods: attempt to register 0 native methods for android.media.AudioAttributes
06-04 11:58:15.207   530  1657 I system_server: oneway function results will be dropped but finished with status OK and parcel size 4
06-04 11:58:15.208   530  2659 I system_server: oneway function results will be dropped but finished with status OK and parcel size 4
06-04 11:58:15.343   530   853 I system_server: oneway function results will be dropped but finished with status OK and parcel size 4
06-04 11:58:16.772   179   179 I hwservicemanager: getTransport: Cannot find entry android.hardware.graphics.mapper@4.0::IMapper/default in either framework or device manifest.
06-04 11:58:16.772  8542  8542 I Gralloc4: mapper 4.x is not supported
06-04 11:58:16.935  8546  8548 I cmd     : oneway function results will be dropped but finished with status OK and parcel size 4
06-04 11:58:16.937  1466  2347 I MediaProvider: Begin Intent { act=android.intent.action.MEDIA_SCANNER_SCAN_FILE dat=file:///sdcard/screen_2023-06-04_115820.png flg=0x1400010 cmp=com.android.providers.media.module/com.android.providers.media.MediaService }
06-04 11:58:16.932  1466  1466 W com.android.providers.media.module: type=1400 audit(0.0:40191): avc: denied { read } for comm=4173796E635461736B202331 name="primary" dev="tmpfs" ino=18207 scontext=u:r:mediaprovider_app:s0:c118,c256,c512,c768 tcontext=u:object_r:mnt_pass_through_file:s0 tclass=lnk_file permissive=0 app=com.android.providers.media.module
06-04 11:58:16.966     0     0 W audit   : audit_lost=18414 audit_rate_limit=5 audit_backlog_limit=64
06-04 11:58:16.966     0     0 E audit   : rate limit exceeded
06-04 11:58:16.932  1466  1466 W com.android.providers.media.module: type=1400 audit(0.0:40192): avc: denied { read } for comm=4173796E635461736B202331 name="primary" dev="tmpfs" ino=18207 scontext=u:r:mediaprovider_app:s0:c118,c256,c512,c768 tcontext=u:object_r:mnt_pass_through_file:s0 tclass=lnk_file permissive=0 app=com.android.providers.media.module
06-04 11:58:16.940  1466  2347 W ModernMediaScanner: Failed to visit /sdcard/screen_2023-06-04_115820.png: java.nio.file.AccessDeniedException: /sdcard/screen_2023-06-04_115820.png
06-04 11:58:16.941  1466  2347 I MediaProvider: Scanned internal due to REASON_DEMAND, found 0 items in 4ms, 0 inserts 0 updates 0 deletes
06-04 11:58:16.932  1466  1466 W com.android.providers.media.module: type=1400 audit(0.0:40193): avc: denied { read } for comm=4173796E635461736B202331 name="primary" dev="tmpfs" ino=18207 scontext=u:r:mediaprovider_app:s0:c118,c256,c512,c768 tcontext=u:object_r:mnt_pass_through_file:s0 tclass=lnk_file permissive=0 app=com.android.providers.media.module
06-04 11:58:16.942  1466  2347 I MediaProvider: End Intent { act=android.intent.action.MEDIA_SCANNER_SCAN_FILE dat=file:///sdcard/screen_2023-06-04_115820.png flg=0x1400010 cmp=com.android.providers.media.module/com.android.providers.media.MediaService }
06-04 11:58:16.932  1466  1466 W com.android.providers.media.module: type=1400 audit(0.0:40195): avc: denied { read } for comm=4173796E635461736B202331 name="primary" dev="tmpfs" ino=18207 scontext=u:r:mediaprovider_app:s0:c118,c256,c512,c768 tcontext=u:object_r:mnt_pass_through_file:s0 tclass=lnk_file permissive=0 app=com.android.providers.media.module
06-04 11:58:16.964  1466  1653 I MediaProvider: Deleted 1 items on external_primary due to com.android.shell
06-04 11:58:17.007  8557  8559 I cmd     : oneway function results will be dropped but finished with status OK and parcel size 4
06-04 11:58:17.221   179   179 I hwservicemanager: getTransport: Cannot find entry android.hardware.graphics.mapper@4.0::IMapper/default in either framework or device manifest.
06-04 11:58:17.221  8579  8579 I Gralloc4: mapper 4.x is not supported
06-04 11:58:17.375  8583  8585 I cmd     : oneway function results will be dropped but finished with status OK and parcel size 4
06-04 11:58:17.376  1466  2347 I MediaProvider: Begin Intent { act=android.intent.action.MEDIA_SCANNER_SCAN_FILE dat=file:///sdcard/screen_2023-06-04_115820.png flg=0x1400010 cmp=com.android.providers.media.module/com.android.providers.media.MediaService }
06-04 11:58:17.377  1466  2347 W ModernMediaScanner: Failed to visit /sdcard/screen_2023-06-04_115820.png: java.nio.file.AccessDeniedException: /sdcard/screen_2023-06-04_115820.png
06-04 11:58:17.378  1466  2347 I MediaProvider: Scanned internal due to REASON_DEMAND, found 0 items in 1ms, 0 inserts 0 updates 0 deletes
06-04 11:58:17.378  1466  2347 I MediaProvider: End Intent { act=android.intent.action.MEDIA_SCANNER_SCAN_FILE dat=file:///sdcard/screen_2023-06-04_115820.png flg=0x1400010 cmp=com.android.providers.media.module/com.android.providers.media.MediaService }
06-04 11:58:17.405  1466  1652 I MediaProvider: Deleted 1 items on external_primary due to com.android.shell
06-04 11:58:17.452  8594  8596 I cmd     : oneway function results will be dropped but finished with status OK and parcel size 4
06-04 11:58:18.310   530   853 I system_server: oneway function results will be dropped but finished with status OK and parcel size 4
06-04 11:58:21.464  1885  8613 I GmscoreIpa: Starting mediastore instant index
06-04 11:58:33.158   509   509 E wifi_forwarder: qemu_pipe_open_ns:62: Could not connect to the 'pipe:qemud:wififorward' service: Invalid argument
06-04 11:58:33.159   509   509 E wifi_forwarder: RemoteConnection failed to initialize: RemoteConnection failed to open pipe
06-04 11:58:42.594   338   338 I android.hardware.vibrator-service.example: Vibrator reporting capabilities
06-04 11:58:42.594   338   338 I android.hardware.vibrator-service.example: Vibrator off
06-04 11:58:42.595   338   338 I android.hardware.vibrator-service.example: Vibrator perform
06-04 11:58:42.595   530   853 E VibratorService: Failed to issue command to vibrator HAL. Retrying.
06-04 11:58:42.597   178   178 I servicemanager: Found android.hardware.vibrator.IVibrator/default in device VINTF manifest.
06-04 11:58:42.597   338   338 I android.hardware.vibrator-service.example: Vibrator perform
06-04 11:58:42.597   530   853 E VibratorService: Failed to issue command to vibrator HAL. Retrying.
06-04 11:58:42.598   178   178 I servicemanager: Found android.hardware.vibrator.IVibrator/default in device VINTF manifest.
06-04 11:58:42.598   338   338 I android.hardware.vibrator-service.example: Vibrator perform
06-04 11:58:42.598   338  8656 I android.hardware.vibrator-service.example: Starting perform on another thread
06-04 11:58:42.699   338  8656 I android.hardware.vibrator-service.example: Notifying perform complete
06-04 11:58:42.699   338   338 I android.hardware.vibrator-service.example: Vibrator off
06-04 11:58:46.709   338   338 I android.hardware.vibrator-service.example: Vibrator reporting capabilities
06-04 11:58:46.710   338   338 I android.hardware.vibrator-service.example: Vibrator off
06-04 11:58:46.710   338   338 I android.hardware.vibrator-service.example: Vibrator perform
06-04 11:58:46.710   530   747 E VibratorService: Failed to issue command to vibrator HAL. Retrying.
06-04 11:58:46.710   178   178 I servicemanager: Found android.hardware.vibrator.IVibrator/default in device VINTF manifest.
06-04 11:58:46.711   338   338 I android.hardware.vibrator-service.example: Vibrator perform
06-04 11:58:46.711   530   747 E VibratorService: Failed to issue command to vibrator HAL. Retrying.
06-04 11:58:46.711   178   178 I servicemanager: Found android.hardware.vibrator.IVibrator/default in device VINTF manifest.
06-04 11:58:46.711   338   338 I android.hardware.vibrator-service.example: Vibrator perform
06-04 11:58:46.711   338  8667 I android.hardware.vibrator-service.example: Starting perform on another thread
06-04 11:58:46.721   530   747 I system_server: oneway function results will be dropped but finished with status OK and parcel size 4
06-04 11:58:46.721   530   747 I system_server: oneway function results will be dropped but finished with status OK and parcel size 4
06-04 11:58:46.812   338  8667 I android.hardware.vibrator-service.example: Notifying perform complete
06-04 11:58:46.812   338   338 I android.hardware.vibrator-service.example: Vibrator off
06-04 11:58:46.850   530  2659 I system_server: oneway function results will be dropped but finished with status OK and parcel size 4
06-04 11:58:48.841   530  2659 I system_server: oneway function results will be dropped but finished with status OK and parcel size 4
06-04 11:58:48.973   530  2659 I system_server: oneway function results will be dropped but finished with status OK and parcel size 4
06-04 11:58:49.815   530  2659 I system_server: oneway function results will be dropped but finished with status OK and parcel size 4
06-04 11:58:49.953   530  1657 I system_server: oneway function results will be dropped but finished with status OK and parcel size 4
06-04 11:58:52.914   530  1657 I system_server: oneway function results will be dropped but finished with status OK and parcel size 4
06-04 11:58:53.917   179   179 I hwservicemanager: getTransport: Cannot find entry android.hardware.graphics.mapper@4.0::IMapper/default in either framework or device manifest.
06-04 11:58:53.917  8712  8712 I Gralloc4: mapper 4.x is not supported
06-04 11:58:54.094  8718  8720 I cmd     : oneway function results will be dropped but finished with status OK and parcel size 4
06-04 11:58:54.096  1466  2347 I MediaProvider: Begin Intent { act=android.intent.action.MEDIA_SCANNER_SCAN_FILE dat=file:///sdcard/screen_2023-06-04_115857.png flg=0x1400010 cmp=com.android.providers.media.module/com.android.providers.media.MediaService }
06-04 11:58:54.092  1466  1466 W com.android.providers.media.module: type=1400 audit(0.0:40203): avc: denied { read } for comm=4173796E635461736B202331 name="primary" dev="tmpfs" ino=18207 scontext=u:r:mediaprovider_app:s0:c118,c256,c512,c768 tcontext=u:object_r:mnt_pass_through_file:s0 tclass=lnk_file permissive=0 app=com.android.providers.media.module
06-04 11:58:54.125     0     0 W audit   : audit_lost=18421 audit_rate_limit=5 audit_backlog_limit=64
06-04 11:58:54.125     0     0 E audit   : rate limit exceeded
06-04 11:58:54.092  1466  1466 W com.android.providers.media.module: type=1400 audit(0.0:40204): avc: denied { read } for comm=4173796E635461736B202331 name="primary" dev="tmpfs" ino=18207 scontext=u:r:mediaprovider_app:s0:c118,c256,c512,c768 tcontext=u:object_r:mnt_pass_through_file:s0 tclass=lnk_file permissive=0 app=com.android.providers.media.module
06-04 11:58:54.099  1466  2347 W ModernMediaScanner: Failed to visit /sdcard/screen_2023-06-04_115857.png: java.nio.file.AccessDeniedException: /sdcard/screen_2023-06-04_115857.png
06-04 11:58:54.100  1466  2347 I MediaProvider: Scanned internal due to REASON_DEMAND, found 0 items in 4ms, 0 inserts 0 updates 0 deletes
06-04 11:58:54.092  1466  1466 W com.android.providers.media.module: type=1400 audit(0.0:40205): avc: denied { read } for comm=4173796E635461736B202331 name="primary" dev="tmpfs" ino=18207 scontext=u:r:mediaprovider_app:s0:c118,c256,c512,c768 tcontext=u:object_r:mnt_pass_through_file:s0 tclass=lnk_file permissive=0 app=com.android.providers.media.module
06-04 11:58:54.101  1466  2347 I MediaProvider: End Intent { act=android.intent.action.MEDIA_SCANNER_SCAN_FILE dat=file:///sdcard/screen_2023-06-04_115857.png flg=0x1400010 cmp=com.android.providers.media.module/com.android.providers.media.MediaService }
06-04 11:58:54.092  1466  1466 W com.android.providers.media.module: type=1400 audit(0.0:40206): avc: denied { read } for comm=4173796E635461736B202331 name="primary" dev="tmpfs" ino=18207 scontext=u:r:mediaprovider_app:s0:c118,c256,c512,c768 tcontext=u:object_r:mnt_pass_through_file:s0 tclass=lnk_file permissive=0 app=com.android.providers.media.module
06-04 11:58:54.120  1466  4324 I MediaProvider: Deleted 1 items on external_primary due to com.android.shell
06-04 11:58:54.224  8729  8731 I cmd     : oneway function results will be dropped but finished with status OK and parcel size 4
06-04 11:58:54.399  8744  8746 I cmd     : oneway function results will be dropped but finished with status OK and parcel size 4
06-04 11:58:54.551  8774  8776 I cmd     : oneway function results will be dropped but finished with status OK and parcel size 4
06-04 11:58:54.653  8786  8786 E libc    : Access denied finding property "persist.device_config.runtime_native_boot.profilebootclasspath"
06-04 11:58:54.653  8786  8786 E libc    : Access denied finding property "persist.device_config.runtime_native_boot.enable_apex_image"
06-04 11:58:54.653  8786  8786 I AndroidRuntime: Using default boot image
06-04 11:58:54.653  8786  8786 E libc    : Access denied finding property "persist.device_config.runtime_native_boot.disable_lock_profiling"
06-04 11:58:54.653  8786  8786 I AndroidRuntime: Leaving lock profiling enabled
06-04 11:58:54.653  8786  8786 E libc    : Access denied finding property "persist.device_config.runtime_native_boot.enable_generational_cc"
06-04 11:58:54.654  8786  8786 I app_process: Core platform API reporting enabled, enforcing=false
06-04 11:58:54.700  8786  8786 W app_process: Unexpected CPU variant for X86 using defaults: x86
06-04 11:58:54.701  8786  8786 I app_process: The ClassLoaderContext is a special shared library.
06-04 11:58:54.707  8786  8786 W app_process: JNI RegisterNativeMethods: attempt to register 0 native methods for android.media.AudioAttributes
06-04 11:58:54.919   338   338 I android.hardware.vibrator-service.example: Vibrator reporting capabilities
06-04 11:58:54.919   338   338 I android.hardware.vibrator-service.example: Vibrator off
06-04 11:58:54.921   338   338 I android.hardware.vibrator-service.example: Vibrator perform
06-04 11:58:54.921   530 18202 E VibratorService: Failed to issue command to vibrator HAL. Retrying.
06-04 11:58:54.922   178   178 I servicemanager: Found android.hardware.vibrator.IVibrator/default in device VINTF manifest.
06-04 11:58:54.923   338   338 I android.hardware.vibrator-service.example: Vibrator perform
06-04 11:58:54.923   530 18202 E VibratorService: Failed to issue command to vibrator HAL. Retrying.
06-04 11:58:54.923   178   178 I servicemanager: Found android.hardware.vibrator.IVibrator/default in device VINTF manifest.
06-04 11:58:54.924   338   338 I android.hardware.vibrator-service.example: Vibrator perform
06-04 11:58:54.925   338  8801 I android.hardware.vibrator-service.example: Starting perform on another thread
06-04 11:58:55.025   338  8801 I android.hardware.vibrator-service.example: Notifying perform complete
06-04 11:58:55.025   338   338 I android.hardware.vibrator-service.example: Vibrator off
06-04 11:58:56.494   179   179 I hwservicemanager: getTransport: Cannot find entry android.hardware.graphics.mapper@4.0::IMapper/default in either framework or device manifest.
06-04 11:58:56.494  8820  8820 I Gralloc4: mapper 4.x is not supported
06-04 11:58:56.652  8824  8826 I cmd     : oneway function results will be dropped but finished with status OK and parcel size 4
06-04 11:58:56.653  1466  2347 I MediaProvider: Begin Intent { act=android.intent.action.MEDIA_SCANNER_SCAN_FILE dat=file:///sdcard/screen_2023-06-04_115859.png flg=0x1400010 cmp=com.android.providers.media.module/com.android.providers.media.MediaService }
06-04 11:58:56.648  1466  1466 W com.android.providers.media.module: type=1400 audit(0.0:40213): avc: denied { read } for comm=4173796E635461736B202331 name="primary" dev="tmpfs" ino=18207 scontext=u:r:mediaprovider_app:s0:c118,c256,c512,c768 tcontext=u:object_r:mnt_pass_through_file:s0 tclass=lnk_file permissive=0 app=com.android.providers.media.module
06-04 11:58:56.682     0     0 W audit   : audit_lost=18426 audit_rate_limit=5 audit_backlog_limit=64
06-04 11:58:56.648  1466  1466 W com.android.providers.media.module: type=1400 audit(0.0:40214): avc: denied { read } for comm=4173796E635461736B202331 name="primary" dev="tmpfs" ino=18207 scontext=u:r:mediaprovider_app:s0:c118,c256,c512,c768 tcontext=u:object_r:mnt_pass_through_file:s0 tclass=lnk_file permissive=0 app=com.android.providers.media.module
06-04 11:58:56.656  1466  2347 W ModernMediaScanner: Failed to visit /sdcard/screen_2023-06-04_115859.png: java.nio.file.AccessDeniedException: /sdcard/screen_2023-06-04_115859.png
06-04 11:58:56.648  1466  1466 W com.android.providers.media.module: type=1400 audit(0.0:40215): avc: denied { read } for comm=4173796E635461736B202331 name="primary" dev="tmpfs" ino=18207 scontext=u:r:mediaprovider_app:s0:c118,c256,c512,c768 tcontext=u:object_r:mnt_pass_through_file:s0 tclass=lnk_file permissive=0 app=com.android.providers.media.module
06-04 11:58:56.657  1466  2347 I MediaProvider: Scanned internal due to REASON_DEMAND, found 0 items in 3ms, 0 inserts 0 updates 0 deletes
06-04 11:58:56.658  1466  2347 I MediaProvider: End Intent { act=android.intent.action.MEDIA_SCANNER_SCAN_FILE dat=file:///sdcard/screen_2023-06-04_115859.png flg=0x1400010 cmp=com.android.providers.media.module/com.android.providers.media.MediaService }
06-04 11:58:56.648  1466  1466 W com.android.providers.media.module: type=1400 audit(0.0:40216): avc: denied { read } for comm=4173796E635461736B202331 name="primary" dev="tmpfs" ino=18207 scontext=u:r:mediaprovider_app:s0:c118,c256,c512,c768 tcontext=u:object_r:mnt_pass_through_file:s0 tclass=lnk_file permissive=0 app=com.android.providers.media.module
06-04 11:58:56.683     0     0 E audit   : rate limit exceeded
06-04 11:58:56.648  1466  1466 W com.android.providers.media.module: type=1400 audit(0.0:40217): avc: denied { read } for comm=4173796E635461736B202331 name="primary" dev="tmpfs" ino=18207 scontext=u:r:mediaprovider_app:s0:c118,c256,c512,c768 tcontext=u:object_r:mnt_pass_through_file:s0 tclass=lnk_file permissive=0 app=com.android.providers.media.module
06-04 11:58:56.681  1466 24747 I MediaProvider: Deleted 1 items on external_primary due to com.android.shell
06-04 11:58:56.718  8835  8837 I cmd     : oneway function results will be dropped but finished with status OK and parcel size 4
06-04 11:58:56.949   179   179 I hwservicemanager: getTransport: Cannot find entry android.hardware.graphics.mapper@4.0::IMapper/default in either framework or device manifest.
06-04 11:58:56.949  8857  8857 I Gralloc4: mapper 4.x is not supported
06-04 11:58:57.104  8863  8865 I cmd     : oneway function results will be dropped but finished with status OK and parcel size 4
06-04 11:58:57.105  1466  2347 I MediaProvider: Begin Intent { act=android.intent.action.MEDIA_SCANNER_SCAN_FILE dat=file:///sdcard/screen_2023-06-04_115900.png flg=0x1400010 cmp=com.android.providers.media.module/com.android.providers.media.MediaService }
06-04 11:58:57.106  1466  2347 W ModernMediaScanner: Failed to visit /sdcard/screen_2023-06-04_115900.png: java.nio.file.AccessDeniedException: /sdcard/screen_2023-06-04_115900.png
06-04 11:58:57.106  1466  2347 I MediaProvider: Scanned internal due to REASON_DEMAND, found 0 items in 1ms, 0 inserts 0 updates 0 deletes
06-04 11:58:57.107  1466  2347 I MediaProvider: End Intent { act=android.intent.action.MEDIA_SCANNER_SCAN_FILE dat=file:///sdcard/screen_2023-06-04_115900.png flg=0x1400010 cmp=com.android.providers.media.module/com.android.providers.media.MediaService }
06-04 11:58:57.139  1466  1653 I MediaProvider: Deleted 1 items on external_primary due to com.android.shell
06-04 11:58:57.237  8874  8876 I cmd     : oneway function results will be dropped but finished with status OK and parcel size 4
06-04 11:59:01.940   179   179 I hwservicemanager: getTransport: Cannot find entry android.hardware.graphics.mapper@4.0::IMapper/default in either framework or device manifest.
06-04 11:59:01.940  8906  8906 I Gralloc4: mapper 4.x is not supported
06-04 11:59:02.118  8910  8912 I cmd     : oneway function results will be dropped but finished with status OK and parcel size 4
06-04 11:59:02.119  1466  2347 I MediaProvider: Begin Intent { act=android.intent.action.MEDIA_SCANNER_SCAN_FILE dat=file:///sdcard/screen_2023-06-04_115905.png flg=0x1400010 cmp=com.android.providers.media.module/com.android.providers.media.MediaService }
06-04 11:59:02.116  1466  1466 W com.android.providers.media.module: type=1400 audit(0.0:40225): avc: denied { read } for comm=4173796E635461736B202331 name="primary" dev="tmpfs" ino=18207 scontext=u:r:mediaprovider_app:s0:c118,c256,c512,c768 tcontext=u:object_r:mnt_pass_through_file:s0 tclass=lnk_file permissive=0 app=com.android.providers.media.module
06-04 11:59:02.122  1466  2347 W ModernMediaScanner: Failed to visit /sdcard/screen_2023-06-04_115905.png: java.nio.file.AccessDeniedException: /sdcard/screen_2023-06-04_115905.png
06-04 11:59:02.148     0     0 W audit   : audit_lost=18433 audit_rate_limit=5 audit_backlog_limit=64
06-04 11:59:02.149     0     0 E audit   : rate limit exceeded
06-04 11:59:02.123  1466  2347 I MediaProvider: Scanned internal due to REASON_DEMAND, found 0 items in 3ms, 0 inserts 0 updates 0 deletes
06-04 11:59:02.116  1466  1466 W com.android.providers.media.module: type=1400 audit(0.0:40227): avc: denied { read } for comm=4173796E635461736B202331 name="primary" dev="tmpfs" ino=18207 scontext=u:r:mediaprovider_app:s0:c118,c256,c512,c768 tcontext=u:object_r:mnt_pass_through_file:s0 tclass=lnk_file permissive=0 app=com.android.providers.media.module
06-04 11:59:02.124  1466  2347 I MediaProvider: End Intent { act=android.intent.action.MEDIA_SCANNER_SCAN_FILE dat=file:///sdcard/screen_2023-06-04_115905.png flg=0x1400010 cmp=com.android.providers.media.module/com.android.providers.media.MediaService }
06-04 11:59:02.116  1466  1466 W com.android.providers.media.module: type=1400 audit(0.0:40228): avc: denied { read } for comm=4173796E635461736B202331 name="primary" dev="tmpfs" ino=18207 scontext=u:r:mediaprovider_app:s0:c118,c256,c512,c768 tcontext=u:object_r:mnt_pass_through_file:s0 tclass=lnk_file permissive=0 app=com.android.providers.media.module
06-04 11:59:02.150  1466  1652 I MediaProvider: Deleted 1 items on external_primary due to com.android.shell
06-04 11:59:02.205  8921  8923 I cmd     : oneway function results will be dropped but finished with status OK and parcel size 4
06-04 11:59:02.283  8938  8940 I cmd     : oneway function results will be dropped but finished with status OK and parcel size 4
06-04 11:59:02.388  8953  8955 I cmd     : oneway function results will be dropped but finished with status OK and parcel size 4
06-04 11:59:02.481  8968  8970 I cmd     : oneway function results will be dropped but finished with status OK and parcel size 4
06-04 11:59:02.573  8980  8980 E libc    : Access denied finding property "persist.device_config.runtime_native_boot.profilebootclasspath"
06-04 11:59:02.573  8980  8980 E libc    : Access denied finding property "persist.device_config.runtime_native_boot.enable_apex_image"
06-04 11:59:02.573  8980  8980 I AndroidRuntime: Using default boot image
06-04 11:59:02.573  8980  8980 E libc    : Access denied finding property "persist.device_config.runtime_native_boot.disable_lock_profiling"
06-04 11:59:02.573  8980  8980 I AndroidRuntime: Leaving lock profiling enabled
06-04 11:59:02.574  8980  8980 E libc    : Access denied finding property "persist.device_config.runtime_native_boot.enable_generational_cc"
06-04 11:59:02.575  8980  8980 W app_process: Could not reserve sentinel fault page
06-04 11:59:02.575  8980  8980 I app_process: Core platform API reporting enabled, enforcing=false
06-04 11:59:02.622  8980  8980 W app_process: Unexpected CPU variant for X86 using defaults: x86
06-04 11:59:02.622  8980  8980 I app_process: The ClassLoaderContext is a special shared library.
06-04 11:59:02.629  8980  8980 W app_process: JNI RegisterNativeMethods: attempt to register 0 native methods for android.media.AudioAttributes
06-04 11:59:02.635   338   338 I android.hardware.vibrator-service.example: Vibrator reporting capabilities
06-04 11:59:02.635   338   338 I android.hardware.vibrator-service.example: Vibrator off
06-04 11:59:02.636   338   338 I android.hardware.vibrator-service.example: Vibrator perform
06-04 11:59:02.636   530  3687 E VibratorService: Failed to issue command to vibrator HAL. Retrying.
06-04 11:59:02.636   178   178 I servicemanager: Found android.hardware.vibrator.IVibrator/default in device VINTF manifest.
06-04 11:59:02.636   338   338 I android.hardware.vibrator-service.example: Vibrator perform
06-04 11:59:02.636   530  3687 E VibratorService: Failed to issue command to vibrator HAL. Retrying.
06-04 11:59:02.636   178   178 I servicemanager: Found android.hardware.vibrator.IVibrator/default in device VINTF manifest.
06-04 11:59:02.636   338   338 I android.hardware.vibrator-service.example: Vibrator perform
06-04 11:59:02.636   338  8995 I android.hardware.vibrator-service.example: Starting perform on another thread
06-04 11:59:02.736   338  8995 I android.hardware.vibrator-service.example: Notifying perform complete
06-04 11:59:02.737   338   338 I android.hardware.vibrator-service.example: Vibrator off
06-04 11:59:04.378   179   179 I hwservicemanager: getTransport: Cannot find entry android.hardware.graphics.mapper@4.0::IMapper/default in either framework or device manifest.
06-04 11:59:04.378  9015  9015 I Gralloc4: mapper 4.x is not supported
06-04 11:59:04.537  9019  9021 I cmd     : oneway function results will be dropped but finished with status OK and parcel size 4
06-04 11:59:04.537  1466  2347 I MediaProvider: Begin Intent { act=android.intent.action.MEDIA_SCANNER_SCAN_FILE dat=file:///sdcard/screen_2023-06-04_115907.png flg=0x1400010 cmp=com.android.providers.media.module/com.android.providers.media.MediaService }
06-04 11:59:04.532  1466  1466 W com.android.providers.media.module: type=1400 audit(0.0:40235): avc: denied { read } for comm=4173796E635461736B202331 name="primary" dev="tmpfs" ino=18207 scontext=u:r:mediaprovider_app:s0:c118,c256,c512,c768 tcontext=u:object_r:mnt_pass_through_file:s0 tclass=lnk_file permissive=0 app=com.android.providers.media.module
06-04 11:59:04.540  1466  2347 W ModernMediaScanner: Failed to visit /sdcard/screen_2023-06-04_115907.png: java.nio.file.AccessDeniedException: /sdcard/screen_2023-06-04_115907.png
06-04 11:59:04.541  1466  2347 I MediaProvider: Scanned internal due to REASON_DEMAND, found 0 items in 3ms, 0 inserts 0 updates 0 deletes
06-04 11:59:04.532  1466  1466 W com.android.providers.media.module: type=1400 audit(0.0:40236): avc: denied { read } for comm=4173796E635461736B202331 name="primary" dev="tmpfs" ino=18207 scontext=u:r:mediaprovider_app:s0:c118,c256,c512,c768 tcontext=u:object_r:mnt_pass_through_file:s0 tclass=lnk_file permissive=0 app=com.android.providers.media.module
06-04 11:59:04.541  1466  2347 I MediaProvider: End Intent { act=android.intent.action.MEDIA_SCANNER_SCAN_FILE dat=file:///sdcard/screen_2023-06-04_115907.png flg=0x1400010 cmp=com.android.providers.media.module/com.android.providers.media.MediaService }
06-04 11:59:04.566     0     0 W audit   : audit_lost=18438 audit_rate_limit=5 audit_backlog_limit=64
06-04 11:59:04.568     0     0 E audit   : rate limit exceeded
06-04 11:59:04.532  1466  1466 W com.android.providers.media.module: type=1400 audit(0.0:40237): avc: denied { read } for comm=4173796E635461736B202331 name="primary" dev="tmpfs" ino=18207 scontext=u:r:mediaprovider_app:s0:c118,c256,c512,c768 tcontext=u:object_r:mnt_pass_through_file:s0 tclass=lnk_file permissive=0 app=com.android.providers.media.module
06-04 11:59:04.566  1466  4324 I MediaProvider: Deleted 1 items on external_primary due to com.android.shell
06-04 11:59:04.665  9030  9032 I cmd     : oneway function results will be dropped but finished with status OK and parcel size 4
06-04 11:59:04.933   179   179 I hwservicemanager: getTransport: Cannot find entry android.hardware.graphics.mapper@4.0::IMapper/default in either framework or device manifest.
06-04 11:59:04.933  9052  9052 I Gralloc4: mapper 4.x is not supported
06-04 11:59:05.106  9056  9058 I cmd     : oneway function results will be dropped but finished with status OK and parcel size 4
06-04 11:59:05.107  1466  2347 I MediaProvider: Begin Intent { act=android.intent.action.MEDIA_SCANNER_SCAN_FILE dat=file:///sdcard/screen_2023-06-04_115908.png flg=0x1400010 cmp=com.android.providers.media.module/com.android.providers.media.MediaService }
06-04 11:59:05.108  1466  2347 W ModernMediaScanner: Failed to visit /sdcard/screen_2023-06-04_115908.png: java.nio.file.AccessDeniedException: /sdcard/screen_2023-06-04_115908.png
06-04 11:59:05.109  1466  2347 I MediaProvider: Scanned internal due to REASON_DEMAND, found 0 items in 1ms, 0 inserts 0 updates 0 deletes
06-04 11:59:05.110  1466  2347 I MediaProvider: End Intent { act=android.intent.action.MEDIA_SCANNER_SCAN_FILE dat=file:///sdcard/screen_2023-06-04_115908.png flg=0x1400010 cmp=com.android.providers.media.module/com.android.providers.media.MediaService }
06-04 11:59:05.136  1466  1653 I MediaProvider: Deleted 1 items on external_primary due to com.android.shell
06-04 11:59:05.194  9067  9069 I cmd     : oneway function results will be dropped but finished with status OK and parcel size 4
06-04 11:59:12.049   179   179 I hwservicemanager: getTransport: Cannot find entry android.hardware.graphics.mapper@4.0::IMapper/default in either framework or device manifest.
06-04 11:59:12.049  9103  9103 I Gralloc4: mapper 4.x is not supported
06-04 11:59:12.217  9107  9109 I cmd     : oneway function results will be dropped but finished with status OK and parcel size 4
06-04 11:59:12.218  1466  2347 I MediaProvider: Begin Intent { act=android.intent.action.MEDIA_SCANNER_SCAN_FILE dat=file:///sdcard/screen_2023-06-04_115915.png flg=0x1400010 cmp=com.android.providers.media.module/com.android.providers.media.MediaService }
06-04 11:59:12.212  1466  1466 W com.android.providers.media.module: type=1400 audit(0.0:40247): avc: denied { read } for comm=4173796E635461736B202331 name="primary" dev="tmpfs" ino=18207 scontext=u:r:mediaprovider_app:s0:c118,c256,c512,c768 tcontext=u:object_r:mnt_pass_through_file:s0 tclass=lnk_file permissive=0 app=com.android.providers.media.module
